
Команды: b (фон), s (скан с нажатиями), c N (канал), r N (0=1M,1=2M,2=250k),
a N (адрес 0..3), f (фильтр), x (XN297 декод вкл/выкл), p (сниффинг старт/стоп), # метка, ? справка
Сейчас: канал 52, скорость 2, адрес 3, фильтр выкл, XN297 выкл, сниффинг выкл

Команды: b (фон), s (скан с нажатиями), c N (канал), r N (0=1M,1=2M,2=250k),
a N (адрес 0..3), f (фильтр), x (XN297 декод вкл/выкл), p (сниффинг старт/стоп), # метка, ? справка
Сейчас: канал 50, скорость 2, адрес 3, фильтр выкл, XN297 выкл, сниффинг выкл

Команды: b (фон), s (скан с нажатиями), c N (канал), r N (0=1M,1=2M,2=250k),
a N (адрес 0..3), f (фильтр), x (XN297 декод вкл/выкл), p (сниффинг старт/стоп), # метка, ? справка
Сейчас: канал 50, скорость 2, адрес 0, фильтр выкл, XN297 выкл, сниффинг выкл
------------------------------
# ON r2 c50 a0

Команды: b (фон), s (скан с нажатиями), c N (канал), r N (0=1M,1=2M,2=250k),
a N (адрес 0..3), f (фильтр), x (XN297 декод вкл/выкл), p (сниффинг старт/стоп), # метка, ? справка
Сейчас: канал 50, скорость 2, адрес 0, фильтр выкл, XN297 выкл, сниффинг вкл
[  231699] ch50 r2 a0: 35 15 14 8A 10 52 12 81 0A 14 42 A8 55 B5 48 95 48 8D 2D 13 04 AA 23 94 2D 40 AB 22 A2 80 00 00 
[  231757] ch50 r2 a0: 95 49 50 55 29 12 8A 88 55 02 52 A1 06 28 A8 48 55 09 02 98 82 2A D2 95 A9 68 AB 21 14 25 2C A2 
[  231798] ch50 r2 a0: AA AA AA AA AA AA AA AA AA AA AA AA AA 14 42 95 4B DF 61 EF CB CF 13 CC A8 EB 8B 93 2A 21 17 D4 
[  231842] ch50 r2 a0: AA AA AA AA AA AA AA AA AA AA AA AA AA 15 29 0A 95 1D A5 5B 54 93 55 ED 5E EA AA 7B 52 56 DD EE 
[  231855] ch50 r2 a0: 2A 88 95 54 AB A5 3B 74 B7 A6 DB 39 98 AD 2A E4 84 5D 29 29 AA AB 36 AA F6 A9 15 55 4A 97 CA 97 
[  231868] ch50 r2 a0: AA AA AA AA AA AA AA AA AA AA AA AA AA 11 29 09 55 15 5B 4A B4 D7 55 CD 7D 6C EA 96 A9 7A AF 63 
[  231910] ch50 r2 a0: 13 42 16 84 22 29 4C 92 62 0C A5 0A FA 44 09 61 44 29 05 80 CA 0A A5 12 08 90 A2 55 91 2C A1 24 
[  232073] ch50 r2 a0: AD 2C 75 63 15 4C B5 6A BC 88 92 19 6B 2A B0 AA 55 1A FC DC 34 05 5B 1E 5D A0 C9 B5 A8 A9 44 28 
[  232405] ch50 r2 a0: AA AA AA AA AA AA AA AA AA AA AA AA AA 95 29 09 54 15 3D 5B 76 9D 77 55 54 8B B3 51 35 69 92 A4 
[  232466] ch50 r2 a0: 80 38 00 00 00 00 40 00 00 00 00 04 00 00 00 00 00 51 0A 55 2F 7D 87 BF 2F BC 4F 32 A3 AE 2C AC 
[  232491] ch50 r2 a0: 53 55 2A 10 99 24 45 15 04 64 A5 45 65 65 69 5E BB 42 EB CA EA D6 AB B3 96 EA B6 5A DD 57 B3 B6 
[  232554] ch50 r2 a0: AA AA AA AA AA AA AA AA AA AA AA AA AA 85 10 A5 52 F7 D8 7B F2 F3 C4 F3 2A 3A E2 E2 CE 8C 7B 15 
[  232713] ch50 r2 a0: 49 65 21 38 92 92 E2 94 C5 14 94 07 F6 D1 A5 5B FF A5 D4 92 AD 55 15 54 A5 65 AC D5 29 2A 6A 4A 
[  233067] ch50 r2 a0: 2D A5 54 CA AD 7B 2A A5 4D 55 B2 AA B6 A8 CA 96 6A AA A5 1A 96 6D 22 D5 38 AA B5 21 56 D5 5E 6B 
[  233072] ch50 r2 a0: 82 D5 56 E5 52 D5 6A 15 BA 94 0A 66 D7 67 D2 15 4B 20 15 4C 65 3A 54 34 9B 29 5B 6B 65 29 5B 4A 
[  233337] ch50 r2 a0: 15 55 58 C2 92 94 A4 CE 81 53 25 48 54 54 00 A0 01 2A A0 00 00 00 00 18 00 00 00 00 00 00 00 00 
[  233425] ch50 r2 a0: AA AA AA AA AA AA AA AA AA AA AA AA A8 51 0A 55 2F 7D 87 BF 2F 3C 4F 32 A3 AE 2E 6C 94 75 66 51 
[  233490] ch50 r2 a0: AA E2 0A 94 95 01 AC 99 55 8A 2A 92 BA A9 2C 24 24 19 AA 41 25 55 2A 88 AA 52 2A AA D2 55 32 AA 
[  233512] ch50 r2 a0: A5 54 AA 48 AA 44 8A 14 21 48 B2 08 23 11 0D 28 65 0A 25 28 48 AA 08 0D 2D 20 24 08 46 11 0A 91 
[  233892] ch50 r2 a0: 14 AB 52 E4 91 5E DA 0F 52 16 0B 55 45 97 A9 B1 52 CA AB AA 9A 9D D7 3D D6 56 EB 6E AE B7 5D 55 
[  234005] ch50 r2 a0: AA AA AA AA AA AA AA AA AA AA 95 55 54 28 85 2A 97 BE C3 DF 97 DE 27 99 51 D7 16 4E 4B 6A 82 28 
[  234022] ch50 r2 a0: DA A9 5D 84 ED 55 3A D5 4D AB 67 2D CA 69 2A 95 5A 95 AA DA 5D 2D 69 44 2B 13 55 72 5A BA 00 00 
[  234037] ch50 r2 a0: 50 2A 94 D5 52 EC 2B 54 D4 B9 D5 52 A5 53 D6 DB 68 D6 4D 5D 71 9A DA 51 70 DC 8E 45 53 57 58 64 
[  234185] ch50 r2 a0: AA AA AA AA AA AA AA AA AA AA AA AA AA 8A 21 4A A5 EF B0 F7 E5 E7 89 E6 54 75 C5 C3 9A 86 BF 6A 
[  234471] ch50 r2 a0: 45 00 A1 25 71 20 2A 82 96 8D B2 AB 95 14 25 24 08 AA ED D5 8A 95 73 35 DC B5 DA A2 A5 17 AF 4B 
[  234634] ch50 r2 a0: 4E 88 A0 A9 25 59 A8 A1 02 A9 42 95 CA AD 02 B0 C6 CC 92 54 21 06 99 40 8B A0 60 0E CA A5 60 C4 
[  234734] ch50 r2 a0: 09 24 08 68 AC B1 A5 0A AA 9B 81 14 B1 6C 96 A2 22 AA 94 D4 05 B9 55 2E 58 CA 65 2A 2D 24 92 00 
[  234738] ch50 r2 a0: B7 29 81 B1 AD 6D 2A A8 91 53 6A 8D D8 54 3A BB 34 A8 4C 40 90 4D 20 0A 85 2A 54 92 C3 28 8C 92 
[  234778] ch50 r2 a0: AB B2 D4 D6 F3 CB 65 2F 49 B2 A5 56 A9 6B B7 D9 D2 AD 39 51 BA AC CB 42 99 B8 B5 9F 6A 6B 3A A6 
[  234844] ch50 r2 a0: A9 3A 56 E2 A2 D7 76 59 AA 55 9A 8A A1 9A D5 6A D2 DA 94 B5 2D C2 95 71 5B 2B 52 AB 4A 6C 9A D5 
[  234957] ch50 r2 a0: 55 55 55 C0 01 55 55 55 55 55 55 55 55 55 55 55 55 55 42 25 21 2A 43 53 AD B5 2E 66 5A 54 3A 5F 
[  235006] ch50 r2 a0: 5E FB 0F 7E 5E 78 9E 65 47 5C 5C B9 68 A9 22 A2 B7 AD 2B FE ED FB EB FF 74 FB DF 7D 6C 5D E9 EA 
[  235054] ch50 r2 a0: 20 29 02 22 4A 02 09 55 52 8A D4 29 2A 55 2A A2 B4 8D 5D 55 4A AB 54 A9 CB A9 49 35 57 A9 AB 56 
[  235311] ch50 r2 a0: 53 2A 95 71 5E F4 0F 75 BF 75 D5 F7 57 77 2A DF EA BB 77 B7 CA B5 AB 6F A9 4D 50 15 44 B2 93 8D 
[  235319] ch50 r2 a0: AD CD 4A 99 6D 55 55 16 B6 5A EA 25 7B 8B 56 CA AD 95 5E B6 8D 36 FC DD 55 6A CD 2D A9 56 92 45 
[  235501] ch50 r2 a0: A0 55 AA 54 CA B4 A4 CD AA CA B2 A5 2C 2A 75 53 4A AA 1A AA 5A 95 D7 A9 C5 D5 56 46 14 26 55 55 
[  235513] ch50 r2 a0: 55 55 54 C0 15 55 55 55 55 55 55 55 55 55 55 55 55 55 49 12 92 94 A9 AB 2E 76 B4 95 6A BA D2 ED 
[  235579] ch50 r2 a0: AA AA AA AA AA AA AA AA AA AA AA AA AA 25 44 C5 4A 49 56 DE FA CC 5E D8 AD A6 79 49 55 A5 55 5D 
[  235652] ch50 r2 a0: 12 A2 A5 15 58 69 FD 77 BB F5 FF BF FF BD E6 FE DD FD ED D7 F6 DF AE FA DD 7F 6E EF BF B7 BE EB 
[  235679] ch50 r2 a0: BB 5B 6A 9B 2E EA BD A5 7A D6 EA 95 65 3D AA 5F DA FF 5E D6 DD 52 F5 5A C5 AD 7B 4E AB B4 09 55 
[  235720] ch50 r2 a0: 5B 52 48 53 ED D6 FC ED FD 5A E7 EF EF BF BF 7D BA FE BF FE FF DD 6A BB B6 AE FD 7B BD 52 A8 95 
[  235790] ch50 r2 a0: C5 CB 56 D5 32 AC D1 D1 69 8B AB 1B 19 5A 90 6C AA D6 B0 AA 6C 46 A2 94 92 A2 14 2A 4A 45 42 4A 
[  235953] ch50 r2 a0: EE 77 2B CE 5A C7 EC E7 6A BD DD 5A CA F6 CB 5F 57 AB F7 5B DE 5D 5E AE FA 8A 59 6E 8B 75 BB 56 
[  235964] ch50 r2 a0: 64 35 32 4D 41 60 DE D2 A8 47 A2 4B 5F 5A AD 2E 55 42 4F 1A A3 52 79 4C 8A 58 E1 5B 10 56 24 62 
[  236237] ch50 r2 a0: AA AA AA AA AA AA AA AA AA AA AA AA AA A5 4A 4A 51 45 BA E5 6B 78 D9 4A 95 5D 56 AE D5 6B BB AD 
[  236262] ch50 r2 a0: 49 10 54 20 50 84 91 A9 28 28 25 8A 8E 41 45 2A 58 54 59 A9 21 AB 4B 2B 24 94 96 E8 22 D5 00 77 
[  236280] ch50 r2 a0: 56 BA 62 CB 90 AA B5 2B 6B 4E BC B5 57 59 88 53 4A AA 44 D6 91 54 AD 4A A4 2A 31 09 41 A5 51 60 
[  236405] ch50 r2 a0: 24 31 A5 23 34 B2 DA 58 89 5B 0B 1C 95 59 4A 54 89 15 59 54 95 49 4D 52 6D 44 2B 4C A4 92 A9 EC 
[  236536] ch50 r2 a0: AA AA AA AA AA AA AA AA AA AA AA AA A0 A9 48 4A A4 BA 5D A9 2D 56 BB B5 AD 4A A6 CA AA A1 2D B5 
[  236547] ch50 r2 a0: 44 92 02 04 81 12 A1 00 2A 53 02 24 51 64 D6 9C B5 66 CD DC AD 33 2D B5 54 FA AA A7 56 AC DD 46 
[  236860] ch50 r2 a0: A1 69 4A 89 41 1A D4 96 99 92 15 22 AD 16 A9 A6 AA 5B 15 11 A3 14 BA 5C 4A AC 21 45 54 32 4B 55 
[  237017] ch50 r2 a0: AA AA AA E0 09 55 55 55 55 55 55 55 55 55 55 55 55 55 41 44 29 54 BD F6 1E FC BE F1 3C CA 8E B8 
[  237048] ch50 r2 a0: 95 51 64 09 15 04 88 32 90 48 42 D2 32 42 24 13 45 66 A6 C5 05 D4 C4 B2 D3 6A A5 15 55 E9 A3 24 
[  237113] ch50 r2 a0: AA AA AA AA AA AA AA AA AA 95 55 55 54 91 2B 15 28 AA DB 56 6E E5 49 6C DA D4 89 95 34 BB AD D5 
[  237223] ch50 r2 a0: 5E FB 0F 7E 5E 78 9E 65 47 5C 5C 09 89 5A 20 A3 FD 1B F4 5C ED 76 AF 7E FD AD ED 4C 77 7E F7 D5 
[  237316] ch50 r2 a0: 32 11 4D 4A 13 DB 64 82 51 06 94 55 B5 2D 6C 91 20 00 80 45 14 D2 6D 52 AA C3 B6 17 5E 5F 4B 65 

Команды: b (фон), s (скан с нажатиями), c N (канал), r N (0=1M,1=2M,2=250k),
a N (адрес 0..3), f (фильтр), x (XN297 декод вкл/выкл), p (сниффинг старт/стоп), # метка, ? справка
Сейчас: канал 50, скорость 2, адрес 0, фильтр выкл, XN297 выкл, сниффинг выкл

Команды: b (фон), s (скан с нажатиями), c N (канал), r N (0=1M,1=2M,2=250k),
a N (адрес 0..3), f (фильтр), x (XN297 декод вкл/выкл), p (сниффинг старт/стоп), # метка, ? справка
Сейчас: канал 50, скорость 2, адрес 1, фильтр выкл, XN297 выкл, сниффинг выкл
------------------------------
# ON r2 c50 a1

Команды: b (фон), s (скан с нажатиями), c N (канал), r N (0=1M,1=2M,2=250k),
a N (адрес 0..3), f (фильтр), x (XN297 декод вкл/выкл), p (сниффинг старт/стоп), # метка, ? справка
Сейчас: канал 50, скорость 2, адрес 1, фильтр выкл, XN297 выкл, сниффинг вкл
[  238657] ch50 r2 a1: 12 AA F8 2D AA BB 80 00 02 00 08 00 00 00 00 00 00 00 00 00 00 09 20 0A A0 04 04 00 44 02 21 0A 
[  238750] ch50 r2 a1: 60 0C 92 12 A1 B2 AA 49 29 2A A9 49 A5 21 56 4A C9 5D 35 76 EE CB 5A 92 95 4C B5 C9 EF 6F 55 4A 
[  238873] ch50 r2 a1: 6D 2F 35 33 66 A3 AD 6A 59 95 6A C6 DB 72 51 4A AC DA A8 B6 3D 50 6A B4 AB 45 54 AD 49 5D 95 54 
[  239000] ch50 r2 a1: 28 A4 51 29 43 24 40 84 80 44 90 B0 21 ED 47 DA 76 AD B3 5D B5 79 A8 FF F7 6D 6B DB BD B5 AB B3 
[  239046] ch50 r2 a1: 75 55 55 49 DA 6B AA 95 B6 6E BF FF FF AE E5 AA D2 D5 64 2D A8 16 02 88 49 30 2D 52 4A AC 28 96 
[  239217] ch50 r2 a1: 0A A4 40 4B 6D EE B7 FF FF 55 EA A2 AC CC AA C9 A8 B4 B3 52 A6 59 D6 1C 50 AB A6 B5 2A 99 2A AA 
[  239315] ch50 r2 a1: 57 4A 04 AC 14 04 12 22 68 80 00 00 00 00 02 00 00 00 00 00 00 00 00 00 00 00 00 00 00 00 00 00 
[  239395] ch50 r2 a1: 55 4A AA E0 01 55 55 55 55 55 55 55 55 55 55 55 55 55 49 5A 99 51 A3 6D F7 EE BF EC AD 35 AF DF 
[  239500] ch50 r2 a1: 55 55 55 55 55 55 55 55 55 55 55 55 55 2A 94 85 44 0B 2A 5E AD 16 AA B4 CA DB 6A D5 EE AB 6B 62 
[  239527] ch50 r2 a1: 55 55 55 55 55 55 55 55 55 55 55 55 55 2B 53 24 10 2F F2 B9 BB 57 D6 A5 55 BD 56 66 EA B5 76 B5 
[  239713] ch50 r2 a1: 6D 6F 5C 9B D6 6D 96 39 4A DC CD 6A AA 8B 24 BB 95 35 CD 3A D1 6A AA A6 5E F9 0B 6C 85 EB 15 6A 
[  239813] ch50 r2 a1: 22 AD 4C 95 48 2C 2B 55 40 69 32 D1 A5 57 54 56 8B 5A 2A 50 55 31 31 5F 4B 45 15 8D 25 6A 95 4A 
[  239864] ch50 r2 a1: 4A 99 2A 91 52 A4 E5 6B 54 F4 B5 52 6D 66 BA A5 32 80 66 65 26 AB 6E AB 66 AD 52 E9 D1 56 8A AD 
[  239875] ch50 r2 a1: 14 A7 49 25 28 DC 91 DB 52 5A B2 75 A4 D2 5A 17 19 54 24 A5 15 55 4B 5F 9A 49 2A AA 9F A9 2A A4 
[  239976] ch50 r2 a1: 55 55 55 55 55 55 55 55 55 55 55 55 55 05 10 A5 52 F7 D8 7B F2 FB C4 F3 2A 3A E2 C9 49 ED DA 55 
[  239981] ch50 r2 a1: 0A 8A A9 6C 15 6A 45 51 02 94 D1 2A 4E 0A B5 55 D5 2A 92 AD 24 BA AE A5 B7 2D FA F5 2D CA D4 04 
[  239993] ch50 r2 a1: 64 A9 65 4A A2 A1 21 55 54 CA 9D 2A AC 8A 05 4D 5A AC D5 5A 4B A9 12 5A D6 A4 5A 32 AA 80 00 00 
[  240057] ch50 r2 a1: 24 A5 B2 AF A0 3A 5D 4A EA EA B4 5A A5 95 5A 8B 55 AA 6A D5 59 5B A5 96 64 50 00 00 00 00 00 00 
[  240073] ch50 r2 a1: 56 A5 99 50 40 84 B3 55 2B 7A 2A 8A 96 AA 85 56 A9 29 AA 4B 4B 95 B6 A2 B3 4A AA AA EA B1 69 35 
[  240167] ch50 r2 a1: AA EE 6A E5 53 EE 69 73 5F 40 00 00 00 00 00 00 00 00 00 00 00 00 01 29 55 25 41 A6 99 44 B4 A1 
[  240174] ch50 r2 a1: 55 55 55 55 55 55 55 55 55 55 55 55 54 4A 89 8A 89 17 79 15 56 AB 55 BA BD 6F 32 55 A5 D5 BD 9F 
[  240571] ch50 r2 a1: 01 30 18 B5 22 03 2A 09 12 48 24 D4 08 B4 46 34 14 11 50 0A 96 AB 00 25 55 05 09 08 49 04 9A 52 
[  240627] ch50 r2 a1: 48 46 AA 4A 82 F2 12 96 A6 90 A4 B4 DC 84 2D 85 52 61 16 9A A1 D4 25 30 A9 6B AA AD 53 4A 94 35 
[  240713] ch50 r2 a1: 29 4A 4B 75 14 A8 50 A1 44 15 12 99 44 AA 85 24 42 A1 48 02 95 0B A7 5A 5E 9F 75 55 AB 74 D7 69 
[  240760] ch50 r2 a1: 55 55 55 70 02 AA AA AA AA AA AA AA AA AA AA AA AA AA A8 A2 16 AA 5E FB 0F 7E 5F 78 9E 65 47 5C 
[  240790] ch50 r2 a1: 54 48 B8 2C A9 49 95 2A 6A 22 A4 A5 4C 29 50 17 32 B4 B6 94 93 20 CD A6 54 4A 80 56 FB EF 44 00 
[  240792] ch50 r2 a1: 6B 52 AA AA 9C CD B6 D5 3B B7 CD 5A 54 B6 A3 79 6A 6D AB 6B 54 B3 5B BF D7 5D EE AB 55 4A 9A 3E 
[  240816] ch50 r2 a1: 25 4A 59 04 60 02 6A C9 44 F5 98 A9 B5 40 00 40 BA 98 AB 1A 5D 0B 6B D4 56 6A 49 8A 06 5D 40 00 
[  240921] ch50 r2 a1: 95 54 AA AB 4D 31 34 52 20 D2 72 A9 69 6D 52 CA 9A 95 5D 4A 85 8D 52 59 14 70 4A A5 52 91 94 49 
[  240972] ch50 r2 a1: 77 AB EA E3 56 B5 AD D5 9D 77 B9 DD BC D9 64 A3 D9 D4 95 A9 56 AE AB 35 51 5A A5 EB F4 57 5D B5 
[  240987] ch50 r2 a1: 52 2B 58 17 B2 D5 29 25 21 93 22 0A F6 C9 4B 55 25 75 55 6B 28 B5 6C A8 52 85 25 55 15 52 B5 5A 
[  240995] ch50 r2 a1: 20 A2 80 54 46 A3 14 AB 2D 52 62 08 83 69 30 94 94 99 14 A9 65 54 84 26 0C 4C 80 20 00 20 00 00 
[  240997] ch50 r2 a1: 04 6A 72 AB 13 2D BB 57 56 DC D8 CC 99 91 4A 86 AD 85 CB 11 4A 2A B5 57 6A 00 00 00 00 00 01 80 
[  241002] ch50 r2 a1: 24 94 52 18 9A 52 4D 5D 65 5A D2 5B F9 45 BB 76 DD 3F 93 4D DE E5 5A AA A5 34 74 AB 95 AA B4 A6 
[  241033] ch50 r2 a1: 55 55 55 55 55 55 55 55 55 55 55 55 50 51 0E 55 2F 7D 87 BF 2F 3C 4F 32 A3 AE 2E 54 BC 5C 30 51 
[  241107] ch50 r2 a1: 03 05 0A A2 04 C0 00 00 0A 9D 15 45 64 AB 29 53 40 26 B7 A8 D5 AA B6 CB 55 02 AD 6A A5 92 CA 4A 
[  241151] ch50 r2 a1: 40 42 12 83 45 81 42 E5 00 0A 04 95 69 0A 67 51 20 84 88 1D 18 30 00 4A A2 61 61 95 28 15 2A D1 
[  241287] ch50 r2 a1: 25 AA 93 55 54 51 33 EA BD 42 58 15 4B 92 25 5D AB AE DD 7A FA 66 B4 48 50 2A 82 95 28 A5 36 5B 
[  241326] ch50 r2 a1: F6 F7 AD B4 D3 9B 76 DD EE F3 2A 54 EA 59 7B BD 5A DD 49 2D 75 A9 BA A2 94 00 22 0A B2 A9 21 5A 
[  241335] ch50 r2 a1: 8C 6C 00 04 0D 44 A5 A8 A8 DD 5B 75 A3 6D A6 AC 4A B5 64 34 D0 81 A9 2E A6 A3 55 52 2D 42 B1 54 
[  241511] ch50 r2 a1: 55 55 55 55 55 55 55 55 55 55 55 55 55 2A 52 12 14 2A AA AA DE D7 5F 5D 95 5A ED 48 97 56 6A F6 
[  241551] ch50 r2 a1: 9D 6E 5D 92 AC D7 75 D2 B4 B6 D5 45 EE D1 79 CB 6D 25 5B 9A CA A5 AB B6 9A DD 36 8F AA B0 BB 6B 
[  241715] ch50 r2 a1: 0B 02 10 02 80 10 20 80 00 A9 12 10 10 02 D6 75 AD 9B D6 DC 5A B5 B5 56 AB 75 41 51 42 50 A8 76 
[  241770] ch50 r2 a1: 55 55 55 55 55 55 55 55 55 55 55 55 44 98 98 A8 91 D9 F7 77 FA EB BF EB 97 77 BF BE B5 BE 93 C4 
[  241795] ch50 r2 a1: 4D 66 51 28 92 01 00 0D 6A 45 42 D8 50 C0 4A E2 20 00 00 00 00 00 18 00 00 00 00 00 00 00 00 00 
[  241908] ch50 r2 a1: 2C AA A9 0A A4 D6 D2 BB 25 94 35 54 AA AB 55 5A 5A 1A 94 AA D0 A9 35 AA 80 AA AA D5 9C 97 46 B7 
[  242036] ch50 r2 a1: 29 57 69 15 AE B5 69 FA F4 CB 4A 96 95 BE D9 29 2B 4E D0 AB 5B 9E D2 A8 00 00 88 50 02 FB AA AB 
[  242040] ch50 r2 a1: 28 A6 A8 AD 25 25 64 98 B5 78 CB 4A 77 4A A4 8E C3 F6 15 6A 6A DA 55 24 55 A9 AB 69 5D 6A AA 56 
[  242049] ch50 r2 a1: 2A AA A0 7A 8A 0A AB 53 55 B2 D4 D6 37 4A A4 AA D5 6A D2 FB 6F 56 CA 6B 56 CA F3 77 76 57 51 D4 
[  242145] ch50 r2 a1: 09 21 95 A9 05 43 53 AB 44 83 31 25 04 0C D4 95 58 49 53 0D B2 D5 49 4D 94 52 45 3D 65 B6 AA A6 
[  242171] ch50 r2 a1: 96 6B 9A AD 2C 55 AA D6 36 AA 50 6A AD C5 32 68 A5 42 B5 9B 59 6A 55 A5 AB AD D6 B1 CA 95 9A BA 
[  242217] ch50 r2 a1: 8A AC AD 92 ED B5 02 41 04 9C AD 59 4D 4D 5A 2B 6F 4C 77 96 B9 B2 D0 B2 4B 57 52 AA 11 69 75 CA 
[  242286] ch50 r2 a1: 0A 95 54 52 54 B4 84 A2 16 A8 CC A1 04 C4 A8 8B 29 74 DD DD 6A 5D 5E E5 BD 6A 19 5B B4 7B 65 55 
[  242378] ch50 r2 a1: 55 55 52 A5 55 55 55 55 55 55 55 55 55 06 11 E1 65 EF B0 F7 E5 F7 89 E6 54 75 C5 9E 9F D7 45 2A 
[  242434] ch50 r2 a1: 22 88 28 0A C0 95 54 6A 10 A9 48 89 11 11 11 4B BD 69 E7 1E DF 5B FF 6D CA FE BE E6 EB 6F B7 5E 
[  242506] ch50 r2 a1: 55 55 55 55 55 55 55 55 55 55 55 55 54 14 42 95 4B DF 61 EF CB CF 13 CC A8 EB 8B 9D 23 1B 21 54 
[  242614] ch50 r2 a1: 42 75 67 FF 3F BD EF 3F B7 FF 53 35 B3 59 D7 66 D7 73 79 CC BD EA 57 F7 6E FB 5A DE AD FD D6 4C 
[  242638] ch50 r2 a1: AD 55 49 56 A8 5D 42 08 BA EA A9 5B D5 2D 45 D3 4B 6A 6B D7 2A 92 AA F5 55 54 69 D4 75 1A A9 A4 
[  242752] ch50 r2 a1: 04 CB 2A 08 91 54 32 10 A1 49 29 55 55 4A 80 35 45 65 29 49 28 B6 AA 48 05 57 DD 6A D6 AC 97 52 
[  243042] ch50 r2 a1: 18 44 1D 31 50 28 88 29 44 A8 90 01 32 34 A4 55 AA A1 56 BD 25 54 56 9D 6A 6A F5 8E 75 A9 45 B9 
[  243062] ch50 r2 a1: 54 85 38 41 75 53 4A 0A 69 49 A5 3E 55 59 1A AF 93 15 52 8C 29 6A A5 8A 49 6A A5 52 A9 71 CA A5 
[  243070] ch50 r2 a1: 22 34 4C 08 AB 5A 91 45 48 4A A5 45 AA 92 B0 84 49 AE BA 58 52 89 76 4A 62 A5 52 A1 2A D9 21 04 
[  243276] ch50 r2 a1: 42 59 40 6A 25 08 4B 57 0D 4A 15 2D 40 95 25 41 25 34 D4 1B 21 A8 A9 33 10 B6 15 5A 24 C0 00 00 
[  243330] ch50 r2 a1: 55 55 55 55 55 55 55 55 55 55 55 55 45 52 90 A4 A1 71 55 ED BB 5D 57 75 65 AB DF 5D 55 5A FB 5D 
[  243856] ch50 r2 a1: 55 55 55 58 05 55 55 55 55 55 55 55 55 55 55 55 55 55 50 51 0A 55 2F 7D 87 BF 2F BC 4F 32 A3 AE 
[  243860] ch50 r2 a1: 55 55 53 80 02 AA AA AA AA A4 54 AA AA AA AA AA AA AA 92 42 42 A5 25 79 75 AD 1E AA B6 7B 75 25 
[  243945] ch50 r2 a1: 11 5A AA 2A 8C 22 55 48 A2 AE 87 AD 53 9C A7 75 4D 57 6A AA 99 56 2A 96 EA AD 92 A2 EA E9 AC AA 
[  243947] ch50 r2 a1: 33 56 D5 55 25 B5 8F D4 DF DF DB 6D DD EB 7A 95 50 B4 76 4A A2 5B 5A D5 B2 AD 57 A5 55 5B BA D0 
[  244630] ch50 r2 a1: 55 55 55 55 55 55 55 55 55 55 55 55 54 28 85 2A 97 BE C3 DF 97 DE 27 99 51 D7 16 55 57 66 B6 28 

Команды: b (фон), s (скан с нажатиями), c N (канал), r N (0=1M,1=2M,2=250k),
a N (адрес 0..3), f (фильтр), x (XN297 декод вкл/выкл), p (сниффинг старт/стоп), # метка, ? справка
Сейчас: канал 50, скорость 2, адрес 1, фильтр выкл, XN297 выкл, сниффинг выкл

Команды: b (фон), s (скан с нажатиями), c N (канал), r N (0=1M,1=2M,2=250k),
a N (адрес 0..3), f (фильтр), x (XN297 декод вкл/выкл), p (сниффинг старт/стоп), # метка, ? справка
Сейчас: канал 50, скорость 2, адрес 2, фильтр выкл, XN297 выкл, сниффинг выкл
------------------------------
# ON r2 c50 a2

Команды: b (фон), s (скан с нажатиями), c N (канал), r N (0=1M,1=2M,2=250k),
a N (адрес 0..3), f (фильтр), x (XN297 декод вкл/выкл), p (сниффинг старт/стоп), # метка, ? справка
Сейчас: канал 50, скорость 2, адрес 2, фильтр выкл, XN297 выкл, сниффинг вкл
[  245750] ch50 r2 a2: 00 00 00 38 00 00 00 00 00 00 00 00 00 00 00 00 00 00 00 51 0A 55 2F 7D 87 BF 2F 3C 4F 32 A3 AE 
[  245822] ch50 r2 a2: 0C 22 2F 55 49 6D 15 2A A0 DA F2 EA A2 CA 6D 49 B2 8A DA 8D 58 39 48 A0 CA 95 9A D6 BF 7D A7 BD 
[  245990] ch50 r2 a2: 25 6D 24 22 75 A1 56 A2 24 E0 D9 65 15 45 C9 09 15 40 0C A2 6A 82 22 00 48 A1 A4 AB 54 65 B4 2E 
[  246054] ch50 r2 a2: 52 95 5B 54 55 16 B5 A6 D2 D5 6B 2A 6A 54 29 50 4A 45 11 60 5D 2D AB 69 82 48 11 48 AB 10 4A B4 
[  246219] ch50 r2 a2: AD B2 5A AA 69 56 AA DD B1 AB 3D 56 D1 AB B9 22 6E 55 AD 5E 59 B5 7D 6A 7B 36 95 56 DA 55 55 76 
[  246314] ch50 r2 a2: 00 04 84 2A 00 80 20 00 00 00 00 00 00 90 05 10 40 5A 85 52 AD 4B 2A 9A A4 56 B9 56 B5 72 94 B2 
[  246395] ch50 r2 a2: 22 02 B0 01 00 00 20 20 00 04 00 10 00 80 04 00 80 0A 54 A4 54 40 F5 72 B6 BB 57 5D 5A EA 54 D4 
[  246459] ch50 r2 a2: B5 47 25 AA C5 26 A5 54 D1 A8 4B 4D 17 93 44 E6 14 AA 16 B5 55 56 AA 64 92 94 DB 57 CA A1 92 6D 
[  246486] ch50 r2 a2: 20 A6 02 58 06 8B 43 4A A2 6B 63 AD 5C B3 4A A9 5D 54 34 D2 B2 D5 54 B5 74 AA 55 56 97 2D A3 76 
[  246588] ch50 r2 a2: 10 00 E0 00 00 00 80 00 00 20 00 00 00 00 00 00 00 04 88 08 A8 51 BC BE 7E D6 DB BA EE 95 AA DB 
[  246601] ch50 r2 a2: 15 57 54 04 71 7A A2 AA 91 54 96 89 80 00 00 00 00 00 70 00 00 00 00 00 00 00 00 00 00 00 00 00 
[  246683] ch50 r2 a2: DA AC AA 2C 95 91 AA 9A 6A BA 95 62 99 4A D5 25 97 56 5A 10 26 8C 8A 4A D4 AB 5B 63 2C 84 B5 ED 
[  246795] ch50 r2 a2: 40 94 8B 12 A2 B0 94 2A DF D5 8A B7 75 2F 97 B9 5B A9 71 52 F5 7B 7F FA 4E 6B 69 6D 75 FB AD 75 
[  247100] ch50 r2 a2: 2A A7 59 2A 5D 9A D5 C5 56 A5 4B CD 3A 99 2A A9 D5 AB B5 AE D3 C5 17 D2 B5 8B 6B D5 48 00 00 00 
[  247150] ch50 r2 a2: AA B5 AB 24 A3 18 A4 AD 4A EA A8 AA AA FB 96 13 AA 92 29 20 54 A5 35 A6 A5 20 54 A5 31 A5 48 D0 
[  247166] ch50 r2 a2: AA B5 AB EE B2 A6 5B D5 1B 5B 2D BB AA BA 88 A0 20 00 03 00 00 00 00 00 00 00 00 00 00 00 00 00 
[  247224] ch50 r2 a2: C6 94 90 AA 99 5B 4A AA 90 00 00 00 00 02 D2 92 AA 88 C6 63 10 92 A8 D3 6C 82 12 AA C6 AE BA 96 
[  247272] ch50 r2 a2: 00 00 00 00 01 C0 00 00 00 00 00 00 00 00 00 00 00 00 00 00 00 10 10 08 01 EB 67 5D AB 0D 44 CC 
[  247297] ch50 r2 a2: 00 00 00 00 00 00 00 00 00 00 00 00 00 04 08 08 04 01 1E 21 55 55 49 56 2B 27 59 5F A8 AA AA 55 
[  247325] ch50 r2 a2: 00 00 06 00 00 40 00 00 00 00 00 00 00 00 00 00 00 00 48 94 84 A8 0B AB 76 7A B5 F7 5B B7 AD B5 
[  247334] ch50 r2 a2: 00 00 00 00 0E 00 00 00 00 00 00 00 00 00 00 00 00 00 00 00 14 42 95 4B DF 61 EF CB CF 13 CC A8 
[  247373] ch50 r2 a2: 00 00 00 18 00 00 00 00 00 00 00 00 00 00 00 00 00 00 00 28 85 2A 97 BE C3 DF 97 9E 27 99 51 D7 
[  247466] ch50 r2 a2: 24 44 21 2B 11 25 49 14 A6 20 40 04 94 A1 12 95 AA 12 52 B2 91 46 DB C8 AC DA E6 AE 26 A9 5B 6E 
[  247495] ch50 r2 a2: E4 AE A4 B6 D3 E2 95 2D 45 BB 51 E9 6C EB 9F 64 AA DD DA B5 A9 5D D5 CB 96 55 74 55 53 6C 92 DC 
[  247664] ch50 r2 a2: 00 50 8B 15 E8 D2 AA A9 52 C9 45 37 57 34 58 95 41 6A A8 95 15 42 22 A5 56 88 AA F2 55 EA 94 EB 
[  247670] ch50 r2 a2: 04 41 20 41 55 8C 82 15 D6 AA DA 76 A8 94 A7 55 2D 4A 56 52 A2 AA 54 2D B5 6A D7 55 66 D3 55 57 
[  247888] ch50 r2 a2: 00 00 00 00 00 00 00 00 00 00 00 00 00 00 00 00 00 25 EF B0 F7 E5 F7 89 E6 54 75 C5 97 56 07 BC 
[  248028] ch50 r2 a2: 00 00 00 18 00 00 00 00 00 00 00 00 00 00 00 00 00 00 00 20 85 2A 97 BE C3 DF 97 9E 27 99 51 D7 
[  248046] ch50 r2 a2: 00 00 00 00 00 00 00 00 00 00 00 00 00 00 00 00 00 00 0D 6E 10 45 A2 5C 6A AD 55 98 B0 AD 35 D5 
[  248059] ch50 r2 a2: 00 00 00 00 00 00 00 00 00 00 00 00 00 00 24 40 00 00 0D 22 C1 AD AC A6 A5 5A DD 5F 54 7D 3A 6A 
[  248094] ch50 r2 a2: 00 00 00 00 00 00 00 00 00 00 00 00 00 00 00 00 00 25 EF B0 F7 E5 E7 89 E6 54 75 C5 C7 5E 79 A7 
[  248115] ch50 r2 a2: 16 AE CA 95 54 A9 14 66 26 19 40 2A 09 B2 D1 54 94 8A B5 12 22 0A 28 25 21 50 0E A2 54 0A 22 C5 
[  248249] ch50 r2 a2: 44 A9 4E 6B 42 AD 2B 24 A2 A1 2B B1 4D 68 A1 45 4C B6 55 50 93 29 9B 05 DA CA 8E B2 52 12 BB 55 
[  248407] ch50 r2 a2: 91 7A A9 67 49 53 A7 52 B4 AA C9 CB 57 36 F3 D2 57 64 95 AB 6A FD 4D 72 6E 13 75 EA AC D5 37 B5 
[  248594] ch50 r2 a2: 00 00 00 00 00 00 00 00 00 00 00 00 00 00 00 00 00 00 08 92 8E A9 AC AB 2A E3 D9 6A CA 55 A7 4B 
[  248647] ch50 r2 a2: 00 00 0C 00 00 00 00 00 00 00 00 00 00 00 00 00 00 00 48 80 8A 90 16 6A B4 25 56 B4 A6 A4 5A AA 
[  248686] ch50 r2 a2: 4D 20 51 24 50 04 6F 0A 25 05 B3 55 24 89 D4 50 32 24 45 6A C5 50 00 00 00 00 01 00 00 00 00 00 
[  248809] ch50 r2 a2: 00 00 01 80 00 00 00 00 00 00 00 00 00 00 00 00 00 00 02 08 52 89 7B EC 3D F9 79 E2 79 95 1D 71 
[  248814] ch50 r2 a2: 00 00 00 00 03 80 00 00 00 00 00 00 00 00 00 00 00 00 00 00 00 20 20 14 84 8A AB 6B 4D 53 2B 54 
[  248835] ch50 r2 a2: 00 00 00 00 C0 00 00 00 00 00 00 00 00 00 00 00 00 00 00 01 04 29 54 BD F6 1E FC BC F1 3C CA 8E 
[  248893] ch50 r2 a2: 04 10 38 00 00 00 00 00 00 00 00 00 80 00 00 00 00 00 44 A4 29 48 6B 25 44 AA 25 A7 E5 2A 99 54 
[  249124] ch50 r2 a2: 96 F6 6E 52 95 4D 24 6B 59 6A AB 1A 2B 54 A8 AD 53 9B 57 CA D8 AB 04 D5 68 45 B8 04 49 65 2A 98 
[  249211] ch50 r2 a2: 53 69 55 55 55 57 96 E9 A2 95 45 4D 2A CA 59 DA 76 2D 75 4F 96 B5 6D 05 AD 68 AE 51 5A DB AC B6 
[  249329] ch50 r2 a2: 02 55 28 54 69 B5 26 B5 21 AA 45 5F 2C AA A5 BB 58 A6 B7 6F 2D 2B 95 AF 46 8D 42 AB 89 55 D4 8B 
[  249367] ch50 r2 a2: 00 00 80 00 00 00 02 00 00 00 00 00 00 24 4A 40 04 0A 49 0A 89 52 6D B6 D4 6A 90 55 D5 2B A5 2D 
[  249406] ch50 r2 a2: 00 00 08 04 10 00 80 11 00 00 00 40 00 08 94 40 A8 0A E9 11 45 55 29 B4 D3 AA F5 AB 4C DB AA D5 
[  249408] ch50 r2 a2: 00 00 00 0C 00 00 00 00 00 00 00 00 00 00 00 00 00 00 00 48 94 8A 09 12 D5 2A B5 5A 77 4C 4A A9 
[  249472] ch50 r2 a2: 00 40 00 02 00 02 00 02 01 09 01 20 00 02 22 20 25 42 5A 13 AF 76 65 39 6F 7A D3 57 EB DD 5D BE 
[  249559] ch50 r2 a2: 00 00 00 04 00 00 00 02 00 08 00 00 00 00 90 80 08 02 AA 54 E9 AA EC 4A AA 2A A4 AA A4 4D 0A 8C 
[  249627] ch50 r2 a2: 00 00 00 0C 00 00 00 00 00 00 00 00 00 00 00 00 00 00 00 91 29 05 08 1B 59 55 AA 94 A6 25 BD 66 
[  249662] ch50 r2 a2: 00 00 38 00 00 00 10 00 01 00 00 00 04 00 00 00 20 00 20 05 01 2F 7D 87 BF 2F 3C 4F 32 A3 AE 2E 
[  249691] ch50 r2 a2: 00 00 00 10 6B 82 4D B2 83 45 4B 7A D8 34 2A AE 61 56 A3 34 05 0A 54 A1 52 85 E2 55 55 28 41 54 
[  249759] ch50 r2 a2: 88 54 88 52 80 21 20 AD 85 24 AA 92 55 A8 94 AB 58 93 14 56 98 92 8A C1 2B AD A4 A2 99 24 96 AA 
[  249904] ch50 r2 a2: 4D D5 49 AD 49 75 52 ED 4A B7 69 3D 55 0D 51 59 6A 9B A2 DC B2 AA A4 29 28 AD 4A 5B 4B 8F A9 B4 
[  249910] ch50 r2 a2: B2 55 09 25 65 8D B4 21 41 52 E9 4B 48 AA 15 A9 64 94 2D 55 32 AE DD 4A 61 56 B6 BD A5 55 96 42 
[  250118] ch50 r2 a2: 52 D1 15 29 B4 85 54 A4 94 93 55 28 AA 49 48 02 4A 41 1A AD 18 50 50 C1 68 49 22 55 54 4D 10 AB 
[  250143] ch50 r2 a2: 80 08 30 00 00 01 00 00 00 00 00 00 00 00 00 00 00 00 61 0E 55 2F 7D 87 BF 2F BC 4F 32 A3 AE 2C 
[  250159] ch50 r2 a2: 00 00 00 08 00 48 00 10 00 12 00 00 40 00 44 85 4A 0A 91 76 6E BA EB 48 E9 EB 9B 2D 6E AA AD F4 
[  250239] ch50 r2 a2: 00 00 07 00 00 00 00 00 00 00 20 00 00 00 00 00 00 00 24 4A 45 25 0A B4 36 B5 AD 68 AB 5D AA 58 
[  250349] ch50 r2 a2: 00 00 00 30 00 00 00 00 00 00 00 00 00 00 00 00 00 00 00 51 0A 55 2F 7D 87 BF 2F 3C 4F 32 A3 AE 
[  250354] ch50 r2 a2: 00 40 00 E0 00 00 00 00 00 00 00 00 00 00 00 00 00 00 04 89 48 49 29 55 5D EE B3 55 6E 5A 6A BC 
[  250376] ch50 r2 a2: 00 00 00 00 80 00 00 00 00 00 00 00 00 00 00 00 00 00 00 00 00 20 09 7B EC 3D F9 79 E2 79 95 1D 
[  250428] ch50 r2 a2: 00 00 00 00 80 00 00 00 00 00 00 00 00 00 00 00 00 00 00 00 00 00 09 7B EC 3D F9 79 E2 79 95 1D 
[  250441] ch50 r2 a2: 00 00 00 30 00 00 00 00 00 00 00 00 00 00 00 00 00 00 00 51 0A 55 2F 7D 87 BF 2F 3C 4F 32 A3 AE 
[  250498] ch50 r2 a2: 00 80 00 00 17 DF A7 DA 55 5B 76 57 73 B4 E5 D5 AC AF B3 52 BF 57 AD 5A DA 5D DE AE BA AD D5 75 
[  250624] ch50 r2 a2: 54 29 17 49 A8 D5 44 DD 6D 4D D4 05 41 5B B9 A5 49 D5 A9 0A B5 B5 6D 2B 29 67 75 A1 56 B6 CB 3B 
[  250627] ch50 r2 a2: 52 28 15 49 A9 62 D5 6B 99 AA CA D6 DD D7 65 5A E9 AE 4A 92 73 57 5A 95 3E DC F5 95 57 BA 0D 42 
[  250694] ch50 r2 a2: 56 28 95 49 D4 AC 50 53 74 AD 05 D4 72 66 95 5D 5A AA D6 B5 0A A4 EE AC 75 E8 54 B7 74 B6 B7 B4 
[  250769] ch50 r2 a2: C8 AA EE AB 13 AF 56 DB 7A 96 EA 9A F5 F1 AB 45 55 1A A9 6A 92 09 08 A5 33 49 28 55 4F 4B 6B 5D 
[  250951] ch50 r2 a2: 00 00 03 00 00 00 00 00 00 00 00 00 00 00 00 00 00 00 12 22 42 A5 46 96 96 F2 B4 AE D2 54 8A 4A 
[  250973] ch50 r2 a2: 00 00 00 E0 00 00 00 00 00 00 00 00 00 00 00 00 00 00 01 44 29 54 BD F6 1E FC BE F1 3C CA 8E B8 
[  251188] ch50 r2 a2: 8F 55 B3 41 A5 55 84 AD 55 AB 6B 49 85 36 2D 31 28 12 94 A5 2A 75 68 A9 6A 98 AB 9B EA AA 94 55 
[  251262] ch50 r2 a2: 92 94 54 B5 52 89 49 57 21 A3 58 15 15 54 C9 4A 43 4A 13 5D 5A AA B5 5E CF 8A 95 25 71 53 35 5D 
[  251508] ch50 r2 a2: 25 35 25 4C AA 99 69 2C 98 14 BB 5B 55 AB 55 58 A6 2D 5B 97 B5 AC A2 6D 55 6F 2A 41 4A F5 32 AC 
[  251663] ch50 r2 a2: 00 00 0C 00 00 00 00 00 00 00 00 00 00 00 00 00 00 00 11 29 09 14 16 AF EF BA BB D2 FF 17 EA BD 
[  251672] ch50 r2 a2: 00 00 06 00 00 00 00 00 00 00 00 00 00 40 00 00 00 00 0A 21 4A A5 EF B0 F7 E5 F7 89 E6 54 75 C5 

Команды: b (фон), s (скан с нажатиями), c N (канал), r N (0=1M,1=2M,2=250k),
a N (адрес 0..3), f (фильтр), x (XN297 декод вкл/выкл), p (сниффинг старт/стоп), # метка, ? справка
Сейчас: канал 50, скорость 2, адрес 2, фильтр выкл, XN297 выкл, сниффинг выкл

Команды: b (фон), s (скан с нажатиями), c N (канал), r N (0=1M,1=2M,2=250k),
a N (адрес 0..3), f (фильтр), x (XN297 декод вкл/выкл), p (сниффинг старт/стоп), # метка, ? справка
Сейчас: канал 50, скорость 2, адрес 3, фильтр выкл, XN297 выкл, сниффинг выкл
------------------------------
# ON r2 c50 a3

Команды: b (фон), s (скан с нажатиями), c N (канал), r N (0=1M,1=2M,2=250k),
a N (адрес 0..3), f (фильтр), x (XN297 декод вкл/выкл), p (сниффинг старт/стоп), # метка, ? справка
Сейчас: канал 50, скорость 2, адрес 3, фильтр выкл, XN297 выкл, сниффинг вкл
[  252727] ch50 r2 a3: 00 00 01 C0 00 00 00 00 00 00 00 00 00 00 00 00 00 00 02 88 52 A9 7B EC 3D F9 79 E2 79 95 1D 71 
[  252743] ch50 r2 a3: 56 45 65 05 55 06 46 AB B4 A9 56 2B 2A 46 B6 AB 29 4D EE 4D AB 92 17 F7 BA AB AB BE AB 0A B2 8A 
[  253007] ch50 r2 a3: 55 5A AA 4A 52 54 8A 02 12 D5 09 AB 50 92 41 2D C2 E9 28 54 51 56 B2 AA AA A8 AA 8A EA 95 26 AD 
[  253063] ch50 r2 a3: 95 42 A2 89 8B 16 4A A9 93 55 17 12 51 ED 24 B9 51 99 66 AA 6C 59 57 2C AA 51 26 59 AA 42 8A B2 
[  253237] ch50 r2 a3: 00 00 00 00 00 C0 00 00 00 00 00 00 00 00 00 00 00 00 00 00 00 00 80 00 01 09 99 49 20 55 12 95 
[  253251] ch50 r2 a3: 02 00 03 80 00 01 00 00 00 00 00 00 00 00 00 00 80 00 12 22 22 A2 94 D5 F4 DB BE B4 A6 B6 2A 32 
[  253257] ch50 r2 a3: 00 00 00 0A 2A 82 AB 42 09 E1 03 41 0E C3 35 71 47 4C B4 9E B4 CA BE 77 FF FB DF BB 7F DB 7D 6F 
[  253273] ch50 r2 a3: 00 00 00 00 00 00 00 00 00 00 00 00 00 00 00 00 00 12 F7 D8 7B F2 FB C4 F3 2A 3A E2 CD 2D 85 2C 
[  253277] ch50 r2 a3: 00 00 00 38 00 00 00 00 00 00 00 00 00 00 00 00 00 00 01 22 52 21 28 59 EA E9 5B 66 95 89 5D 6A 
[  253299] ch50 r2 a3: 00 00 00 60 00 00 00 00 00 00 00 00 00 00 00 00 00 00 00 82 14 AA 5E FB 0F 7E 5F 78 9E 65 47 5C 
[  253302] ch50 r2 a3: 00 84 02 00 04 00 00 00 20 00 00 40 10 24 40 54 2B 0E A6 E9 25 25 2A AB 48 A9 6D 60 B4 96 C9 38 
[  253343] ch50 r2 a3: 92 A8 98 00 00 00 80 00 00 10 00 00 00 50 00 00 00 01 22 52 2B 28 26 57 CB 6D 4D 2F 57 AE 16 72 
[  253345] ch50 r2 a3: 95 54 14 2B 2D 22 8B 5B 65 29 D2 B9 59 6A D3 49 38 54 B0 12 94 D1 51 22 62 85 CA 92 11 34 52 AA 
[  253414] ch50 r2 a3: 00 00 00 00 18 00 00 00 00 00 00 00 00 00 00 00 00 00 00 00 20 04 00 97 BE C3 DF 97 9E 27 99 51 
[  253607] ch50 r2 a3: 40 22 04 A8 30 96 50 45 28 84 51 42 A4 42 10 50 10 2A 2D 24 95 4B 14 02 AA 2A 50 00 09 A4 32 A4 
[  253634] ch50 r2 a3: 0A 24 06 AA AA 42 EA A8 5B C4 6B D9 4A B6 B6 12 B5 47 97 3E D9 55 7A 56 D7 40 A9 66 A9 5D 24 72 
[  253838] ch50 r2 a3: 66 DE D2 88 D4 DF BA 59 D7 2C EE 95 56 2A A7 48 C3 3F 72 9A D9 D5 D5 65 46 9A F5 EF A2 9B AB 57 
[  254116] ch50 r2 a3: 00 00 0C 00 00 08 00 04 00 00 00 00 00 00 00 00 00 00 49 09 0A 80 16 ED 95 B7 B3 C8 BB 6A F5 2B 
[  254139] ch50 r2 a3: 51 50 4C 52 35 62 0C 48 5B 0A A5 7D 0A 8A 89 04 4A 4A 92 92 88 4D 52 92 AA 45 25 2D 9B 69 6A 95 
[  254212] ch50 r2 a3: 00 00 00 18 00 00 00 00 00 00 00 00 00 00 00 00 00 00 00 28 85 2A 97 BE C3 DF 97 9E 27 99 51 D7 
[  254255] ch50 r2 a3: 00 00 00 00 00 00 00 00 00 10 00 00 00 48 90 8A 81 12 B2 84 54 BA 9D A9 2B 6A BA 4B 5B D6 95 8A 
[  254296] ch50 r2 a3: 00 00 00 18 00 00 00 00 00 00 00 00 00 00 00 00 00 00 01 22 52 12 44 12 A8 F6 B5 D5 12 AB 75 57 
[  254334] ch50 r2 a3: A8 AA 24 4A 6A AD 81 54 69 C8 04 A9 86 40 21 09 81 26 94 41 56 C2 58 10 82 19 12 84 13 82 04 AC 
[  254369] ch50 r2 a3: AA B0 00 04 22 4A D0 02 24 54 4E 42 94 8A E8 2B 10 C9 4B 48 AE A2 4A A4 24 28 0A 97 52 94 24 B5 
[  254399] ch50 r2 a3: 02 00 18 40 05 4B EA AD 1A A9 52 95 14 56 BA AA CA 2D 85 3A 65 65 49 43 A9 5A 50 95 90 A8 79 53 
[  254452] ch50 r2 a3: 4A 9D 54 BE B2 AA 9B 92 36 55 47 45 AC 4A CA 75 29 5B 93 D4 B7 55 47 14 49 BF 4E DA B2 B6 AF 5A 
[  254465] ch50 r2 a3: 88 55 49 21 65 74 55 D5 AD 34 49 4C 57 5C AD 35 5C DD 55 8D 95 5B 29 AD 53 B6 D3 49 29 A9 69 63 
[  254520] ch50 r2 a3: 04 16 B9 B5 CE D1 2C 15 35 42 55 91 4C B2 B3 5D 24 AA A9 AA 75 5A 8D 6B 56 8C 2D 4B 9E 94 AB 5A 
[  254645] ch50 r2 a3: 52 04 50 15 53 40 29 85 AA 88 0A 82 69 52 D4 D3 5D 5A 2E 95 52 B6 BA D5 52 96 A6 42 8D 66 D5 5A 
[  254689] ch50 r2 a3: 4C AA BD A8 AA 96 9A AA 6D A8 D1 2A AA 55 E0 22 65 94 E2 AA 51 41 54 C2 AE AA AB 69 7A 40 96 CA 
[  254788] ch50 r2 a3: 00 04 01 80 00 00 00 00 00 00 00 00 00 00 00 00 82 00 02 00 50 12 F7 D8 7B F2 FB C4 F3 2A 3A E2 
[  254841] ch50 r2 a3: 00 00 00 00 60 00 00 00 00 00 00 00 00 00 00 00 00 00 00 00 80 10 04 BD F6 1E FC BE F1 3C CA 8E 
[  254905] ch50 r2 a3: 00 00 00 00 00 00 00 00 00 00 00 02 8A A0 AA D0 82 78 40 D0 43 B0 CD 5C 51 D3 0D 07 8F B6 AE 8F 
[  254924] ch50 r2 a3: 20 04 38 00 00 00 00 00 00 00 00 00 00 00 10 00 00 01 22 22 2A 29 75 29 2D 5A BD AF D6 AA DD BD 
[  254949] ch50 r2 a3: 88 4E A9 0A 96 C4 AA 91 92 A9 AB 22 A5 95 94 D2 ED A7 6E 5F CA F2 74 B3 AD 51 AD D7 95 34 D0 D4 
[  254987] ch50 r2 a3: 00 00 00 E0 00 00 00 00 00 00 00 00 00 00 00 00 00 00 04 88 08 A8 21 D7 6A EA AA A9 B6 94 CD BD 
[  255011] ch50 r2 a3: 20 00 80 50 00 20 00 82 50 00 01 00 21 00 01 00 00 24 91 95 56 DA 8A A2 4D 72 6A 32 BD 55 48 8A 
[  255448] ch50 r2 a3: 91 10 A4 C9 28 AD 8A 12 20 A1 44 D4 A5 93 4B 40 80 A8 A0 95 AA 1A 2A 90 11 48 11 11 84 A9 22 B3 
[  255511] ch50 r2 a3: A2 12 12 A3 C8 92 2A 56 A5 64 95 05 BE 95 6B 6E FB D3 4D EA AF 7D BB 6D D7 DE DE AB 6D F7 28 EA 
[  255593] ch50 r2 a3: 00 00 01 80 00 00 00 00 00 00 00 20 00 00 00 00 00 00 02 25 20 22 A2 D5 76 F5 F6 D2 B2 5A BA D2 
[  255606] ch50 r2 a3: 00 00 00 60 00 00 00 00 00 00 00 00 00 00 00 00 00 00 04 89 48 40 A8 A7 AD 75 AB AA 95 52 B2 9B 
[  255641] ch50 r2 a3: 00 00 00 0C 00 00 00 00 00 00 00 00 00 00 00 00 00 00 00 10 02 80 97 BE C3 DF 97 DE 27 99 51 D7 
[  255696] ch50 r2 a3: 00 08 00 00 00 00 00 00 00 00 00 00 00 00 00 00 00 00 89 41 5D 25 4C ED A5 CA AB 55 56 AE AD 34 
[  255709] ch50 r2 a3: 00 00 00 01 00 00 00 00 00 00 00 00 00 02 02 00 00 5C 94 79 16 B2 92 69 49 4D 34 A8 22 65 53 2C 
[  255744] ch50 r2 a3: 12 88 42 12 44 40 24 88 50 95 0B 44 04 28 88 AA A4 52 92 4A 2A A4 28 2D 57 6A B9 6A CD 29 EA D5 
[  255925] ch50 r2 a3: D4 94 D5 28 45 25 71 A2 AA 2F 50 AA 4E E9 42 E6 9A 94 8D 54 9B 52 A8 52 2E 55 96 A4 A4 93 54 DD 
[  255947] ch50 r2 a3: C0 D8 C0 8A 41 0A 02 08 D5 56 10 00 0C 20 74 42 20 88 95 CC AA 6B 6C 56 04 8D 5A 99 4A 8A 8A 8A 
[  256367] ch50 r2 a3: 00 00 01 C0 00 00 00 00 00 00 00 00 00 00 00 00 00 00 09 12 91 50 53 D8 5A D7 2A 94 AB 24 9A AA 
[  256428] ch50 r2 a3: 82 0B 6D B5 3A B6 F5 DA 49 01 6E B5 25 2D 6C 5D 5E AA AA AA AA AA C0 AA AA AA AA AA AA AA AA AA 
[  256440] ch50 r2 a3: 80 02 09 10 22 14 90 82 10 40 61 56 15 5A 10 4F 08 1A 08 76 19 AB 8A 3A 66 26 FF 23 B5 F3 55 77 
[  256468] ch50 r2 a3: 85 09 C8 3A B0 22 AB 49 6A E4 1D 55 00 00 00 00 00 60 00 00 00 00 00 00 00 00 00 00 00 00 00 00 
[  256501] ch50 r2 a3: A5 4D 55 6A AE B1 0C 95 12 88 52 DB 55 AB 46 2A 46 83 41 59 11 55 28 29 24 A5 11 C9 34 D6 B1 5B 
[  256612] ch50 r2 a3: 14 88 04 12 91 B7 29 AE 2A AB 6D 52 55 8E AA 95 5A A1 4B AC A8 68 4D D2 94 6A 53 2D 12 75 57 55 
[  256627] ch50 r2 a3: 00 00 06 00 00 00 00 00 00 00 00 00 00 00 40 00 00 00 48 94 84 82 04 3A 24 BC A5 D6 AD 52 D6 DD 
[  256675] ch50 r2 a3: 00 B2 5A B5 55 D6 EE A8 D2 62 79 2D 58 41 49 4C 36 B8 AA 10 55 95 3B 85 05 B1 32 75 55 B6 85 5A 
[  256836] ch50 r2 a3: 19 24 02 84 A9 52 94 94 55 44 90 8A 42 0A B1 6A DA B5 AA BD C9 76 6B 73 59 56 B6 66 2A AB D3 A5 
[  257154] ch50 r2 a3: 00 00 00 00 40 00 00 00 00 00 00 00 00 00 00 00 00 00 00 00 08 08 00 41 42 B9 54 AB 0E D9 4B 94 
[  257347] ch50 r2 a3: 00 00 0E 00 00 00 00 00 00 00 00 00 00 00 04 00 00 00 01 81 89 10 15 EF E8 DB 5F 73 AD 6B 6A AA 
[  257356] ch50 r2 a3: 00 20 30 00 00 00 00 00 00 00 00 00 00 00 00 00 00 00 51 0A 55 2F 7D 87 BF 2F 3C 4F 32 A3 AE 2E 
[  257413] ch50 r2 a3: 00 00 00 00 60 00 00 00 00 00 00 00 00 00 00 00 00 00 00 00 00 00 00 00 B2 AE 95 B4 5A 08 AA AD 
[  257448] ch50 r2 a3: 00 00 00 00 C0 00 00 00 00 00 00 00 00 00 00 00 00 00 00 01 04 29 54 BD F6 1E FC BC F1 3C CA 8E 
[  257468] ch50 r2 a3: 42 36 54 5A 69 41 48 91 40 94 01 15 5A 89 75 2A A9 33 09 A9 25 76 53 44 D5 D5 55 49 55 AB 56 8A 
[  257479] ch50 r2 a3: 00 00 1C 00 00 00 00 00 00 00 02 00 00 00 20 00 00 00 12 52 12 20 2E DD 8D 35 5D 69 A4 D7 6F 35 
[  257490] ch50 r2 a3: 21 69 AD 65 3A 92 4A 49 49 5A A4 AE 42 95 24 AA 33 AD 56 B3 A8 A5 61 4A 5A DA 54 85 55 04 D6 A4 
[  257570] ch50 r2 a3: 91 72 48 88 9A 90 94 54 32 9A 82 51 09 02 A4 75 3A ED 52 B6 B3 AF 76 AB 55 F6 FE BA DF BF F1 6D 
[  257613] ch50 r2 a3: 69 15 58 2A 82 80 42 21 AB 4A AA AB 5F 6F 6E DA D5 E9 75 B6 BD 37 C9 5B 6D 8D 95 3E AA AB 3B 5D 
[  257927] ch50 r2 a3: 00 00 01 80 00 00 00 00 00 00 00 00 00 00 00 00 00 00 05 00 50 12 F7 D8 7B F2 FB C4 F3 2A 3A E2 
[  257980] ch50 r2 a3: 00 00 00 00 01 C0 00 00 00 00 00 00 00 00 00 00 00 00 00 00 02 08 52 A9 7B EC 3D F9 7D E2 79 95 
[  258009] ch50 r2 a3: 00 00 00 AA 40 00 2C 08 82 00 20 04 82 44 A4 24 08 D0 95 5D 3A BA E9 AB 65 D7 75 B5 5B 9A 2D 34 
[  258099] ch50 r2 a3: 00 00 00 60 00 00 00 00 00 00 00 00 00 00 00 00 00 00 04 89 48 48 60 97 6B 55 DF 69 5F 6F BA F9 
[  258108] ch50 r2 a3: 00 00 00 00 00 C0 00 00 00 00 00 00 00 00 00 00 00 00 00 00 01 00 28 89 7B EC 3D F9 79 E2 79 95 
[  258121] ch50 r2 a3: 00 00 00 00 07 80 00 00 00 00 00 00 00 00 00 00 00 00 00 00 0A 21 4A A5 EF B0 F7 E5 E7 89 E6 54 
[  258203] ch50 r2 a3: 04 00 94 84 8A 91 20 00 10 02 08 82 90 01 08 88 59 35 6D 66 9A AB 4D CD BE 68 5A 31 59 4A B5 BB 
[  258433] ch50 r2 a3: B1 45 B1 82 45 52 4A CE D7 49 2A AA A8 4B 11 4A C1 50 54 A9 15 23 40 65 7D 5D AD 5C A5 BA E5 69 
[  258609] ch50 r2 a3: 00 04 0E 00 00 00 00 00 00 00 00 00 20 00 00 00 00 00 14 42 95 4B DF 61 EF CB EF 13 CC A8 EB 8B 
[  258629] ch50 r2 a3: 59 58 AA 22 21 20 90 45 40 82 AD 8A 2A B4 E4 CA A8 AA 2A 52 81 9A D6 B2 A4 43 A7 53 82 29 5B 22 
[  258684] ch50 r2 a3: 69 AA 9C AD 5C B0 B2 8A 2D A6 D8 10 AA 95 2D A3 73 54 94 5B 52 34 6B 6B 14 49 2B 92 85 5B 24 98 
[  258691] ch50 r2 a3: 8D 50 20 42 14 A4 20 92 44 A5 20 50 EE 95 B5 B5 AB 5B 9E D0 32 B1 61 55 B0 AB 61 34 45 48 92 90 

Команды: b (фон), s (скан с нажатиями), c N (канал), r N (0=1M,1=2M,2=250k),
a N (адрес 0..3), f (фильтр), x (XN297 декод вкл/выкл), p (сниффинг старт/стоп), # метка, ? справка
Сейчас: канал 50, скорость 2, адрес 3, фильтр выкл, XN297 выкл, сниффинг выкл
