
Команды: b (фон), s (скан с нажатиями), c N (канал), r N (0=1M,1=2M,2=250k),
a N (адрес 0..3), f (фильтр), x (XN297 декод вкл/выкл), t (прицельный режим), p (сниффинг старт/стоп), # метка, ? справка
Сейчас: канал 50, скорость 2, адрес 0, фильтр вкл, XN297 вкл, прицельный вкл, сниффинг выкл
------------------------------
# BUTTONS

Команды: b (фон), s (скан с нажатиями), c N (канал), r N (0=1M,1=2M,2=250k),
a N (адрес 0..3), f (фильтр), x (XN297 декод вкл/выкл), t (прицельный режим), p (сниффинг старт/стоп), # метка, ? справка
Сейчас: канал 50, скорость 2, адрес 0, фильтр вкл, XN297 вкл, прицельный вкл, сниффинг вкл
[  291769] ch50 r2 T: BC 4F 32 A3 AE 2C 3B 71 DC 24 51 7A EB ED D1 6D 
[  291783] ch50 r2 T: BC 4F 32 A3 AE 2C 3B 71 DC 24 51 AF DD EF FF F5 
[  291796] ch50 r2 T: BC 4F 32 A3 AE 2C 3B 71 DC 24 51 5D 7C B5 52 51 
[  291809] ch50 r2 T: BC 4F 32 A3 AE 2C 3B 71 DC 24 51 DF F6 F5 8B DD 
[  291822] ch50 r2 T: BC 4F 32 A3 AE 2C 3B 71 DC 24 51 FF FA DE AA 57 
[  291835] ch50 r2 T: BC 4F 32 A3 AE 2C 3B 71 DC 24 51 BF BD FF FF 57 
[  291848] ch50 r2 T: BC 4F 32 A3 AE 2C 3B 71 DC 24 51 E7 7D 6E DF BA 
[  291861] ch50 r2 T: BC 4F 32 A3 AE 2C 3B 71 DC 24 51 F7 B6 9D FF FE 
[  291875] ch50 r2 T: BC 4F 32 A3 AE 2C 3B 71 DC 24 51 FF D6 FF BF 5A 
[  291888] ch50 r2 T: BC 4F 32 A3 AE 2C 3B 71 DC 24 51 DF 6A 2D 5A B5 
[  291901] ch50 r2 T: BC 4F 32 A3 AE 2C 3B 71 DC 24 51 FA 7D E5 DF FB 
[  291962] ch50 r2 T: 3C 4F 32 A3 AE 2E FB 02 17 65 51 B7 7F F7 D6 D7 
[  291975] ch50 r2 T: 3C 4F 32 A3 AE 2E FB 02 17 65 51 7B B9 DB EF BE 
[  291988] ch50 r2 T: 3C 4F 32 A3 AE 2E FB 02 17 65 51 DC 9A 77 27 34 
[  292001] ch50 r2 T: 3C 4F 32 A3 AE 2E FB 02 17 65 51 FB AF D7 AF 5C 
[  292014] ch50 r2 T: 3C 4F 32 A3 AE 2E FB 02 17 65 51 BE B7 75 BE F6 
[  292028] ch50 r2 T: 3C 4F 32 A3 AE 2E FB 02 17 65 51 D6 DB 5F 7B FA 
[  292041] ch50 r2 T: 3C 4F 32 A3 AE 2E FB 02 17 65 51 FF 7F 3B 36 65 
[  292054] ch50 r2 T: 3C 4F 32 A3 AE 2E FB 02 17 65 51 FF BF DB F5 55 
[  292067] ch50 r2 T: 3C 4F 32 A3 AE 2E FB 02 17 65 51 BF 8B 63 09 4B 
[  292080] ch50 r2 T: 3C 4F 32 A3 AE 2E FB 02 17 65 51 F5 57 F5 DD FE 
[  292093] ch50 r2 T: 3C 4F 32 A3 AE 2E FB 02 17 65 51 EC FD FD BB FB 
[  292781] ch50 r2 T: BC 4F 32 A3 AE 2C 7B 01 AF 7F 51 FE FF BB 7F AF 
[  292795] ch50 r2 T: BC 4F 32 A3 AE 2C 7B 01 AF 7F 51 97 FF CD 9B FD 
[  292808] ch50 r2 T: BC 4F 32 A3 AE 2C 7B 01 AF 7F 50 F7 EF 7E AF BA 
[  292821] ch50 r2 T: BC 4F 32 A3 AE 2C 7B 01 AF 7F 51 7F F7 A7 57 6A 
[  292834] ch50 r2 T: BC 4F 32 A3 AE 2C 7B 01 AF 7F 51 FD DA DE FD DD 
[  292847] ch50 r2 T: BC 4F 32 A3 AE 2C 7B 01 AF 7F 51 D9 D2 DD FF BE 
[  292860] ch50 r2 T: BC 4F 32 A3 AE 2C 7B 01 AF 7F 51 5A F3 F6 DF 6D 
[  292874] ch50 r2 T: BC 4F 32 A3 AE 2C 7B 01 AF 7F 51 D9 77 FF EB FF 
[  292887] ch50 r2 T: BC 4F 32 A3 AE 2C 7B 01 AF 7F 51 7F BE D7 EE AB 
[  292900] ch50 r2 T: BC 4F 32 A3 AE 2C 7B 01 AF 7F 51 7E EA AA AA 91 
[  292913] ch50 r2 T: BC 4F 32 A3 AE 2C 7B 01 AF 7F 51 BF EE EB 5B 4D 
[  292975] ch50 r2 T: 3C 4F 32 A3 AE 2E 83 42 DE 51 51 D6 AF FB FE BF 
[  292988] ch50 r2 T: 3C 4F 32 A3 AE 2E 83 42 DE 51 51 F7 57 AD BE EF 
[  293001] ch50 r2 T: 3C 4F 32 A3 AE 2E 83 42 DE 51 51 F7 FF DF CB F5 
[  293015] ch50 r2 T: 3C 4F 32 A3 AE 2E 83 42 DE 51 51 5F BF 9F AF 7D 
[  293028] ch50 r2 T: 3C 4F 32 A3 AE 2E 83 42 DE 51 51 F7 BB EF FF 57 
[  293041] ch50 r2 T: 3C 4F 32 A3 AE 2E 83 42 DE 51 51 DB EF FF F7 D6 
[  293054] ch50 r2 T: 3C 4F 32 A3 AE 2E 83 42 DE 51 51 7F 36 DB FE 66 
[  293067] ch50 r2 T: 3C 4F 32 A3 AE 2E 83 42 DE 51 51 7B 6F DD CB 6E 
[  293080] ch50 r2 T: 3C 4F 32 A3 AE 2E 83 42 DE 51 51 35 29 59 A4 24 
[  293093] ch50 r2 T: 3C 4F 32 A3 AE 2E 83 42 DE 51 51 FE F5 F7 75 59 
[  293107] ch50 r2 T: 3C 4F 32 A3 AE 2E 83 42 DE 51 51 FE FF 5A BF D5 
[  293527] ch50 r2 T: BC 4F 32 A3 AE 2C 03 41 66 4B 51 F7 EA BB DD 2A 
[  293540] ch50 r2 T: BC 4F 32 A3 AE 2C 03 41 66 4B 51 5E EF FF 3F 7E 
[  293554] ch50 r2 T: BC 4F 32 A3 AE 2C 03 41 66 4B 51 DC AD 5E 5B 55 
[  293567] ch50 r2 T: BC 4F 32 A3 AE 2C 03 41 66 4B 51 CE FD F7 5A DF 
[  293580] ch50 r2 T: BC 4F 32 A3 AE 2C 03 41 66 4B 51 5B FE F3 BF EF 
[  293593] ch50 r2 T: BC 4F 32 A3 AE 2C 03 41 66 4B 51 7D 77 AE F6 F3 
[  293606] ch50 r2 T: BC 4F 32 A3 AE 2C 03 41 66 4B 51 EE EF F4 95 DE 
[  293619] ch50 r2 T: BC 4F 32 A3 AE 2C 03 41 66 4B 51 D7 7B 9B BB 9B 
[  293633] ch50 r2 T: BC 4F 32 A3 AE 2C 03 41 66 4B 51 EB E4 24 51 11 
[  293646] ch50 r2 T: BC 4F 32 A3 AE 2C 03 41 66 4B 51 BE BD 16 AF EF 
[  293659] ch50 r2 T: BC 4F 32 A3 AE 2C 03 41 66 4B 51 FF 6F FE D7 F7 
[  293721] ch50 r2 T: 3C 4F 32 A3 AE 2E C3 22 BF 3B 51 6D FF 9F CE AF 
[  293734] ch50 r2 T: 3C 4F 32 A3 AE 2E C3 22 BF 3B 51 77 F5 FB BF DB 
[  293747] ch50 r2 T: 3C 4F 32 A3 AE 2E C3 22 BF 3B 51 7A 7A BD E7 F7 
[  293761] ch50 r2 T: 3C 4F 32 A3 AE 2E C3 22 BF 3B 51 FE D5 FF A5 AD 
[  293774] ch50 r2 T: 3C 4F 32 A3 AE 2E C3 22 BF 3B 51 27 6F D7 FD D7 
[  293787] ch50 r2 T: 3C 4F 32 A3 AE 2E C3 22 BF 3B 51 D5 CD BB 6F F5 
[  293800] ch50 r2 T: 3C 4F 32 A3 AE 2E C3 22 BF 3B 51 6D 5B B7 4B AB 
[  293813] ch50 r2 T: 3C 4F 32 A3 AE 2E C3 22 BF 3B 51 FF 7F D7 7F CB 
[  293826] ch50 r2 T: 3C 4F 32 A3 AE 2E C3 22 BF 3B 51 D7 6C FD 5F EE 
[  293840] ch50 r2 T: 3C 4F 32 A3 AE 2E C3 22 BF 3B 51 5D D6 ED B8 93 
[  293853] ch50 r2 T: 3C 4F 32 A3 AE 2E C3 22 BF 3B 51 CF DF 6F AF 7D 
[  294138] ch50 r2 T: BC 4F 32 A3 AE 2C 43 21 07 21 51 FF 2B FF D7 7F 
[  294152] ch50 r2 T: BC 4F 32 A3 AE 2C 43 21 07 21 51 7D FB F7 DF D5 
[  294165] ch50 r2 T: BC 4F 32 A3 AE 2C 43 21 07 21 51 FC FD FA D5 E9 
[  294178] ch50 r2 T: BC 4F 32 A3 AE 2C 43 21 07 21 51 DD 56 ED F5 B7 
[  294191] ch50 r2 T: BC 4F 32 A3 AE 2C 43 21 07 21 50 FD 9D D7 5E F6 
[  294204] ch50 r2 T: BC 4F 32 A3 AE 2C 43 21 07 21 51 4E BF BA AE DB 
[  294217] ch50 r2 T: BC 4F 32 A3 AE 2C 43 21 07 21 51 F2 FF FF 35 6E 
[  294230] ch50 r2 T: BC 4F 32 A3 AE 2C 43 21 07 21 51 AD DA D5 B9 94 
[  294244] ch50 r2 T: BC 4F 32 A3 AE 2C 43 21 07 21 51 FB F5 7E BF 8D 
[  294257] ch50 r2 T: BC 4F 32 A3 AE 2C 43 21 07 21 51 FD 7F A8 A2 A1 
[  294270] ch50 r2 T: BC 4F 32 A3 AE 2C 43 21 07 21 51 FF EA BF DF 67 
[  294332] ch50 r2 T: 3C 4F 32 A3 AE 2E A3 62 FC D5 51 DA DB DB DD FF 
[  294345] ch50 r2 T: 3C 4F 32 A3 AE 2E A3 62 FC D5 51 5F 76 F5 B6 ED 
[  294358] ch50 r2 T: 3C 4F 32 A3 AE 2E A3 62 FC D5 51 FD 7F DF FE EF 
[  294371] ch50 r2 T: 3C 4F 32 A3 AE 2E A3 62 FC D5 51 FE FF DD EE F7 
[  294384] ch50 r2 T: 3C 4F 32 A3 AE 2E A3 62 FC D5 51 73 6F BD D5 54 
[  294397] ch50 r2 T: 3C 4F 32 A3 AE 2E A3 62 FC D5 51 6F 7B FB EE D9 
[  294410] ch50 r2 T: 3C 4F 32 A3 AE 2E A3 62 FC D5 51 FF D7 FF 7E DD 
[  294424] ch50 r2 T: 3C 4F 32 A3 AE 2E A3 62 FC D5 51 5F 9D EE 7F D5 
[  294437] ch50 r2 T: 3C 4F 32 A3 AE 2E A3 62 FC D5 51 AA DB FE BC F5 
[  294450] ch50 r2 T: 3C 4F 32 A3 AE 2E A3 62 FC D5 51 7F 5F AD DD F7 
[  294463] ch50 r2 T: 3C 4F 32 A3 AE 2E A3 62 FC D5 51 FB FF ED 7F F2 
[  294733] ch50 r2 T: BC 4F 32 A3 AE 2C 23 61 44 CF 51 DD 6F 3B 5A FE 
[  294746] ch50 r2 T: BC 4F 32 A3 AE 2C 23 61 44 CF 51 FB EF 7B CF 37 
[  294759] ch50 r2 T: BC 4F 32 A3 AE 2C 23 61 44 CF 50 9F 6E 37 FD 6D 
[  294772] ch50 r2 T: BC 4F 32 A3 AE 2C 23 61 44 CF 51 FF FF 6F F3 E6 
[  294786] ch50 r2 T: BC 4F 32 A3 AE 2C 23 61 44 CF 51 DF 9E BF EE BD 
[  294799] ch50 r2 T: BC 4F 32 A3 AE 2C 23 61 44 CF 51 6F 7E F7 F3 AC 
[  294812] ch50 r2 T: BC 4F 32 A3 AE 2C 23 61 44 CF 51 A7 AF 6A FF AA 
[  294825] ch50 r2 T: BC 4F 32 A3 AE 2C 23 61 44 CF 51 7F 5B EF FF FE 
[  294838] ch50 r2 T: BC 4F 32 A3 AE 2C 23 61 44 CF 51 DD EB 6E CE A9 
[  294851] ch50 r2 T: BC 4F 32 A3 AE 2C 23 61 44 CF 51 BE B7 B4 BF 72 
[  294865] ch50 r2 T: BC 4F 32 A3 AE 2C 23 61 44 CF 51 DE FB 39 FF DE 
[  294926] ch50 r2 T: 3C 4F 32 A3 AE 2E E3 1A 0E 86 51 6F FE F7 EB 7F 
[  294940] ch50 r2 T: 3C 4F 32 A3 AE 2E E3 1A 0E 86 51 7B BB FD BE DB 
[  294953] ch50 r2 T: 3C 4F 32 A3 AE 2E E3 1A 0E 86 51 FF F6 F7 E9 FD 
[  294966] ch50 r2 T: 3C 4F 32 A3 AE 2E E3 1A 0E 86 51 5E F5 5F 75 F6 
[  294979] ch50 r2 T: 3C 4F 32 A3 AE 2E E3 1A 0E 86 51 FF FE 3D DF 6F 
[  294992] ch50 r2 T: 3C 4F 32 A3 AE 2E E3 1A 0E 86 51 FE EB BD 3D F6 
[  295005] ch50 r2 T: 3C 4F 32 A3 AE 2E E3 1A 0E 86 51 BA FD 77 DE FF 
[  295019] ch50 r2 T: 3C 4F 32 A3 AE 2E E3 1A 0E 86 51 FB DA C7 FD 7D 
[  295032] ch50 r2 T: 3C 4F 32 A3 AE 2E E3 1A 0E 86 51 7F FB 76 FF 75 
[  295045] ch50 r2 T: 3C 4F 32 A3 AE 2E E3 1A 0E 86 50 AA FB D6 AF 3D 
[  295058] ch50 r2 T: 3C 4F 32 A3 AE 2E E3 1A 0E 86 51 5D D7 FB FE CD 
[  311810] ch50 r2 T: BC 4F 32 A3 AE 1C 63 39 57 5B 51 F9 49 23 10 1B 
[  311823] ch50 r2 T: BC 4F 32 A3 AE 1C 63 39 57 5B 51 FF 56 FF 29 BF 
[  311837] ch50 r2 T: BC 4F 32 A3 AE 1C 63 39 57 5B 51 EF 6D AE DA FA 
[  311850] ch50 r2 T: BC 4F 32 A3 AE 1C 63 39 57 5B 51 FF E9 BB EF 65 
[  311863] ch50 r2 T: BC 4F 32 A3 AE 1C 63 39 57 5B 51 7B DF 7E 59 A6 
[  311876] ch50 r2 T: BC 4F 32 A3 AE 1C 63 39 57 5B 51 FE FF 7D FF 5D 
[  311889] ch50 r2 T: BC 4F 32 A3 AE 1C 63 39 57 5B 51 5F D3 FF B5 7D 
[  311902] ch50 r2 T: BC 4F 32 A3 AE 1C 63 39 57 5B 51 EF BD FD FB 5F 
[  311916] ch50 r2 T: BC 4F 32 A3 AE 1C 63 39 57 5B 51 F9 40 A4 0A 14 
[  311929] ch50 r2 T: BC 4F 32 A3 AE 1C 63 39 57 5B 51 FB E5 DF F6 BF 
[  311942] ch50 r2 T: BC 4F 32 A3 AE 1C 63 39 57 5B 51 FF DA 59 55 23 
[  312004] ch50 r2 T: 3C 4F 32 A3 AE 1E 93 7A AF DC 51 BF BF 9F FD FB 
[  312017] ch50 r2 T: 3C 4F 32 A3 AE 1E 93 7A AF DC 51 7D C5 FB D7 F8 
[  312030] ch50 r2 T: 3C 4F 32 A3 AE 1E 93 7A AF DC 51 FD FB D7 BF FF 
[  312043] ch50 r2 T: 3C 4F 32 A3 AE 1E 93 7A AF DC 51 FE BB 7D BF 7E 
[  312057] ch50 r2 T: 3C 4F 32 A3 AE 1E 93 7A AF DC 51 EF E5 B7 B9 F7 
[  312070] ch50 r2 T: 3C 4F 32 A3 AE 1E 93 7A AF DC 51 D7 F4 FB DF DD 
[  312083] ch50 r2 T: 3C 4F 32 A3 AE 1E 93 7A AF DC 51 FF E7 AF AA DB 
[  312096] ch50 r2 T: 3C 4F 32 A3 AE 1E 93 7A AF DC 51 BB F7 FB DC FF 
[  312109] ch50 r2 T: 3C 4F 32 A3 AE 1E 93 7A AF DC 51 BA E4 49 89 AC 
[  312122] ch50 r2 T: 3C 4F 32 A3 AE 1E 93 7A AF DC 51 F7 F7 4F 5F 7F 
[  312135] ch50 r2 T: 3C 4F 32 A3 AE 1E 93 7A AF DC 51 EB B7 B7 F7 6D 
[  312505] ch50 r2 T: BC 4F 32 A3 AE 1C 13 79 17 C6 51 3E F6 BF BF ED 
[  312519] ch50 r2 T: BC 4F 32 A3 AE 1C 13 79 17 C6 51 BE FD F5 41 53 
[  312532] ch50 r2 T: BC 4F 32 A3 AE 1C 13 79 17 C6 51 7E BA 49 25 24 
[  312545] ch50 r2 T: BC 4F 32 A3 AE 1C 13 79 17 C6 51 F7 99 7E FF 7B 
[  312558] ch50 r2 T: BC 4F 32 A3 AE 1C 13 79 17 C6 51 FB EE DF 53 95 
[  312571] ch50 r2 T: BC 4F 32 A3 AE 1C 13 79 17 C6 51 FB 7F FD 75 5A 
[  312584] ch50 r2 T: BC 4F 32 A3 AE 1C 13 79 17 C6 51 6A FF 5E B4 FD 
[  312597] ch50 r2 T: BC 4F 32 A3 AE 1C 13 79 17 C6 51 7B 7F BE B7 EB 
[  312611] ch50 r2 T: BC 4F 32 A3 AE 1C 13 79 17 C6 51 F4 EE C7 75 D4 
[  312624] ch50 r2 T: BC 4F 32 A3 AE 1C 13 79 17 C6 51 B5 DD 25 55 59 
[  312637] ch50 r2 T: BC 4F 32 A3 AE 1C 13 79 17 C6 51 AD 77 BD B5 96 
[  312698] ch50 r2 T: 3C 4F 32 A3 AE 1E D3 0A DC 87 51 7F D5 A5 CE D7 
[  312711] ch50 r2 T: 3C 4F 32 A3 AE 1E D3 0A DC 87 51 B5 BF EB 5B 5A 
[  312724] ch50 r2 T: 3C 4F 32 A3 AE 1E D3 0A DC 87 51 7B F7 CD 7B B3 
[  312737] ch50 r2 T: 3C 4F 32 A3 AE 1E D3 0A DC 87 51 F5 5E BB 58 95 
[  312750] ch50 r2 T: 3C 4F 32 A3 AE 1E D3 0A DC 87 51 7E FA FB 6B 77 
[  312763] ch50 r2 T: 3C 4F 32 A3 AE 1E D3 0A DC 87 51 EF 6D 57 53 BA 
[  312776] ch50 r2 T: 3C 4F 32 A3 AE 1E D3 0A DC 87 51 F6 A6 EE AB EB 
[  312790] ch50 r2 T: 3C 4F 32 A3 AE 1E D3 0A DC 87 51 D7 EB AF AB DB 
[  312803] ch50 r2 T: 3C 4F 32 A3 AE 1E D3 0A DC 87 51 FD 7D EB FE DE 
[  312816] ch50 r2 T: 3C 4F 32 A3 AE 1E D3 0A DC 87 51 FB 2D A7 D5 BB 
[  312829] ch50 r2 T: 3C 4F 32 A3 AE 1E D3 0A DC 87 50 AB 35 F4 F9 35 
[  313103] ch50 r2 T: BC 4F 32 A3 AE 1C 53 09 64 9D 51 65 3F 56 92 97 
[  313116] ch50 r2 T: BC 4F 32 A3 AE 1C 53 09 64 9D 51 7F FF BD D9 F6 
[  313129] ch50 r2 T: BC 4F 32 A3 AE 1C 53 09 64 9D 51 EA FB AA BD F7 
[  313142] ch50 r2 T: BC 4F 32 A3 AE 1C 53 09 64 9D 51 7C 7E BF BF 6F 
[  313155] ch50 r2 T: BC 4F 32 A3 AE 1C 53 09 64 9D 51 B7 FB D7 FD FD 
[  313169] ch50 r2 T: BC 4F 32 A3 AE 1C 53 09 64 9D 51 E7 EA B5 CD 56 
[  313182] ch50 r2 T: BC 4F 32 A3 AE 1C 53 09 64 9D 51 D6 DF 7F EB DE 
[  313195] ch50 r2 T: BC 4F 32 A3 AE 1C 53 09 64 9D 51 B6 95 7F DD 5E 
[  313208] ch50 r2 T: BC 4F 32 A3 AE 1C 53 09 64 9D 51 C7 AA DF ED 6F 
[  313221] ch50 r2 T: BC 4F 32 A3 AE 1C 53 09 64 9D 51 7F EA A2 52 C5 
[  313234] ch50 r2 T: BC 4F 32 A3 AE 1C 53 09 64 9D 51 BF F6 EB F7 DB 
[  313297] ch50 r2 T: 3C 4F 32 A3 AE 1E B3 4A 9F 69 51 75 EF DE A2 8A 
[  313310] ch50 r2 T: 3C 4F 32 A3 AE 1E B3 4A 9F 69 51 79 3F 6A E5 AA 
[  313323] ch50 r2 T: 3C 4F 32 A3 AE 1E B3 4A 9F 69 51 BE FE F5 EB 36 
[  313336] ch50 r2 T: 3C 4F 32 A3 AE 1E B3 4A 9F 69 51 1B 76 AB AA AA 
[  313349] ch50 r2 T: 3C 4F 32 A3 AE 1E B3 4A 9F 69 51 CF FD FB DF 7F 
[  313363] ch50 r2 T: 3C 4F 32 A3 AE 1E B3 4A 9F 69 51 DF F7 AA FF B7 
[  313376] ch50 r2 T: 3C 4F 32 A3 AE 1E B3 4A 9F 69 51 BD AE AE 62 D7 
[  313389] ch50 r2 T: 3C 4F 32 A3 AE 1E B3 4A 9F 69 51 FF 96 F7 6F D6 
[  313402] ch50 r2 T: 3C 4F 32 A3 AE 1E B3 4A 9F 69 51 EF 77 DF 5D FA 
[  313415] ch50 r2 T: 3C 4F 32 A3 AE 1E B3 4A 9F 69 51 DD AB EA BA A9 
[  313428] ch50 r2 T: 3C 4F 32 A3 AE 1E B3 4A 9F 69 51 DF F3 AF FF 3E 
[  313668] ch50 r2 T: BC 4F 32 A3 AE 1C 33 49 27 73 51 FB 75 5D EF 7E 
[  313681] ch50 r2 T: BC 4F 32 A3 AE 1C 33 49 27 73 51 BF FC FD FF 53 
[  313695] ch50 r2 T: BC 4F 32 A3 AE 1C 33 49 27 73 51 F5 FF FE BF F5 
[  313708] ch50 r2 T: BC 4F 32 A3 AE 1C 33 49 27 73 51 FA F6 B7 7E AB 
[  313721] ch50 r2 T: BC 4F 32 A3 AE 1C 33 49 27 73 51 3D AB AF FF 7A 
[  313734] ch50 r2 T: BC 4F 32 A3 AE 1C 33 49 27 73 51 FB 6E FB E6 5D 
[  313747] ch50 r2 T: BC 4F 32 A3 AE 1C 33 49 27 73 51 B5 F2 D7 FA FB 
[  313760] ch50 r2 T: BC 4F 32 A3 AE 1C 33 49 27 73 51 E7 FF 57 B4 75 
[  313773] ch50 r2 T: BC 4F 32 A3 AE 1C 33 49 27 73 51 D7 EE D5 B4 ED 
[  313787] ch50 r2 T: BC 4F 32 A3 AE 1C 33 49 27 73 51 DF 7F 69 FD 7A 
[  313800] ch50 r2 T: BC 4F 32 A3 AE 1C 33 49 27 73 51 55 6D 6E AB 29 
[  313861] ch50 r2 T: 3C 4F 32 A3 AE 1E F3 2A FE 03 51 AF FA B6 D4 AF 
[  313874] ch50 r2 T: 3C 4F 32 A3 AE 1E F3 2A FE 03 51 F7 B6 59 59 14 
[  313888] ch50 r2 T: 3C 4F 32 A3 AE 1E F3 2A FE 03 51 7D 3F DE 5A DF 
[  313901] ch50 r2 T: 3C 4F 32 A3 AE 1E F3 2A FE 03 51 7F F3 FF BB 5B 
[  313914] ch50 r2 T: 3C 4F 32 A3 AE 1E F3 2A FE 03 51 6F EF FE DF D5 
[  313927] ch50 r2 T: 3C 4F 32 A3 AE 1E F3 2A FE 03 51 BF 77 6F 6A F7 
[  313940] ch50 r2 T: 3C 4F 32 A3 AE 1E F3 2A FE 03 51 F7 F7 FF 6C CD 
[  313953] ch50 r2 T: 3C 4F 32 A3 AE 1E F3 2A FE 03 51 F7 7E BD 5A F7 
[  313966] ch50 r2 T: 3C 4F 32 A3 AE 1E F3 2A FE 03 51 FF 75 7D F7 B7 
[  313980] ch50 r2 T: 3C 4F 32 A3 AE 1E F3 2A FE 03 51 B6 D7 BB 55 F5 
[  313993] ch50 r2 T: 3C 4F 32 A3 AE 1E F3 2A FE 03 51 7F 5E DD 77 BF 
[  314276] ch50 r2 T: BC 4F 32 A3 AE 1C 73 29 46 19 51 FE 7B DF DE FB 
[  314289] ch50 r2 T: BC 4F 32 A3 AE 1C 73 29 46 19 51 6F EF ED DF 5B 
[  314302] ch50 r2 T: BC 4F 32 A3 AE 1C 73 29 46 19 51 FF B7 FA 2F 3F 
[  314316] ch50 r2 T: BC 4F 32 A3 AE 1C 73 29 46 19 51 DE DD D6 E5 AE 
[  314329] ch50 r2 T: BC 4F 32 A3 AE 1C 73 29 46 19 51 FF FB EB DC CF 
[  314342] ch50 r2 T: BC 4F 32 A3 AE 1C 73 29 46 19 51 75 4D 54 6A F6 
[  314355] ch50 r2 T: BC 4F 32 A3 AE 1C 73 29 46 19 51 EA DB 55 F6 FB 
[  314368] ch50 r2 T: BC 4F 32 A3 AE 1C 73 29 46 19 51 EB FF AA 5F 5F 
[  314381] ch50 r2 T: BC 4F 32 A3 AE 1C 73 29 46 19 51 7F EA AE 2A 5B 
[  314395] ch50 r2 T: BC 4F 32 A3 AE 1C 73 29 46 19 51 FF BE EB DA F6 
[  314408] ch50 r2 T: BC 4F 32 A3 AE 1C 73 29 46 19 51 7A DF 7A FF EA 
[  314470] ch50 r2 T: 3C 4F 32 A3 AE 1E 8F 6A FB F3 51 ED 5A A2 2B 13 
[  314483] ch50 r2 T: 3C 4F 32 A3 AE 1E 8F 6A FB F3 51 4B FB 6F 6D 7F 
[  314497] ch50 r2 T: 3C 4F 32 A3 AE 1E 8F 6A FB F3 51 FF 5B BD FF FD 
[  314510] ch50 r2 T: 3C 4F 32 A3 AE 1E 8F 6A FB F3 51 FF FB BA 2D FB 
[  314523] ch50 r2 T: 3C 4F 32 A3 AE 1E 8F 6A FB F3 51 BF 3B 77 FF B5 
[  314536] ch50 r2 T: 3C 4F 32 A3 AE 1E 8F 6A FB F3 51 8E FE 7A F9 EF 
[  314549] ch50 r2 T: 3C 4F 32 A3 AE 1E 8F 6A FB F3 51 7B F7 F9 5D FB 
[  314562] ch50 r2 T: 3C 4F 32 A3 AE 1E 8F 6A FB F3 51 D7 CD E5 AA A9 
[  314576] ch50 r2 T: 3C 4F 32 A3 AE 1E 8F 6A FB F3 51 6D EF EB 3E BF 
[  314589] ch50 r2 T: 3C 4F 32 A3 AE 1E 8F 6A FB F3 51 79 B6 BA DB 57 
[  314602] ch50 r2 T: 3C 4F 32 A3 AE 1E 8F 6A FB F3 51 6F 55 AE A5 00 
[  319882] ch50 r2 T: BC 4F 32 A3 AE 84 0F B5 98 80 51 F6 FA AB 6D CF 
[  319895] ch50 r2 T: BC 4F 32 A3 AE 84 0F B5 98 80 51 DF EF FA FB F3 
[  319908] ch50 r2 T: BC 4F 32 A3 AE 84 0F B5 98 80 51 F7 DA FB 9A EF 
[  319921] ch50 r2 T: BC 4F 32 A3 AE 84 0F B5 98 80 51 FE DE DF AD EF 
[  319934] ch50 r2 T: BC 4F 32 A3 AE 84 0F B5 98 80 51 5D 54 95 65 96 
[  319947] ch50 r2 T: BC 4F 32 A3 AE 84 0F B5 98 80 51 4E ED EE FF DE 
[  319961] ch50 r2 T: BC 4F 32 A3 AE 84 0F B5 98 80 51 FD ED 57 1F F6 
[  319974] ch50 r2 T: BC 4F 32 A3 AE 84 0F B5 98 80 51 77 FE E6 AE F6 
[  319987] ch50 r2 T: BC 4F 32 A3 AE 84 0F B5 98 80 51 FF 7E D6 B7 4F 
[  320000] ch50 r2 T: BC 4F 32 A3 AE 84 0F B5 98 80 51 6E E6 AE FD BF 
[  320013] ch50 r2 T: BC 4F 32 A3 AE 84 0F B5 98 80 51 E5 D7 EF DD 6D 
[  320074] ch50 r2 T: 3C 4F 32 A3 AE 86 CF F6 65 92 51 EE B2 90 94 A2 
[  320087] ch50 r2 T: 3C 4F 32 A3 AE 86 CF F6 65 92 51 6F B5 EA 77 EF 
[  320100] ch50 r2 T: 3C 4F 32 A3 AE 86 CF F6 65 92 51 7E DF E5 EA 5D 
[  320113] ch50 r2 T: 3C 4F 32 A3 AE 86 CF F6 65 92 51 79 77 D6 DF FF 
[  320126] ch50 r2 T: 3C 4F 32 A3 AE 86 CF F6 65 92 51 D7 5D DD D7 BF 
[  320139] ch50 r2 T: 3C 4F 32 A3 AE 86 CF F6 65 92 51 AD AF D3 D5 3A 
[  320152] ch50 r2 T: 3C 4F 32 A3 AE 86 CF F6 65 92 51 CF FA D7 A9 5F 
[  320166] ch50 r2 T: 3C 4F 32 A3 AE 86 CF F6 65 92 51 EB B9 AF D6 B6 
[  320179] ch50 r2 T: 3C 4F 32 A3 AE 86 CF F6 65 92 51 FE D3 BF FF B5 
[  320192] ch50 r2 T: 3C 4F 32 A3 AE 86 CF F6 65 92 51 5E DF 2F 4B 56 
[  320205] ch50 r2 T: 3C 4F 32 A3 AE 86 CF F6 65 92 51 FF BF AA A9 27 
[  320506] ch50 r2 T: BC 4F 32 A3 AE 84 4F F5 DD 88 51 7D DF AE FB 6E 
[  320519] ch50 r2 T: BC 4F 32 A3 AE 84 4F F5 DD 88 51 FE 5D FB D5 5F 
[  320532] ch50 r2 T: BC 4F 32 A3 AE 84 4F F5 DD 88 51 D7 5E FD 2B ED 
[  320545] ch50 r2 T: BC 4F 32 A3 AE 84 4F F5 DD 88 51 DB A6 EA 5F FD 
[  320559] ch50 r2 T: BC 4F 32 A3 AE 84 4F F5 DD 88 51 9E F5 95 7A DF 
[  320572] ch50 r2 T: BC 4F 32 A3 AE 84 4F F5 DD 88 51 DF AB BB DF C5 
[  320585] ch50 r2 T: BC 4F 32 A3 AE 84 4F F5 DD 88 51 DD F5 AE FE A5 
[  320598] ch50 r2 T: BC 4F 32 A3 AE 84 4F F5 DD 88 51 AD FE AE AF 5B 
[  320611] ch50 r2 T: BC 4F 32 A3 AE 84 4F F5 DD 88 51 D5 EE DD 6A AD 
[  320624] ch50 r2 T: BC 4F 32 A3 AE 84 4F F5 DD 88 51 DE FE F5 DB BD 
[  320637] ch50 r2 T: BC 4F 32 A3 AE 84 4F F5 DD 88 51 6F BB FF 5D B2 
[  320697] ch50 r2 T: 3C 4F 32 A3 AE 86 AF 86 10 2F 51 6D FF 52 9A 0E 
[  320710] ch50 r2 T: 3C 4F 32 A3 AE 86 AF 86 10 2F 51 DF 85 5D DE B7 
[  320723] ch50 r2 T: 3C 4F 32 A3 AE 86 AF 86 10 2F 51 76 F5 6B 7F EF 
[  320737] ch50 r2 T: 3C 4F 32 A3 AE 86 AF 86 10 2F 51 FC AA A5 74 EA 
[  320750] ch50 r2 T: 3C 4F 32 A3 AE 86 AF 86 10 2F 51 F7 F7 3F 6D 5E 
[  320763] ch50 r2 T: 3C 4F 32 A3 AE 86 AF 86 10 2F 51 7A B7 EE F6 BA 
[  320776] ch50 r2 T: 3C 4F 32 A3 AE 86 AF 86 10 2F 51 DC DD 57 DB 6B 
[  320789] ch50 r2 T: 3C 4F 32 A3 AE 86 AF 86 10 2F 51 AF 6E B9 FE CF 
[  320802] ch50 r2 T: 3C 4F 32 A3 AE 86 AF 86 10 2F 51 FD BE 6F 5F 2B 
[  320815] ch50 r2 T: 3C 4F 32 A3 AE 86 AF 86 10 2F 51 57 D4 0D 52 59 
[  320829] ch50 r2 T: 3C 4F 32 A3 AE 86 AF 86 10 2F 51 5A DF 77 B9 6F 
[  321166] ch50 r2 T: BC 4F 32 A3 AE 84 2F 85 A8 35 51 FF EA FF FF EC 
[  321179] ch50 r2 T: BC 4F 32 A3 AE 84 2F 85 A8 35 51 FB BB EF 3B CD 
[  321192] ch50 r2 T: BC 4F 32 A3 AE 84 2F 85 A8 35 51 77 FF FE BD DF 
[  321205] ch50 r2 T: BC 4F 32 A3 AE 84 2F 85 A8 35 51 FE 6E BF EF FE 
[  321218] ch50 r2 T: BC 4F 32 A3 AE 84 2F 85 A8 35 51 FF FE BB 7F 7D 
[  321231] ch50 r2 T: BC 4F 32 A3 AE 84 2F 85 A8 35 51 7F 7F EF DF B7 
[  321245] ch50 r2 T: BC 4F 32 A3 AE 84 2F 85 A8 35 51 FF 77 8B F7 AB 
[  321258] ch50 r2 T: BC 4F 32 A3 AE 84 2F 85 A8 35 51 F7 5D 5F FB 2E 
[  321271] ch50 r2 T: BC 4F 32 A3 AE 84 2F 85 A8 35 51 57 AD FF AF F6 
[  321284] ch50 r2 T: BC 4F 32 A3 AE 84 2F 85 A8 35 51 7B F3 FF DF 7C 
[  321297] ch50 r2 T: BC 4F 32 A3 AE 84 2F 85 A8 35 51 FB 5D F6 A8 5D 
[  321357] ch50 r2 T: 3C 4F 32 A3 AE 86 EF C6 55 27 51 F6 DB E5 52 D5 
[  321371] ch50 r2 T: 3C 4F 32 A3 AE 86 EF C6 55 27 51 F7 DD 7F BD 4B 
[  321384] ch50 r2 T: 3C 4F 32 A3 AE 86 EF C6 55 27 51 F7 FF D7 BB D7 
[  321397] ch50 r2 T: 3C 4F 32 A3 AE 86 EF C6 55 27 51 FF BF ED D7 4A 
[  321410] ch50 r2 T: 3C 4F 32 A3 AE 86 EF C6 55 27 51 F2 FB B6 FD 2F 
[  321423] ch50 r2 T: 3C 4F 32 A3 AE 86 EF C6 55 27 51 DA B6 AA EA 55 
[  321436] ch50 r2 T: 3C 4F 32 A3 AE 86 EF C6 55 27 51 7B DB D7 DE BF 
[  321450] ch50 r2 T: 3C 4F 32 A3 AE 86 EF C6 55 27 51 FB BD 6F 5D FD 
[  321463] ch50 r2 T: 3C 4F 32 A3 AE 86 EF C6 55 27 FF DC DB 1F 4E C8 
[  321476] ch50 r2 T: 3C 4F 32 A3 AE 86 EF C6 55 27 51 DE FF FD 7D DB 
[  321489] ch50 r2 T: 3C 4F 32 A3 AE 86 EF C6 55 27 51 BF 7D 4D D5 24 
[  321773] ch50 r2 T: BC 4F 32 A3 AE 84 6F C5 ED 3D 51 5F CF FF F7 79 
[  321786] ch50 r2 T: BC 4F 32 A3 AE 84 6F C5 ED 3D 51 FF B5 DE DD D7 
[  321799] ch50 r2 T: BC 4F 32 A3 AE 84 6F C5 ED 3D 51 EC 55 52 BD BA 
[  321813] ch50 r2 T: BC 4F 32 A3 AE 84 6F C5 ED 3D 51 5F BE 76 DC 5F 
[  321826] ch50 r2 T: BC 4F 32 A3 AE 84 6F C5 ED 3D 51 BE BB CE 9C FF 
[  321839] ch50 r2 T: BC 4F 32 A3 AE 84 6F C5 ED 3D 51 7F 74 5D C4 BC 
[  321852] ch50 r2 T: BC 4F 32 A3 AE 84 6F C5 ED 3D 51 65 52 4B 6E DA 
[  321865] ch50 r2 T: BC 4F 32 A3 AE 84 6F C5 ED 3D 50 B6 B5 2E DF FF 
[  321878] ch50 r2 T: BC 4F 32 A3 AE 84 6F C5 ED 3D 51 EE FA BA B6 6D 
[  321891] ch50 r2 T: BC 4F 32 A3 AE 84 6F C5 ED 3D 51 F7 AE 6B A5 56 
[  321905] ch50 r2 T: BC 4F 32 A3 AE 84 6F C5 ED 3D 51 F3 B5 CF C1 6A 
[  321965] ch50 r2 T: 3C 4F 32 A3 AE 86 9F A6 31 D8 51 FF 7A BF EA 91 
[  321978] ch50 r2 T: 3C 4F 32 A3 AE 86 9F A6 31 D8 51 5D 5F BF E5 FF 
[  321991] ch50 r2 T: 3C 4F 32 A3 AE 86 9F A6 31 D8 51 2B BB FF B9 EE 
[  322005] ch50 r2 T: 3C 4F 32 A3 AE 86 9F A6 31 D8 51 75 7E 77 EF BA 
[  322018] ch50 r2 T: 3C 4F 32 A3 AE 86 9F A6 31 D8 51 FD 79 68 00 00 
[  322031] ch50 r2 T: 3C 4F 32 A3 AE 86 9F A6 31 D8 51 FD BB BD 5D 7E 
[  322044] ch50 r2 T: 3C 4F 32 A3 AE 86 9F A6 31 D8 51 75 BB 5C B9 FF 
[  322057] ch50 r2 T: 3C 4F 32 A3 AE 86 9F A6 31 D8 51 73 BD F7 57 CD 
[  322070] ch50 r2 T: 3C 4F 32 A3 AE 86 9F A6 31 D8 51 BF DB EF 5A AD 
[  322084] ch50 r2 T: 3C 4F 32 A3 AE 86 9F A6 31 D8 51 FF 7B DD F3 FF 
[  322097] ch50 r2 T: 3C 4F 32 A3 AE 86 9F A6 31 D8 51 3B FB BD 52 FF 
[  322414] ch50 r2 T: BC 4F 32 A3 AE 84 1F A5 89 C2 51 FD BF 6B EE 3F 
[  322427] ch50 r2 T: BC 4F 32 A3 AE 84 1F A5 89 C2 51 FB AD BB D5 EB 
[  322441] ch50 r2 T: BC 4F 32 A3 AE 84 1F A5 89 C2 51 DF 5D FB 5B 92 
[  322454] ch50 r2 T: BC 4F 32 A3 AE 84 1F A5 89 C2 51 FE 4F FD BD ED 
[  322467] ch50 r2 T: BC 4F 32 A3 AE 84 1F A5 89 C2 51 55 28 81 15 4B 
[  322480] ch50 r2 T: BC 4F 32 A3 AE 84 1F A5 89 C2 51 DA FE AF 7F FE 
[  322493] ch50 r2 T: BC 4F 32 A3 AE 84 1F A5 89 C2 51 ED FF BF FE FF 
[  322506] ch50 r2 T: BC 4F 32 A3 AE 84 1F A5 89 C2 51 4A F6 FF 9F 5B 
[  322520] ch50 r2 T: BC 4F 32 A3 AE 84 1F A5 89 C2 51 7A FF 74 FB BF 
[  322533] ch50 r2 T: BC 4F 32 A3 AE 84 1F A5 89 C2 51 EA ED 7B 6D FD 
[  322546] ch50 r2 T: BC 4F 32 A3 AE 84 1F A5 89 C2 51 57 FF AD AF F5 
[  322606] ch50 r2 T: 3C 4F 32 A3 AE 86 DF E6 74 D0 51 FB FB 57 AA FF 
[  322619] ch50 r2 T: 3C 4F 32 A3 AE 86 DF E6 74 D0 51 B7 FF DB 7D DF 
[  322632] ch50 r2 T: 3C 4F 32 A3 AE 86 DF E6 74 D0 51 FE 6D 3F FD ED 
[  322645] ch50 r2 T: 3C 4F 32 A3 AE 86 DF E6 74 D0 51 F5 DA 85 40 00 
[  322658] ch50 r2 T: 3C 4F 32 A3 AE 86 DF E6 74 D0 51 EF D7 7D 77 BF 
[  322672] ch50 r2 T: 3C 4F 32 A3 AE 86 DF E6 74 D0 51 A9 67 F7 F7 BF 
[  322685] ch50 r2 T: 3C 4F 32 A3 AE 86 DF E6 74 D0 51 6F FB EF E5 7F 
[  322698] ch50 r2 T: 3C 4F 32 A3 AE 86 DF E6 74 D0 51 4E A8 AF BF FB 
[  322711] ch50 r2 T: 3C 4F 32 A3 AE 86 DF E6 74 D0 51 DE FF B7 B9 FF 
[  322724] ch50 r2 T: 3C 4F 32 A3 AE 86 DF E6 74 D0 51 FD F7 B6 FF EB 
[  322737] ch50 r2 T: 3C 4F 32 A3 AE 86 DF E6 74 D0 51 DF F5 ED 77 DF 
[  326190] ch50 r2 T: BC 4F 32 A3 AE 04 5F 1D 99 87 51 F7 EE DD EF FF 
[  326203] ch50 r2 T: BC 4F 32 A3 AE 04 5F 1D 99 87 51 EE 7F B6 FA DF 
[  326216] ch50 r2 T: BC 4F 32 A3 AE 04 5F 1D 99 87 51 BF FD 6F 7F DA 
[  326229] ch50 r2 T: BC 4F 32 A3 AE 04 5F 1D 99 87 51 F7 5B EF AF 55 
[  326242] ch50 r2 T: BC 4F 32 A3 AE 04 5F 1D 99 87 51 BD F7 54 A5 E7 
[  326255] ch50 r2 T: BC 4F 32 A3 AE 04 5F 1D 99 87 51 AF EA F6 F3 6F 
[  326268] ch50 r2 T: BC 4F 32 A3 AE 04 5F 1D 99 87 51 FE FF BF 72 BF 
[  326282] ch50 r2 T: BC 4F 32 A3 AE 04 5F 1D 99 87 51 FF CD FB 77 FF 
[  326295] ch50 r2 T: BC 4F 32 A3 AE 04 5F 1D 99 87 51 FF FF D7 6A BB 
[  326308] ch50 r2 T: BC 4F 32 A3 AE 04 5F 1D 99 87 51 DD DF 5F 7B 76 
[  326321] ch50 r2 T: BC 4F 32 A3 AE 04 5F 1D 99 87 51 FD F5 5B CB ED 
[  326381] ch50 r2 T: 3C 4F 32 A3 AE 06 BF 5E 62 73 51 7A DF D5 FD 7F 
[  326394] ch50 r2 T: 3C 4F 32 A3 AE 06 BF 5E 62 73 51 7F DF FD AA D7 
[  326407] ch50 r2 T: 3C 4F 32 A3 AE 06 BF 5E 62 73 51 EE FB EF 53 76 
[  326421] ch50 r2 T: 3C 4F 32 A3 AE 06 BF 5E 62 73 51 FB 55 FD C9 AC 
[  326434] ch50 r2 T: 3C 4F 32 A3 AE 06 BF 5E 62 73 51 BA FF FD 6E FF 
[  326447] ch50 r2 T: 3C 4F 32 A3 AE 06 BF 5E 62 73 51 5B FF BF FD BB 
[  326460] ch50 r2 T: 3C 4F 32 A3 AE 06 BF 5E 62 73 50 AE DF F7 6F FB 
[  326473] ch50 r2 T: 3C 4F 32 A3 AE 06 BF 5E 62 73 51 FD EA D6 B9 F7 
[  326486] ch50 r2 T: 3C 4F 32 A3 AE 06 BF 5E 62 73 51 2E F6 FF 7B 7F 
[  326499] ch50 r2 T: 3C 4F 32 A3 AE 06 BF 5E 62 73 51 FF 5F BF EB FF 
[  326513] ch50 r2 T: 3C 4F 32 A3 AE 06 BF 5E 62 73 51 FB EC D7 FD FE 
[  326832] ch50 r2 T: BC 4F 32 A3 AE 04 3F 5D DA 69 51 F5 AD FE 97 FD 
[  326845] ch50 r2 T: BC 4F 32 A3 AE 04 3F 5D DA 69 51 5D FF FD F6 BF 
[  326858] ch50 r2 T: BC 4F 32 A3 AE 04 3F 5D DA 69 51 6B 6B 9F D5 FD 
[  326871] ch50 r2 T: BC 4F 32 A3 AE 04 3F 5D DA 69 51 EF BA DE ED FE 
[  326884] ch50 r2 T: BC 4F 32 A3 AE 04 3F 5D DA 69 51 77 CE EF FC EB 
[  326898] ch50 r2 T: BC 4F 32 A3 AE 04 3F 5D DA 69 51 DD 75 EA 6A EE 
[  326911] ch50 r2 T: BC 4F 32 A3 AE 04 3F 5D DA 69 51 7E B5 55 4A 25 
[  326924] ch50 r2 T: BC 4F 32 A3 AE 04 3F 5D DA 69 51 FB D5 7F ED FF 
[  326937] ch50 r2 T: BC 4F 32 A3 AE 04 3F 5D DA 69 51 FB 7D 6E DF 5F 
[  326950] ch50 r2 T: BC 4F 32 A3 AE 04 3F 5D DA 69 51 DE B3 EF EB 6D 
[  326963] ch50 r2 T: BC 4F 32 A3 AE 04 3F 5D DA 69 51 BE 35 75 AF FF 
[  327024] ch50 r2 T: 3C 4F 32 A3 AE 06 FF 3E 03 19 51 35 57 3A E5 FB 
[  327037] ch50 r2 T: 3C 4F 32 A3 AE 06 FF 3E 03 19 51 FF F7 CA EF BF 
[  327050] ch50 r2 T: 3C 4F 32 A3 AE 06 FF 3E 03 19 51 B6 FE EA DB 7F 
[  327063] ch50 r2 T: 3C 4F 32 A3 AE 06 FF 3E 03 19 51 DF FE FF 7C B6 
[  327077] ch50 r2 T: 3C 4F 32 A3 AE 06 FF 3E 03 19 51 F6 BD FD FF 57 
[  327090] ch50 r2 T: 3C 4F 32 A3 AE 06 FF 3E 03 19 51 BF 5F 6F 05 6D 
[  327103] ch50 r2 T: 3C 4F 32 A3 AE 06 FF 3E 03 19 51 FF 9F 7E F5 7F 
[  327116] ch50 r2 T: 3C 4F 32 A3 AE 06 FF 3E 03 19 51 FF 77 D6 FF B5 
[  327129] ch50 r2 T: 3C 4F 32 A3 AE 06 FF 3E 03 19 51 6F A5 FB DD FF 
[  327142] ch50 r2 T: 3C 4F 32 A3 AE 06 FF 3E 03 19 51 56 E9 E9 4D 7E 
[  327156] ch50 r2 T: 3C 4F 32 A3 AE 06 FF 3E 03 19 51 EF FF FF FF FB 
[  327474] ch50 r2 T: BC 4F 32 A3 AE 04 7F 3D BB 03 51 A6 BA BA A5 AA 
[  327487] ch50 r2 T: BC 4F 32 A3 AE 04 7F 3D BB 03 51 B7 7D B7 F7 3B 
[  327500] ch50 r2 T: BC 4F 32 A3 AE 04 7F 3D BB 03 51 D6 BF FB B7 FE 
[  327513] ch50 r2 T: BC 4F 32 A3 AE 04 7F 3D BB 03 51 6F FF 37 FD B6 
[  327527] ch50 r2 T: BC 4F 32 A3 AE 04 7F 3D BB 03 51 F7 F7 7F BC EF 
[  327540] ch50 r2 T: BC 4F 32 A3 AE 04 7F 3D BB 03 51 FD AF EB 3F A7 
[  327553] ch50 r2 T: BC 4F 32 A3 AE 04 7F 3D BB 03 51 77 FB 7F 34 FB 
[  327566] ch50 r2 T: BC 4F 32 A3 AE 04 7F 3D BB 03 51 FF 75 DB 5D DB 
[  327579] ch50 r2 T: BC 4F 32 A3 AE 04 7F 3D BB 03 51 57 DB BB F7 FF 
[  327592] ch50 r2 T: BC 4F 32 A3 AE 04 7F 3D BB 03 51 50 FE AE F5 EF 
[  327606] ch50 r2 T: BC 4F 32 A3 AE 04 7F 3D BB 03 51 56 F6 FD 9D BF 
[  327666] ch50 r2 T: 3C 4F 32 A3 AE 06 87 7E CA 2D 51 5F 5B FE FF 7B 
[  327679] ch50 r2 T: 3C 4F 32 A3 AE 06 87 7E CA 2D 51 FD 55 15 02 AF 
[  327692] ch50 r2 T: 3C 4F 32 A3 AE 06 87 7E CA 2D 51 FA 7F 6E EE FB 
[  327705] ch50 r2 T: 3C 4F 32 A3 AE 06 87 7E CA 2D 51 ED CE E5 EA B4 
[  327718] ch50 r2 T: 3C 4F 32 A3 AE 06 87 7E CA 2D 51 6F FF FF FF FF 
[  327732] ch50 r2 T: 3C 4F 32 A3 AE 06 87 7E CA 2D 51 BF FA FF 7B 3D 
[  327745] ch50 r2 T: 3C 4F 32 A3 AE 06 87 7E CA 2D 51 55 FB 5D 7E AD 
[  327758] ch50 r2 T: 3C 4F 32 A3 AE 06 87 7E CA 2D 51 DF E9 FD BA CA 
[  327771] ch50 r2 T: 3C 4F 32 A3 AE 06 87 7E CA 2D 51 7D 57 E5 6D 5D 
[  327784] ch50 r2 T: 3C 4F 32 A3 AE 06 87 7E CA 2D 51 FC F7 EF BE 5D 
[  327797] ch50 r2 T: 3C 4F 32 A3 AE 06 87 7E CA 2D 51 37 6F AE 97 BF 
[  328150] ch50 r2 T: BC 4F 32 A3 AE 04 07 7D 72 37 51 FF 65 F7 74 ED 
[  328164] ch50 r2 T: BC 4F 32 A3 AE 04 07 7D 72 37 51 6D DF EE FF EE 
[  328177] ch50 r2 T: BC 4F 32 A3 AE 04 07 7D 72 37 51 FF 7D DF BA 7B 
[  328190] ch50 r2 T: BC 4F 32 A3 AE 04 07 7D 72 37 50 BD FE 97 E6 69 
[  328203] ch50 r2 T: BC 4F 32 A3 AE 04 07 7D 72 37 51 ED 6D D5 6F 6E 
[  328216] ch50 r2 T: BC 4F 32 A3 AE 04 07 7D 72 37 51 EF DE FA BE CC 
[  328229] ch50 r2 T: BC 4F 32 A3 AE 04 07 7D 72 37 51 3F 6F 7A 5D 7F 
[  328242] ch50 r2 T: BC 4F 32 A3 AE 04 07 7D 72 37 51 7B 56 EB 75 3F 
[  328256] ch50 r2 T: BC 4F 32 A3 AE 04 07 7D 72 37 51 6D D5 5F FE F2 
[  328269] ch50 r2 T: BC 4F 32 A3 AE 04 07 7D 72 37 51 57 DE 9E D4 DA 
[  328282] ch50 r2 T: BC 4F 32 A3 AE 04 07 7D 72 37 51 6B D7 EE F4 A9 
[  328342] ch50 r2 T: 3C 4F 32 A3 AE 06 C7 0E B9 76 51 9E E7 DC A5 EF 
[  328355] ch50 r2 T: 3C 4F 32 A3 AE 06 C7 0E B9 76 51 F5 FA B9 DB FE 
[  328368] ch50 r2 T: 3C 4F 32 A3 AE 06 C7 0E B9 76 51 57 DF 7B 7F FD 
[  328382] ch50 r2 T: 3C 4F 32 A3 AE 06 C7 0E B9 76 51 EB B5 66 CB 25 
[  328395] ch50 r2 T: 3C 4F 32 A3 AE 06 C7 0E B9 76 51 B3 D5 5A DA CB 
[  328408] ch50 r2 T: 3C 4F 32 A3 AE 06 C7 0E B9 76 51 5E FE EA A7 36 
[  328421] ch50 r2 T: 3C 4F 32 A3 AE 06 C7 0E B9 76 51 EB 5F 4F 7B B7 
[  328434] ch50 r2 T: 3C 4F 32 A3 AE 06 C7 0E B9 76 51 FA D8 9B 6E BF 
[  328447] ch50 r2 T: 3C 4F 32 A3 AE 06 C7 0E B9 76 51 FD FE 7D FF FF 
[  328460] ch50 r2 T: 3C 4F 32 A3 AE 06 C7 0E B9 76 51 BD AD 5F D5 EE 
[  328474] ch50 r2 T: 3C 4F 32 A3 AE 06 C7 0E B9 76 51 5B AC BF FA F5 
[  328809] ch50 r2 T: BC 4F 32 A3 AE 04 47 0D 01 6C 51 AA 56 DD F7 DF 
[  328822] ch50 r2 T: BC 4F 32 A3 AE 04 47 0D 01 6C 51 FD 6F 55 F2 D7 
[  328835] ch50 r2 T: BC 4F 32 A3 AE 04 47 0D 01 6C 51 AF 5A D9 DF 5E 
[  328849] ch50 r2 T: BC 4F 32 A3 AE 04 47 0D 01 6C 51 D5 6D FF 5B DF 
[  328862] ch50 r2 T: BC 4F 32 A3 AE 04 47 0D 01 6C 51 CF 5D FD FD 7E 
[  328875] ch50 r2 T: BC 4F 32 A3 AE 04 47 0D 01 6C 51 5F 7D B6 D6 2A 
[  328888] ch50 r2 T: BC 4F 32 A3 AE 04 47 0D 01 6C 51 F8 9D 7B D7 5D 
[  328901] ch50 r2 T: BC 4F 32 A3 AE 04 47 0D 01 6C 51 77 FF 5F F7 FF 
[  328914] ch50 r2 T: BC 4F 32 A3 AE 04 47 0D 01 6C 51 D5 6B 5A 8A FD 
[  328927] ch50 r2 T: BC 4F 32 A3 AE 04 47 0D 01 6C 51 DA FF FB DC DF 
[  328941] ch50 r2 T: BC 4F 32 A3 AE 04 47 0D 01 6C 51 FF DD B1 BF CD 
[  329001] ch50 r2 T: 3C 4F 32 A3 AE 06 A7 4E FA 98 51 5F DF F9 B7 F7 
[  329014] ch50 r2 T: 3C 4F 32 A3 AE 06 A7 4E FA 98 51 2A FE DF AF AF 
[  329027] ch50 r2 T: 3C 4F 32 A3 AE 06 A7 4E FA 98 51 EF DD FF FF BB 
[  329040] ch50 r2 T: 3C 4F 32 A3 AE 06 A7 4E FA 98 51 EA FA 6A A0 FB 
[  329053] ch50 r2 T: 3C 4F 32 A3 AE 06 A7 4E FA 98 51 FD ED B7 F7 FD 
[  329066] ch50 r2 T: 3C 4F 32 A3 AE 06 A7 4E FA 98 51 6D 5E D3 72 7F 
[  329080] ch50 r2 T: 3C 4F 32 A3 AE 06 A7 4E FA 98 51 DE BF B7 EF 6F 
[  329093] ch50 r2 T: 3C 4F 32 A3 AE 06 A7 4E FA 98 51 6F FD AA B4 AB 
[  329106] ch50 r2 T: 3C 4F 32 A3 AE 06 A7 4E FA 98 51 FF BC BF F5 7F 
[  329119] ch50 r2 T: 3C 4F 32 A3 AE 06 A7 4E FA 98 51 BE BD 5B 5F F6 
[  329132] ch50 r2 T: 3C 4F 32 A3 AE 06 A7 4E FA 98 51 F7 AD FF E9 FE 
