
Команды: b (фон), s (скан с нажатиями), c N (канал), r N (0=1M,1=2M,2=250k),
a N (адрес 0..3), f (фильтр), x (XN297 декод вкл/выкл), p (сниффинг старт/стоп), # метка, ? справка
Сейчас: канал 50, скорость 2, адрес 0, фильтр выкл, XN297 выкл, сниффинг выкл

Команды: b (фон), s (скан с нажатиями), c N (канал), r N (0=1M,1=2M,2=250k),
a N (адрес 0..3), f (фильтр), x (XN297 декод вкл/выкл), p (сниффинг старт/стоп), # метка, ? справка
Сейчас: канал 50, скорость 2, адрес 0, фильтр выкл, XN297 выкл, сниффинг выкл

Команды: b (фон), s (скан с нажатиями), c N (канал), r N (0=1M,1=2M,2=250k),
a N (адрес 0..3), f (фильтр), x (XN297 декод вкл/выкл), p (сниффинг старт/стоп), # метка, ? справка
Сейчас: канал 50, скорость 2, адрес 0, фильтр выкл, XN297 выкл, сниффинг выкл
------------------------------
# ON c50

Команды: b (фон), s (скан с нажатиями), c N (канал), r N (0=1M,1=2M,2=250k),
a N (адрес 0..3), f (фильтр), x (XN297 декод вкл/выкл), p (сниффинг старт/стоп), # метка, ? справка
Сейчас: канал 50, скорость 2, адрес 0, фильтр выкл, XN297 выкл, сниффинг вкл
[  715563] ch50 r2 a0: A1 5A D4 AC 90 A8 55 08 A2 82 A0 A4 68 AC 14 CC D0 09 0A AA 41 05 20 45 4A 59 B3 A4 88 DA CA B4 
[  715642] ch50 r2 a0: 28 49 45 AA 94 B1 32 71 44 33 74 15 8A 64 94 AA 9A BA 6B 6D 55 59 4D 04 17 3B 54 5B 84 35 A6 8A 
[  715837] ch50 r2 a0: A5 84 A6 A9 6C 52 AA 85 24 89 8A A8 D2 4A 24 AD A4 0A DA 4C 7B 42 A9 4D 10 C5 92 90 D6 54 94 29 
[  716065] ch50 r2 a0: 0A 38 89 55 01 A5 4C E3 28 AA 93 40 A2 CA EB 42 D2 88 92 84 45 A5 52 59 7A 23 29 4A 06 32 93 28 
[  716155] ch50 r2 a0: 21 12 40 81 08 22 22 92 C0 28 92 C1 49 08 91 A4 82 A1 34 4A 51 20 A2 54 12 50 25 46 49 A2 4A 90 
[  716312] ch50 r2 a0: 83 20 43 50 AD AA 94 D0 15 09 48 29 12 14 52 52 C9 50 55 53 1A 95 66 B5 4D 2A 5D 55 AB D5 AA 5B 
[  716656] ch50 r2 a0: 30 24 A6 AA A4 CC A0 15 4A 56 95 5B 6A 8D 52 8D 61 46 26 D5 45 A2 55 50 D3 0A 54 A5 68 E8 46 51 
[  716658] ch50 r2 a0: 26 92 A6 4D 5E D4 5A 41 56 DA 85 F5 AA E5 AA 9A 56 D2 83 5A AB 2B 37 B6 51 48 72 A4 DD E9 41 D4 
[  716952] ch50 r2 a0: 01 15 01 41 20 48 54 95 64 25 10 4A 14 14 48 0A 8B 2A AD 35 56 6A EA B2 EA DD A5 AF AB 5D 7A 5D 
[  717000] ch50 r2 a0: 29 09 48 51 02 04 80 00 88 A4 92 84 C3 22 84 00 00 00 00 00 00 00 00 44 20 50 00 00 A1 05 00 90 
[  717020] ch50 r2 a0: 11 86 55 4A B0 2D 2A F4 B4 A9 B9 AB AD 01 24 94 1A 75 54 A7 69 D7 EE F7 D6 EF 77 55 ED FA FA F3 
[  717080] ch50 r2 a0: 24 80 11 0A 01 01 25 52 12 40 6D 55 AA B3 B3 DE B5 AD AA 54 15 7A B7 B2 6A D7 4A F5 6B 6B B4 DF 
[  717153] ch50 r2 a0: 5E FB 0F 7E 5F F8 9E 65 47 5C 5C 5E 2D 2E C4 A3 FB BF 77 FF FF FD F7 BF 5F BF EF 7B 6D FF 7F 7F 
[  717194] ch50 r2 a0: 90 40 00 00 00 00 00 00 00 00 00 00 00 00 00 24 48 40 40 02 14 AB 13 16 AA D2 53 49 5E E5 0A DA 
[  717197] ch50 r2 a0: 89 42 04 68 B0 97 0A 19 59 11 20 D6 80 A0 AC 88 95 29 B3 92 88 B5 AE AA 91 45 65 40 AC AA 93 0A 
[  717438] ch50 r2 a0: 80 4A A0 0A 90 8C 8A C4 23 48 52 92 92 54 65 D4 94 A2 14 00 00 00 00 00 03 00 00 00 00 00 00 00 
[  717500] ch50 r2 a0: A4 0A 82 C6 94 A5 23 44 24 AA 8A 56 CA B6 94 F2 A9 DD 69 6A 5A F5 9A 92 D9 56 AD 35 94 A5 15 DD 
[  717501] ch50 r2 a0: EC D4 49 48 B5 A4 55 62 CA 51 54 FE EA AB 75 AD BA B7 F7 B7 BD EE F5 7F FC 7D DD B9 B4 7E FA C9 
[  717529] ch50 r2 a0: 25 04 12 A5 55 05 45 51 46 D0 91 14 04 8A 22 49 A9 45 52 48 A5 5A B4 EA 32 DA C5 88 A4 9E B2 B0 
[  717558] ch50 r2 a0: AA AA AA AA AA AA AA AA AA AA AA AA 55 25 4A 42 4A 27 EE AB EF 9F 57 DE BE EC D8 6F ED E8 AB 4D 
[  717619] ch50 r2 a0: AA AA AA 9C 01 55 55 55 55 55 55 55 55 55 55 55 55 55 54 28 85 2A 97 BE C3 DF 97 CE 27 99 51 D7 

Команды: b (фон), s (скан с нажатиями), c N (канал), r N (0=1M,1=2M,2=250k),
a N (адрес 0..3), f (фильтр), x (XN297 декод вкл/выкл), p (сниффинг старт/стоп), # метка, ? справка
Сейчас: канал 50, скорость 2, адрес 0, фильтр выкл, XN297 выкл, сниффинг выкл

Команды: b (фон), s (скан с нажатиями), c N (канал), r N (0=1M,1=2M,2=250k),
a N (адрес 0..3), f (фильтр), x (XN297 декод вкл/выкл), p (сниффинг старт/стоп), # метка, ? справка
Сейчас: канал 1, скорость 2, адрес 0, фильтр выкл, XN297 выкл, сниффинг выкл
------------------------------
# ON c1

Команды: b (фон), s (скан с нажатиями), c N (канал), r N (0=1M,1=2M,2=250k),
a N (адрес 0..3), f (фильтр), x (XN297 декод вкл/выкл), p (сниффинг старт/стоп), # метка, ? справка
Сейчас: канал 1, скорость 2, адрес 0, фильтр выкл, XN297 выкл, сниффинг вкл
[  718058] ch1 r2 a0: 94 B1 1A 00 49 40 6A A5 A9 22 42 80 A4 A1 12 49 2A 51 93 54 6C AB 5A C3 F6 FA 8A D6 E1 EE 79 5A 
[  718112] ch1 r2 a0: A9 6D 57 53 2B 5A B2 AD 4A 6D A9 36 EB B5 52 DA A3 5E F2 AD FB 69 BF FF BD AF 9C AD 42 57 E8 AB 
[  718235] ch1 r2 a0: 66 A8 5C D6 92 95 AD 43 61 48 6A D1 85 2D 6A 2A 9B 1D 6C 01 50 98 36 14 B4 14 2E EC 5B 54 A2 B5 
[  718319] ch1 r2 a0: 1A 01 6D 2C 24 49 10 9B 65 AA 7D 4F 77 55 CB EC 9A B6 CF CD 6C 6A 75 6A 62 21 D3 C0 24 04 00 12 
[  718429] ch1 r2 a0: 00 A6 92 90 88 8F EF F6 55 6E E5 F5 F5 56 DB 2D AB 37 FB 57 B6 A5 A6 FB 6F 5A EE DE DF D3 6D 6B 
[  718597] ch1 r2 a0: 0A 28 81 03 87 70 55 68 41 3C 20 68 69 D8 66 AE 28 E9 20 4D A0 8B 57 EB 27 FB 56 93 5F D7 9B 77 
[  718652] ch1 r2 a0: 6A DD E5 15 2B EC EA DA EA 8A AD 57 55 6C 51 E8 8A AB 7D 69 77 59 A4 9B AB 5D 6A B4 D5 5A AA AA 
[  718766] ch1 r2 a0: 95 0A AA D4 D4 8B 55 52 94 AA 54 D5 3C 29 4A BB 55 35 4A DA 15 49 45 79 29 2B 0B 55 29 56 54 9A 
[  718899] ch1 r2 a0: 29 42 36 B4 B7 55 BB BA ED D5 A9 55 9B 7A D6 D5 9A D5 52 AB BF 88 D8 9B F9 DD 77 DA F5 A6 BF 7A 
[  718971] ch1 r2 a0: AA 01 52 49 34 30 D6 75 32 EC 77 2D D6 F7 FF ED FD 7B F6 DD 7F D7 EC 90 95 08 44 11 50 0A 18 29 
[  719118] ch1 r2 a0: 09 24 B5 49 95 2E 49 54 CA 94 AC 85 7D D6 54 A5 26 B7 69 4A 49 AE 55 6D E3 55 8B AA AD 13 A2 26 
[  719460] ch1 r2 a0: DA AC B5 2A D5 94 0D 29 46 C9 5B 51 E9 5D 55 D5 2A B9 5D A5 75 AA EB 77 56 93 45 6E A5 02 94 8D 
[  719487] ch1 r2 a0: 86 91 2E 52 52 0C A9 2A 89 4D 5A BA AA 94 32 45 34 A6 2A 46 35 5A BA 38 D5 4A AB 25 54 5A A9 08 
[  719589] ch1 r2 a0: DA CA AB 2D 56 D2 5D 5E 75 CD 7A BE 56 31 75 AD 6E 55 24 AD EE A6 E3 AA A5 28 EA 95 55 24 5A 4A 
[  719711] ch1 r2 a0: 72 C5 4E B2 A7 6D 2A A8 4B 5A AA D4 95 F4 92 99 55 6A D5 58 B1 48 A3 52 6C FD AA 5B 2F A4 1D 5F 
[  719926] ch1 r2 a0: 50 35 48 81 98 D7 6B 49 94 A4 A6 A0 C5 A4 C8 9A A9 95 4A 85 45 59 BD 4D 51 EF 14 55 1B 7E D7 BB 
[  719969] ch1 r2 a0: 94 95 46 95 58 DD 57 D4 5B A3 F3 5E D4 8A AD D9 56 35 E9 53 49 4B D5 93 56 D4 A9 6B AA A4 6B 55 
[  720018] ch1 r2 a0: E6 BB D5 2A E3 EF 73 D5 55 45 AB 25 A8 94 AA 24 AD 29 BB 4B 92 BA 45 59 65 71 53 6A B4 D5 5A AB 
[  720153] ch1 r2 a0: 11 B6 41 48 15 14 44 14 25 44 1C 02 81 44 45 54 0A 02 A9 B4 CA 91 55 53 4D 91 0A 82 15 54 92 50 
[  720367] ch1 r2 a0: 57 53 69 15 99 59 2A 48 AA 28 A4 92 49 25 52 8A AA E2 E1 06 26 B4 5A 74 26 28 AD 33 53 59 0B 08 

Команды: b (фон), s (скан с нажатиями), c N (канал), r N (0=1M,1=2M,2=250k),
a N (адрес 0..3), f (фильтр), x (XN297 декод вкл/выкл), p (сниффинг старт/стоп), # метка, ? справка
Сейчас: канал 1, скорость 2, адрес 0, фильтр выкл, XN297 выкл, сниффинг выкл

Команды: b (фон), s (скан с нажатиями), c N (канал), r N (0=1M,1=2M,2=250k),
a N (адрес 0..3), f (фильтр), x (XN297 декод вкл/выкл), p (сниффинг старт/стоп), # метка, ? справка
Сейчас: канал 2, скорость 2, адрес 0, фильтр выкл, XN297 выкл, сниффинг выкл
------------------------------
# ON c2

Команды: b (фон), s (скан с нажатиями), c N (канал), r N (0=1M,1=2M,2=250k),
a N (адрес 0..3), f (фильтр), x (XN297 декод вкл/выкл), p (сниффинг старт/стоп), # метка, ? справка
Сейчас: канал 2, скорость 2, адрес 0, фильтр выкл, XN297 выкл, сниффинг вкл
[  720825] ch2 r2 a0: AB AA AA AA AA A5 6A D5 75 2A 10 E2 1E AA 5E FB 0F 7E 5F F8 9E 65 47 5C 5C FE 8D 86 50 A1 AA A9 
[  720830] ch2 r2 a0: 95 D7 55 D7 49 4A D7 96 4A 28 D5 6C AD 9D 6A 6F AE FC B9 BB DA B7 75 6A DF 76 DE AB B6 D5 55 9B 
[  720842] ch2 r2 a0: AE 6C 15 20 00 00 50 80 00 7C 20 00 00 00 00 00 00 00 00 00 00 00 00 01 00 89 48 0A 28 BE AB 5A 
[  720867] ch2 r2 a0: 09 7B F4 BD F9 7F EA 7D B5 1F 71 73 FB 37 39 82 8E B7 FB FF 5B EA FA 7F BD AE FA BA D7 BE F5 AD 
[  720971] ch2 r2 a0: 5A D5 A9 75 65 5A D6 AB 24 5D 57 AA 55 54 B1 20 89 4A AA 56 54 98 3B 6D 6A B7 69 2A EA D5 15 52 
[  721065] ch2 r2 a0: 55 25 54 A9 91 84 A4 7A B6 B6 52 AB 31 5A C9 44 56 45 78 34 0D 25 22 8A F5 7A AC 88 4A D0 C5 94 
[  721143] ch2 r2 a0: D5 55 EA BA EA DA BD AA AD 75 D5 D7 5B A5 FD 6E DB 57 3B FE F7 EA FF 6E BF BD 6B E7 79 5E F3 7F 
[  721163] ch2 r2 a0: 50 A2 CD 6A AE 9F 4C B4 9A D5 D5 4A D5 15 72 D4 2A 20 00 00 00 00 00 D4 00 00 00 00 00 00 00 00 
[  721215] ch2 r2 a0: 4A B6 AE CB 56 A9 AA B2 58 DD D6 E9 29 6B 2A 48 D4 AC 4A 95 67 52 AE 97 65 65 DE AA A5 55 B3 91 
[  721230] ch2 r2 a0: AA AA AA AA AA AA AA AA AA AA AA AA 95 29 15 2A 87 FD 16 D5 7D D8 B5 55 EF 59 0C 4D 40 AD 35 3B 
[  721256] ch2 r2 a0: AA AA AA AA AA AA AA AA AA AA AA A2 54 84 54 AC AD DB AF 7A 9A FB 73 F9 CF 2A CC FA AB 5E F7 6B 
[  721338] ch2 r2 a0: A5 49 19 47 43 43 5A 9D B1 AA A8 14 65 86 CD 52 B7 79 51 49 29 AA CA DB 15 55 4B 36 94 6A AA 29 
[  721420] ch2 r2 a0: 49 25 29 45 45 02 2A 20 A5 4A 29 42 5A 3A 21 6A A5 AB B2 AD E6 E2 9B CE 56 75 65 18 AB 5F 4E 09 
[  721558] ch2 r2 a0: 96 D5 5D 5D 5A 84 75 56 A6 66 4A AC A2 2D 56 55 22 55 57 4A B4 D5 55 05 BA 94 11 A4 65 B0 8A 28 
[  721681] ch2 r2 a0: AA AA AA 9F 08 05 55 55 55 55 55 55 55 55 55 55 55 55 54 AB 53 25 48 2E AB FF 6A 7B BA AE AB 29 
[  721791] ch2 r2 a0: A6 AA D3 6E 54 B5 6C D6 6A AC 38 87 AA 97 BE C3 DF 97 AE 27 99 51 D7 17 53 9F 13 68 28 4A 4A A5 
[  721875] ch2 r2 a0: AA AA AA AA AA AA AA AA AA AA AA AA 95 21 15 4A AB 6E F7 51 6A E7 52 4A 96 B6 4A 55 2A 65 56 B5 
[  721909] ch2 r2 a0: DE AE FB AA AA BD 5B D5 57 6E EA 38 87 AA 97 BE C3 DF 97 AE 27 99 51 D7 17 53 9F 13 68 28 55 56 
[  721971] ch2 r2 a0: BB 75 D5 D5 D7 77 DB BB AE DF 7A 8E 21 EA A5 EF B0 F7 E5 F5 89 E6 54 75 C5 C4 EF C7 00 2A 15 55 
[  721976] ch2 r2 a0: AA AA AA AA AA AA AA AA AA AA AA A9 2A 56 2A 88 5B EB 77 97 D5 EA AA BB AB B9 69 74 95 3B D5 4B 
[  722029] ch2 r2 a0: AA AA AA AA AA AA AA AA AA AA AA AA 92 A5 62 A9 55 2B 53 B7 7E AF BF EE D5 F9 BD 76 95 AD D2 7E 
[  722167] ch2 r2 a0: A4 94 24 AA 48 2C 31 29 45 6B 15 34 19 55 84 92 8C 51 AB 50 DB 4A 55 B4 9A 27 66 A9 75 2E 57 B6 
[  722275] ch2 r2 a0: AD 4B 42 A9 A6 BB 54 B9 BB 42 E6 53 76 B6 ED BC BD B7 DE B9 5A 23 DA C5 59 74 A5 02 34 4A 86 A6 
[  722503] ch2 r2 a0: 95 B5 0D 2A B6 41 45 24 4A B2 88 A2 AF 5D BF 2D 5E EA B4 2E B7 4F 54 A4 8D 6E 7C 6F C5 AB 33 AA 
[  722547] ch2 r2 a0: B1 54 C8 11 50 89 66 28 AA EE 59 0C 95 49 40 D5 22 4B 4A AA 6A AE A6 5B D9 BA B6 A4 39 A3 5C D5 
[  722729] ch2 r2 a0: 85 5F 28 65 24 60 85 55 56 8E 6A AB D5 69 DA CA AD 76 DC 7D 4D 53 5C 27 4A A8 F5 69 45 5D 69 54 
[  722735] ch2 r2 a0: 94 49 40 65 45 41 6F 8A 55 AB 66 55 55 14 94 C2 8A 15 11 28 09 A6 01 08 54 40 A5 4A 9B EA 55 4E 
[  722927] ch2 r2 a0: 81 44 91 40 4E 25 4E 80 84 84 66 04 95 14 84 92 25 25 45 4A B2 12 A7 54 A8 90 82 A5 49 28 94 A4 
[  723073] ch2 r2 a0: AA 22 6D 62 2A 92 5A 83 20 C5 BA 55 2C 95 42 03 C4 52 A0 52 A2 31 6A 97 14 A4 95 0D 1A B4 B7 02 
[  723094] ch2 r2 a0: B5 9B 5A 4E 9A 3A 9C F4 AA AA AA 50 CD 50 02 00 19 0C 53 50 A6 BA 41 24 C9 5A 21 50 6C B9 4A 82 
[  723139] ch2 r2 a0: 48 0A 92 4A 84 28 08 88 12 6A 14 42 44 A2 00 A2 94 0A 52 A1 2A 92 91 52 8A A5 04 84 C2 A5 41 84 

Команды: b (фон), s (скан с нажатиями), c N (канал), r N (0=1M,1=2M,2=250k),
a N (адрес 0..3), f (фильтр), x (XN297 декод вкл/выкл), p (сниффинг старт/стоп), # метка, ? справка
Сейчас: канал 2, скорость 2, адрес 0, фильтр выкл, XN297 выкл, сниффинг выкл

Команды: b (фон), s (скан с нажатиями), c N (канал), r N (0=1M,1=2M,2=250k),
a N (адрес 0..3), f (фильтр), x (XN297 декод вкл/выкл), p (сниффинг старт/стоп), # метка, ? справка
Сейчас: канал 3, скорость 2, адрес 0, фильтр выкл, XN297 выкл, сниффинг выкл
------------------------------
# ON c3

Команды: b (фон), s (скан с нажатиями), c N (канал), r N (0=1M,1=2M,2=250k),
a N (адрес 0..3), f (фильтр), x (XN297 декод вкл/выкл), p (сниффинг старт/стоп), # метка, ? справка
Сейчас: канал 3, скорость 2, адрес 0, фильтр выкл, XN297 выкл, сниффинг вкл
[  723546] ch3 r2 a0: E7 74 B8 DE F7 CE B9 1E E9 FB FF FF FF FF FF FF FF FF FF FF FF FF FF FF FF FF FE FF FF FF FF FF 
[  723640] ch3 r2 a0: CD 2A 85 0A A2 09 14 A3 22 B0 09 56 89 22 AA 91 2A 55 52 6A 55 41 22 92 AA 55 45 52 10 88 AD 20 
[  723643] ch3 r2 a0: 52 39 2A D4 5A 53 56 4A 93 26 75 52 55 57 45 7F 4E DB 6A AC AA AB 34 A6 AC 56 32 91 DC 49 59 95 
[  723781] ch3 r2 a0: F5 A2 A8 A6 A5 9D 4A 56 AB A2 B4 B3 79 A6 55 B6 A4 D5 5C DB 52 16 49 DA 4A A9 29 11 15 12 52 B0 
[  723932] ch3 r2 a0: EA FB 1F 5E AF B2 B5 AE EA D6 A9 33 FA DB B8 BB FA B6 FB CE FF EF CA D3 B6 BD AA F5 55 5A E5 62 
[  724093] ch3 r2 a0: C9 B3 52 95 B6 2A 6A 97 4C AB 2A 6A 72 D2 AF 1D 55 52 A5 4E A9 44 2A D2 A5 0C A1 AB 54 6A 9B 43 
[  724110] ch3 r2 a0: D5 AB 15 5D 9A BD 7D 59 DB 6E AD AA AD AA D5 7B 1A F6 54 95 2B 69 2D 29 FA 2D 6A 26 99 45 AB 33 
[  724163] ch3 r2 a0: DD 54 EA 26 AA E4 56 AA A6 18 A9 5D 59 9B 52 AD 6A D9 63 2C 2D A5 29 65 2B 51 54 AA D1 D8 D1 0B 
[  724176] ch3 r2 a0: 99 D6 57 BA A2 FA FD 72 B7 BA 88 75 E5 3C C1 5C B6 D3 0A D6 90 B4 5A 55 22 42 41 10 49 39 EA 57 
[  724276] ch3 r2 a0: 20 00 80 00 00 00 00 00 09 40 00 00 00 00 00 00 00 00 00 00 00 00 00 00 00 00 00 00 15 A4 27 65 
[  724306] ch3 r2 a0: 95 69 CB AD D5 B6 FA AD 3E AD B5 56 DB 53 9D 8C ED 6B 5F 1F 26 FD EE FB F7 FF 6A AB FC FD 75 6C 
[  724379] ch3 r2 a0: E7 74 B8 DE D7 CE B9 1E E9 FF FF FF FF FF FF FF FE AD F7 37 6F FF 7C FE F3 AD BB FF FF FF FF FF 
[  724406] ch3 r2 a0: 96 5A 55 21 2D 55 AC 6B 74 AA AB AD 76 65 F9 5F 5A DD 66 AE BF B5 9A CD BD 26 51 99 D5 2D 5B 54 
[  724507] ch3 r2 a0: 2A 82 CE CB 92 AE AD 45 B4 8A CA 5B 6B 57 5A 9A A9 B9 2C 05 74 57 EE BA D4 AD 5A F3 57 35 7A 86 
[  724658] ch3 r2 a0: 4A 4C 85 4A 98 C6 B7 25 2A B5 5A 36 99 FF FF FF EF 5D 7F B6 4E EF A8 BA 89 51 D5 99 FF FF 7F FF 
[  724691] ch3 r2 a0: A7 B2 A9 CD A2 A6 0A B2 6A 90 A9 55 35 B6 B4 59 EB 59 AD 7B C7 6B 1B 45 AA 59 5E AB A5 9D 77 5D 
[  724723] ch3 r2 a0: AA AB 68 E6 61 56 E5 45 21 4A 8B A8 A8 95 86 1E 54 A3 57 79 47 73 56 89 4A 4D 42 E5 EA 91 6A 75 
[  724885] ch3 r2 a0: A4 A5 55 44 12 A9 54 8A 95 4A 56 95 76 AC A5 4B F3 44 B2 9B 4A 57 59 5C 56 F7 55 4D 6E 9D 6B 5E 
[  724889] ch3 r2 a0: 8A 6A BF 6A B5 5B B5 4A 8B EE 9A 6E 6D 05 55 21 2A A5 56 AD 5A B4 AA B2 A4 D5 B2 D4 A5 55 29 5E 
[  724993] ch3 r2 a0: 52 51 A0 71 52 8A 45 69 25 8A 15 2A A8 CA 20 85 AC 94 84 A8 E8 2D 0C AA 45 28 87 65 55 09 C5 62 
[  725092] ch3 r2 a0: 91 A9 74 B4 A7 4C D4 6A 92 53 56 A8 A5 75 D4 D6 AC F5 85 9B 2D 5A A6 D6 55 AA 35 6A CE 93 6A 7A 
[  725157] ch3 r2 a0: 59 89 3B 43 A9 4A DC BA BD 6D 37 53 51 5D 86 CB 67 96 DE 55 23 6D 45 32 8A 8D 18 55 6E 4A 92 92 
[  725165] ch3 r2 a0: DF EB 92 A5 2B 72 E6 9F 6A AA AC D2 AD AA B3 FF FF FF FF FF FF FF FF FF 6F FF FF FF BE FF FF FF 
[  725255] ch3 r2 a0: B6 2D BA A5 5D 5A AA A2 69 99 EA AB B6 AD 4B 7B 5D 6A A9 69 56 DB 21 AA AC DA 8A 55 59 1A A2 89 
[  725326] ch3 r2 a0: DD 4A 92 D8 A6 AA 53 59 64 CB 41 A9 6A A4 D5 5D 39 54 06 D2 AD 52 E5 5A 10 A6 64 CD C0 5D 12 0E 
[  725422] ch3 r2 a0: 89 11 25 56 49 4A 4A 50 A9 44 81 05 42 0B 08 55 AA 85 95 55 54 AB 4A 54 AB 5D 5A 8A CA B6 2C 2A 
[  725465] ch3 r2 a0: BB 77 5D E4 BF 54 AD D5 AA 57 2A EA F9 78 89 12 AC C8 24 28 A8 B2 45 5D D5 53 53 AA 95 0A D4 A2 
[  725479] ch3 r2 a0: 49 89 46 AA AA 81 75 12 AB AF 6A 91 AA AB 55 5A D4 AD C9 75 56 00 00 04 2B 65 2B 4B A1 76 6A D2 
[  725503] ch3 r2 a0: 43 65 DA A6 A3 40 AD 94 D5 24 AA 4A BA 91 A0 92 C8 80 99 15 18 D1 A5 25 28 5A 4A AA C9 54 05 49 
[  725535] ch3 r2 a0: D5 77 9B 99 4B A2 FA D5 BA DA B6 0D B4 B4 7A B5 6B 54 99 59 95 36 84 AD 2E 48 C9 BB 55 6B 55 4A 
[  725610] ch3 r2 a0: A8 82 58 6A A9 59 24 35 21 D4 92 90 4C A4 AA 94 90 0A 8A 2C A5 2A 11 08 9A AA 49 35 D0 51 2B 14 
[  725715] ch3 r2 a0: 04 2D 57 56 6C 2E A9 AA 08 40 29 AC A0 22 96 EF 5E AD B7 E5 AD DD 6B B5 EA 96 D6 9D 6B F6 75 69 
[  725769] ch3 r2 a0: 9A 14 72 AA AD 52 E4 74 AB AA AA 28 54 AA D0 00 00 00 00 00 00 00 00 00 00 00 05 B5 29 7A AD 53 
[  725844] ch3 r2 a0: 05 55 3A CA 33 56 A5 CE B9 62 D6 6D 76 FC B6 B1 38 98 B2 51 DB 2E 13 2D 4A 54 49 28 4A E9 2D 54 

Команды: b (фон), s (скан с нажатиями), c N (канал), r N (0=1M,1=2M,2=250k),
a N (адрес 0..3), f (фильтр), x (XN297 декод вкл/выкл), p (сниффинг старт/стоп), # метка, ? справка
Сейчас: канал 3, скорость 2, адрес 0, фильтр выкл, XN297 выкл, сниффинг выкл

Команды: b (фон), s (скан с нажатиями), c N (канал), r N (0=1M,1=2M,2=250k),
a N (адрес 0..3), f (фильтр), x (XN297 декод вкл/выкл), p (сниффинг старт/стоп), # метка, ? справка
Сейчас: канал 4, скорость 2, адрес 0, фильтр выкл, XN297 выкл, сниффинг выкл
------------------------------
# ON c4

Команды: b (фон), s (скан с нажатиями), c N (канал), r N (0=1M,1=2M,2=250k),
a N (адрес 0..3), f (фильтр), x (XN297 декод вкл/выкл), p (сниффинг старт/стоп), # метка, ? справка
Сейчас: канал 4, скорость 2, адрес 0, фильтр выкл, XN297 выкл, сниффинг вкл
[  726412] ch4 r2 a0: A4 96 46 2C 85 14 2A 49 52 42 02 52 48 D8 52 DA 2B 24 C5 06 56 0A 20 90 48 60 B2 11 40 94 28 14 
[  726616] ch4 r2 a0: 54 6A B1 52 C9 27 48 12 84 C9 B8 29 55 25 92 85 30 49 4E 95 5E D5 7D 2A 7E CD E7 FE F6 EF B6 FD 
[  726665] ch4 r2 a0: 93 44 00 51 48 04 89 48 15 51 7D 55 2D 5E F4 AA A5 29 26 B9 75 46 A9 51 15 A6 D5 54 A5 48 AA AA 
[  726713] ch4 r2 a0: B2 10 55 26 49 91 2E 96 91 8A AB 05 A1 4A DA 4A 45 AA 18 AB 6A CB A4 8B 6A B3 4A C9 A8 5D 85 20 
[  726732] ch4 r2 a0: BA 34 C8 2D 56 29 13 9A D1 53 4B DA AA A2 4A BD 5C 6A D6 5A D6 DA EF 59 5B B5 B6 2D 76 D5 6D 9B 
[  726785] ch4 r2 a0: 81 10 5A A5 2D EB B3 6A 25 19 56 A4 89 52 A5 A5 35 5C F5 6B 93 DA A9 AA A2 0A AC AD 2C AB 55 D5 
[  726823] ch4 r2 a0: 50 05 57 05 AA BE B5 7B DD F5 AB EB DE FB 75 DA F5 D5 54 54 B5 D2 A9 9E B6 83 CC 09 9B 6A C8 D6 
[  727005] ch4 r2 a0: B3 55 26 56 DB 2A 57 74 F5 2B 5A DA DA 95 51 51 DB 43 4B 60 4D AA A2 49 5B B2 A0 B6 CA AD D5 55 
[  727305] ch4 r2 a0: A4 40 A1 54 8D 41 2A B4 73 42 6B AE D5 56 A9 6F CE D5 36 D3 77 55 77 5B AF EB 74 B7 55 CD 3A D1 
[  727444] ch4 r2 a0: AA AA AA AA AA AA AA AA AA AA AA AA AA AA AA AA AA AD AF ED CD 56 5B 95 0B 65 DB 6A C9 4D AD 17 
[  727523] ch4 r2 a0: AA AA AA AA AA AA AA AA AA AA AA AA AA 92 A5 14 95 55 57 6B 7B 4D 26 5B A6 A5 E5 4A F4 C5 57 60 
[  727664] ch4 r2 a0: AA AA AA AA AA AA AA AA AA AA AA AA AA AA AA 95 55 56 B2 EE 97 7E F4 B5 6B 26 F9 5D 42 89 25 D2 
[  727678] ch4 r2 a0: A2 D6 AB 59 52 29 8A 92 9D 0A 23 2A 4A 05 55 35 54 95 55 15 05 3A 5D AD D5 33 35 56 BA B5 BD F6 
[  727702] ch4 r2 a0: 51 52 66 88 AA AA A0 51 09 29 64 49 45 52 09 D5 A4 95 56 4D 6B 2A A5 D5 9A DD AA F6 B7 75 99 6B 
[  727765] ch4 r2 a0: 95 00 88 27 55 6A 95 6A 2F 5B AF 4F 56 DD 35 EF 92 97 2D BA 91 21 6A 57 C1 DA 95 5B 24 B6 B5 68 
[  727818] ch4 r2 a0: 11 96 AC 2A 8D 6A B0 2A 86 36 75 36 D4 94 22 8A 44 A9 52 25 2D 29 80 3E A9 62 29 52 AA AA 4A 56 
[  727821] ch4 r2 a0: 2A 54 A1 1A 59 49 19 86 BE AB 5D D4 A8 65 DA D9 AA 93 49 70 A1 5F 55 B5 14 A9 55 AA D5 55 69 6C 
[  727909] ch4 r2 a0: A9 C8 92 CB 2A A5 51 7B 4A 95 42 45 55 0A 95 24 73 D1 26 B2 9B DD 76 7D 51 BB 54 CA D2 9A B3 2D 
[  727913] ch4 r2 a0: DC E5 55 EF E9 EA F5 B7 DB 76 CD 3A 50 F2 F5 92 5B 04 8A 92 AB 5B 50 95 A9 46 56 83 AB ED 15 6A 
[  727922] ch4 r2 a0: 85 55 91 54 6A 93 5A B0 AA CB 27 F9 AB A3 AD B2 30 AA A5 48 AC 95 1D 55 32 B2 2D 5A 4A 45 88 21 
[  727935] ch4 r2 a0: 95 55 13 4A AA AB 21 6A 45 55 4A CB 33 5D D5 AA B6 A5 DA A6 B2 F5 54 8C F5 35 75 54 B5 5D 53 96 
[  727973] ch4 r2 a0: 54 A9 4A AA 4A 55 52 AA AA AA 2A AA 2A AA 54 85 52 A5 29 55 52 15 55 5D AA 5E D5 55 5D D5 AB 7F 
[  728105] ch4 r2 a0: AA AA AA AA AA AA AA AA AA AA AA AA AA AA AA AA AA AA D2 65 51 6A 8F 52 B3 2A B5 5E 55 44 BC AD 
[  728220] ch4 r2 a0: 6D EF 1D 7D 95 99 6A 9B 75 9A 5A EF A3 35 7E 52 75 ED 2B 5A A1 AA 9A D8 6D 54 AB 35 95 56 5A 68 
[  728239] ch4 r2 a0: A8 A8 4C AB 0A A8 14 41 52 51 66 A9 48 AA A9 16 89 51 28 8B 4A 62 A4 6B 52 D6 AA A2 A0 89 82 92 
[  728427] ch4 r2 a0: 93 2B 55 B5 68 AC AE 95 6B 6B D5 55 37 55 54 DB 53 52 95 75 8A 95 45 0B 54 5B 8B A5 59 2A 91 59 
[  728441] ch4 r2 a0: 16 6A 95 A6 B9 15 A5 12 AA C5 9D 54 55 A9 AD 53 56 CA CF 75 75 A5 8B 95 57 D7 6D 45 6A B7 CD 5C 
[  728453] ch4 r2 a0: D6 55 DA A2 A2 AB 9C D4 A5 A1 1B 52 1A CA 14 05 25 B5 42 D5 54 F7 5A 65 36 14 2A D5 4D D5 54 94 
[  728563] ch4 r2 a0: D5 36 7D 5A 69 AD 51 8D 6A FB BA B6 DA 94 D8 58 AA 4B D5 4B ED AA 65 42 3C 5A 07 54 94 A9 38 74 

Команды: b (фон), s (скан с нажатиями), c N (канал), r N (0=1M,1=2M,2=250k),
a N (адрес 0..3), f (фильтр), x (XN297 декод вкл/выкл), p (сниффинг старт/стоп), # метка, ? справка
Сейчас: канал 4, скорость 2, адрес 0, фильтр выкл, XN297 выкл, сниффинг выкл

Команды: b (фон), s (скан с нажатиями), c N (канал), r N (0=1M,1=2M,2=250k),
a N (адрес 0..3), f (фильтр), x (XN297 декод вкл/выкл), p (сниффинг старт/стоп), # метка, ? справка
Сейчас: канал 5, скорость 2, адрес 0, фильтр выкл, XN297 выкл, сниффинг выкл
------------------------------
# ON c5

Команды: b (фон), s (скан с нажатиями), c N (канал), r N (0=1M,1=2M,2=250k),
a N (адрес 0..3), f (фильтр), x (XN297 декод вкл/выкл), p (сниффинг старт/стоп), # метка, ? справка
Сейчас: канал 5, скорость 2, адрес 0, фильтр выкл, XN297 выкл, сниффинг вкл
[  729139] ch5 r2 a0: 1B 95 9A AA A9 6A BB 5E 57 B7 5E F1 95 EA E3 14 F5 DF AE 59 5A B5 66 D5 D2 2F AD 6D 05 36 B5 FF 
[  729365] ch5 r2 a0: C9 64 89 52 8A 14 40 08 95 27 29 94 12 D1 44 05 A5 59 55 4A B1 4D 6A AD 56 5A A6 D9 69 D5 49 42 
[  729740] ch5 r2 a0: 95 5A A9 54 8C 2A 55 12 85 56 55 22 AA 21 22 AE A2 B4 AD DC 93 C9 BB 73 71 92 EB 9D 55 55 AC 55 
[  729745] ch5 r2 a0: 0A D5 54 86 52 51 50 24 52 08 46 94 5A 4A AE 28 95 5A A9 54 2E 34 B4 75 E6 FA 6A 5D 76 D9 75 77 
[  730354] ch5 r2 a0: ED 6A B5 AA 54 96 B5 AA FD 7A B5 53 D3 54 8D 05 88 96 AD 1E D4 CB 56 A8 4F 32 74 93 AB EC 8C AA 
[  730536] ch5 r2 a0: AA AA AA AA AA AA AA AA AA AA AA AA 8A 21 4A A5 EF B0 F7 E5 F7 89 E6 54 75 C5 9D 1D BB CC AA 37 
[  730575] ch5 r2 a0: AA AA AA BE 20 00 2A AA AA AA AA AA AA AA AA AA AA AA A8 A2 14 56 5E FB 0F 7E 5F 78 9E 65 47 5C 
[  730589] ch5 r2 a0: AA AA AA F9 00 0A AA AA AA AA AA AA AA 95 55 55 55 55 42 88 52 A9 7B EC 3D F9 7D E2 79 95 1D 71 
[  730730] ch5 r2 a0: AA AA AA AA AA AA AA AA AA AA AA 86 10 E5 52 F7 D8 7B F2 F3 C4 F3 2A 3A E2 E6 89 0F 92 65 1B DF 
[  730736] ch5 r2 a0: 66 A9 49 4A 95 58 A2 81 46 29 55 54 90 8A 2A 0D 13 2B 55 6C 92 A4 D1 5B BA D5 74 B7 A5 DB FF F3 
[  730740] ch5 r2 a0: 1B 4B 67 BA B2 B5 43 2A E9 66 95 4A AA AA A9 3B 57 6E 9A 28 AA A6 94 A8 E9 25 29 49 65 55 7D 1A 
[  730742] ch5 r2 a0: AA AA AA AA F5 40 55 55 55 55 55 55 55 55 55 55 55 55 55 51 44 29 54 BD F6 1E FC BC F1 3C CA 8E 
[  730775] ch5 r2 a0: A1 40 24 14 40 5F 5A F3 DF 5A B6 CF 6D 3F D7 2D 55 89 2B 48 CA F5 A8 5A 28 B4 EA 45 15 64 EA 6A 
[  730795] ch5 r2 a0: AA AA AA AA A5 55 4A AA AA AA AA AA 1C 43 D5 4B DF 61 EF CB CF 13 CC A8 EB 8B 9A 24 3E 49 94 39 
[  730807] ch5 r2 a0: 94 AC 55 44 2C AB 56 55 2A AA 12 56 59 69 A2 92 C4 A4 9A C6 A4 95 0B 6B AD 64 EA CA A6 D4 AD 4E 
[  730822] ch5 r2 a0: AA 55 54 AA AA AA AA AA A9 55 55 50 E2 1E AA 5E FB 0F 7E 5E 78 9E 65 47 5C 5C D1 21 F2 4C A3 FE 
[  730954] ch5 r2 a0: AA AA AA AA AA AA AA AA AA AA AA AA AA AA AA AA AA A9 54 94 C9 54 36 91 42 AC 2D 2A BA ED 69 5F 
[  730962] ch5 r2 a0: 00 00 00 00 00 00 74 00 00 00 00 00 00 00 00 00 00 00 00 00 00 00 00 00 04 BD F6 1E FC BF F1 3C 
[  730988] ch5 r2 a0: AA AA AA BE 20 00 AA AA AA AA AA AA AA AA AA AA AA AA A8 C2 1A AA 5E FB 0F 7E 5F F8 9E 65 47 5C 
[  731134] ch5 r2 a0: 91 95 2A C2 D4 4B 2A A4 95 A2 85 15 50 B4 A1 15 06 94 55 4A 2B 02 AD 55 32 54 26 91 50 B1 56 AC 
[  731141] ch5 r2 a0: AA AA AA AA FD 40 55 55 55 55 55 55 55 55 55 55 55 55 55 51 C4 3D 54 BD F6 1E FC BD F1 3C CA 8E 
[  731154] ch5 r2 a0: AA AA AA AA F4 80 29 55 55 55 55 55 55 55 55 55 55 55 55 51 44 29 54 BD F6 1E FC BD F1 3C CA 8E 
[  731175] ch5 r2 a0: 49 55 22 A4 D4 D2 A5 6A 3A A9 A4 D5 4A 15 4A 95 C5 AA 29 56 90 CA AA 2A 84 AA 99 46 94 4C 58 B5 
[  731181] ch5 r2 a0: AA AA AA AA AA AA AA AA AA AA AA A8 51 0A 55 2F 7D 87 BF 2F 7C 4F 32 A3 AE 2E 18 B0 23 CD 51 42 

Команды: b (фон), s (скан с нажатиями), c N (канал), r N (0=1M,1=2M,2=250k),
a N (адрес 0..3), f (фильтр), x (XN297 декод вкл/выкл), p (сниффинг старт/стоп), # метка, ? справка
Сейчас: канал 5, скорость 2, адрес 0, фильтр выкл, XN297 выкл, сниффинг выкл

Команды: b (фон), s (скан с нажатиями), c N (канал), r N (0=1M,1=2M,2=250k),
a N (адрес 0..3), f (фильтр), x (XN297 декод вкл/выкл), p (сниффинг старт/стоп), # метка, ? справка
Сейчас: канал 6, скорость 2, адрес 0, фильтр выкл, XN297 выкл, сниффинг выкл
------------------------------
# ON c6

Команды: b (фон), s (скан с нажатиями), c N (канал), r N (0=1M,1=2M,2=250k),
a N (адрес 0..3), f (фильтр), x (XN297 декод вкл/выкл), p (сниффинг старт/стоп), # метка, ? справка
Сейчас: канал 6, скорость 2, адрес 0, фильтр выкл, XN297 выкл, сниффинг вкл
[  731711] ch6 r2 a0: 03 24 0A 20 A2 DF 15 00 00 60 41 08 D6 42 75 48 2B 03 6A 31 57 71 4B 6F A6 B5 55 F7 97 32 BA 9E 
[  731716] ch6 r2 a0: 92 A1 42 45 22 0A 09 29 33 40 14 40 29 22 51 02 15 54 B0 15 58 48 64 A4 94 8A 51 42 42 A0 C6 AA 
[  731751] ch6 r2 a0: 80 00 20 40 14 2D 5D 65 A4 52 CC 54 6B 90 22 AA B9 05 2A A1 04 B5 8C 28 A9 06 AE AA 54 E8 DA A2 
[  731787] ch6 r2 a0: 00 00 00 00 00 00 00 00 00 00 00 00 00 00 00 00 00 0B 42 09 E1 03 40 8E C3 35 71 47 45 1C FC E4 
[  732074] ch6 r2 a0: 51 21 56 43 4A B2 36 21 21 34 A8 49 2D AA 9A 6A AC 97 17 56 DA 09 AA 2A A0 A4 84 93 14 56 B5 51 
[  732088] ch6 r2 a0: 54 8A 29 40 AA 4A A0 25 2A D5 24 AB D5 16 B5 25 5C A6 D7 6A AD D6 55 EE AA EE B2 EF 6A B7 CF 7E 
[  732107] ch6 r2 a0: E5 52 B0 25 AB 45 5A 94 65 6D 32 90 C2 A8 34 A8 00 00 00 00 00 00 A0 00 00 00 00 00 00 00 00 00 
[  732119] ch6 r2 a0: 48 95 81 6A D2 2A 94 AA AA 51 48 9A DC 5A 95 9D 9A 2A A6 D6 C9 EC D4 D5 EA 55 55 49 59 59 95 4B 
[  732143] ch6 r2 a0: 80 54 81 51 05 52 C0 16 D7 AA FF 52 A5 E5 52 B6 D6 EB B4 B2 AF 57 65 3D FD 52 AE F4 D2 DF 7D FE 
[  732281] ch6 r2 a0: 4A 08 83 21 2F 48 10 40 42 10 02 0A D2 28 4A B6 AA E9 5F B6 7D EC FF 6A 31 BB 6F B6 94 ED E6 AB 
[  732385] ch6 r2 a0: D5 9A AD 22 AB 55 6B 52 C4 B7 23 4D 55 34 28 A3 AA 2B 4D 6A 49 56 8D 45 49 2A AA 9A 98 8A 92 AF 
[  732484] ch6 r2 a0: 4A 10 8F A9 BE FD 42 BD 69 1D 5E F6 ED AA 75 56 95 56 DA A5 D4 D5 75 55 56 B9 5D ED 09 50 E5 54 
[  732521] ch6 r2 a0: 08 15 22 01 0A 48 A5 C9 15 A4 D0 58 D3 29 22 98 10 03 42 8B 32 A9 D2 56 28 A9 36 AA B9 AC AD 5D 
[  732853] ch6 r2 a0: B3 4D 6E AA 4D 68 25 B3 75 4F 6F AA AB 56 A9 6B 55 5B 2B 5C B7 F6 EB B6 AF BB BB 6F DF 6A BD 4A 
[  732913] ch6 r2 a0: 82 25 85 2A 0A AF 57 49 B2 D7 54 6B 4A 84 A3 BB EF 61 26 FD 4D D9 7C D5 BE F2 AD 63 29 BA ED 75 
[  732993] ch6 r2 a0: D5 A4 5D 97 14 AA AA C9 56 AE 24 F5 54 D5 2A 89 09 01 45 2A 92 0A B6 EB AA D6 B5 5A ED 57 7D 3F 
[  733015] ch6 r2 a0: 55 48 64 C6 90 A9 4A 2D 6A B1 32 25 48 52 AA 95 02 98 A9 52 52 B5 15 5A 4A 93 54 30 58 45 12 2A 
[  733157] ch6 r2 a0: 96 95 5A 5D 59 4A B5 AA C9 27 54 EA 94 86 00 6A 11 15 29 4A 49 25 85 88 B5 5A C4 A5 52 48 8C A2 
[  733386] ch6 r2 a0: A2 40 85 12 30 50 42 41 A0 A8 85 2A 52 AD D6 B7 BB 65 AA D4 57 6A BD D7 61 97 2B 2A 1D D3 57 13 
[  733450] ch6 r2 a0: A4 C2 35 6A 4D 52 91 09 E9 45 2D 59 50 64 8A D3 09 44 48 95 34 E2 C1 29 89 21 52 54 82 AA 54 2A 
[  733536] ch6 r2 a0: A9 25 25 48 A2 55 A9 6A 24 5A 4A 6A 5A 54 AA 96 A9 58 43 55 D5 4B 2A 4C AD 6A AB 55 6A D9 55 3B 
[  733586] ch6 r2 a0: 4D 34 99 A7 41 A0 15 AC 51 0A 12 25 42 A2 99 0A 13 50 95 A1 BA AA 95 56 B4 D9 16 A3 3A 5A B4 D5 
[  733598] ch6 r2 a0: 98 54 6E 8A B6 AA CA A5 5A EA 4A CA DB 2A B5 4D 57 54 52 56 24 2A D5 55 4B 2D 35 5C AD B5 6A AB 
[  733685] ch6 r2 a0: 52 99 6B 55 66 25 D2 AA 52 14 D6 9A 8A B6 D5 69 22 95 2D 56 56 CA A5 25 5A AD 45 56 F7 BF DE FF 
[  733775] ch6 r2 a0: A4 40 0A 44 4D 45 0A 90 46 A3 55 28 4A A5 55 84 72 8D 6A B6 EF AD 14 AB 54 95 3B AF B4 52 4A AA 
[  733897] ch6 r2 a0: 13 00 A4 00 14 26 D6 95 F7 57 B4 BB DF B5 FB 76 DB D5 AB 3F 72 A9 55 4B DA 92 CC 69 8D 24 AC B1 
[  733900] ch6 r2 a0: CA 14 B2 42 96 69 52 95 50 AD 5E B5 56 9A 24 4B AF 55 5A 6B 58 2A A4 B8 92 5B AD 95 D2 A1 AA AA 
[  733926] ch6 r2 a0: 4A AA AA 91 41 15 15 44 D4 8A 2A A0 2C 01 48 49 12 10 B2 54 C9 4A D6 B4 70 90 11 42 A0 C5 54 55 
[  734027] ch6 r2 a0: 59 50 6D 90 94 A8 B4 15 08 01 4A A5 81 4A 55 4D 4A 4A 2A D4 A9 4A DA 50 89 56 12 91 60 D6 BD 35 

Команды: b (фон), s (скан с нажатиями), c N (канал), r N (0=1M,1=2M,2=250k),
a N (адрес 0..3), f (фильтр), x (XN297 декод вкл/выкл), p (сниффинг старт/стоп), # метка, ? справка
Сейчас: канал 6, скорость 2, адрес 0, фильтр выкл, XN297 выкл, сниффинг выкл

Команды: b (фон), s (скан с нажатиями), c N (канал), r N (0=1M,1=2M,2=250k),
a N (адрес 0..3), f (фильтр), x (XN297 декод вкл/выкл), p (сниффинг старт/стоп), # метка, ? справка
Сейчас: канал 7, скорость 2, адрес 0, фильтр выкл, XN297 выкл, сниффинг выкл
------------------------------
# ON c7

Команды: b (фон), s (скан с нажатиями), c N (канал), r N (0=1M,1=2M,2=250k),
a N (адрес 0..3), f (фильтр), x (XN297 декод вкл/выкл), p (сниффинг старт/стоп), # метка, ? справка
Сейчас: канал 7, скорость 2, адрес 0, фильтр выкл, XN297 выкл, сниффинг вкл
[  734449] ch7 r2 a0: B2 8A 90 82 32 8A 28 88 91 5A 11 52 7A 2A AA 54 65 52 AA AC D5 AA B5 15 15 DA 45 53 22 23 75 19 
[  734572] ch7 r2 a0: AA CD 4C DB D9 75 D6 B6 AC D3 4B 6B 7B 9D 55 AB 5D 6A A8 BD 57 2D 6C 8D 52 46 AA 4B 65 BA AB 54 
[  734642] ch7 r2 a0: 41 51 94 9B 53 34 49 A1 A8 34 5B 7D 2D 55 19 5A 98 48 B5 50 55 31 36 95 14 59 AA 4E 4D 89 57 10 
[  734713] ch7 r2 a0: C8 56 0A 10 14 DA A4 2B EE B4 A2 36 95 62 9A 55 72 5E 94 54 5A 89 85 42 64 92 05 12 A2 55 53 AD 
[  734750] ch7 r2 a0: 2C 55 4A 56 B5 A4 CD 8A AA A2 95 8E A9 14 1A 9B 53 8C 1A 54 55 A4 A4 16 30 AA 08 99 28 40 00 00 
[  734918] ch7 r2 a0: 95 0B 55 54 10 00 00 00 08 00 02 8D 10 AA B5 8B AF FB FB DE DF 73 FF FE B5 FB B3 97 95 07 6D CB 
[  735072] ch7 r2 a0: CE 49 57 AA 10 01 BD 5A B3 52 F2 F2 B7 68 8C 94 55 59 CA B3 2B 5A AA D5 55 57 55 4E 96 D7 2A AC 
[  735129] ch7 r2 a0: 44 68 45 24 91 4C 86 13 56 9E 76 F5 BF ED 4D F6 FA BD AE AD 48 64 8C 13 AA A0 E8 30 AA A4 46 56 
[  735131] ch7 r2 a0: 04 6D 55 4A 55 99 B2 A7 4D 55 AA B4 AB 81 10 42 42 9B 56 B5 D8 15 74 A5 35 54 4D 80 14 25 1E A1 
[  735160] ch7 r2 a0: 6D 4D 2A 24 07 55 D9 AA EA DA 94 A4 A8 A4 EA 93 52 A0 E6 54 D2 4B A9 5A EA 22 BD 0A 57 51 8C 54 
[  735300] ch7 r2 a0: AA AA AA A5 55 55 55 55 55 55 55 55 55 55 55 15 55 15 55 44 55 0A AA 94 95 49 55 52 A9 55 55 52 
[  735319] ch7 r2 a0: 59 4D AA D5 6B 55 75 4D 77 B9 B6 AD B5 53 5A F7 DB 5F 75 55 B4 EB 69 2C AA AA BD 5F 51 B5 73 16 
[  735344] ch7 r2 a0: D5 54 00 80 00 00 00 00 00 00 00 00 00 40 00 00 00 00 00 00 00 15 28 52 4B 50 CB 54 AA D4 4D 49 
[  735851] ch7 r2 a0: BC 2A 54 85 B6 AE 8A 97 65 1B 5A B6 52 EA DA 9E 9D 57 F2 AD 7B AB 6C E5 97 3A 1A 59 2D 57 BD B2 
[  735857] ch7 r2 a0: A5 11 D5 D2 AD 55 49 D2 A5 4C DA 13 64 B3 55 A8 72 9A 50 A0 1A 94 55 52 D2 94 9B 53 55 6B 57 D7 
[  736184] ch7 r2 a0: 2B 5D AE 59 AE D2 DD 95 69 5B 6F 17 3D 56 B7 0A F5 AB D9 2E B3 B6 58 AB 12 EB 96 6A AB BC 6E 2A 
[  736317] ch7 r2 a0: A2 AA 94 44 E5 54 95 59 64 71 49 52 33 10 C2 B5 02 84 C5 A9 31 02 4A 9D C8 64 AD 64 72 AD 09 24 
[  736335] ch7 r2 a0: 91 52 A7 52 0A C1 10 A8 A5 2A D5 14 A2 21 33 24 54 88 D5 22 92 42 AC AA 0A 48 52 CA 95 A9 15 29 
[  736713] ch7 r2 a0: 82 D5 56 E6 E5 95 5D 92 B4 2A A5 48 B5 54 A6 AD D4 6A AD 68 00 CB 0D 68 8A AE 83 8B 5D 54 B6 5A 

Команды: b (фон), s (скан с нажатиями), c N (канал), r N (0=1M,1=2M,2=250k),
a N (адрес 0..3), f (фильтр), x (XN297 декод вкл/выкл), p (сниффинг старт/стоп), # метка, ? справка
Сейчас: канал 7, скорость 2, адрес 0, фильтр выкл, XN297 выкл, сниффинг выкл

Команды: b (фон), s (скан с нажатиями), c N (канал), r N (0=1M,1=2M,2=250k),
a N (адрес 0..3), f (фильтр), x (XN297 декод вкл/выкл), p (сниффинг старт/стоп), # метка, ? справка
Сейчас: канал 8, скорость 2, адрес 0, фильтр выкл, XN297 выкл, сниффинг выкл
------------------------------
# ON c8

Команды: b (фон), s (скан с нажатиями), c N (канал), r N (0=1M,1=2M,2=250k),
a N (адрес 0..3), f (фильтр), x (XN297 декод вкл/выкл), p (сниффинг старт/стоп), # метка, ? справка
Сейчас: канал 8, скорость 2, адрес 0, фильтр выкл, XN297 выкл, сниффинг вкл
[  737164] ch8 r2 a0: 2B 0B 48 82 4A 14 89 2A A4 AE AA A9 45 09 0A D1 03 4A D0 51 04 A2 43 A5 69 56 9A ED 5A DB 4D AD 
[  737225] ch8 r2 a0: 6B 54 58 D4 D5 0B 59 69 64 4C AD 2B 25 D9 5A 5A BE D5 D6 BA E5 6F 8D D5 2D 25 96 D9 77 5D 6B 49 
[  737510] ch8 r2 a0: 25 53 4A DA BD 6D D7 6F AF EE B5 AD BC 5B 77 DB 65 25 C3 66 D7 74 C7 7A CA A7 BD 5A FE EB B5 5E 
[  737723] ch8 r2 a0: A8 14 34 21 94 84 55 22 8A 22 31 02 3A 20 44 8A 29 05 02 63 84 26 8A 4A 00 8A 00 D2 91 AA 2A A1 
[  737724] ch8 r2 a0: AA AA AA AA AA AA AA AA AA AA AA AA A8 A1 15 55 2A 55 05 2A 4A A8 4A 54 AA AA 2A 90 A8 80 A9 51 
[  737769] ch8 r2 a0: 00 20 08 02 00 02 08 80 51 04 25 20 20 00 16 A1 41 45 55 22 AA 55 A5 22 95 1A 8A AA 1C 8A AC A8 
[  737844] ch8 r2 a0: 21 02 22 A9 7A 92 35 58 4A BB 8D 15 75 57 BB 0A CB 4D 8D 4D 55 B5 AD 9A FA BD 67 ED DF F7 F7 AF 
[  737924] ch8 r2 a0: D2 92 BA AA 2C A5 4A AC 95 28 AA E2 B1 A8 03 42 AA CA 56 AD 56 DA EE E4 9A AE 93 76 DA E8 B5 A8 
[  737984] ch8 r2 a0: AF 57 F6 AE DB 55 5F 6A DA DB 5A EB 56 BD 57 D5 5B DF 6B EF DB DF 57 DD AA EB AB B5 7E BB BB 55 
[  738179] ch8 r2 a0: DA 77 4A 55 16 AA AB 6F DC ED AE 6A E9 64 AB 0C D5 56 8D 1A CA 42 CA A5 44 D0 53 49 55 74 6C 95 
[  738204] ch8 r2 a0: B6 FB 5E B6 D5 6F 75 5D 5B 75 B5 55 AA BA AF AA B7 BE D7 DF B7 DE AF BB 55 D7 57 5A D5 7A BD 6A 
[  738252] ch8 r2 a0: 92 92 8A 95 A5 35 A2 96 93 0A 88 A2 90 D5 77 49 22 52 A5 2B 06 2B 95 DA 59 75 35 56 B4 DA 2A 55 
[  738570] ch8 r2 a0: 2A 01 49 01 29 45 54 AA 42 48 49 22 20 82 84 54 94 FA 55 B9 7A ED 6C D2 8E AD 52 AB 55 2B 5B 5D 
[  738791] ch8 r2 a0: DA 8A 54 8A 33 77 D6 DD 6D D5 FD FE FB E9 7D AA 92 2A A5 BD 27 92 4B D9 1D 5A AA 55 AC B4 F5 50 
[  738795] ch8 r2 a0: 94 98 B5 49 24 90 54 54 98 9D D5 27 4D 48 94 4A 42 A5 7D 65 62 AD 2A D6 DF 12 AD 5A 94 ED 6A 55 
[  738824] ch8 r2 a0: 55 60 62 A8 91 49 54 A8 DA BA BD E1 5D BB B9 57 87 A8 6E D3 B9 55 B5 B5 54 B9 4D 8B E5 55 5A 1D 
[  739018] ch8 r2 a0: 8A 9A AA 9A 2D 20 53 95 42 A1 69 8C C5 57 92 51 71 A9 52 A2 94 CC AB 54 D5 AD 6A DA 4E B7 4D 15 
[  739071] ch8 r2 a0: 95 54 48 55 34 AD 5B 6A B5 56 A3 94 54 D4 D5 BB 34 68 A9 DD 45 B4 AC B6 AA 85 49 DF D5 66 6E B5 
[  739402] ch8 r2 a0: AA E2 60 C6 25 5C 52 94 0D 9B AD 72 A9 9A 94 A8 EC D3 DB CD D6 6A F6 B9 6A AC D2 52 D1 5A AB AB 

Команды: b (фон), s (скан с нажатиями), c N (канал), r N (0=1M,1=2M,2=250k),
a N (адрес 0..3), f (фильтр), x (XN297 декод вкл/выкл), p (сниффинг старт/стоп), # метка, ? справка
Сейчас: канал 8, скорость 2, адрес 0, фильтр выкл, XN297 выкл, сниффинг выкл

Команды: b (фон), s (скан с нажатиями), c N (канал), r N (0=1M,1=2M,2=250k),
a N (адрес 0..3), f (фильтр), x (XN297 декод вкл/выкл), p (сниффинг старт/стоп), # метка, ? справка
Сейчас: канал 12, скорость 2, адрес 0, фильтр выкл, XN297 выкл, сниффинг выкл
------------------------------
# ON c12

Команды: b (фон), s (скан с нажатиями), c N (канал), r N (0=1M,1=2M,2=250k),
a N (адрес 0..3), f (фильтр), x (XN297 декод вкл/выкл), p (сниффинг старт/стоп), # метка, ? справка
Сейчас: канал 12, скорость 2, адрес 0, фильтр выкл, XN297 выкл, сниффинг вкл
[  740163] ch12 r2 a0: 9E AB 5D 6F AA B5 6D AB 5A 01 00 01 21 44 01 D6 6A D5 2A F5 6A B5 6A 52 AA D2 AD DA DE AA 94 A9 
[  740435] ch12 r2 a0: AA 3B 55 E9 4B 52 AA BA 22 34 B7 2B 55 6E AE A6 65 5A EF B6 AD 7D BA C4 9A AA 71 6A AA 6D 63 AC 
[  740466] ch12 r2 a0: 96 E8 B1 30 A1 54 56 91 B0 AE 91 3A 9A 54 53 4B DB 3C 4D 05 55 2D 92 06 8A 94 A3 FD 6D 76 D5 2B 
[  740871] ch12 r2 a0: B5 50 D2 EB 53 D4 EA B9 9D 4F BA 5D 55 5B 6D CA 6A AB 95 96 B4 AB 75 6A 2B AD AC 7D 4B 5B 4D 4D 
[  740947] ch12 r2 a0: 51 A2 8E 44 CA 27 25 51 CA 4A 58 29 AA D2 A2 AB 4A B2 F6 D5 15 69 4A EB 49 A9 67 6E E6 BA F9 3A 
[  740962] ch12 r2 a0: 91 AB 52 AC C5 87 AD FF A9 79 AB 55 D7 EB 57 25 49 99 25 65 AC 2C 74 92 4A A7 21 5D 11 53 5A AA 
[  741013] ch12 r2 a0: 4C 5B 42 A9 3D AB 5B 5B B5 54 0B 74 DD AA AD 13 56 D6 52 AA AE B4 A2 AA A1 5D 34 96 D6 54 E9 0F 
[  741141] ch12 r2 a0: CA 91 52 A6 6A AC A2 AA 94 D1 54 42 AA 6A A9 5B 5B 55 51 5A AD 26 6C AA AB 55 25 92 B3 46 94 DF 
[  741167] ch12 r2 a0: 00 80 00 00 00 00 08 0A 00 20 00 00 00 00 0D 6A A5 2D 2A 55 25 55 57 55 78 D6 AA 94 88 E2 AC 59 
[  741181] ch12 r2 a0: BB 5D 29 CB 62 97 48 A5 2E AA A9 2B C8 6C 29 50 A4 94 24 22 14 55 7B A6 FB FE BE F5 DA 49 8C A9 
[  741449] ch12 r2 a0: C4 A0 A0 55 64 24 2B 24 D2 51 15 03 05 23 2A 51 4A E2 84 25 0A 83 12 91 2A 11 25 16 89 03 48 92 
[  741554] ch12 r2 a0: 8D A4 14 A1 C5 25 66 A9 AD 14 A4 23 53 64 AB 52 DB 57 E1 13 59 7B FF 55 56 BA 9A 65 B1 50 B6 F3 
[  741787] ch12 r2 a0: 02 05 3A B4 BB E9 66 D3 4A D5 EA 5D AC 69 7E AF 6A D5 62 D0 93 3F FB EF FA 98 95 42 AA 50 99 4A 
[  741981] ch12 r2 a0: 93 51 D0 C8 A2 08 30 B5 4A C1 D0 AA 94 88 D6 96 DA A9 6C 2B 14 59 AC 95 4F FD EE FF FF EF FF 5E 
[  742055] ch12 r2 a0: 2A BE 4A E9 95 B5 75 E6 DD 54 A5 7A 9D 59 DA AE FD ED AA 55 6D 65 55 14 B5 2A D9 AB 73 FD BC D6 
[  742185] ch12 r2 a0: 2C 0A C8 15 BB DA AF 5B 55 AA 29 DD 20 50 8D 55 5F B0 56 94 BC 4A 25 2A 8C 8A D5 A9 11 E5 19 5E 
[  742243] ch12 r2 a0: 48 68 08 00 29 11 00 22 D1 40 60 EC 52 D5 54 A4 02 D5 56 69 25 02 AD 0A 93 4C 14 2A AD 0A 88 48 
[  742263] ch12 r2 a0: D5 5B 2A EA 97 5E 57 AC 9D 59 D1 46 65 2A B7 D0 83 6A 54 D5 A0 4C AA 93 B5 88 6B A2 F2 4B 2A F2 

Команды: b (фон), s (скан с нажатиями), c N (канал), r N (0=1M,1=2M,2=250k),
a N (адрес 0..3), f (фильтр), x (XN297 декод вкл/выкл), p (сниффинг старт/стоп), # метка, ? справка
Сейчас: канал 12, скорость 2, адрес 0, фильтр выкл, XN297 выкл, сниффинг выкл

Команды: b (фон), s (скан с нажатиями), c N (канал), r N (0=1M,1=2M,2=250k),
a N (адрес 0..3), f (фильтр), x (XN297 декод вкл/выкл), p (сниффинг старт/стоп), # метка, ? справка
Сейчас: канал 38, скорость 2, адрес 0, фильтр выкл, XN297 выкл, сниффинг выкл
------------------------------
# ON c38

Команды: b (фон), s (скан с нажатиями), c N (канал), r N (0=1M,1=2M,2=250k),
a N (адрес 0..3), f (фильтр), x (XN297 декод вкл/выкл), p (сниффинг старт/стоп), # метка, ? справка
Сейчас: канал 38, скорость 2, адрес 0, фильтр выкл, XN297 выкл, сниффинг вкл
[  742831] ch38 r2 a0: 50 88 D6 28 95 4B 52 89 A8 BA 95 BA 8B 22 EE DB 1D 6D 6A BB 76 7A AB 77 65 75 75 4B 48 A9 AD DC 
[  743164] ch38 r2 a0: 02 90 51 2B 1A 5D 02 A4 25 4B 2D 24 64 30 95 45 DA 8A AD 54 A8 EE DD 55 5B CE 95 55 A9 6A 96 6A 
[  743374] ch38 r2 a0: 5A 94 56 92 50 42 99 18 91 04 04 85 27 51 A9 94 2A 02 96 15 41 55 61 55 54 91 52 A5 81 61 2C B0 
[  743445] ch38 r2 a0: 85 44 A5 B2 AA 9A 95 0A B2 AA 53 2C 4D A4 25 94 94 6B 45 8D AA 42 25 53 65 51 7B 15 52 D2 46 52 
[  743877] ch38 r2 a0: 61 02 00 11 10 90 41 22 28 4A 22 50 12 48 81 28 4C 90 C1 01 08 92 2D 01 48 AA 24 44 44 A1 2D 52 
[  744039] ch38 r2 a0: 44 40 11 52 50 58 A4 12 99 46 A1 29 56 B6 6A 93 CB 5D FB 49 D6 A5 35 55 AE D2 D5 2B BC D4 29 59 
[  744202] ch38 r2 a0: D2 65 54 A2 52 89 26 96 AE BE AD 2A 53 35 2A 59 14 A8 54 85 32 51 3A 50 86 29 99 49 23 A8 B1 5A 
[  744334] ch38 r2 a0: 22 55 26 45 5A 5B 6A B7 6B B9 69 55 4A 62 89 4B 44 9C 92 52 A9 49 41 68 4A 18 08 CA 46 45 52 1D 
[  744392] ch38 r2 a0: FD D2 AB B9 45 D2 21 69 3F 4A A5 8C 2A 15 26 F5 DB 51 5E AC 44 94 24 8A 96 84 52 14 B2 10 51 64 
[  744530] ch38 r2 a0: 25 AC 4D B5 0A B1 6D 88 A9 89 88 50 50 CA 12 29 80 90 52 0A 80 A5 44 2A 52 03 66 54 37 84 8A 94 
[  744802] ch38 r2 a0: 0A 52 55 01 11 54 22 48 04 00 02 20 00 00 80 A4 24 40 50 80 08 09 00 00 20 36 91 EB 58 DD 02 28 
[  744833] ch38 r2 a0: 65 4B 4A 2A B1 22 C2 25 4C 3A A9 C4 51 52 90 52 32 D6 21 29 28 B5 5A 6A D5 94 A4 AA 59 55 A9 E5 
[  744952] ch38 r2 a0: 20 00 20 68 BA C9 5B 4D 2B 2A AA 5A BB 6E CC A8 EA B2 AA CA EE 1D 57 AD B5 0A AA A7 6D 55 2A 55 
[  744985] ch38 r2 a0: 11 6E AD AA AB 72 97 6E B6 9D 13 B5 5E E5 57 0D AB 2D 4F AA AF F5 7A B5 AD 92 C4 59 8B 2A 5A 4A 
[  745028] ch38 r2 a0: 4D A9 2D 52 8A 9D 54 AF D8 ED B9 25 6A AA D5 97 6B 64 95 5C D4 94 9A 72 A9 69 51 6B 9E AD 95 54 
[  745064] ch38 r2 a0: A6 C4 AD 24 97 53 A5 89 29 0C C0 8B A0 0E A4 9A A8 AA A1 C5 2E C8 F5 5B D7 FF FA BB 6D 75 BD DF 
[  745090] ch38 r2 a0: 4A 36 30 EA 90 96 A6 96 68 52 88 82 2A A1 65 54 55 54 05 2A DE 97 2B DB AF BD A1 4A 41 44 29 4D 

Команды: b (фон), s (скан с нажатиями), c N (канал), r N (0=1M,1=2M,2=250k),
a N (адрес 0..3), f (фильтр), x (XN297 декод вкл/выкл), p (сниффинг старт/стоп), # метка, ? справка
Сейчас: канал 38, скорость 2, адрес 0, фильтр выкл, XN297 выкл, сниффинг выкл

Команды: b (фон), s (скан с нажатиями), c N (канал), r N (0=1M,1=2M,2=250k),
a N (адрес 0..3), f (фильтр), x (XN297 декод вкл/выкл), p (сниффинг старт/стоп), # метка, ? справка
Сейчас: канал 39, скорость 2, адрес 0, фильтр выкл, XN297 выкл, сниффинг выкл
------------------------------
# ON c39

Команды: b (фон), s (скан с нажатиями), c N (канал), r N (0=1M,1=2M,2=250k),
a N (адрес 0..3), f (фильтр), x (XN297 декод вкл/выкл), p (сниффинг старт/стоп), # метка, ? справка
Сейчас: канал 39, скорость 2, адрес 0, фильтр выкл, XN297 выкл, сниффинг вкл
[  745753] ch39 r2 a0: F5 44 4A 55 CA A9 56 55 95 05 51 6A AA 5A 92 85 95 DF 57 51 5A AC AD EB 6E BF BB 37 7D AE BD 6B 
[  745786] ch39 r2 a0: 95 4A 29 23 C9 95 AA 9C 52 29 EE D2 84 24 AA A5 2C 88 AB 49 84 A9 46 50 AA 4D 74 96 49 95 26 E5 
[  745828] ch39 r2 a0: 96 95 5A 5D 5A 84 54 D6 A6 6C 4A AC 97 25 0A 35 12 25 57 4A B6 D5 B5 15 BA 5C A9 9A AA 70 C4 0B 
[  745963] ch39 r2 a0: E9 AC D4 2B 52 55 16 3B 85 2F 57 0D 33 4B 91 35 54 6E 4E DA AE 64 AD 5A A5 5C A9 55 59 D5 5A 95 
[  746017] ch39 r2 a0: 69 04 60 AC 60 90 07 92 A8 D6 A6 4A 94 34 A8 42 55 55 5A B6 58 E9 5B 15 6D 49 AB 5C 97 43 A5 55 
[  746125] ch39 r2 a0: 52 11 45 11 21 28 84 A1 1A 54 28 CB 54 92 2A A8 81 2A 51 AA 2A AA C9 62 A0 AD 5B 6F 56 A9 F9 BF 
[  746153] ch39 r2 a0: A4 DA BA F5 EE D4 AB B5 6E DC AA 96 D6 F5 6E BD EF B7 D9 F5 55 B5 BE AF DD 5D D5 56 A5 35 2A A3 
[  746331] ch39 r2 a0: 87 2A 15 6A 92 AA 92 6A 90 82 32 2A D6 56 A1 46 85 2A AA C5 46 26 92 D1 14 11 AA 95 15 58 92 B2 
[  746578] ch39 r2 a0: 80 95 2A 89 48 44 B0 A8 4A AB A5 0A 8A 84 1A 4A 6A 86 95 11 C1 55 92 89 04 81 22 8A 9A 21 0A 2A 
[  746769] ch39 r2 a0: A4 A8 92 A5 08 A9 89 AD 59 33 45 32 A7 55 25 4A 5C AA 96 29 A2 34 CE 51 51 4A D2 44 4A E5 2A 2A 
[  746809] ch39 r2 a0: 54 2B 20 A1 49 56 15 15 65 52 6A 15 62 8B 49 45 29 59 10 A9 22 30 AA 52 B2 06 6C A9 52 92 8B 50 
[  746877] ch39 r2 a0: C5 A2 94 4A 29 69 6B 2D 48 49 56 2B A5 29 68 D2 AB 5D 36 A2 45 55 64 A9 55 F2 A5 57 4A D5 55 B2 
[  747050] ch39 r2 a0: A5 26 08 AA 50 A4 95 B8 B2 55 95 52 4B 2B 68 D5 24 8C 8A 52 A4 AA B2 D9 53 79 40 0F F2 77 EF 9D 
[  747107] ch39 r2 a0: A5 32 29 D2 00 16 09 51 14 6D 12 80 55 EA A6 9D 52 6E AA BE AA B5 E4 BD 2D AA B6 69 63 BD 6D 6A 
[  747231] ch39 r2 a0: C3 42 D5 40 00 4A A5 56 4A 8B 4A CD 15 53 94 1A D6 D3 15 98 92 5B B5 48 BB 65 18 90 AA B5 4A 9A 
[  747254] ch39 r2 a0: CB BA 74 A4 3B 52 42 92 A5 28 D1 5E 80 56 B2 AE BF 2A 9D 9E B4 58 CE A4 97 AD 2F 51 AB 52 AF DD 
[  747647] ch39 r2 a0: 49 9E EB D7 AB 54 A8 D5 A9 AC DE F3 53 55 F2 55 5A BE 34 A1 4A CD 45 6F 45 75 6A B3 B2 AF 5A DB 
[  747831] ch39 r2 a0: 6B 55 52 B7 28 BA 2A 8D 3E 79 DA A9 6A D5 48 AA 95 EF 2A 52 95 E5 65 A6 2D 39 B5 A4 91 5C AB 4D 

Команды: b (фон), s (скан с нажатиями), c N (канал), r N (0=1M,1=2M,2=250k),
a N (адрес 0..3), f (фильтр), x (XN297 декод вкл/выкл), p (сниффинг старт/стоп), # метка, ? справка
Сейчас: канал 39, скорость 2, адрес 0, фильтр выкл, XN297 выкл, сниффинг выкл

Команды: b (фон), s (скан с нажатиями), c N (канал), r N (0=1M,1=2M,2=250k),
a N (адрес 0..3), f (фильтр), x (XN297 декод вкл/выкл), p (сниффинг старт/стоп), # метка, ? справка
Сейчас: канал 40, скорость 2, адрес 0, фильтр выкл, XN297 выкл, сниффинг выкл
------------------------------
# ON c40

Команды: b (фон), s (скан с нажатиями), c N (канал), r N (0=1M,1=2M,2=250k),
a N (адрес 0..3), f (фильтр), x (XN297 декод вкл/выкл), p (сниффинг старт/стоп), # метка, ? справка
Сейчас: канал 40, скорость 2, адрес 0, фильтр выкл, XN297 выкл, сниффинг вкл
[  748290] ch40 r2 a0: 12 44 6A 4D 12 12 AA A6 46 94 A9 33 6A A9 BA 2A B4 65 25 DA 6A 5D 55 52 92 A6 D1 49 8B 50 A7 65 
[  748336] ch40 r2 a0: 53 2A 44 AA 81 12 45 55 2A 83 5A B2 A5 A9 0C 6B 4D 54 AD 0B 28 12 50 A5 58 5A BA 15 25 AD 56 93 
[  748590] ch40 r2 a0: 04 AA 14 00 A4 06 4D 02 42 90 08 01 08 49 06 10 01 04 A4 A4 68 12 A2 34 40 11 52 04 52 12 A0 48 
[  748692] ch40 r2 a0: 08 24 29 51 10 49 15 14 52 00 08 41 12 10 44 A9 42 09 21 02 04 0A C2 2F 97 CB 5B 25 55 03 4F 85 
[  748794] ch40 r2 a0: 5A AE D5 EA 92 A5 4A 54 76 46 8E B7 B5 F5 A7 E5 14 A4 96 55 29 D1 94 56 BA D6 DE 59 6D 4D 68 51 
[  748858] ch40 r2 a0: 2A AD A6 53 5A DA DB 65 4A A2 15 29 94 93 EE AA 59 ED 8A B5 BD 5A 5E 6A 95 AB 52 9A EA B9 2B AA 
[  748900] ch40 r2 a0: 02 80 00 04 00 00 00 01 40 02 00 00 40 10 01 15 21 05 A0 81 68 4C A1 06 80 A2 22 20 47 51 42 12 
[  748917] ch40 r2 a0: 1A AC A4 F5 62 86 81 40 21 11 4A 43 A9 38 6A C6 DB 57 9B AB A2 87 77 D6 CB 5A B5 09 EB B7 2A B7 
[  748972] ch40 r2 a0: 85 47 48 52 AA AA 4A E5 55 49 55 0A D2 A5 2D AA 26 A4 A6 BA 53 2D 16 51 D7 06 76 0D 6F 53 4A A4 
[  749110] ch40 r2 a0: 24 B9 6A D4 AA A9 5E 83 24 AD 58 A4 A4 55 4D 66 4D 36 C6 A9 57 B5 5B 95 55 E9 A9 2A 56 B2 A7 6E 
[  749229] ch40 r2 a0: C8 F4 A2 A8 80 AA A2 C9 44 A5 15 49 49 0A 59 25 56 A3 D2 AD 49 F3 4C A0 2A 50 A2 94 85 AF D4 D5 
[  749468] ch40 r2 a0: 0A 15 00 41 4E 34 0B 48 88 E0 49 59 2A 5C 44 AD 5E 21 8A A2 98 44 2E 09 AA 1D B5 08 CC 69 48 E8 
[  749574] ch40 r2 a0: D5 49 91 36 22 96 BA AA 94 14 25 6D 5B 52 9B 49 35 BA 92 45 AD 59 EB 69 8E FC B5 B7 5C BA 36 6B 
[  749656] ch40 r2 a0: 92 0A 6E 94 B1 09 1A 85 40 A0 54 29 10 80 A1 80 16 25 20 C4 95 02 82 B1 14 41 49 29 34 40 00 45 
[  749724] ch40 r2 a0: A5 56 AB AE E1 D1 3B 55 2E A1 D0 92 4B 49 8C 1B 66 92 45 7D 55 49 4A 6D 17 23 69 11 0B 2A 85 6A 
[  749726] ch40 r2 a0: D1 2B 69 B5 7A B5 CB 4A 2D 0A A9 2A B6 55 B4 A6 B7 7E 55 5D 72 5C B5 4B CD 94 92 A6 AB 85 A9 4A 
[  749737] ch40 r2 a0: 18 2A 12 AB AA B5 32 34 79 D6 49 5B CA BD 94 A4 2A 88 D3 56 EA 55 64 62 94 D5 ED 52 35 29 95 4E 
[  749830] ch40 r2 a0: A4 41 B2 95 5C 91 28 AA 54 A3 B6 FB 2B 4D 5D 5B D6 85 B5 56 85 45 21 95 CB A9 4A 02 D2 7F B9 7D 
[  749962] ch40 r2 a0: A5 24 8A A2 79 BD 52 2A A9 6A 03 54 D4 52 51 22 9A 52 A5 22 92 74 A5 A3 65 10 A3 48 AA DA 58 5D 
[  750017] ch40 r2 a0: 9A 08 06 AD 21 A2 09 05 2B 56 11 52 D5 55 AE 25 A5 6B 3D 55 54 AD 53 74 A2 E6 B2 B5 6A D5 56 CD 
[  750209] ch40 r2 a0: E9 5A A2 AA A2 E5 B7 A7 56 C5 A9 28 AD D6 B5 51 96 5B 54 94 CB 2C AB 75 8B 28 3D AA 56 B5 25 52 
[  750214] ch40 r2 a0: A4 28 9A 58 52 89 35 5A 59 AA B0 3A BC B7 4B D9 5B 6A AA 5B 56 EB AD 12 AB B6 AD 7B 75 AA 55 5A 
[  750240] ch40 r2 a0: 00 BB EA 9D B4 FF DB B5 DE D6 B1 A9 92 4C 52 94 A5 22 B2 46 8C D3 B2 AA B2 73 48 12 A5 1A 5A 2B 
[  750252] ch40 r2 a0: 57 6A 8A 88 96 AE 50 55 02 76 88 4A AA 11 55 69 4C 25 AA 01 69 15 46 0D 59 A4 D4 86 2B 45 55 54 
[  750477] ch40 r2 a0: 26 AC 69 B5 A7 DC A5 4A 59 BA EB 8B E9 2A 43 6B 24 6A D3 54 25 52 9A 07 2A D5 51 5A 95 26 81 44 
[  750576] ch40 r2 a0: 91 2D 2A C5 54 C9 92 90 55 52 94 BE 59 1A 29 A3 49 54 B4 05 29 22 52 55 0C 82 90 4A A9 55 93 62 

Команды: b (фон), s (скан с нажатиями), c N (канал), r N (0=1M,1=2M,2=250k),
a N (адрес 0..3), f (фильтр), x (XN297 декод вкл/выкл), p (сниффинг старт/стоп), # метка, ? справка
Сейчас: канал 40, скорость 2, адрес 0, фильтр выкл, XN297 выкл, сниффинг выкл

Команды: b (фон), s (скан с нажатиями), c N (канал), r N (0=1M,1=2M,2=250k),
a N (адрес 0..3), f (фильтр), x (XN297 декод вкл/выкл), p (сниффинг старт/стоп), # метка, ? справка
Сейчас: канал 42, скорость 2, адрес 0, фильтр выкл, XN297 выкл, сниффинг выкл
------------------------------
# ON c42

Команды: b (фон), s (скан с нажатиями), c N (канал), r N (0=1M,1=2M,2=250k),
a N (адрес 0..3), f (фильтр), x (XN297 декод вкл/выкл), p (сниффинг старт/стоп), # метка, ? справка
Сейчас: канал 42, скорость 2, адрес 0, фильтр выкл, XN297 выкл, сниффинг вкл
[  751102] ch42 r2 a0: AA AA AA 55 2A AA AA A5 55 54 AA AA 81 26 4C 96 14 52 8D 12 24 B0 83 D7 77 FB 69 56 CF F5 F6 F7 
[  751120] ch42 r2 a0: 24 40 0A 19 64 80 49 55 D5 28 15 68 88 8D 42 24 6A A3 AA 52 DA 8F 2A 2A A0 6B 5D 63 24 5A D7 B7 
[  751129] ch42 r2 a0: 7B 53 A2 54 B5 5A 55 4B 90 AA 26 D4 52 D5 2A 62 94 AA A8 95 0A B0 AA A5 C9 48 53 4A 42 92 66 A1 
[  751212] ch42 r2 a0: 52 48 4A 20 22 90 14 A9 12 04 12 02 90 A2 02 48 50 41 49 4A 5B AA 89 64 A7 B5 5A D3 4D 4D A2 B1 
[  751215] ch42 r2 a0: 80 01 6D 75 5A 95 D5 5A AA 96 D6 DB 6F FD D5 CA DD B6 B5 B2 EE F5 55 D7 EB 5A EF 7F FA BC 65 AA 
[  751400] ch42 r2 a0: 94 A3 44 B2 6B D4 06 0B 30 E1 A9 3A CB 68 00 00 00 00 00 00 00 00 00 00 00 00 00 00 00 00 11 08 
[  751685] ch42 r2 a0: 20 94 22 44 85 04 11 50 B0 29 22 21 2A 52 42 28 40 91 12 40 D2 42 02 05 22 C0 88 80 00 21 10 02 
[  751692] ch42 r2 a0: CA 52 A1 AB DA F3 4A AB 55 75 63 55 56 E7 EB 7D BF 5E FC 95 AA F7 BA BE EB AE F5 56 BF BB 5F D5 
[  751718] ch42 r2 a0: 11 10 8A 40 01 0A 40 88 50 49 6E 6E F5 9B 7B F7 7E BD FE FA FF DB D6 9E DF 7E FD DB 4B B6 DF 9F 
[  751747] ch42 r2 a0: 9C 99 56 AB AA 3B A9 2F FF 74 55 6D 31 B5 00 00 00 00 00 00 00 00 02 00 01 00 00 00 09 48 A8 84 
[  751753] ch42 r2 a0: 21 4A 54 A4 09 04 AA A9 09 22 94 18 20 24 AA 96 29 16 B6 B7 57 86 94 A5 AD AB 2D 4B 74 A1 49 45 
[  752015] ch42 r2 a0: 15 4D 5B B0 DD 57 54 C6 DA A5 95 AE 2B 5B AA 65 DB 4F 15 77 CB 44 2A AE 55 A5 4B 51 DE 55 51 75 
[  752061] ch42 r2 a0: 84 88 20 00 00 00 00 42 00 00 00 00 00 80 00 81 00 80 00 10 04 00 00 00 00 40 00 04 04 00 40 80 
[  752072] ch42 r2 a0: 00 04 04 82 35 FA AA 55 2A A5 45 28 52 95 4A A9 0A A4 AA B8 56 85 56 84 13 C2 06 81 1D 86 6A E2 
[  752084] ch42 r2 a0: BB 5A D9 10 49 86 92 95 54 95 55 1B 28 65 D4 AA 1B 55 28 30 62 AF 4B 51 54 B6 F5 54 AA AE 46 55 
[  752156] ch42 r2 a0: 06 36 A4 25 1A A4 1A 28 94 55 42 D2 48 D4 84 D2 B3 30 A4 A4 A5 54 F6 D4 1A 63 99 95 A8 44 E0 54 
[  752176] ch42 r2 a0: 95 67 59 72 D5 57 6B ED 54 A9 2A 45 25 54 A5 2A 90 56 2A 2A B2 5F D2 F5 68 2A F3 21 75 92 65 99 
[  752280] ch42 r2 a0: 6A AA CA AA E9 33 28 52 55 75 D6 15 AE 2A ED 7F FF FE FF FF BF 7B FF FF FF E5 CD 75 13 7E EA 85 
[  752330] ch42 r2 a0: 41 8A 82 A4 66 A6 95 95 2A 55 2D 93 56 C9 54 51 69 13 54 A4 AC AA 4A 0B 4D 2A A5 6B 5B 25 AE B6 
[  752443] ch42 r2 a0: 93 52 97 09 49 28 85 58 EA 0C A6 69 49 4D 45 54 28 6C 96 26 D5 6A 68 2A 22 2D 09 28 A2 95 49 54 
[  752464] ch42 r2 a0: 58 80 0A 91 49 28 2D 04 AA A2 53 5D 53 24 25 49 69 94 08 91 10 4C 6A B4 F5 56 CA C8 BB 5C 5A 62 
[  752492] ch42 r2 a0: 94 A1 82 95 5D 69 9A A5 75 55 56 99 A4 D2 43 AB 4B 74 DD DA B5 BB 54 2D 34 4A A5 2A D4 2A 6A 2D 
[  752630] ch42 r2 a0: A6 DA 92 AB 8D AB 0A C5 C6 B9 54 2B 7A AD 2D 5D 2B 37 55 8C 55 15 6B BD 4D 77 49 BA E2 EF BD 7F 
[  752700] ch42 r2 a0: 15 63 25 51 EA 96 95 27 AA B7 72 EA EA AA A5 AB 72 9C AB 4F 95 8F A4 94 CD D5 55 69 7E B2 B6 EA 
[  752774] ch42 r2 a0: 08 28 01 52 28 1A B1 73 2A D1 29 B9 58 15 31 4C 19 8A B2 96 D5 14 55 AA 03 24 A4 94 A6 02 12 A2 
[  752864] ch42 r2 a0: 04 10 6A A5 4D 43 57 EC 3A A9 1A B2 54 A6 CB 71 58 69 5C 49 52 A2 3A 7C B9 59 5D 72 29 D5 8A 8C 
[  752891] ch42 r2 a0: 54 DA 2A 19 29 6C D7 CA C5 2A A2 55 A8 28 55 52 85 2A AA 5E 9A D2 AD D4 75 4B 5E AE 5A AB 48 8A 
[  753011] ch42 r2 a0: 88 A1 51 66 AD 2A 32 56 55 B2 52 C2 A5 C0 A9 2A 42 42 B4 28 8A 69 92 49 56 D7 AA EA A5 4B 86 96 

Команды: b (фон), s (скан с нажатиями), c N (канал), r N (0=1M,1=2M,2=250k),
a N (адрес 0..3), f (фильтр), x (XN297 декод вкл/выкл), p (сниффинг старт/стоп), # метка, ? справка
Сейчас: канал 42, скорость 2, адрес 0, фильтр выкл, XN297 выкл, сниффинг выкл

Команды: b (фон), s (скан с нажатиями), c N (канал), r N (0=1M,1=2M,2=250k),
a N (адрес 0..3), f (фильтр), x (XN297 декод вкл/выкл), p (сниффинг старт/стоп), # метка, ? справка
Сейчас: канал 47, скорость 2, адрес 0, фильтр выкл, XN297 выкл, сниффинг выкл
------------------------------
# ON c47

Команды: b (фон), s (скан с нажатиями), c N (канал), r N (0=1M,1=2M,2=250k),
a N (адрес 0..3), f (фильтр), x (XN297 декод вкл/выкл), p (сниффинг старт/стоп), # метка, ? справка
Сейчас: канал 47, скорость 2, адрес 0, фильтр выкл, XN297 выкл, сниффинг вкл
[  753831] ch47 r2 a0: 5C A9 30 AA 92 DB 30 D1 A5 F6 54 8A F7 54 54 AC A9 0A 55 69 13 24 96 2B 54 C4 86 B7 82 4B 15 AA 
[  753900] ch47 r2 a0: BE 55 22 B0 84 84 09 20 44 AB 05 60 41 4B 54 92 B5 4B 85 20 95 69 51 25 51 01 2B 56 52 53 1A ED 
[  753954] ch47 r2 a0: C4 56 2C 6A A9 34 51 67 5D 55 56 85 55 0A B5 70 56 15 42 14 48 B1 85 62 54 40 59 22 42 41 42 48 
[  754549] ch47 r2 a0: 93 52 54 9A 2A 23 78 CA 54 0A 25 55 27 48 F6 96 9D 6B 94 AC 6E AA A8 5F 4A B5 95 2D 6E 46 B4 AC 
[  754732] ch47 r2 a0: FF FF FF FF FF FF FF FF FF FF FF FF FF FF FF FF FC 80 00 00 00 54 BA A9 6A A3 54 A8 D0 90 A9 A9 
[  754741] ch47 r2 a0: FF FF FF FF FF FF FF FF FF FF FF FF FF FF FF FF FF FF FF FF FF FF FF FF FF FF FF FF FF FF FF FF 
[  754773] ch47 r2 a0: 55 B5 D0 AA 49 6B 48 51 CB B6 C8 71 21 61 A7 57 68 55 B5 6B 60 CB 26 AF D4 3F 20 4E 24 45 8E 0B 
[  754776] ch47 r2 a0: 6E A7 AD 5B 56 29 F3 D1 55 E9 D5 2A 97 66 C5 4F 7B 4B 2D A5 26 D3 15 9A D2 64 AD AA 16 E5 8D A6 
[  754807] ch47 r2 a0: F7 FF FF FF FF FF FF FF FF FF FF FF FF FF FF FF FF FF FF FF FF FF FF FF FF FF FF FF FF FF FF FF 
[  754873] ch47 r2 a0: 15 AA 0A 8A 25 50 65 24 1D 35 48 02 D2 C4 D0 C5 47 52 C2 6A 4A D0 24 D5 55 A2 85 A0 AF 15 2C A9 
[  754900] ch47 r2 a0: BA 53 52 AC 55 5A 25 35 6D 3D 30 26 D5 4B 09 42 29 55 85 2A A8 C7 56 B0 55 75 2A B5 69 52 D2 63 
[  754966] ch47 r2 a0: E9 6E B2 95 54 AA 95 B5 CD 55 AD 74 C9 32 DA AD 53 21 AA ED DD 57 F2 A6 AD EA 73 AF 7A 6E AF 35 
[  755004] ch47 r2 a0: FF FF FF FF FF FF FF FF FF FF FF FF FF FF FF FE 80 00 00 00 00 00 40 00 00 00 00 20 00 00 00 00 
[  755146] ch47 r2 a0: 28 9B 6B 74 96 9F 9A AE A2 D4 AD CC 55 56 52 6B 54 59 6D AA AD 14 D5 AB 56 DC D2 6A 84 B6 55 5B 
[  755154] ch47 r2 a0: AF FF FF FF FF FF FF FF FF FF FF FF FF FF FF FF FF FF FF FF FF FF FF FF FF FF FF FF FF FF FF FF 
[  755172] ch47 r2 a0: AF FF FF FF FF FF FF FF FF FF FF FF FF FF FF FF FF C8 6A 94 88 25 45 14 95 34 15 91 94 5A 98 11 
[  755198] ch47 r2 a0: F7 FF FF FF FF FF FF FF FF FF FF FF FF FF FF FF FF A6 BA 14 A5 01 2A 80 8E 40 42 51 A4 69 32 15 
[  755269] ch47 r2 a0: 1D D4 9A B5 15 BA B5 39 BA 75 49 AA D5 DA AD 6E 9D 2A A9 C5 2D 44 BA E9 E9 2B B7 F1 6C 55 69 AF 
[  755271] ch47 r2 a0: 46 96 5A 94 55 56 4B E5 29 27 65 49 69 95 53 2F 62 86 54 AA A7 52 5D 4A F8 EB EF A6 A7 60 0A AF 
[  755295] ch47 r2 a0: 68 2A 42 D0 54 12 D1 51 17 FB 63 A5 7A 5D 16 AF 55 EA EE EE F7 6A AF FB FD 3F 55 AA EE 2A F5 BD 
[  755298] ch47 r2 a0: D7 BF FF FF FF FF FF FF FF FF FF FF FF FF FF FF FF FD 4A 98 69 0A C2 06 80 C6 94 A4 A5 14 51 35 
[  755386] ch47 r2 a0: F5 FF FF FF FF FF FF FF FF FF FF FF FF FF FF FF FF FF FF FF FF FF FF FF FF FF FF FF FF 6D 58 D4 
[  755418] ch47 r2 a0: 82 D5 56 E5 52 D5 6A 15 BA B4 0A 66 D7 67 D2 15 4A A2 15 4C A5 3A 54 34 9B 29 53 6B 75 29 5B 49 
[  755490] ch47 r2 a0: 4A 64 B5 6D 1B AE B5 28 B8 35 B4 C2 08 95 52 94 8B 2A 02 2A 4D 53 59 66 B5 AA 7D 69 80 15 55 BF 
[  755567] ch47 r2 a0: A5 64 52 AA D3 17 44 AA 95 49 53 9A 58 94 2A 9A 69 4B B6 79 A6 92 CA AD 59 EE 9A 57 AC C6 B6 B5 
[  755899] ch47 r2 a0: A7 76 EF 2B CF AB 4D 5A B7 64 D5 A9 4A AA 4A C5 D5 54 45 14 82 A3 52 5A 85 6D 55 D4 92 36 8A 25 

Команды: b (фон), s (скан с нажатиями), c N (канал), r N (0=1M,1=2M,2=250k),
a N (адрес 0..3), f (фильтр), x (XN297 декод вкл/выкл), p (сниффинг старт/стоп), # метка, ? справка
Сейчас: канал 47, скорость 2, адрес 0, фильтр выкл, XN297 выкл, сниффинг выкл

Команды: b (фон), s (скан с нажатиями), c N (канал), r N (0=1M,1=2M,2=250k),
a N (адрес 0..3), f (фильтр), x (XN297 декод вкл/выкл), p (сниффинг старт/стоп), # метка, ? справка
Сейчас: канал 48, скорость 2, адрес 0, фильтр выкл, XN297 выкл, сниффинг выкл
------------------------------
# ON c48

Команды: b (фон), s (скан с нажатиями), c N (канал), r N (0=1M,1=2M,2=250k),
a N (адрес 0..3), f (фильтр), x (XN297 декод вкл/выкл), p (сниффинг старт/стоп), # метка, ? справка
Сейчас: канал 48, скорость 2, адрес 0, фильтр выкл, XN297 выкл, сниффинг вкл
[  756527] ch48 r2 a0: 88 2E 44 52 55 4B 1A BA 29 48 14 A6 53 A2 24 A2 4F 2C 02 55 1B 20 26 92 A9 82 29 48 D2 05 55 45 
[  756655] ch48 r2 a0: 84 4D B5 58 A9 45 82 08 B5 55 53 56 B2 68 AA A9 68 D4 59 45 5A 5D 27 55 6D F5 36 4C A8 3D 52 54 
[  756728] ch48 r2 a0: 54 51 98 9A B7 6B 55 35 5D 25 53 46 25 04 52 4A 16 28 A5 2B 52 AC 5A 69 3C EB 5B 56 22 EA 51 53 
[  756791] ch48 r2 a0: 9D 5A A9 5B 69 2D CE AB B5 A5 66 B4 95 55 BB 6D 64 EE AA DA AA 2C CA 5A BB 92 94 9A DC 89 4A 8D 
[  756964] ch48 r2 a0: 54 54 20 89 22 94 08 A8 49 59 85 25 4A 94 B4 A1 56 84 54 0B 84 15 05 AA 42 08 21 B1 48 81 15 B4 
[  757079] ch48 r2 a0: 02 EC F6 FE FF 7A ED F6 FB BB C4 9D 29 54 52 B4 95 6A 49 2D 54 6A 92 D2 AA 55 1A D5 8D 6E 52 A5 
[  757081] ch48 r2 a0: 91 73 60 02 A8 98 15 40 A1 14 C4 B6 A9 35 A9 6B 88 86 B2 DA 55 69 04 92 93 4A B9 46 9D 26 A5 36 
[  757155] ch48 r2 a0: 88 A0 85 24 15 05 32 93 0A E5 2B 4C 4B 25 96 D4 E5 74 45 4C C8 A5 54 B3 4A A9 49 0A A5 2B 54 8A 
[  757162] ch48 r2 a0: 1A 9A 95 15 29 56 AA 48 B4 AE 93 2B 22 93 56 CA AD BA A9 A6 B4 F0 B6 07 43 0C 94 95 A6 96 B5 39 
[  757207] ch48 r2 a0: B1 AF B4 3B 5A D5 AD 75 BA AD 5D 96 55 29 6D AC C3 4E AA D5 6E FF FE DD 6C 5B ED 6E D7 6D D2 AD 
[  757397] ch48 r2 a0: 20 25 49 41 28 48 22 A4 4A AA A5 0A 63 56 B6 D6 95 55 5A AB B6 92 D5 58 2B 6A 81 40 00 00 00 00 
[  757414] ch48 r2 a0: 75 29 4A 89 56 4A AA 6A B5 0A B2 E8 95 55 4A 35 2D 56 45 AA 9D 5B 4B D5 56 57 15 57 5A E6 9B AA 
[  757486] ch48 r2 a0: 86 B3 40 A7 4D DA 9B A3 32 EF F2 54 E8 85 AB BB FF 57 77 BF F7 FF 7F 79 DE BD DB DF F7 EF FF FF 
[  757490] ch48 r2 a0: DA 54 92 40 24 52 94 12 BB 35 29 5A 50 EC 54 55 14 A8 21 48 95 7A A9 28 54 B1 29 A3 FF BA D5 EF 
[  757581] ch48 r2 a0: C9 65 88 B5 52 59 51 D5 6A A5 94 DB 6A 56 AA D3 68 50 14 AB 4B 45 94 22 85 72 94 24 51 AB 65 50 
[  757586] ch48 r2 a0: A8 50 00 42 00 10 40 00 00 80 00 00 00 00 05 48 0A 20 0A 51 56 BE 8F B4 BE A8 0B 9C 9D 29 5A 95 
[  757643] ch48 r2 a0: 0A 94 D5 08 4A 60 C8 29 55 6C 55 DD 6B 96 BD 95 A7 F6 5D 2F 57 29 B9 5A 57 54 5A 69 6C 8E 9A 71 
[  757736] ch48 r2 a0: 95 5E A9 AA E6 04 A5 9A 34 A5 0D 1A 50 AA B4 99 0B 64 B0 4D 33 14 5B 50 94 9A A9 72 36 25 AC 71 
[  757846] ch48 r2 a0: 15 15 35 55 A4 AC 95 36 9B 57 53 54 B9 4A 69 B5 A5 25 0B 35 5C 92 C4 92 AB 26 ED 5F 6E BB FF BB 
[  757868] ch48 r2 a0: 6C 66 AB 48 A2 A1 05 55 B5 A5 75 69 20 CA 8A 4B 3A 57 4D 2A 2A 96 0A 55 5A A5 AD DB BF C1 55 53 
[  757923] ch48 r2 a0: A4 45 49 83 AA 26 D6 8A 6C D4 52 AD 40 55 55 72 D2 DD 91 4A AF 65 B5 55 55 2A A9 29 56 56 AD 2C 
[  757926] ch48 r2 a0: A6 AD AA EA CB 53 AF AE FF FE BA A9 AE 24 B0 92 9D 6B 53 EF 5F 56 DD EB AB AD 5D 5B 04 75 56 CF 
[  757988] ch48 r2 a0: 97 77 AF B4 BE AD DD 46 92 24 B2 93 52 26 94 C0 7B 34 24 BA AD A8 AE DA D5 44 18 A9 49 02 13 48 
[  758224] ch48 r2 a0: 82 4A 44 52 A4 69 31 15 52 51 02 09 50 AC A5 26 2A 29 04 42 05 64 2D 50 90 84 81 D5 4E CA A9 2B 
[  758483] ch48 r2 a0: 54 A1 0A 58 00 A0 49 48 10 26 B1 4A B4 AA 54 5A D4 BD 48 04 A5 25 6D 60 B5 C8 48 66 A9 15 5A 94 
[  758764] ch48 r2 a0: AA B9 DB 6C 55 D2 B5 A5 5E 5E D5 A5 7D 9E BC AE AB 66 A1 23 50 CD 42 61 12 95 BB 2D 49 47 2B 2D 

Команды: b (фон), s (скан с нажатиями), c N (канал), r N (0=1M,1=2M,2=250k),
a N (адрес 0..3), f (фильтр), x (XN297 декод вкл/выкл), p (сниффинг старт/стоп), # метка, ? справка
Сейчас: канал 48, скорость 2, адрес 0, фильтр выкл, XN297 выкл, сниффинг выкл

Команды: b (фон), s (скан с нажатиями), c N (канал), r N (0=1M,1=2M,2=250k),
a N (адрес 0..3), f (фильтр), x (XN297 декод вкл/выкл), p (сниффинг старт/стоп), # метка, ? справка
Сейчас: канал 49, скорость 2, адрес 0, фильтр выкл, XN297 выкл, сниффинг выкл
------------------------------
# ON c49

Команды: b (фон), s (скан с нажатиями), c N (канал), r N (0=1M,1=2M,2=250k),
a N (адрес 0..3), f (фильтр), x (XN297 декод вкл/выкл), p (сниффинг старт/стоп), # метка, ? справка
Сейчас: канал 49, скорость 2, адрес 0, фильтр выкл, XN297 выкл, сниффинг вкл
[  759446] ch49 r2 a0: 94 41 00 A5 41 09 4D 42 80 00 00 00 00 00 00 00 00 00 00 00 00 00 00 00 00 00 00 00 00 00 00 00 
[  759824] ch49 r2 a0: A2 44 48 29 35 34 A7 49 55 15 13 B1 9A AE AA D8 92 C5 45 2A 55 95 0A 15 19 D1 45 22 95 AA 99 5D 
[  759854] ch49 r2 a0: 49 44 A2 ED CD A4 D6 B5 43 54 41 48 95 A0 1A 9B 57 48 3A 8A 54 D2 BF 66 B5 6E A5 55 57 5C 31 25 
[  759899] ch49 r2 a0: 55 CA A6 AD AA 2F 55 4A 2A 8A 64 15 28 4C 94 55 2A 64 94 A8 8A A5 14 A5 4A 94 52 2A A4 A9 56 53 
[  760013] ch49 r2 a0: CC 54 12 62 88 49 10 04 57 A9 A4 94 A1 42 42 8A 44 42 09 24 94 A5 49 08 29 75 50 A9 54 2A 55 AA 
[  760037] ch49 r2 a0: DA BD FD 94 51 D5 AB D5 51 15 50 D0 21 2F 49 08 6A 55 65 A9 4B 4A 94 8B 4A 56 B2 6A 2A 8A 5A A3 
[  760116] ch49 r2 a0: D5 CD 46 9D 55 4A CB 54 AC B1 AA 92 C4 E5 97 DB 74 CA EA A4 E5 D2 A7 55 B5 25 6D 75 B6 F6 AD 7B 
[  760188] ch49 r2 a0: A2 90 8D 40 2D 6B DF FF AF D5 5B FF AE FA FB AA D1 CB 55 52 AA 92 EB 45 A5 A8 A5 64 D1 58 B4 B2 
[  760251] ch49 r2 a0: 34 44 48 94 44 2A 36 AD A0 4D AB 55 A9 26 49 2A A9 5A 34 2B 55 BB 56 B5 2A C7 D6 B2 EB 56 D6 DA 
[  760443] ch49 r2 a0: 90 AB 29 86 A2 12 02 82 41 32 14 A6 A8 CA 22 90 89 32 AC 08 10 9A 92 28 C4 85 4A 92 02 20 D2 EA 
[  760600] ch49 r2 a0: 33 32 38 48 A9 AA 54 D4 E1 0A 96 88 ED 52 85 5A A6 92 08 94 E6 95 48 8A AA AA C2 A2 2A 7B 6A CB 
[  760656] ch49 r2 a0: C9 49 58 9B 49 43 E5 AA AA B6 AA 4A BA 42 8A B5 A5 57 5D B5 D5 97 6D A1 AB 6D BA 9E 53 55 6B 6B 
[  760709] ch49 r2 a0: EB 2A 12 11 29 16 A5 54 A5 12 68 C5 61 A4 8A 6B A9 4A A0 A4 8C A4 88 84 45 55 14 98 D2 C1 59 45 
[  761009] ch49 r2 a0: B9 95 54 A5 8A 9C 73 55 2F 55 51 25 62 91 6D 25 AA AC A9 57 54 9B 49 4A 8A AA 05 4A 96 43 D1 6D 
[  761245] ch49 r2 a0: 55 2A 5A B5 A6 69 12 55 4A 55 52 66 D3 21 8A B6 9A 5A 61 31 88 C0 C2 0A AC A9 A5 21 5D 25 BD 55 
[  761505] ch49 r2 a0: BF DB DF 5B 6F DB 6B 7F 7D EF 33 EB 2F AE FB BD 55 6A EC FD 6F 2B DD D7 76 FE D5 77 6D 9B EB AF 
[  761610] ch49 r2 a0: AC A8 4A 2B 51 14 D6 AB 62 49 22 4B 54 24 2A D6 D8 A3 26 28 90 B4 A9 2C 92 AA 45 51 6B 5A AA D8 
[  761661] ch49 r2 a0: 08 4C 25 10 A9 09 28 04 15 42 52 82 26 12 94 B4 24 85 00 2A 56 CA 52 05 12 9A 44 4E A8 49 42 4D 

Команды: b (фон), s (скан с нажатиями), c N (канал), r N (0=1M,1=2M,2=250k),
a N (адрес 0..3), f (фильтр), x (XN297 декод вкл/выкл), p (сниффинг старт/стоп), # метка, ? справка
Сейчас: канал 49, скорость 2, адрес 0, фильтр выкл, XN297 выкл, сниффинг выкл

Команды: b (фон), s (скан с нажатиями), c N (канал), r N (0=1M,1=2M,2=250k),
a N (адрес 0..3), f (фильтр), x (XN297 декод вкл/выкл), p (сниффинг старт/стоп), # метка, ? справка
Сейчас: канал 51, скорость 2, адрес 0, фильтр выкл, XN297 выкл, сниффинг выкл
------------------------------
# ON c51

Команды: b (фон), s (скан с нажатиями), c N (канал), r N (0=1M,1=2M,2=250k),
a N (адрес 0..3), f (фильтр), x (XN297 декод вкл/выкл), p (сниффинг старт/стоп), # метка, ? справка
Сейчас: канал 51, скорость 2, адрес 0, фильтр выкл, XN297 выкл, сниффинг вкл
[  762176] ch51 r2 a0: 0A 09 28 31 28 05 52 29 54 14 C2 A8 84 22 01 52 9B 29 16 94 62 92 B1 67 78 2C 34 54 0B 15 55 51 
[  762264] ch51 r2 a0: 06 40 24 0B 55 04 EB A9 AB 5E E7 6D 7F 5E D7 DD 4A AD DE ED ED BE DD 56 AD D6 55 5E AD EB 54 D5 
[  762595] ch51 r2 a0: 8A 8A A6 0D 4E D5 A9 35 B5 66 94 93 2B 6A 95 6B 19 1F 4F 69 96 4B 14 B5 2D 33 BA 6A A5 6B B6 E5 
[  762723] ch51 r2 a0: BF 7E E9 BD 57 5D B5 49 5A E7 3A AA D6 D6 5A F5 1A 7A EE B3 AA A9 55 7D 96 BA 95 D5 BD 52 D9 57 
[  762830] ch51 r2 a0: D9 D0 59 DE D7 17 76 FE DA 7D E7 DD D7 FE B7 5B 8D 7D E9 DF CD F5 6D AF 76 AD FB 3D FF 32 BF FB 
[  762876] ch51 r2 a0: 4C 62 F6 AD 65 AA 14 3E EF 7D 5B 3A DB F5 52 BE FF 5B 97 5E A7 AA D9 56 57 DE F1 DA CB 75 B7 3A 
[  762974] ch51 r2 a0: 49 A6 6B 5A 52 D2 D5 A3 12 E3 54 AC AC 9A 85 1A D5 3A 6E 5A 49 57 69 66 2A 92 32 75 D0 A5 2D 5D 
[  763188] ch51 r2 a0: AA 4A 96 B4 80 94 56 89 28 82 A9 45 1A 25 55 5D 7E AA B5 4B 17 5C 94 B9 95 44 55 B5 98 75 25 55 
[  763337] ch51 r2 a0: 35 55 52 A9 35 17 DB 92 55 B5 BA AB 2A 9B AA 95 4A B9 65 45 91 65 1B 6E 52 54 A5 A4 6F 3F 2D 5A 
[  763437] ch51 r2 a0: B4 A5 B2 E3 98 AD 33 56 AA 35 42 B5 54 4F 6C DE 52 AB 55 6A AB 68 5E A4 55 16 5C 6A 9A 54 53 AD 
[  763786] ch51 r2 a0: 5A 6A D1 56 A2 95 8B D5 54 C9 A4 AB 49 55 AF 36 A9 59 DA 66 C6 AC B6 DA 69 4A 96 A6 56 5D 26 7A 
[  764096] ch51 r2 a0: 2E 64 94 92 A9 49 94 88 56 A9 48 2D 4C 44 AA 8B 94 BA 12 76 9D A6 D6 0F 64 CA 24 D4 92 4A 5A BF 
[  764171] ch51 r2 a0: A3 44 AE A8 A8 4C A8 B5 2A 8E 52 09 AA DD 49 5A 46 FA A9 67 49 53 A9 5A 74 95 B2 A8 BD 2A DC AA 
[  764212] ch51 r2 a0: 55 53 29 B5 75 6C DE 59 2A FE BA 6E FB 5D 52 B0 C1 75 3D 49 66 28 B5 5A 42 45 4A 28 A5 AA AD B9 

Команды: b (фон), s (скан с нажатиями), c N (канал), r N (0=1M,1=2M,2=250k),
a N (адрес 0..3), f (фильтр), x (XN297 декод вкл/выкл), p (сниффинг старт/стоп), # метка, ? справка
Сейчас: канал 51, скорость 2, адрес 0, фильтр выкл, XN297 выкл, сниффинг выкл

Команды: b (фон), s (скан с нажатиями), c N (канал), r N (0=1M,1=2M,2=250k),
a N (адрес 0..3), f (фильтр), x (XN297 декод вкл/выкл), p (сниффинг старт/стоп), # метка, ? справка
Сейчас: канал 52, скорость 2, адрес 0, фильтр выкл, XN297 выкл, сниффинг выкл
------------------------------
# ON c52

Команды: b (фон), s (скан с нажатиями), c N (канал), r N (0=1M,1=2M,2=250k),
a N (адрес 0..3), f (фильтр), x (XN297 декод вкл/выкл), p (сниффинг старт/стоп), # метка, ? справка
Сейчас: канал 52, скорость 2, адрес 0, фильтр выкл, XN297 выкл, сниффинг вкл
[  764902] ch52 r2 a0: 20 2C 83 AB 61 53 10 84 84 C6 2D 57 E0 48 A9 24 92 8A B5 56 D5 D6 15 2A A4 66 90 BA 12 8A 61 AE 
[  765035] ch52 r2 a0: A1 44 AD 4A 41 41 56 AA 9B 5A AA F6 75 36 B2 92 67 48 AA FD 9D 6F AB 55 54 59 08 B6 B5 56 55 6B 
[  765270] ch52 r2 a0: 16 55 3F 54 A5 15 51 64 54 94 29 4A A9 55 AD ED 43 EA 55 6D EA EB 56 D2 AD BC 14 52 20 01 12 84 
[  765441] ch52 r2 a0: 50 A0 00 14 A8 05 55 4C 4C 24 4A 54 07 51 BA 96 A4 A8 36 32 94 DF 4A CA AB AA A5 75 5B B5 77 ED 
[  765520] ch52 r2 a0: 94 57 72 BA A4 55 D9 B5 4E C9 54 8F 69 5D 55 49 28 5B 82 A5 52 B5 7D 6E F7 7A 6F 55 55 AB FB 73 
[  765608] ch52 r2 a0: 22 40 00 00 00 00 20 00 00 00 00 00 00 00 02 88 40 40 00 80 80 12 12 A2 A0 29 25 55 D5 EE F6 AD 
[  765779] ch52 r2 a0: 8C 9A 08 92 35 51 4A 24 54 92 49 44 50 49 52 4A 87 4A 94 25 CC 91 52 96 2A 45 5A AB 11 4A 9A C8 
[  765870] ch52 r2 a0: A9 72 A0 85 45 52 94 41 5F 63 CE B2 2A C8 50 95 4A 45 55 BD 48 23 14 CA B1 3A C8 6E 61 25 59 D5 
[  765954] ch52 r2 a0: B5 56 AE 0C B5 36 C5 33 A5 56 A9 7B 4A 55 32 DD 35 37 8B CF 96 75 95 63 55 44 D7 B6 64 A7 57 2D 
[  766072] ch52 r2 a0: 14 5A 2B AA 94 AA 6A 16 D8 AE 4A A9 57 36 AD 6A A9 6A 57 2B 89 23 1B 5B 2A 19 52 EC 92 AA 55 2B 
[  766306] ch52 r2 a0: 2C C2 AA AC 51 29 42 48 81 40 02 2A 84 55 14 BD 72 B5 1A A8 A2 C0 92 44 A2 55 4A A4 A6 25 50 8B 
[  766325] ch52 r2 a0: 82 52 21 40 20 40 0A 22 12 41 35 56 B5 AB 74 D3 77 6A CC 45 6B 2A AA EB 56 CD AD 52 54 D5 69 2C 
[  766335] ch52 r2 a0: B0 51 AA A5 51 35 54 15 5D AB 54 4A 6A A6 D2 8C A5 5A 89 2A AA 21 6B 2A 12 54 84 02 24 92 D5 2B 
[  766432] ch52 r2 a0: 22 24 AA 89 50 08 00 08 00 00 00 80 82 00 89 01 05 00 00 00 80 04 00 80 05 00 00 00 22 00 00 00 
[  766592] ch52 r2 a0: 90 84 96 92 AA CB 4D 15 28 82 5A CA AA 25 69 0D 72 56 A5 55 54 13 2A 09 32 81 62 B6 91 24 4A 13 
[  766778] ch52 r2 a0: B2 A0 D5 12 0A 2C 95 24 89 92 16 A8 92 00 00 44 02 00 00 01 01 00 96 C5 28 B6 A4 88 48 15 28 2D 
[  766792] ch52 r2 a0: 2B A0 54 8C 85 05 50 8A 80 93 20 31 54 AA 99 5B 16 2A 11 06 52 22 32 20 A1 54 86 5F EE DF B7 76 
[  766818] ch52 r2 a0: 20 08 08 00 0A A5 0A 17 55 49 26 BE 95 7E BA AE BD 5B EF D6 D5 5B BE DB D7 7E B7 53 AD AB 75 5A 
[  766921] ch52 r2 a0: F3 75 DC FB 73 53 AF 56 DA BD 6C 95 20 C9 24 4E C9 A7 AC B5 68 F1 56 6A 22 A9 2D 7D AD B6 52 59 
[  766991] ch52 r2 a0: 05 24 34 D4 32 1A 12 48 4C 49 45 D1 45 46 2D 8B C5 52 24 A9 35 39 05 6C 12 55 53 48 61 4A C9 AD 
[  767126] ch52 r2 a0: 25 26 49 54 24 4B 2E 54 95 55 56 A5 A6 4E B4 E5 53 AC AD 77 7D FF 5B B7 EF EF 5A AA F7 DD 5B 59 
[  767152] ch52 r2 a0: A2 94 56 24 CA A8 0C A5 0D 31 14 A3 53 45 2A 2A 26 2B 54 AC 54 64 AD 4C D4 AA 80 AA 9B 4D AA BA 
[  767181] ch52 r2 a0: 13 15 25 29 14 F5 55 52 8E 6A AA 40 95 25 4B 72 8B 50 A5 55 72 DC D5 42 32 94 A5 2B 90 65 49 AD 

Команды: b (фон), s (скан с нажатиями), c N (канал), r N (0=1M,1=2M,2=250k),
a N (адрес 0..3), f (фильтр), x (XN297 декод вкл/выкл), p (сниффинг старт/стоп), # метка, ? справка
Сейчас: канал 52, скорость 2, адрес 0, фильтр выкл, XN297 выкл, сниффинг выкл

Команды: b (фон), s (скан с нажатиями), c N (канал), r N (0=1M,1=2M,2=250k),
a N (адрес 0..3), f (фильтр), x (XN297 декод вкл/выкл), p (сниффинг старт/стоп), # метка, ? справка
Сейчас: канал 53, скорость 2, адрес 0, фильтр выкл, XN297 выкл, сниффинг выкл
------------------------------
# ON c53

Команды: b (фон), s (скан с нажатиями), c N (канал), r N (0=1M,1=2M,2=250k),
a N (адрес 0..3), f (фильтр), x (XN297 декод вкл/выкл), p (сниффинг старт/стоп), # метка, ? справка
Сейчас: канал 53, скорость 2, адрес 0, фильтр выкл, XN297 выкл, сниффинг вкл
[  767574] ch53 r2 a0: 10 B0 16 30 0F C2 B5 A0 44 B5 40 14 24 14 94 94 8A 24 B5 06 94 AA 60 34 44 D5 54 A8 AC 49 8A 88 
[  767590] ch53 r2 a0: 9A 55 12 A1 55 31 25 12 45 55 5F 55 AA D5 D2 AA D5 69 B5 67 96 95 1B D5 6E F6 3D A9 55 5E B5 42 
[  767731] ch53 r2 a0: 51 49 52 25 90 9A 30 AB D4 5A 4F 32 54 3D 55 5D B6 DA AD 5F 58 97 DA 5A B4 CF DD F5 9F 6D 55 48 
[  768003] ch53 r2 a0: 96 A8 4A DA EB D5 4A 8A EA A5 72 B5 6D DA DC B6 53 A5 6A EB 2C AA 4A 6C D2 CD 2A 55 C7 2B DD 10 
[  768048] ch53 r2 a0: 4B 6A B6 96 2C AA 52 53 2A A1 3B A7 73 34 D5 28 D1 55 35 69 52 D2 52 EC A2 12 81 25 0E 91 50 C8 
[  768104] ch53 r2 a0: D0 9A AC 35 95 A4 92 A9 04 95 14 88 26 8B 15 84 B8 CA 8A 41 48 05 AE 55 D4 8A 94 A3 74 C2 4A CD 
[  768330] ch53 r2 a0: CB 49 4D 35 2A B4 4A 55 54 18 49 5B 94 04 A0 B6 4A D2 9A A5 48 C9 57 5D 51 AB 6A AD 4A A9 32 AA 
[  768479] ch53 r2 a0: 31 55 45 91 39 84 50 C0 21 75 59 79 56 AA 0B 5A 2D A9 52 A8 45 22 A9 65 4D CA 16 C2 8A 8A 8A 44 
[  768781] ch53 r2 a0: 92 D4 81 56 94 B6 30 85 62 CA A9 90 57 52 A5 44 A4 E9 AA 96 68 DA CF 56 D1 15 AA 29 49 66 D5 9A 
[  768986] ch53 r2 a0: A8 A9 62 A8 A8 AD 92 B5 55 A0 55 A7 74 58 55 A5 35 A1 55 FA B5 4B AE D7 5B 68 99 34 91 B0 55 97 
[  769021] ch53 r2 a0: C7 4F 58 90 FA A5 D6 7B D5 15 56 BA BD FA DB 56 A9 AF 59 D5 5D A5 BF E5 AA DB 57 57 6B 5D EA AD 
[  769080] ch53 r2 a0: 2D 55 2D 51 A9 36 D4 F6 95 22 31 55 9A 60 45 48 A8 AE D5 97 D2 AF 4F 6C 92 9B D5 A9 61 69 6B 75 
[  769203] ch53 r2 a0: 8A 86 88 08 88 22 88 80 48 2D 04 00 04 21 88 A1 04 42 A0 80 84 88 50 44 00 10 20 84 0A 48 81 00 
[  769263] ch53 r2 a0: 14 11 13 15 45 60 4C A4 25 24 3A A4 C2 55 54 A3 6A B9 49 A9 8A 59 29 3F 4C 42 91 52 AA 84 A8 F2 
[  769294] ch53 r2 a0: A2 A4 AB 34 95 55 95 6A A5 A5 54 94 AE 20 A5 56 AE 5D CD 56 56 75 55 0B 14 A4 4D 73 0A 86 1A B5 
[  769311] ch53 r2 a0: A4 AA A8 A2 94 32 C6 A0 C2 A8 A2 1B 52 A9 29 54 50 8A A5 C9 05 46 B4 A4 A5 4D 56 AA A9 75 33 0A 
[  769368] ch53 r2 a0: A2 A9 69 51 52 55 52 B4 15 5A D2 C1 AA 17 4D 42 4A 6A C6 92 C9 53 6B 81 14 51 04 14 4A 65 24 15 
[  769555] ch53 r2 a0: 55 8A 04 54 81 44 4A 00 AA 28 0C 9A A5 22 52 C4 82 29 54 49 24 28 C0 44 A1 0A 51 4A 88 10 94 80 
[  769561] ch53 r2 a0: 84 90 85 AA 12 02 58 11 20 52 B4 09 94 A4 92 15 B6 50 18 A2 D1 29 93 95 14 A5 EE F5 EA 56 AA EA 
[  769614] ch53 r2 a0: 04 50 12 AE 6B 3A 52 1A B6 A2 85 29 B6 ED 5A 56 B3 52 9D 50 E8 14 05 A9 49 55 68 A9 5D 55 65 A5 
[  769643] ch53 r2 a0: 45 32 19 15 15 59 55 20 8B 51 5A 59 FD 8C B5 AB 4D 55 56 D4 6E B5 5A AA ED 5A D7 2D B5 B9 D3 6A 
[  769657] ch53 r2 a0: AA AA AA AA AA AA AA AA AA AA AA AA AA AA AA 52 AA AA A4 14 84 92 8A 15 F4 C9 B6 AB 6C AD 6C 62 
[  769896] ch53 r2 a0: 94 05 11 50 C3 4F F5 6A 55 55 55 55 55 55 5F FF A0 00 00 00 2F B5 52 0D 08 27 84 0D 0C 3B 0C D5 
[  769984] ch53 r2 a0: 12 85 34 54 4A 95 3B 45 65 7D 63 35 95 76 75 56 EB 34 5A 32 AE 5B 33 A6 AC AE 55 AA 55 2B 2C B4 

Команды: b (фон), s (скан с нажатиями), c N (канал), r N (0=1M,1=2M,2=250k),
a N (адрес 0..3), f (фильтр), x (XN297 декод вкл/выкл), p (сниффинг старт/стоп), # метка, ? справка
Сейчас: канал 53, скорость 2, адрес 0, фильтр выкл, XN297 выкл, сниффинг выкл

Команды: b (фон), s (скан с нажатиями), c N (канал), r N (0=1M,1=2M,2=250k),
a N (адрес 0..3), f (фильтр), x (XN297 декод вкл/выкл), p (сниффинг старт/стоп), # метка, ? справка
Сейчас: канал 54, скорость 2, адрес 0, фильтр выкл, XN297 выкл, сниффинг выкл
------------------------------
# ON c54

Команды: b (фон), s (скан с нажатиями), c N (канал), r N (0=1M,1=2M,2=250k),
a N (адрес 0..3), f (фильтр), x (XN297 декод вкл/выкл), p (сниффинг старт/стоп), # метка, ? справка
Сейчас: канал 54, скорость 2, адрес 0, фильтр выкл, XN297 выкл, сниффинг вкл
[  770374] ch54 r2 a0: 8A AE 8B 4D 23 5A AA 9A 4B 55 32 E1 55 2E B5 26 B7 15 8B 6F 2A 54 CD 5A A7 52 96 3B 0E B2 B5 28 
[  770477] ch54 r2 a0: 95 2C B4 55 51 52 D9 49 D5 24 CD 55 42 2B 72 AA 46 B6 AC AD 55 57 B4 D9 B2 2D F2 CC DF 70 D5 95 
[  770619] ch54 r2 a0: 11 0A 80 43 15 6A F6 56 B5 55 A7 4B 29 50 B5 70 AE D5 69 7A AA AD D5 4C AE 9A B5 B2 52 B5 AA DB 
[  770638] ch54 r2 a0: 25 59 59 A9 34 2A A4 33 AA A5 22 C8 C6 B5 35 D5 4C AA D9 69 3A A7 5D 52 6B 2A BA 91 5D 55 35 4A 
[  770693] ch54 r2 a0: 22 15 05 25 41 46 89 14 42 55 51 04 11 52 82 52 5B 15 29 32 A2 4A 82 20 55 4A A3 A4 89 23 50 05 
[  771121] ch54 r2 a0: A9 DD A6 D6 96 AA EF 5D 6C AC 62 B1 68 ED 6D D4 AA 5B 35 59 6A 55 D5 EB B5 A4 D2 69 BA B9 BF FF 
[  771324] ch54 r2 a0: 95 2A 75 57 C8 D4 A5 EA B7 49 6A A4 B2 AA 5E AB 6A 2A B4 8A 4D 66 55 C4 AB 8D 6A 96 AD 0D 79 61 
[  771488] ch54 r2 a0: 25 15 56 22 A9 54 49 2A BD 55 42 AA AA 2B 53 41 45 EA B9 D9 00 01 62 05 DC BB 55 2C 99 AE 4A F4 
[  771858] ch54 r2 a0: 08 08 00 01 00 8C 09 00 00 00 00 00 00 00 00 00 00 00 00 00 00 00 00 00 00 00 00 88 84 4A 90 10 
[  771929] ch54 r2 a0: 11 56 59 29 20 04 26 A9 2C 5A 51 0B 33 02 46 A2 AA A9 5A 7D EB A5 EA 76 BB 4D 79 2A AA B7 F6 F6 
[  771938] ch54 r2 a0: 04 89 08 A1 41 7A B5 12 53 88 A4 8A 92 94 B1 25 49 26 6A 4A B1 CB 65 BA AC E8 4C E4 AD 92 D2 A5 
[  771994] ch54 r2 a0: 44 9C 49 49 14 6C 91 D6 AD 24 48 9B 90 95 55 29 4D 29 34 15 29 4B 12 A9 8A A8 A7 A6 EB 69 26 DB 
[  772001] ch54 r2 a0: A5 4D C5 25 13 6A 9A A4 54 B4 A4 54 16 2A 48 44 8A 22 AA D1 22 CA 05 2B 54 77 54 75 8C AB 65 B5 
[  772051] ch54 r2 a0: A0 05 2A 10 28 05 08 50 92 02 15 04 AF 32 D2 8A CB AA D6 25 1D 2A AD BB 69 A9 94 B4 95 53 DB F5 
[  772105] ch54 r2 a0: 29 35 2B 5A 96 27 5B 63 55 68 AC D1 52 A1 48 90 20 00 00 00 00 00 00 00 00 00 00 00 00 00 00 00 
[  772106] ch54 r2 a0: 89 68 56 25 14 D5 55 6D 59 55 45 55 AA 7A AC AD 45 5A B5 4E B6 55 2F 5A 77 AA 54 A0 4A 29 44 AD 
[  772268] ch54 r2 a0: BB 40 52 A5 92 88 08 A5 A3 56 05 9A 9A B1 6A BD 35 AC AB AD 11 4A 14 94 94 AA 94 A9 21 52 D1 5C 
[  772687] ch54 r2 a0: AA 2A 4C A5 B5 5A A6 DA B6 92 C5 5A 50 AA 0A A5 52 85 A4 16 E9 4A D7 52 A1 55 53 49 5B 50 0A C8 
[  772747] ch54 r2 a0: 52 25 2C D4 D2 44 4A 4C 24 88 AC CC E4 DE D6 B7 75 68 95 2A 6E AA 82 AE AD 4B 53 B5 54 A7 11 2A 
[  772750] ch54 r2 a0: 01 4A CA E2 54 AB 9E 92 AA B4 B5 75 AE B6 6D 39 AA D6 2E CD 3A AE A9 55 D6 AE 91 65 D6 A3 0B 88 

Команды: b (фон), s (скан с нажатиями), c N (канал), r N (0=1M,1=2M,2=250k),
a N (адрес 0..3), f (фильтр), x (XN297 декод вкл/выкл), p (сниффинг старт/стоп), # метка, ? справка
Сейчас: канал 54, скорость 2, адрес 0, фильтр выкл, XN297 выкл, сниффинг выкл

Команды: b (фон), s (скан с нажатиями), c N (канал), r N (0=1M,1=2M,2=250k),
a N (адрес 0..3), f (фильтр), x (XN297 декод вкл/выкл), p (сниффинг старт/стоп), # метка, ? справка
Сейчас: канал 55, скорость 2, адрес 0, фильтр выкл, XN297 выкл, сниффинг выкл
------------------------------
# ON c55

Команды: b (фон), s (скан с нажатиями), c N (канал), r N (0=1M,1=2M,2=250k),
a N (адрес 0..3), f (фильтр), x (XN297 декод вкл/выкл), p (сниффинг старт/стоп), # метка, ? справка
Сейчас: канал 55, скорость 2, адрес 0, фильтр выкл, XN297 выкл, сниффинг вкл
[  773149] ch55 r2 a0: 1A 8C 4D 02 A2 0A 87 1A 8A 44 52 A0 A5 15 88 CA 85 15 AA DD A4 D3 F5 3E EF 9D 77 66 BF 76 AD 75 
[  773343] ch55 r2 a0: 28 45 55 7B 65 73 2A 5B 55 AA DA B6 B7 1A D6 9A 8D 56 D5 AE FA B3 95 DA 9C 53 29 22 25 5A AE AB 
[  773475] ch55 r2 a0: 48 9A 55 AA 92 AA 44 25 48 22 24 1B 2A A9 26 4D 6D 44 B5 4F 79 76 54 D4 30 84 0C 4A 58 06 08 14 
[  773476] ch55 r2 a0: 29 55 88 62 48 4A 84 48 88 42 36 A5 50 76 22 AA 52 ED A5 54 65 4E 4D 6C D6 95 B5 AB 4C EA B4 6A 
[  773950] ch55 r2 a0: 44 CE 0A 54 8C BA 51 A9 09 BB FA C5 BD 55 55 53 EB ED DD AB 56 AD 43 D5 5D 8A AA 5C AA 37 D5 4A 
[  774029] ch55 r2 a0: 27 54 C9 4D 5A AA E3 AA B7 52 EB 24 96 D7 9E F7 75 6D 6F 5F DB F7 DB D7 CF AB 75 3D 7E BD FF FF 
[  774035] ch55 r2 a0: 8E B5 D8 E9 3A C4 D5 AF 4F 54 7A 2A 76 54 AB BA BD 35 D2 B7 5A D6 D5 6A 91 6B 55 36 51 D2 19 24 
[  774128] ch55 r2 a0: A9 61 02 8A AB 1A A6 31 02 A6 B5 AD 75 55 86 12 54 CA 85 7D E5 6A 53 D0 E4 A1 95 A4 A5 2F 8A A5 
[  774148] ch55 r2 a0: 91 0B 24 AD 52 D1 26 4A B5 55 7B AD EB A1 6A 8A AD 16 4B B5 B1 CD 5B B5 67 D7 75 5B D6 D6 F3 DB 
[  774214] ch55 r2 a0: 17 55 24 5B 49 51 2A A9 25 48 AA AA D2 55 4D 2A 29 59 85 25 92 08 DA 2A AB A6 AA 9A EA A9 52 90 
[  774337] ch55 r2 a0: 9A 54 5B 55 52 6A FB 88 2A A8 5A CA 33 A1 55 3A 4A D5 95 32 D2 EA 5A A6 D5 5B B7 49 31 B5 AA 55 
[  774418] ch55 r2 a0: 56 92 55 6A 28 EA AA 55 48 55 62 AD A5 2D 35 31 29 D1 2E B8 B6 6B 6D 4D 2A A5 D2 6D D3 52 AA 6A 
[  774517] ch55 r2 a0: 93 8E 5A 4B 25 EA C7 22 AA BB 2B 3E E8 12 55 15 8B 61 95 AA 55 5F 4A 9A D4 AA AA C6 AA B2 12 9C 
[  774802] ch55 r2 a0: 35 4E B6 B1 58 A9 62 86 B4 65 34 55 41 10 AB 54 43 94 A5 56 AB 52 C9 CB 55 55 57 53 D5 79 EE DD 
[  774812] ch55 r2 a0: E9 A4 2A 93 13 69 35 55 9A 89 54 74 19 4A 94 A5 32 C2 81 34 AD 58 93 55 DA AA B4 95 6A 92 34 2E 
[  775087] ch55 r2 a0: B2 41 62 52 AB 12 AD D2 13 52 AF E1 45 A2 4D 65 56 9B 4B B9 11 51 52 AD 7B 58 B5 56 D2 12 6A A5 
[  775281] ch55 r2 a0: 2C 00 21 20 24 C3 34 24 A4 24 18 AA 91 28 AA 49 46 14 42 B1 36 D6 DD 5A 55 D7 A6 54 9F 57 35 52 
[  775293] ch55 r2 a0: 2C 6B 21 25 54 AA AC D6 49 D1 49 13 A8 A9 A1 2C 36 BA 9A 94 B5 59 54 AB 4D A5 6A C7 55 22 0A 5A 
[  775428] ch55 r2 a0: 91 28 AB 12 94 12 55 2A 32 45 32 44 95 15 51 52 96 98 80 49 20 04 E3 09 2A 97 55 54 A5 CE D2 89 

Команды: b (фон), s (скан с нажатиями), c N (канал), r N (0=1M,1=2M,2=250k),
a N (адрес 0..3), f (фильтр), x (XN297 декод вкл/выкл), p (сниффинг старт/стоп), # метка, ? справка
Сейчас: канал 55, скорость 2, адрес 0, фильтр выкл, XN297 выкл, сниффинг выкл

Команды: b (фон), s (скан с нажатиями), c N (канал), r N (0=1M,1=2M,2=250k),
a N (адрес 0..3), f (фильтр), x (XN297 декод вкл/выкл), p (сниффинг старт/стоп), # метка, ? справка
Сейчас: канал 61, скорость 2, адрес 0, фильтр выкл, XN297 выкл, сниффинг выкл
------------------------------
# ON c61

Команды: b (фон), s (скан с нажатиями), c N (канал), r N (0=1M,1=2M,2=250k),
a N (адрес 0..3), f (фильтр), x (XN297 декод вкл/выкл), p (сниффинг старт/стоп), # метка, ? справка
Сейчас: канал 61, скорость 2, адрес 0, фильтр выкл, XN297 выкл, сниффинг вкл
[  775961] ch61 r2 a0: BC D5 B2 88 A5 50 62 CC 8D E5 A2 94 B9 9E 46 97 41 B6 45 6A 56 69 44 EA 6A 1A AA D2 69 53 BD FE 
[  776201] ch61 r2 a0: 55 4B 1F AE AB AA B7 65 B5 6F 6A 9C AD 6A D9 59 6F 14 DE A4 B5 49 34 B7 6C EF 55 7A 7D 56 4A 5F 
[  776235] ch61 r2 a0: 97 48 55 55 5A 93 48 9A A5 6B 4A 8A A5 5B 54 DD 53 97 B5 77 5D AD 1A A2 4D 2F A2 A9 4F 56 A2 AA 
[  776268] ch61 r2 a0: A0 8C A6 8C A1 2A 0A C4 B5 01 42 D9 55 A8 92 16 AB 2C B5 6A 4A A5 4B AA AB AD 52 96 AE 9B 54 9D 
[  776315] ch61 r2 a0: 88 21 1A 28 A0 AA 44 48 55 A0 8A BF B9 B5 99 F6 BD 6E CD AB BD FC A7 7A BD 75 AA F5 2A 8A 4D 52 
[  776355] ch61 r2 a0: E1 2D 3B 95 45 11 42 CA D2 AA 61 53 4A D6 A5 28 B5 0D 74 A7 49 52 18 85 4A 50 A8 D4 A2 C5 4D 2A 
[  776417] ch61 r2 a0: 42 10 01 58 A9 2A 43 48 65 44 91 11 22 2B 45 11 4A 94 93 31 AD 55 22 98 A4 88 15 22 2A A5 9A 8A 
[  776448] ch61 r2 a0: 3E BB A9 5B 57 FF FF FB BF FF FF FF DD EB 7D EA AB FD 76 E7 56 DA B4 DD F5 63 A5 1A 6A 55 EA AD 
[  776460] ch61 r2 a0: 58 B8 BD 2D 6D 7B DA DB AB 58 89 6B 2A 56 A2 A9 26 89 23 4C 2E 52 28 80 AE F6 98 AB 7A 95 4A AB 
[  776469] ch61 r2 a0: 78 14 B4 94 89 A8 4D 55 24 85 57 59 44 90 54 4A 95 27 AD AA 6B 59 4B 05 EF 4B 8B B2 AA EE EB DA 
[  776529] ch61 r2 a0: 56 14 62 C2 AA AA 94 B3 8F F2 79 5A AA 8F 16 AA AA 49 95 55 55 57 24 94 96 B6 AA 64 99 73 BD 76 
[  776632] ch61 r2 a0: 39 24 6A 49 50 B7 5A B6 EC 4B 76 B9 9B 2A AD 55 AD DA EE 55 6C CA AA A4 A4 AB 6D 56 B6 A2 B5 B5 
[  776771] ch61 r2 a0: 84 00 12 14 0A 32 03 08 4A 8A 0C 32 12 C5 20 A3 04 92 20 94 00 91 34 40 A5 12 91 0A 12 10 44 00 
[  776779] ch61 r2 a0: A8 21 6A 2D 4D 11 48 30 A5 40 A6 A5 45 49 D6 A2 A9 58 25 51 75 56 B4 4A 75 CE AA B5 58 A4 54 5B 
[  776887] ch61 r2 a0: 99 AC 9A 84 65 41 AC AA 6A DA 5A 25 45 D2 95 D4 AA AC 72 9A 28 64 A9 A9 0A 91 1F FF 9A 55 2D 46 
[  776901] ch61 r2 a0: D1 BD 55 56 C3 6B AA 26 EF B6 AF D0 AA 4D 0E D7 B1 DA A5 43 D4 AD 6A B9 45 5B B3 54 AB BB F5 F5 
[  777132] ch61 r2 a0: 42 2A 4C C2 E9 15 55 96 96 48 B2 21 55 8A 26 84 A2 54 A8 A2 57 53 A4 AA 6D AD 8A 57 6A AE B4 A9 
[  777254] ch61 r2 a0: 45 2C C1 B4 54 AB 76 D1 2A A0 AA 85 55 2C 62 89 0C A0 BA DA 52 0A A8 82 60 D5 22 07 36 96 45 52 
[  777549] ch61 r2 a0: BD AD B5 CA A4 61 52 D1 50 28 64 56 AA D4 AA 59 6A D1 95 D6 54 12 B5 2A B1 5C B5 2D 75 35 D5 8D 
[  777600] ch61 r2 a0: 15 43 48 68 A0 11 45 14 AA B3 09 55 2A CA AA A5 25 69 AD 2F 22 96 05 98 29 49 13 54 AC EA 56 9A 
[  777653] ch61 r2 a0: 65 2A 56 54 24 54 5A 20 68 41 5B 54 AB 69 2B 2D 56 5A 12 D5 29 29 B5 61 2D 6A 85 56 45 95 05 68 
[  777729] ch61 r2 a0: 5C 52 AE 59 9A 54 95 2A 0D 54 AD 4A D4 EA A5 95 55 23 49 4A AA B1 2A B4 AA 83 56 D5 CD 42 B5 4A 
[  777730] ch61 r2 a0: AF 55 55 B9 44 9D 2D 32 49 9C F4 D6 B2 AC D5 12 B5 55 4B 55 CA 6A F6 6E 2D 35 EA 9B 73 A9 76 72 
[  777876] ch61 r2 a0: 4A 93 5C A9 4D 91 65 14 E6 94 2A 78 C1 24 55 4A B1 69 65 45 35 34 4E 89 10 A4 6A 22 42 42 43 54 
[  778005] ch61 r2 a0: CA AA 32 B4 E4 54 AA D4 95 29 66 A5 A8 55 CA DB 4D 54 B5 2A AA AB 4B 55 58 82 55 4A 53 89 29 5E 
[  778168] ch61 r2 a0: AB 5A D3 AD 75 53 6A 09 18 D4 97 15 24 48 22 94 0D 21 03 69 61 28 DD 2B 6A AD 4D 14 42 40 40 A1 

Команды: b (фон), s (скан с нажатиями), c N (канал), r N (0=1M,1=2M,2=250k),
a N (адрес 0..3), f (фильтр), x (XN297 декод вкл/выкл), p (сниффинг старт/стоп), # метка, ? справка
Сейчас: канал 61, скорость 2, адрес 0, фильтр выкл, XN297 выкл, сниффинг выкл

Команды: b (фон), s (скан с нажатиями), c N (канал), r N (0=1M,1=2M,2=250k),
a N (адрес 0..3), f (фильтр), x (XN297 декод вкл/выкл), p (сниффинг старт/стоп), # метка, ? справка
Сейчас: канал 71, скорость 2, адрес 0, фильтр выкл, XN297 выкл, сниффинг выкл
------------------------------
# ON c71

Команды: b (фон), s (скан с нажатиями), c N (канал), r N (0=1M,1=2M,2=250k),
a N (адрес 0..3), f (фильтр), x (XN297 декод вкл/выкл), p (сниффинг старт/стоп), # метка, ? справка
Сейчас: канал 71, скорость 2, адрес 0, фильтр выкл, XN297 выкл, сниффинг вкл
[  778576] ch71 r2 a0: A4 6D 4A 2C AA 11 2A AB 55 69 56 B5 56 AA 6B 55 55 55 52 05 02 89 01 55 A9 A4 AA D2 94 45 12 AD 
[  778877] ch71 r2 a0: A0 12 45 24 29 A0 49 21 20 96 48 A8 90 84 86 B6 AB 6C AB 6A 9A EE AD 95 CD 59 14 89 4A D6 15 55 
[  778891] ch71 r2 a0: 95 4A 11 29 74 85 56 4B 9D 9A C9 55 7B 55 12 50 8A CA A6 10 A9 67 44 B5 45 49 54 AB 76 52 4A E5 
[  778897] ch71 r2 a0: AC 8D 7D 5A A5 4D 35 54 EA 77 AA 92 61 65 25 AA D3 25 79 25 62 16 90 56 E8 D6 B5 4A A9 51 55 EA 
[  778905] ch71 r2 a0: 95 34 56 56 D6 99 9E AB F4 2A 94 DF 36 D9 2A 57 4A 96 59 2D 6A 52 34 96 B8 82 25 0A A4 A2 A2 EA 
[  778923] ch71 r2 a0: 0B 0B CA 9B 25 92 E7 2D 09 0A 9E 55 60 A8 1B 6C D6 C9 41 D6 48 59 20 D2 15 4A CB 6A 94 AB B5 AD 
[  778995] ch71 r2 a0: BB BF 7F AF FF AF FE FF EF FF FF BF FF FF EF FF BF FF FE FF FF EF 14 EB B8 55 B5 57 53 76 CE 9B 
[  779005] ch71 r2 a0: 2A 99 13 69 AA 2A 55 B5 6E 0A CB 75 52 B1 6D B4 A5 64 55 81 94 22 2A 98 4A A4 54 A3 46 45 D8 54 
[  779129] ch71 r2 a0: 51 20 8C 59 5B 10 8A 81 55 40 A5 20 8B 55 22 84 29 52 F5 54 D4 AC 4A 90 A9 55 2A D7 29 13 34 80 
[  779291] ch71 r2 a0: 96 C9 70 22 A4 A9 4D 45 35 54 AC A9 22 2A CA 05 EA 94 8C 24 41 C2 24 90 35 00 80 10 A2 97 45 4A 
[  779301] ch71 r2 a0: 4D 5A 1A B4 E9 55 15 48 2C 96 35 56 69 49 55 34 C9 9B 72 AD C2 55 4B 1B 53 6C 99 0C 4A AA CD 6B 
[  779530] ch71 r2 a0: A1 2A 50 10 94 03 56 47 B1 02 91 35 29 69 14 04 2A 24 B4 A9 FF FF FC 02 6A B5 25 20 A7 DA 24 09 
[  779542] ch71 r2 a0: C2 A9 10 EE 2D 33 B7 B6 DB AA B7 BD 79 74 29 25 57 F7 DE ED D5 3E BC 4B 65 D6 D6 A5 A4 AB 57 3B 
[  779560] ch71 r2 a0: 58 15 4C DC 30 8E AF A5 59 91 35 A5 75 6B EB 14 11 95 44 AC 96 94 AA C9 59 2A AC B6 D5 A8 3F FF 
[  779659] ch71 r2 a0: C2 A9 5B 1A 76 A5 73 BA E2 A4 B2 92 54 15 41 02 D5 19 4C 53 39 25 0B 92 94 8A A4 95 08 A6 AA 05 
[  779762] ch71 r2 a0: B6 B2 AA 55 E5 B2 A0 A5 A8 2F 74 15 64 51 FA DD 6D 66 71 85 6A AD 56 E4 BA AB 69 4E A4 37 6C 95 
[  779787] ch71 r2 a0: CA CE 59 2A 8B 72 B5 2A C1 42 94 AD 55 45 AA 92 95 74 A8 A5 D4 EC AD B5 AB 5A C7 29 69 52 6A D9 
[  779866] ch71 r2 a0: 92 40 91 2A 91 52 B5 AA 21 B5 53 59 56 A5 2A 54 A9 52 05 55 96 49 8A 55 54 B5 58 B3 A5 2E 6A 61 
[  779892] ch71 r2 a0: 8A 54 D1 29 85 42 44 7B 46 64 94 42 35 51 2B 14 D4 AF 59 5D 95 4B 6A AD BA B7 D5 6A DE AA 81 BD 
[  779903] ch71 r2 a0: 54 99 F5 51 6A AF B2 AB 2A 5F A6 A3 68 D6 95 33 6C 95 DA AD 75 6D 8A 36 AC FD 6A D5 AD 6A CA B6 
[  779974] ch71 r2 a0: 91 05 22 50 52 53 56 91 BC 14 9A 11 82 84 6A 2A A8 0D 15 02 EA 05 AA C2 04 2C 80 85 04 53 11 A1 
[  780107] ch71 r2 a0: 4A 20 02 00 04 21 00 14 51 05 50 24 43 12 06 0A 24 0A 05 08 90 02 12 62 20 04 2A B2 62 A4 25 55 
[  780203] ch71 r2 a0: AA 29 28 B0 AD 6A AA 09 09 56 4D 4B 25 90 56 AA A8 8C BA B8 42 85 35 05 55 AA 94 A2 4A 80 06 D2 
[  780276] ch71 r2 a0: 53 4B 49 75 A4 41 26 EB 09 74 ED 4B 4D 0A A5 6A 4D 24 29 10 42 52 A8 5A C6 A5 D2 8D 58 2A A3 37 
[  780278] ch71 r2 a0: 96 A9 45 4A 55 15 56 92 92 16 AC AD 4C 8A AA 17 A4 48 A4 52 89 3A AA D5 4A CA 92 AA 55 4D 94 C9 
[  780345] ch71 r2 a0: A8 5A A0 42 A9 55 52 12 88 55 25 4A B6 5A A2 45 29 59 44 19 93 45 24 A2 D7 31 55 55 5A 85 4A 02 
[  780481] ch71 r2 a0: 8B 40 B5 CE 41 29 18 24 66 00 04 D6 96 95 52 75 54 07 04 A5 12 0A AA 52 D4 A5 4C 64 5B 4A A1 0A 
[  780595] ch71 r2 a0: 08 4B 09 28 5A 04 44 70 10 30 82 24 40 21 74 E6 A8 84 92 82 4D 05 AD 45 32 FD FB D5 4D B7 5A F5 
[  780610] ch71 r2 a0: 70 87 55 4B 72 85 09 2F 2D 4E 36 39 68 21 54 95 33 89 6D 15 47 5A A1 73 4A AA D1 CE A0 59 3B 6B 
[  780680] ch71 r2 a0: ED B5 2D 69 A5 BD 50 D4 8D 34 B4 B5 52 97 94 A9 55 24 90 96 A5 65 15 AE 56 5A A3 42 A4 37 4D 16 
[  780699] ch71 r2 a0: 11 42 05 23 25 46 B4 00 32 84 4A 40 09 68 C2 92 AD 6D 56 52 B6 BA D2 AA B1 A5 E4 4A A9 3A DA EB 
[  780744] ch71 r2 a0: 08 01 0D 8C 09 35 02 05 CC 44 2C C1 73 4F 2D 58 C2 55 55 96 AA A9 39 52 6D 54 B8 40 80 A5 36 AB 
[  780765] ch71 r2 a0: 96 41 6E 9B 55 86 FD FE BD 6B 25 55 5B 9A AB D2 5E 6A 63 89 A8 AF 54 55 74 C1 3A B6 AE B5 79 1A 
[  780797] ch71 r2 a0: 83 14 89 50 2A 80 12 A2 8D 78 21 08 A8 D6 CA 6B D7 22 95 0F 28 CA 31 35 51 49 5B 5A D2 8A C8 4B 
[  780811] ch71 r2 a0: 57 86 B5 64 95 65 5B AE F9 4A 55 B0 D6 5F A4 92 B5 77 5B D5 E9 41 55 BB B5 52 85 3D D3 65 25 6C 
[  780944] ch71 r2 a0: 4F C6 B1 12 4D 88 CC AA 86 A2 A3 B2 2D 79 40 AA 9B 15 55 6E A6 A7 B2 4E 33 51 5A A3 55 12 A4 44 

Команды: b (фон), s (скан с нажатиями), c N (канал), r N (0=1M,1=2M,2=250k),
a N (адрес 0..3), f (фильтр), x (XN297 декод вкл/выкл), p (сниффинг старт/стоп), # метка, ? справка
Сейчас: канал 71, скорость 2, адрес 0, фильтр выкл, XN297 выкл, сниффинг выкл

Команды: b (фон), s (скан с нажатиями), c N (канал), r N (0=1M,1=2M,2=250k),
a N (адрес 0..3), f (фильтр), x (XN297 декод вкл/выкл), p (сниффинг старт/стоп), # метка, ? справка
Сейчас: канал 76, скорость 2, адрес 0, фильтр выкл, XN297 выкл, сниффинг выкл
------------------------------
# ON c76

Команды: b (фон), s (скан с нажатиями), c N (канал), r N (0=1M,1=2M,2=250k),
a N (адрес 0..3), f (фильтр), x (XN297 декод вкл/выкл), p (сниффинг старт/стоп), # метка, ? справка
Сейчас: канал 76, скорость 2, адрес 0, фильтр выкл, XN297 выкл, сниффинг вкл
[  781333] ch76 r2 a0: 32 99 0A 25 2A 95 8B B5 D8 3C 35 B5 5E 12 DB C9 76 8A 9A AA B2 A4 EB C8 AC A4 B5 26 EC B2 94 76 
[  781389] ch76 r2 a0: 0A 20 14 59 5A A9 64 25 34 20 9E 10 34 00 EC 33 57 14 74 54 45 1F A1 AB D2 A5 5C B7 55 55 35 4C 
[  781405] ch76 r2 a0: 2F 29 3A C5 51 30 95 58 8A 49 55 2A 09 28 03 13 1A 52 22 29 A5 0A AA B5 05 08 CD 55 09 65 52 92 
[  781560] ch76 r2 a0: 55 6A 80 A4 D9 05 22 49 9D 24 57 09 55 4A AA 3D 68 55 25 73 D5 9A D6 AF A5 7B D5 68 CD AA A9 51 
[  781592] ch76 r2 a0: BC A9 B3 7C EC 95 D3 A9 52 94 B3 5D AB 76 AC C5 55 52 D7 28 F6 9A 6B 6D B5 BA B5 5B 6D AF 3B 59 
[  781604] ch76 r2 a0: B2 D5 5A A1 6F 93 EF FE BF 6A F5 5D EB AB 5B FF F5 5A 9E CF 6E 99 55 77 2C A8 AA 95 BD 6D 90 93 
[  781717] ch76 r2 a0: 01 22 AA 62 21 20 20 49 12 44 10 50 00 64 95 56 D5 13 2A A8 AA 8C 54 5A 4B 2B BE 85 10 D5 0A B0 
[  781824] ch76 r2 a0: B5 4A 49 55 54 59 F4 AB 51 54 A2 52 88 58 05 42 4A A2 20 98 AA 2A 9B 2A 35 AA 8B 35 55 74 B7 6E 
[  782049] ch76 r2 a0: 15 11 59 6B 75 52 A4 2E 9E A2 49 2A 96 56 15 50 91 52 54 A2 4B 34 59 55 00 AA 4D 59 15 D8 94 88 
[  782062] ch76 r2 a0: 12 B3 32 9D 55 25 46 65 EA 5A 95 80 5B 65 56 AA D2 95 D6 B5 D5 A9 B5 5A AB 6B 4B D7 69 2D 49 2B 
[  782176] ch76 r2 a0: A0 22 2A 0A 62 26 69 34 A4 A5 D3 4B 7E B6 7D 53 B7 BD BF 57 AE DD C6 B5 65 AA B4 8C 92 A4 96 AB 
[  782192] ch76 r2 a0: AA 56 9A A5 20 A4 F2 C8 B4 10 CA EA CB 5A 25 85 B5 CA AB 56 8A B5 10 22 42 54 B5 43 A9 AC 22 54 
[  782205] ch76 r2 a0: C4 26 CA 2A 36 D4 55 15 25 49 22 29 53 CD 29 75 2A AA 84 CA A3 29 A1 8A 9B 34 AD 44 2A D2 D5 22 
[  782267] ch76 r2 a0: E5 7A 91 01 2B 9A D5 90 B4 81 8A 10 74 12 4B 24 A2 7B 58 49 92 2A 57 65 50 81 55 49 26 A5 0A AA 
[  782621] ch76 r2 a0: 08 6D 2A 55 35 5A 5B DB 54 ED 8B 5C AA AD 9D 6D 53 15 4B 5B 51 B7 9A 8D 56 A9 6A AD 28 97 D2 AA 
[  782842] ch76 r2 a0: 12 49 2C 42 94 69 54 00 4D 41 00 22 D5 52 15 43 35 51 2A 15 04 4D 15 5A AC D6 97 14 A5 51 72 A7 
[  782846] ch76 r2 a0: D1 0D 10 15 DE 52 A6 4A 84 B1 50 4A 3A 12 80 E1 29 0A 0A D1 88 88 24 96 52 30 10 89 28 88 84 25 
[  782855] ch76 r2 a0: AA D5 AA AB 94 6A 88 45 49 8A 64 9C A8 A5 21 2A 4B 2A 53 4A 6A A6 9A 5A 97 25 24 29 65 8B 55 6A 
[  783009] ch76 r2 a0: AA BA B9 2A D2 1D D7 D5 5A D5 B7 3A A9 4E AE A6 BA A5 E7 6B D5 D5 97 6B 1B 56 AD 13 93 2B D5 6D 
[  783217] ch76 r2 a0: FE ED 5F D2 AB D8 7B FF 6A AD 2D 1D B9 AE AD CF BD B6 D6 BA BF DB BD DC DE 75 D5 72 93 6F 95 6A 
[  783282] ch76 r2 a0: 84 65 AC AD 2A B4 B6 A5 27 48 BB 94 89 D2 92 AA E4 AA F3 62 A1 38 92 2D 5B 52 2B 6A 5A 8A 65 56 
[  783285] ch76 r2 a0: 40 8C 90 A4 A5 52 50 81 48 E1 D0 58 8A C0 51 20 62 42 AA 52 A3 12 0B 14 B1 54 A2 AB 8A 45 12 4C 
[  783417] ch76 r2 a0: A1 55 A9 6A AA 8C A4 BC A9 29 5D A8 BA AB 0A 56 A4 9C A5 0C 34 D1 EC CA 6A 59 2E ED 55 52 B4 DA 
[  783458] ch76 r2 a0: DA 92 A8 A6 BB 6B 4A DB 8D A2 B5 29 51 87 4B AE 51 34 1A 92 5A AA 50 6E 6A A9 0A D6 A6 BB 9E AF 
[  783475] ch76 r2 a0: 54 EA 8C 52 54 20 04 89 46 21 20 11 10 50 24 75 AA 54 B3 57 77 CF 9D 6D 9A 55 A6 5B 51 92 29 6D 
[  783498] ch76 r2 a0: 8A 2A AE 43 17 00 9B 2A 10 14 AA A6 6A B6 4D 16 A4 85 A5 4A 51 4A D5 A2 9D D9 2C A4 AA 6E A5 AA 

Команды: b (фон), s (скан с нажатиями), c N (канал), r N (0=1M,1=2M,2=250k),
a N (адрес 0..3), f (фильтр), x (XN297 декод вкл/выкл), p (сниффинг старт/стоп), # метка, ? справка
Сейчас: канал 76, скорость 2, адрес 0, фильтр выкл, XN297 выкл, сниффинг выкл

Команды: b (фон), s (скан с нажатиями), c N (канал), r N (0=1M,1=2M,2=250k),
a N (адрес 0..3), f (фильтр), x (XN297 декод вкл/выкл), p (сниффинг старт/стоп), # метка, ? справка
Сейчас: канал 50, скорость 2, адрес 0, фильтр выкл, XN297 выкл, сниффинг выкл
------------------------------
# ON c50

Команды: b (фон), s (скан с нажатиями), c N (канал), r N (0=1M,1=2M,2=250k),
a N (адрес 0..3), f (фильтр), x (XN297 декод вкл/выкл), p (сниффинг старт/стоп), # метка, ? справка
Сейчас: канал 50, скорость 2, адрес 0, фильтр выкл, XN297 выкл, сниффинг вкл
[  784124] ch50 r2 a0: AA AA AA B8 15 55 55 55 55 55 55 55 55 55 55 55 55 55 50 51 0A 55 2F 7D 87 BF 2F 7C 4F 32 A3 AE 
[  784303] ch50 r2 a0: 4B A9 4E 93 D5 D5 D5 5B BA B5 5A B4 AA F6 5E 6B 6A DA 2A 56 DE D5 9E 2E 9B A6 52 9C A9 EE BB AC 
[  784462] ch50 r2 a0: 5A A5 56 34 E2 A5 75 64 54 B1 42 C5 52 A5 56 C5 55 52 EB 25 52 A9 A2 24 6A A4 0C D6 AA 90 94 D5 
[  784613] ch50 r2 a0: 28 29 09 10 44 02 42 85 11 10 01 0A 40 33 75 A9 92 B4 D4 AA B2 45 A7 D6 D2 4A 96 CE AE 4B 75 51 
[  784650] ch50 r2 a0: 2A D5 49 48 05 24 48 14 90 54 94 AA 91 4A 42 93 EA B6 22 95 2A 5D 53 4B 4B 6A AB 35 2D 52 84 94 
[  784664] ch50 r2 a0: 42 81 29 15 55 8A 53 16 B5 2A AA 55 29 5D 43 55 89 29 95 29 D2 BD 6A AC 8F 5C 29 89 C2 D5 A5 1D 
[  784700] ch50 r2 a0: 52 12 4A 10 68 D4 CC B3 54 20 54 A4 96 41 46 88 8A 11 14 05 18 AB 15 52 92 C4 23 55 48 AA 88 A3 
[  784771] ch50 r2 a0: B6 AC 96 B5 18 B5 4B 57 30 6C CA 56 A9 7E B5 CC 95 42 B7 4E D6 BB AD 5C AA 9D 29 F7 72 9C AE BA 
[  784803] ch50 r2 a0: 94 F5 49 4A A5 4A B9 7D 46 AA B4 D4 B3 2A 95 AA 95 5A A5 8D D2 D5 34 87 49 5A 4B 4A 94 AA 58 C5 
[  785279] ch50 r2 a0: F9 54 A5 92 D5 32 AD 4B 51 48 DA CA 11 48 69 8B 5A 4A 99 35 15 22 93 4B 99 1A 99 2D 54 44 B6 B6 
[  785356] ch50 r2 a0: A8 6B 6A 98 45 44 A5 50 11 02 22 97 4D 75 6B 69 57 54 AA 6C 53 16 C5 4A 35 51 A4 A4 85 93 0B 2A 
[  785394] ch50 r2 a0: 41 44 23 42 19 48 21 09 A4 4A 00 80 29 2A C9 6A E2 6D 5B 5B 24 55 F5 A9 49 6D DD 96 AD F1 55 14 
[  785461] ch50 r2 a0: A4 10 15 20 29 4A 48 90 54 51 24 29 94 12 B9 29 8A 42 25 52 20 94 42 21 84 CA 00 41 10 4A 21 24 
[  785555] ch50 r2 a0: 3B 75 28 A5 5D A5 AB 25 64 A8 21 5C A8 AA 46 AA C2 29 51 24 4A B5 4A 14 AA 52 51 2A 2A 4D 08 AA 
[  785780] ch50 r2 a0: C2 AB 15 AA D6 8B 6A DD 5A AB 2A DA BD 75 56 FC BD 20 20 00 00 01 80 00 00 00 00 00 00 00 00 00 
[  785834] ch50 r2 a0: 54 48 4C 26 A9 0B 02 8A 22 40 92 2A 8A 9A 52 2C 94 95 95 15 D1 50 C6 A4 A2 97 45 4D 55 69 22 09 
[  785840] ch50 r2 a0: 5A 42 89 55 11 00 92 08 55 05 55 A1 09 56 A8 2A AA D5 51 75 4A A5 4B A6 69 6C CD 5A AD B4 69 15 
[  785866] ch50 r2 a0: 2A 82 AB 42 09 E1 03 41 0E C3 35 71 47 4F 86 AE B8 3E B9 8F 32 D5 BE ED FD FD B7 F6 DF DF FD FD 
[  785872] ch50 r2 a0: AA DA 6B 77 63 1C 29 A5 A5 55 59 19 52 94 A9 54 4A A9 A2 A2 94 95 55 4A 95 55 2D 4A D4 58 00 00 
[  786026] ch50 r2 a0: A8 2A 54 A2 2E A8 A0 A8 21 35 20 D5 42 A8 11 50 52 21 28 4A 85 50 98 55 50 4A 28 A1 54 00 00 00 
[  786053] ch50 r2 a0: 8B 08 D1 04 AA 94 00 00 00 00 04 40 00 00 00 00 00 00 00 00 00 00 00 00 00 00 00 00 00 00 01 22 
[  786193] ch50 r2 a0: 55 A1 A5 53 4A A1 2A 66 9E 5B 22 9A 08 95 48 A7 47 42 D2 75 5A DA D3 D5 5A AA DA 5A A9 AA AD D5 
[  786316] ch50 r2 a0: AD 31 44 27 68 55 6C 59 55 C6 42 A9 4C 5B 0A B2 20 54 B4 28 2C CA 28 45 A4 4D 32 AA A1 08 A3 51 
[  786319] ch50 r2 a0: 84 8B 21 08 0E 45 54 02 62 40 A4 92 22 09 54 96 B4 40 01 13 29 89 93 14 DC C1 1B 4A 02 A2 93 6D 

Команды: b (фон), s (скан с нажатиями), c N (канал), r N (0=1M,1=2M,2=250k),
a N (адрес 0..3), f (фильтр), x (XN297 декод вкл/выкл), p (сниффинг старт/стоп), # метка, ? справка
Сейчас: канал 50, скорость 2, адрес 0, фильтр выкл, XN297 выкл, сниффинг выкл
