[  162384] ch50 r2 T: BC 4F 32 A3 AE 2C 58 32 FA FA 51 5B F7 FF FD 7B 
[  162384] XN297 OK addr AA55CCCCCC | payload 00 55 2A 75 00 05 0B 04 
[  162397] ch50 r2 T: BC 4F 32 A3 AE 2C 58 32 FA FA 51 F7 7D AF 4E DF 
[  162397] XN297 OK addr AA55CCCCCC | payload 00 55 2A 75 00 05 0B 04 
[  162410] ch50 r2 T: BC 4F 32 A3 AE 2C 58 32 FA FA 51 EF BF 76 B6 EB 
[  162410] XN297 OK addr AA55CCCCCC | payload 00 55 2A 75 00 05 0B 04 
[  162423] ch50 r2 T: BC 4F 32 A3 AE 2C 58 32 FA FA 51 EF 52 ED 7F AB 
[  162424] XN297 OK addr AA55CCCCCC | payload 00 55 2A 75 00 05 0B 04 
[  162436] ch50 r2 T: BC 4F 32 A3 AE 2C 58 32 FA FA 51 DF 73 6F BD BB 
[  162437] XN297 OK addr AA55CCCCCC | payload 00 55 2A 75 00 05 0B 04 
[  162450] ch50 r2 T: BC 4F 32 A3 AE 2C 58 32 FA FA 51 DD 6E 77 F7 B6 
[  162450] XN297 OK addr AA55CCCCCC | payload 00 55 2A 75 00 05 0B 04 
[  162463] ch50 r2 T: BC 4F 32 A3 AE 2C 58 32 FA FA 51 EF F6 AF 9F 76 
[  162463] XN297 OK addr AA55CCCCCC | payload 00 55 2A 75 00 05 0B 04 
[  162476] ch50 r2 T: BC 4F 32 A3 AE 2C 58 32 FA FA 51 DB FB 7E DB AF 
[  162476] XN297 OK addr AA55CCCCCC | payload 00 55 2A 75 00 05 0B 04 
[  162489] ch50 r2 T: BC 4F 32 A3 AE 2C 58 32 FA FA 51 FB AB 5A BA 4D 
[  162489] XN297 OK addr AA55CCCCCC | payload 00 55 2A 75 00 05 0B 04 
[  162502] ch50 r2 T: BC 4F 32 A3 AE 2C 58 32 FA FA 51 77 ED B5 CF AD 
[  162502] XN297 OK addr AA55CCCCCC | payload 00 55 2A 75 00 05 0B 04 
[  162515] ch50 r2 T: BC 4F 32 A3 AE 2C 58 32 FA FA 51 FA FA FA EF F7 
[  162516] XN297 OK addr AA55CCCCCC | payload 00 55 2A 75 00 05 0B 04 
[  162577] ch50 r2 T: 3C 4F 32 A3 AE 2E B8 70 11 2F 51 FE FE 5F 3F FB 
[  162578] XN297 OK addr AA55CCCCCC | payload 01 55 2A 75 00 45 0C 46 
[  162590] ch50 r2 T: 3C 4F 32 A3 AE 2E B8 70 11 2F 51 BF 79 5B FB 7D 
[  162591] XN297 OK addr AA55CCCCCC | payload 01 55 2A 75 00 45 0C 46 
[  162604] ch50 r2 T: 3C 4F 32 A3 AE 2E B8 70 11 2F 51 71 E5 DB BB CA 
[  162604] XN297 OK addr AA55CCCCCC | payload 01 55 2A 75 00 45 0C 46 
[  162617] ch50 r2 T: 3C 4F 32 A3 AE 2E B8 70 11 2F 51 DB 97 DD EA A9 
[  162617] XN297 OK addr AA55CCCCCC | payload 01 55 2A 75 00 45 0C 46 
[  162630] ch50 r2 T: 3C 4F 32 A3 AE 2E B8 70 11 2F 51 EF DE FF ED DE 
[  162630] XN297 OK addr AA55CCCCCC | payload 01 55 2A 75 00 45 0C 46 
[  162643] ch50 r2 T: 3C 4F 32 A3 AE 2E B8 70 11 2F 51 56 A7 33 6B BD 
[  162643] XN297 OK addr AA55CCCCCC | payload 01 55 2A 75 00 45 0C 46 
[  162656] ch50 r2 T: 3C 4F 32 A3 AE 2E B8 70 11 2F 51 4E B7 FD F6 5F 
[  162657] XN297 OK addr AA55CCCCCC | payload 01 55 2A 75 00 45 0C 46 
[  162669] ch50 r2 T: 3C 4F 32 A3 AE 2E B8 70 11 2F 51 6F 7F DE AB 75 
[  162670] XN297 OK addr AA55CCCCCC | payload 01 55 2A 75 00 45 0C 46 
[  162683] ch50 r2 T: 3C 4F 32 A3 AE 2E B8 70 11 2F 51 F7 6B 75 7A 6A 
[  162683] XN297 OK addr AA55CCCCCC | payload 01 55 2A 75 00 45 0C 46 
[  162696] ch50 r2 T: 3C 4F 32 A3 AE 2E B8 70 11 2F 51 55 CD 79 5D F7 
[  162696] XN297 OK addr AA55CCCCCC | payload 01 55 2A 75 00 45 0C 46 
[  162709] ch50 r2 T: 3C 4F 32 A3 AE 2E B8 70 11 2F 51 76 DA FF AB AF 
[  162709] XN297 OK addr AA55CCCCCC | payload 01 55 2A 75 00 45 0C 46 
