------------------------------
# R2 bright up
------------------------------
# R2 bright up
[ 1168920] ch50 r2 T: BC 4F DC C3 AE CC F3 B2 18 80 51 6B FF 5E F5 7D 
[ 1168920] XN297 OK addr AA55CCCCCC | payload 00 55 5D 73 00 02 DE 05 
[ 1168933] ch50 r2 T: BC 4F DC C3 AE CC F3 B2 18 80 51 FF F6 FD 7F EB 
[ 1168933] XN297 OK addr AA55CCCCCC | payload 00 55 5D 73 00 02 DE 05 
[ 1168946] ch50 r2 T: BC 4F DC C3 AE CC F3 B2 18 80 51 BF FF DD FD FF 
[ 1168946] XN297 OK addr AA55CCCCCC | payload 00 55 5D 73 00 02 DE 05 
[ 1168959] ch50 r2 T: BC 4F DC C3 AE CC F3 B2 18 80 51 BF DF D7 B7 A6 
[ 1168959] XN297 OK addr AA55CCCCCC | payload 00 55 5D 73 00 02 DE 05 
[ 1168973] ch50 r2 T: BC 4F DC C3 AE CC F3 B2 18 80 51 7B F9 7B CE ED 
[ 1168973] XN297 OK addr AA55CCCCCC | payload 00 55 5D 73 00 02 DE 05 
[ 1168986] ch50 r2 T: BC 4F DC C3 AE CC F3 B2 18 80 51 5D DD DE D6 AA 
[ 1168986] XN297 OK addr AA55CCCCCC | payload 00 55 5D 73 00 02 DE 05 
[ 1168999] ch50 r2 T: BC 4F DC C3 AE CC F3 B2 18 80 51 F3 68 E6 35 CB 
[ 1168999] XN297 OK addr AA55CCCCCC | payload 00 55 5D 73 00 02 DE 05 
[ 1169012] ch50 r2 T: BC 4F DC C3 AE CC F3 B2 18 80 51 EF EB FF CF ED 
[ 1169012] XN297 OK addr AA55CCCCCC | payload 00 55 5D 73 00 02 DE 05 
[ 1169025] ch50 r2 T: BC 4F DC C3 AE CC F3 B2 18 80 51 BD 9F 5A DB 7D 
[ 1169025] XN297 OK addr AA55CCCCCC | payload 00 55 5D 73 00 02 DE 05 
[ 1169038] ch50 r2 T: BC 4F DC C3 AE CC F3 B2 18 80 51 F7 75 AD 3B AE 
[ 1169038] XN297 OK addr AA55CCCCCC | payload 00 55 5D 73 00 02 DE 05 
[ 1169052] ch50 r2 T: BC 4F DC C3 AE CC F3 B2 18 80 51 52 BF 7F DE B7 
[ 1169052] XN297 OK addr AA55CCCCCC | payload 00 55 5D 73 00 02 DE 05 
[ 1169113] ch50 r2 T: 3C 4F DC C3 AE CE 73 F0 F8 7F 51 76 BD 9F EE D7 
[ 1169113] XN297 OK addr AA55CCCCCC | payload 01 55 5D 73 00 42 DF 47 
[ 1169126] ch50 r2 T: 3C 4F DC C3 AE CE 73 F0 F8 7F 51 6B FF 5D EE EB 
[ 1169126] XN297 OK addr AA55CCCCCC | payload 01 55 5D 73 00 42 DF 47 
[ 1169139] ch50 r2 T: 3C 4F DC C3 AE CE 73 F0 F8 7F 51 AF AB FB B7 AD 
[ 1169139] XN297 OK addr AA55CCCCCC | payload 01 55 5D 73 00 42 DF 47 
[ 1169153] ch50 r2 T: 3C 4F DC C3 AE CE 73 F0 F8 7F 51 F5 FF DF DF FD 
[ 1169153] XN297 OK addr AA55CCCCCC | payload 01 55 5D 73 00 42 DF 47 
[ 1169166] ch50 r2 T: 3C 4F DC C3 AE CE 73 F0 F8 7F 51 7C 7B 82 5F D6 
[ 1169166] XN297 OK addr AA55CCCCCC | payload 01 55 5D 73 00 42 DF 47 
[ 1169179] ch50 r2 T: 3C 4F DC C3 AE CE 73 F0 F8 7F 51 5A 75 9C DF AD 
[ 1169179] XN297 OK addr AA55CCCCCC | payload 01 55 5D 73 00 42 DF 47 
[ 1169192] ch50 r2 T: 3C 4F DC C3 AE CE 73 F0 F8 7F 51 7F FB BE BD 7F 
[ 1169192] XN297 OK addr AA55CCCCCC | payload 01 55 5D 73 00 42 DF 47 
[ 1169205] ch50 r2 T: 3C 4F DC C3 AE CE 73 F0 F8 7F 51 BB BA DB 52 F0 
[ 1169205] XN297 OK addr AA55CCCCCC | payload 01 55 5D 73 00 42 DF 47 
[ 1169219] ch50 r2 T: 3C 4F DC C3 AE CE 73 F0 F8 7F 51 CF BD AA A7 52 
[ 1169219] XN297 OK addr AA55CCCCCC | payload 01 55 5D 73 00 42 DF 47 
[ 1169232] ch50 r2 T: 3C 4F DC C3 AE CE 73 F0 F8 7F 51 FF AF 53 1F D7 
[ 1169232] XN297 OK addr AA55CCCCCC | payload 01 55 5D 73 00 42 DF 47 
[ 1169245] ch50 r2 T: 3C 4F DC C3 AE CE 73 F0 F8 7F 51 7F AB AF F5 67 
[ 1169245] XN297 OK addr AA55CCCCCC | payload 01 55 5D 73 00 42 DF 47 
[ 1169307] ch50 r2 T: FC 4F DC C3 AE CE 8F 80 DB 15 51 BD 6F C9 57 4A 
[ 1169307] XN297 OK addr AA55CCCCCC | payload 02 55 5D 73 00 42 E0 49 
[ 1169320] ch50 r2 T: FC 4F DC C3 AE CE 8F 80 DB 15 51 5F DF FF BF DF 
[ 1169320] XN297 OK addr AA55CCCCCC | payload 02 55 5D 73 00 42 E0 49 
[ 1169334] ch50 r2 T: FC 4F DC C3 AE CE 8F 80 DB 15 51 DF FF DF FF A7 
[ 1169334] XN297 OK addr AA55CCCCCC | payload 02 55 5D 73 00 42 E0 49 
[ 1169347] ch50 r2 T: FC 4F DC C3 AE CE 8F 80 DB 15 51 FF FD FB FB DA 
[ 1169347] XN297 OK addr AA55CCCCCC | payload 02 55 5D 73 00 42 E0 49 
[ 1169360] ch50 r2 T: FC 4F DC C3 AE CE 8F 80 DB 15 51 6B 97 FD 7F F7 
[ 1169360] XN297 OK addr AA55CCCCCC | payload 02 55 5D 73 00 42 E0 49 
[ 1169373] ch50 r2 T: FC 4F DC C3 AE CE 8F 80 DB 15 51 5F 7D 56 95 AD 
[ 1169373] XN297 OK addr AA55CCCCCC | payload 02 55 5D 73 00 42 E0 49 
[ 1169386] ch50 r2 T: FC 4F DC C3 AE CE 8F 80 DB 15 51 C7 BE D4 FE 6A 
[ 1169386] XN297 OK addr AA55CCCCCC | payload 02 55 5D 73 00 42 E0 49 
[ 1169399] ch50 r2 T: FC 4F DC C3 AE CE 8F 80 DB 15 51 DA F4 FF F3 F7 
[ 1169399] XN297 OK addr AA55CCCCCC | payload 02 55 5D 73 00 42 E0 49 
[ 1169413] ch50 r2 T: FC 4F DC C3 AE CE 8F 80 DB 15 51 FE F7 DF DF FF 
[ 1169413] XN297 OK addr AA55CCCCCC | payload 02 55 5D 73 00 42 E0 49 
[ 1169426] ch50 r2 T: FC 4F DC C3 AE CE 8F 80 DB 15 51 FE EF FF 7B DF 
[ 1169426] XN297 OK addr AA55CCCCCC | payload 02 55 5D 73 00 42 E0 49 
[ 1169439] ch50 r2 T: FC 4F DC C3 AE CE 8F 80 DB 15 51 BF DA BF FA 48 
[ 1169439] XN297 OK addr AA55CCCCCC | payload 02 55 5D 73 00 42 E0 49 
[ 1170380] ch50 r2 T: BC 4F DC C3 AE CC 0F 02 E9 F7 51 7F B5 EE FB DF 
[ 1170380] XN297 OK addr AA55CCCCCC | payload 00 55 5D 73 00 02 E1 08 
[ 1170393] ch50 r2 T: BC 4F DC C3 AE CC 0F 02 E9 F7 51 AD 29 50 4E E9 
[ 1170393] XN297 OK addr AA55CCCCCC | payload 00 55 5D 73 00 02 E1 08 
[ 1170406] ch50 r2 T: BC 4F DC C3 AE CC 0F 02 E9 F7 51 BB FE DD FB EF 
[ 1170406] XN297 OK addr AA55CCCCCC | payload 00 55 5D 73 00 02 E1 08 
[ 1170419] ch50 r2 T: BC 4F DC C3 AE CC 0F 02 E9 F7 51 5D 5A FF B7 75 
[ 1170419] XN297 OK addr AA55CCCCCC | payload 00 55 5D 73 00 02 E1 08 
[ 1170432] ch50 r2 T: BC 4F DC C3 AE CC 0F 02 E9 F7 51 5A AA F5 6B 0C 
[ 1170432] XN297 OK addr AA55CCCCCC | payload 00 55 5D 73 00 02 E1 08 
[ 1170446] ch50 r2 T: BC 4F DC C3 AE CC 0F 02 E9 F7 51 BF F7 DD A5 CF 
[ 1170446] XN297 OK addr AA55CCCCCC | payload 00 55 5D 73 00 02 E1 08 
[ 1170459] ch50 r2 T: BC 4F DC C3 AE CC 0F 02 E9 F7 51 6E FB 7F FF FF 
[ 1170459] XN297 OK addr AA55CCCCCC | payload 00 55 5D 73 00 02 E1 08 
[ 1170472] ch50 r2 T: BC 4F DC C3 AE CC 0F 02 E9 F7 51 CF CD BA FB EE 
[ 1170472] XN297 OK addr AA55CCCCCC | payload 00 55 5D 73 00 02 E1 08 
[ 1170485] ch50 r2 T: BC 4F DC C3 AE CC 0F 02 E9 F7 51 DF 5F FD A9 DD 
[ 1170485] XN297 OK addr AA55CCCCCC | payload 00 55 5D 73 00 02 E1 08 
[ 1170498] ch50 r2 T: BC 4F DC C3 AE CC 0F 02 E9 F7 51 28 BD 7B 5B 76 
[ 1170498] XN297 OK addr AA55CCCCCC | payload 00 55 5D 73 00 02 E1 08 
[ 1170512] ch50 r2 T: BC 4F DC C3 AE CC 0F 02 E9 F7 51 7F B7 6A FE 37 
[ 1170512] XN297 OK addr AA55CCCCCC | payload 00 55 5D 73 00 02 E1 08 
[ 1170572] ch50 r2 T: 3C 4F DC C3 AE CE CF 40 04 C4 51 ED D4 BF 9D FE 
[ 1170572] XN297 OK addr AA55CCCCCC | payload 01 55 5D 73 00 42 E2 4A 
[ 1170586] ch50 r2 T: 3C 4F DC C3 AE CE CF 40 04 C4 51 EF FF EF BF BF 
[ 1170586] XN297 OK addr AA55CCCCCC | payload 01 55 5D 73 00 42 E2 4A 
[ 1170599] ch50 r2 T: 3C 4F DC C3 AE CE CF 40 04 C4 51 DD D7 72 FD FB 
[ 1170599] XN297 OK addr AA55CCCCCC | payload 01 55 5D 73 00 42 E2 4A 
[ 1170612] ch50 r2 T: 3C 4F DC C3 AE CE CF 40 04 C4 51 ED 2D B7 2A EF 
[ 1170612] XN297 OK addr AA55CCCCCC | payload 01 55 5D 73 00 42 E2 4A 
[ 1170625] ch50 r2 T: 3C 4F DC C3 AE CE CF 40 04 C4 51 6F F7 6F FB 7B 
[ 1170625] XN297 OK addr AA55CCCCCC | payload 01 55 5D 73 00 42 E2 4A 
[ 1170638] ch50 r2 T: 3C 4F DC C3 AE CE CF 40 04 C4 51 69 24 EE F7 A6 
[ 1170638] XN297 OK addr AA55CCCCCC | payload 01 55 5D 73 00 42 E2 4A 
[ 1170651] ch50 r2 T: 3C 4F DC C3 AE CE CF 40 04 C4 51 BC AD A7 EB DF 
[ 1170651] XN297 OK addr AA55CCCCCC | payload 01 55 5D 73 00 42 E2 4A 
[ 1170665] ch50 r2 T: 3C 4F DC C3 AE CE CF 40 04 C4 51 2E EB 7F FA FE 
[ 1170665] XN297 OK addr AA55CCCCCC | payload 01 55 5D 73 00 42 E2 4A 
[ 1170678] ch50 r2 T: 3C 4F DC C3 AE CE CF 40 04 C4 51 6F B5 7B 7B 45 
[ 1170678] XN297 OK addr AA55CCCCCC | payload 01 55 5D 73 00 42 E2 4A 
[ 1170691] ch50 r2 T: 3C 4F DC C3 AE CE CF 40 04 C4 51 FB 2B BB EF AF 
[ 1170691] XN297 OK addr AA55CCCCCC | payload 01 55 5D 73 00 42 E2 4A 
[ 1170704] ch50 r2 T: 3C 4F DC C3 AE CE CF 40 04 C4 51 F5 3F F7 53 EB 
[ 1170704] XN297 OK addr AA55CCCCCC | payload 01 55 5D 73 00 42 E2 4A 
[ 1170765] ch50 r2 T: FC 4F DC C3 AE CE 4F 20 78 AB 51 BD EF FD 5D F7 
[ 1170765] XN297 OK addr AA55CCCCCC | payload 02 55 5D 73 00 42 E3 4C 
[ 1170778] ch50 r2 T: FC 4F DC C3 AE CE 4F 20 78 AB 51 5A AB A7 EF BB 
[ 1170778] XN297 OK addr AA55CCCCCC | payload 02 55 5D 73 00 42 E3 4C 
[ 1170792] ch50 r2 T: FC 4F DC C3 AE CE 4F 20 78 AB 51 6D F7 B7 AF 35 
[ 1170792] XN297 OK addr AA55CCCCCC | payload 02 55 5D 73 00 42 E3 4C 
[ 1170805] ch50 r2 T: FC 4F DC C3 AE CE 4F 20 78 AB 51 3D 55 AF FB AB 
[ 1170805] XN297 OK addr AA55CCCCCC | payload 02 55 5D 73 00 42 E3 4C 
[ 1170818] ch50 r2 T: FC 4F DC C3 AE CE 4F 20 78 AB 51 D5 F4 6C E5 54 
[ 1170818] XN297 OK addr AA55CCCCCC | payload 02 55 5D 73 00 42 E3 4C 
[ 1170831] ch50 r2 T: FC 4F DC C3 AE CE 4F 20 78 AB 51 7B 76 AF EF 7F 
[ 1170831] XN297 OK addr AA55CCCCCC | payload 02 55 5D 73 00 42 E3 4C 
[ 1170844] ch50 r2 T: FC 4F DC C3 AE CE 4F 20 78 AB 51 EF 5A AB 77 DB 
[ 1170844] XN297 OK addr AA55CCCCCC | payload 02 55 5D 73 00 42 E3 4C 
[ 1170857] ch50 r2 T: FC 4F DC C3 AE CE 4F 20 78 AB 51 7F FA BD D5 AF 
[ 1170857] XN297 OK addr AA55CCCCCC | payload 02 55 5D 73 00 42 E3 4C 
[ 1170871] ch50 r2 T: FC 4F DC C3 AE CE 4F 20 78 AB 51 75 66 BE EB 15 
[ 1170871] XN297 OK addr AA55CCCCCC | payload 02 55 5D 73 00 42 E3 4C 
[ 1170884] ch50 r2 T: FC 4F DC C3 AE CE 4F 20 78 AB 51 7A BE DE A7 BF 
[ 1170884] XN297 OK addr AA55CCCCCC | payload 02 55 5D 73 00 42 E3 4C 
[ 1170897] ch50 r2 T: FC 4F DC C3 AE CE 4F 20 78 AB 51 FF DB AD BD B6 
[ 1170897] XN297 OK addr AA55CCCCCC | payload 02 55 5D 73 00 42 E3 4C 
[ 1171819] ch50 r2 T: BC 4F DC C3 AE CC AF C2 2D C5 51 B5 B7 FD 6B D7 
[ 1171819] XN297 OK addr AA55CCCCCC | payload 00 55 5D 73 00 02 E4 0B 
[ 1171832] ch50 r2 T: BC 4F DC C3 AE CC AF C2 2D C5 51 EF F6 AB DC FB 
[ 1171832] XN297 OK addr AA55CCCCCC | payload 00 55 5D 73 00 02 E4 0B 
[ 1171845] ch50 r2 T: BC 4F DC C3 AE CC AF C2 2D C5 51 FF FF F7 9B 5B 
[ 1171845] XN297 OK addr AA55CCCCCC | payload 00 55 5D 73 00 02 E4 0B 
[ 1171858] ch50 r2 T: BC 4F DC C3 AE CC AF C2 2D C5 51 FE 5A D5 72 45 
[ 1171858] XN297 OK addr AA55CCCCCC | payload 00 55 5D 73 00 02 E4 0B 
[ 1171871] ch50 r2 T: BC 4F DC C3 AE CC AF C2 2D C5 51 5D EF FA ED DB 
[ 1171871] XN297 OK addr AA55CCCCCC | payload 00 55 5D 73 00 02 E4 0B 
[ 1171885] ch50 r2 T: BC 4F DC C3 AE CC AF C2 2D C5 51 FF FF EE 9A DB 
[ 1171885] XN297 OK addr AA55CCCCCC | payload 00 55 5D 73 00 02 E4 0B 
[ 1171898] ch50 r2 T: BC 4F DC C3 AE CC AF C2 2D C5 51 75 FF AB 6D DE 
[ 1171898] XN297 OK addr AA55CCCCCC | payload 00 55 5D 73 00 02 E4 0B 
[ 1171911] ch50 r2 T: BC 4F DC C3 AE CC AF C2 2D C5 51 72 FD F7 F7 FF 
[ 1171911] XN297 OK addr AA55CCCCCC | payload 00 55 5D 73 00 02 E4 0B 
[ 1171924] ch50 r2 T: BC 4F DC C3 AE CC AF C2 2D C5 51 FD AF EA FB 4A 
[ 1171924] XN297 OK addr AA55CCCCCC | payload 00 55 5D 73 00 02 E4 0B 
[ 1171937] ch50 r2 T: BC 4F DC C3 AE CC AF C2 2D C5 51 D4 D9 56 AB BA 
[ 1171937] XN297 OK addr AA55CCCCCC | payload 00 55 5D 73 00 02 E4 0B 
[ 1171951] ch50 r2 T: BC 4F DC C3 AE CC AF C2 2D C5 51 DF AE FD BD 7B 
[ 1171951] XN297 OK addr AA55CCCCCC | payload 00 55 5D 73 00 02 E4 0B 
[ 1172012] ch50 r2 T: 3C 4F DC C3 AE CE 2F A0 E9 58 51 FF BD BA AD DB 
[ 1172012] XN297 OK addr AA55CCCCCC | payload 01 55 5D 73 00 42 E5 4D 
[ 1172025] ch50 r2 T: 3C 4F DC C3 AE CE 2F A0 E9 58 51 3B B7 FD F7 AB 
[ 1172025] XN297 OK addr AA55CCCCCC | payload 01 55 5D 73 00 42 E5 4D 
[ 1172038] ch50 r2 T: 3C 4F DC C3 AE CE 2F A0 E9 58 51 ED CF 6D 7E AA 
[ 1172038] XN297 OK addr AA55CCCCCC | payload 01 55 5D 73 00 42 E5 4D 
[ 1172052] ch50 r2 T: 3C 4F DC C3 AE CE 2F A0 E9 58 51 FB 7B 5F 76 DB 
[ 1172052] XN297 OK addr AA55CCCCCC | payload 01 55 5D 73 00 42 E5 4D 
[ 1172065] ch50 r2 T: 3C 4F DC C3 AE CE 2F A0 E9 58 51 F5 2D 75 0D 1A 
[ 1172065] XN297 OK addr AA55CCCCCC | payload 01 55 5D 73 00 42 E5 4D 
[ 1172078] ch50 r2 T: 3C 4F DC C3 AE CE 2F A0 E9 58 51 FF FF BF FF 6F 
[ 1172078] XN297 OK addr AA55CCCCCC | payload 01 55 5D 73 00 42 E5 4D 
[ 1172091] ch50 r2 T: 3C 4F DC C3 AE CE 2F A0 E9 58 51 59 FF FD 7F FF 
[ 1172091] XN297 OK addr AA55CCCCCC | payload 01 55 5D 73 00 42 E5 4D 
[ 1172104] ch50 r2 T: 3C 4F DC C3 AE CE 2F A0 E9 58 51 ED 9F EF 6E EB 
[ 1172104] XN297 OK addr AA55CCCCCC | payload 01 55 5D 73 00 42 E5 4D 
[ 1172118] ch50 r2 T: 3C 4F DC C3 AE CE 2F A0 E9 58 51 5D FF DD DD A6 
[ 1172118] XN297 OK addr AA55CCCCCC | payload 01 55 5D 73 00 42 E5 4D 
[ 1172131] ch50 r2 T: 3C 4F DC C3 AE CE 2F A0 E9 58 51 BD 7F DF AC B4 
[ 1172131] XN297 OK addr AA55CCCCCC | payload 01 55 5D 73 00 42 E5 4D 
[ 1172144] ch50 r2 T: 3C 4F DC C3 AE CE 2F A0 E9 58 51 FD FD 6E F7 DB 
[ 1172144] XN297 OK addr AA55CCCCCC | payload 01 55 5D 73 00 42 E5 4D 
[ 1172206] ch50 r2 T: FC 4F DC C3 AE CE EF E0 BC 99 51 DC 4B 16 22 4D 
[ 1172206] XN297 OK addr AA55CCCCCC | payload 02 55 5D 73 00 42 E6 4F 
[ 1172219] ch50 r2 T: FC 4F DC C3 AE CE EF E0 BC 99 51 E7 6F BD AE FD 
[ 1172219] XN297 OK addr AA55CCCCCC | payload 02 55 5D 73 00 42 E6 4F 
[ 1172232] ch50 r2 T: FC 4F DC C3 AE CE EF E0 BC 99 51 BF 5D FD EF 4E 
[ 1172232] XN297 OK addr AA55CCCCCC | payload 02 55 5D 73 00 42 E6 4F 
[ 1172246] ch50 r2 T: FC 4F DC C3 AE CE EF E0 BC 99 51 F7 BB AB 5A B5 
[ 1172246] XN297 OK addr AA55CCCCCC | payload 02 55 5D 73 00 42 E6 4F 
[ 1172259] ch50 r2 T: FC 4F DC C3 AE CE EF E0 BC 99 51 5B DB FD 55 57 
[ 1172259] XN297 OK addr AA55CCCCCC | payload 02 55 5D 73 00 42 E6 4F 
[ 1172272] ch50 r2 T: FC 4F DC C3 AE CE EF E0 BC 99 51 FB B3 FD FB 7F 
[ 1172272] XN297 OK addr AA55CCCCCC | payload 02 55 5D 73 00 42 E6 4F 
[ 1172285] ch50 r2 T: FC 4F DC C3 AE CE EF E0 BC 99 51 8A E9 5A F7 B7 
[ 1172285] XN297 OK addr AA55CCCCCC | payload 02 55 5D 73 00 42 E6 4F 
[ 1172298] ch50 r2 T: FC 4F DC C3 AE CE EF E0 BC 99 51 ED 6F DF FE FF 
[ 1172298] XN297 OK addr AA55CCCCCC | payload 02 55 5D 73 00 42 E6 4F 
[ 1172312] ch50 r2 T: FC 4F DC C3 AE CE EF E0 BC 99 51 FB EB AD B2 FF 
[ 1172312] XN297 OK addr AA55CCCCCC | payload 02 55 5D 73 00 42 E6 4F 
[ 1172325] ch50 r2 T: FC 4F DC C3 AE CE EF E0 BC 99 51 BE FB 7B F5 FB 
[ 1172325] XN297 OK addr AA55CCCCCC | payload 02 55 5D 73 00 42 E6 4F 
[ 1172338] ch50 r2 T: FC 4F DC C3 AE CE EF E0 BC 99 51 6F EB 5D DE FF 
[ 1172338] XN297 OK addr AA55CCCCCC | payload 02 55 5D 73 00 42 E6 4F 
[ 1173379] ch50 r2 T: BC 4F DC C3 AE CC 6F 62 8E 7B 51 5E FF 48 43 2A 
[ 1173379] XN297 OK addr AA55CCCCCC | payload 00 55 5D 73 00 02 E7 0E 
[ 1173392] ch50 r2 T: BC 4F DC C3 AE CC 6F 62 8E 7B 51 EF D6 A5 6F 5E 
[ 1173392] XN297 OK addr AA55CCCCCC | payload 00 55 5D 73 00 02 E7 0E 
[ 1173406] ch50 r2 T: BC 4F DC C3 AE CC 6F 62 8E 7B 51 FB FD FF AD DA 
[ 1173406] XN297 OK addr AA55CCCCCC | payload 00 55 5D 73 00 02 E7 0E 
[ 1173419] ch50 r2 T: BC 4F DC C3 AE CC 6F 62 8E 7B 51 7F F6 AF ED D2 
[ 1173419] XN297 OK addr AA55CCCCCC | payload 00 55 5D 73 00 02 E7 0E 
[ 1173432] ch50 r2 T: BC 4F DC C3 AE CC 6F 62 8E 7B 51 D3 FB E2 B7 D5 
[ 1173432] XN297 OK addr AA55CCCCCC | payload 00 55 5D 73 00 02 E7 0E 
[ 1173445] ch50 r2 T: BC 4F DC C3 AE CC 6F 62 8E 7B 51 BB D7 3E AE EB 
[ 1173445] XN297 OK addr AA55CCCCCC | payload 00 55 5D 73 00 02 E7 0E 
[ 1173458] ch50 r2 T: BC 4F DC C3 AE CC 6F 62 8E 7B 51 AF BA DD AE DE 
[ 1173458] XN297 OK addr AA55CCCCCC | payload 00 55 5D 73 00 02 E7 0E 
[ 1173471] ch50 r2 T: BC 4F DC C3 AE CC 6F 62 8E 7B 51 2D F3 2D EB CD 
[ 1173471] XN297 OK addr AA55CCCCCC | payload 00 55 5D 73 00 02 E7 0E 
[ 1173485] ch50 r2 T: BC 4F DC C3 AE CC 6F 62 8E 7B 51 DD F5 5A FB 95 
[ 1173485] XN297 OK addr AA55CCCCCC | payload 00 55 5D 73 00 02 E7 0E 
[ 1173498] ch50 r2 T: BC 4F DC C3 AE CC 6F 62 8E 7B 51 DD EF 6A DB 59 
[ 1173498] XN297 OK addr AA55CCCCCC | payload 00 55 5D 73 00 02 E7 0E 
[ 1173511] ch50 r2 T: BC 4F DC C3 AE CC 6F 62 8E 7B 51 BD 7E DD F2 EB 
[ 1173511] XN297 OK addr AA55CCCCCC | payload 00 55 5D 73 00 02 E7 0E 
[ 1173573] ch50 r2 T: 3C 4F DC C3 AE CE 9F 18 D1 86 51 AD A9 D7 E5 D5 
[ 1173573] XN297 OK addr AA55CCCCCC | payload 01 55 5D 73 00 42 E8 50 
[ 1173586] ch50 r2 T: 3C 4F DC C3 AE CE 9F 18 D1 86 51 FF DB FD EE B5 
[ 1173586] XN297 OK addr AA55CCCCCC | payload 01 55 5D 73 00 42 E8 50 
[ 1173599] ch50 r2 T: 3C 4F DC C3 AE CE 9F 18 D1 86 51 69 AB 55 73 ED 
[ 1173599] XN297 OK addr AA55CCCCCC | payload 01 55 5D 73 00 42 E8 50 
[ 1173612] ch50 r2 T: 3C 4F DC C3 AE CE 9F 18 D1 86 51 7E BB BF BA 77 
[ 1173612] XN297 OK addr AA55CCCCCC | payload 01 55 5D 73 00 42 E8 50 
[ 1173625] ch50 r2 T: 3C 4F DC C3 AE CE 9F 18 D1 86 51 79 FB ED FE AD 
[ 1173625] XN297 OK addr AA55CCCCCC | payload 01 55 5D 73 00 42 E8 50 
[ 1173639] ch50 r2 T: 3C 4F DC C3 AE CE 9F 18 D1 86 51 FF DF FB 65 EF 
[ 1173639] XN297 OK addr AA55CCCCCC | payload 01 55 5D 73 00 42 E8 50 
[ 1173652] ch50 r2 T: 3C 4F DC C3 AE CE 9F 18 D1 86 51 FA CB AB FF F7 
[ 1173652] XN297 OK addr AA55CCCCCC | payload 01 55 5D 73 00 42 E8 50 
[ 1173665] ch50 r2 T: 3C 4F DC C3 AE CE 9F 18 D1 86 51 DD BF BD FF FF 
[ 1173665] XN297 OK addr AA55CCCCCC | payload 01 55 5D 73 00 42 E8 50 
[ 1173678] ch50 r2 T: 3C 4F DC C3 AE CE 9F 18 D1 86 51 EF EF DF BA B9 
[ 1173678] XN297 OK addr AA55CCCCCC | payload 01 55 5D 73 00 42 E8 50 
[ 1173691] ch50 r2 T: 3C 4F DC C3 AE CE 9F 18 D1 86 51 BE FC EE A9 6A 
[ 1173691] XN297 OK addr AA55CCCCCC | payload 01 55 5D 73 00 42 E8 50 
[ 1173704] ch50 r2 T: 3C 4F DC C3 AE CE 9F 18 D1 86 51 FB FF F7 56 FB 
[ 1173704] XN297 OK addr AA55CCCCCC | payload 01 55 5D 73 00 42 E8 50 
[ 1174819] ch50 r2 T: BC 4F DC C3 AE CC 1F 1A 79 BD 51 DF FF BC AD 7B 
[ 1174819] XN297 OK addr AA55CCCCCC | payload 00 55 5D 73 00 02 E9 10 
[ 1174832] ch50 r2 T: BC 4F DC C3 AE CC 1F 1A 79 BD 51 BE AB DF 1A AA 
[ 1174832] XN297 OK addr AA55CCCCCC | payload 00 55 5D 73 00 02 E9 10 
[ 1174845] ch50 r2 T: BC 4F DC C3 AE CC 1F 1A 79 BD 51 BB EE AA DA 0B 
[ 1174845] XN297 OK addr AA55CCCCCC | payload 00 55 5D 73 00 02 E9 10 
[ 1174858] ch50 r2 T: BC 4F DC C3 AE CC 1F 1A 79 BD 51 EA BF FF FF 7D 
[ 1174858] XN297 OK addr AA55CCCCCC | payload 00 55 5D 73 00 02 E9 10 
[ 1174872] ch50 r2 T: BC 4F DC C3 AE CC 1F 1A 79 BD 51 FB DD B5 AF AB 
[ 1174872] XN297 OK addr AA55CCCCCC | payload 00 55 5D 73 00 02 E9 10 
[ 1174885] ch50 r2 T: BC 4F DC C3 AE CC 1F 1A 79 BD 51 BB AF 7F BE FB 
[ 1174885] XN297 OK addr AA55CCCCCC | payload 00 55 5D 73 00 02 E9 10 
[ 1174898] ch50 r2 T: BC 4F DC C3 AE CC 1F 1A 79 BD 51 7F 7F 6F FD 7B 
[ 1174898] XN297 OK addr AA55CCCCCC | payload 00 55 5D 73 00 02 E9 10 
[ 1174911] ch50 r2 T: BC 4F DC C3 AE CC 1F 1A 79 BD 51 7F DB DE 94 EF 
[ 1174911] XN297 OK addr AA55CCCCCC | payload 00 55 5D 73 00 02 E9 10 
[ 1174924] ch50 r2 T: BC 4F DC C3 AE CC 1F 1A 79 BD 51 96 DF DA 5F DF 
[ 1174924] XN297 OK addr AA55CCCCCC | payload 00 55 5D 73 00 02 E9 10 
[ 1174937] ch50 r2 T: BC 4F DC C3 AE CC 1F 1A 79 BD 51 BE 56 B6 B5 55 
[ 1174937] XN297 OK addr AA55CCCCCC | payload 00 55 5D 73 00 02 E9 10 
[ 1174951] ch50 r2 T: BC 4F DC C3 AE CC 1F 1A 79 BD 51 FF 73 B3 1B 76 
[ 1174951] XN297 OK addr AA55CCCCCC | payload 00 55 5D 73 00 02 E9 10 
[ 1175012] ch50 r2 T: 3C 4F DC C3 AE CE DF 58 94 8E 51 7D 72 F6 7B F6 
[ 1175012] XN297 OK addr AA55CCCCCC | payload 01 55 5D 73 00 42 EA 52 
[ 1175025] ch50 r2 T: 3C 4F DC C3 AE CE DF 58 94 8E 51 4F DF F9 D7 FD 
[ 1175025] XN297 OK addr AA55CCCCCC | payload 01 55 5D 73 00 42 EA 52 
[ 1175038] ch50 r2 T: 3C 4F DC C3 AE CE DF 58 94 8E 51 7D 7D 7B 7C BF 
[ 1175038] XN297 OK addr AA55CCCCCC | payload 01 55 5D 73 00 42 EA 52 
[ 1175051] ch50 r2 T: 3C 4F DC C3 AE CE DF 58 94 8E 51 BE DF F5 F7 FE 
[ 1175051] XN297 OK addr AA55CCCCCC | payload 01 55 5D 73 00 42 EA 52 
[ 1175064] ch50 r2 T: 3C 4F DC C3 AE CE DF 58 94 8E 51 AB BB F6 FF FD 
[ 1175064] XN297 OK addr AA55CCCCCC | payload 01 55 5D 73 00 42 EA 52 
[ 1175078] ch50 r2 T: 3C 4F DC C3 AE CE DF 58 94 8E 51 6D DE ED 7B DD 
[ 1175078] XN297 OK addr AA55CCCCCC | payload 01 55 5D 73 00 42 EA 52 
[ 1175091] ch50 r2 T: 3C 4F DC C3 AE CE DF 58 94 8E 51 7E FB F7 FF FE 
[ 1175091] XN297 OK addr AA55CCCCCC | payload 01 55 5D 73 00 42 EA 52 
[ 1175104] ch50 r2 T: 3C 4F DC C3 AE CE DF 58 94 8E 51 F7 5B 4F 9B AF 
[ 1175104] XN297 OK addr AA55CCCCCC | payload 01 55 5D 73 00 42 EA 52 
[ 1175117] ch50 r2 T: 3C 4F DC C3 AE CE DF 58 94 8E 51 DF DF FF 6F FD 
[ 1175117] XN297 OK addr AA55CCCCCC | payload 01 55 5D 73 00 42 EA 52 
[ 1175130] ch50 r2 T: 3C 4F DC C3 AE CE DF 58 94 8E 51 DD F4 BF 7D BF 
[ 1175130] XN297 OK addr AA55CCCCCC | payload 01 55 5D 73 00 42 EA 52 
[ 1175143] ch50 r2 T: 3C 4F DC C3 AE CE DF 58 94 8E 51 D5 FE 95 D4 A5 
[ 1175143] XN297 OK addr AA55CCCCCC | payload 01 55 5D 73 00 42 EA 52 
[ 1175217] ch50 r2 T: FC 4F DC C3 AE CE 5F 38 E8 E1 51 7F A2 ED 6F CF 
[ 1175217] XN297 OK addr AA55CCCCCC | payload 02 55 5D 73 00 42 EB 54 
[ 1175231] ch50 r2 T: FC 4F DC C3 AE CE 5F 38 E8 E1 51 5B 6F B7 15 5B 
[ 1175231] XN297 OK addr AA55CCCCCC | payload 02 55 5D 73 00 42 EB 54 
[ 1175244] ch50 r2 T: FC 4F DC C3 AE CE 5F 38 E8 E1 51 AF EA 9A D5 26 
[ 1175244] XN297 OK addr AA55CCCCCC | payload 02 55 5D 73 00 42 EB 54 
[ 1175257] ch50 r2 T: FC 4F DC C3 AE CE 5F 38 E8 E1 51 E5 BF 7F 7B 5D 
[ 1175257] XN297 OK addr AA55CCCCCC | payload 02 55 5D 73 00 42 EB 54 
[ 1175270] ch50 r2 T: FC 4F DC C3 AE CE 5F 38 E8 E1 51 FD BB B9 FF FB 
[ 1175270] XN297 OK addr AA55CCCCCC | payload 02 55 5D 73 00 42 EB 54 
[ 1175283] ch50 r2 T: FC 4F DC C3 AE CE 5F 38 E8 E1 51 F5 6E 5B F6 D8 
[ 1175283] XN297 OK addr AA55CCCCCC | payload 02 55 5D 73 00 42 EB 54 
[ 1175296] ch50 r2 T: FC 4F DC C3 AE CE 5F 38 E8 E1 51 AB F7 FF FB FD 
[ 1175296] XN297 OK addr AA55CCCCCC | payload 02 55 5D 73 00 42 EB 54 
[ 1175310] ch50 r2 T: FC 4F DC C3 AE CE 5F 38 E8 E1 51 BE ED F5 B7 6F 
[ 1175310] XN297 OK addr AA55CCCCCC | payload 02 55 5D 73 00 42 EB 54 
[ 1175323] ch50 r2 T: FC 4F DC C3 AE CE 5F 38 E8 E1 51 72 B9 B7 7B 56 
[ 1175323] XN297 OK addr AA55CCCCCC | payload 02 55 5D 73 00 42 EB 54 
[ 1175336] ch50 r2 T: FC 4F DC C3 AE CE 5F 38 E8 E1 51 BD 3A AB 0A A9 
[ 1175336] XN297 OK addr AA55CCCCCC | payload 02 55 5D 73 00 42 EB 54 
[ 1176465] ch50 r2 T: BC 4F DC C3 AE CC BF DA BD 8F 51 DA FE BC 5A DB 
[ 1176465] XN297 OK addr AA55CCCCCC | payload 00 55 5D 73 00 02 EC 13 
[ 1176478] ch50 r2 T: BC 4F DC C3 AE CC BF DA BD 8F 51 3B B7 AA F2 A9 
[ 1176478] XN297 OK addr AA55CCCCCC | payload 00 55 5D 73 00 02 EC 13 
[ 1176491] ch50 r2 T: BC 4F DC C3 AE CC BF DA BD 8F 51 FA D7 F7 5B EF 
[ 1176491] XN297 OK addr AA55CCCCCC | payload 00 55 5D 73 00 02 EC 13 
[ 1176505] ch50 r2 T: BC 4F DC C3 AE CC BF DA BD 8F 51 7B 57 77 FA B2 
[ 1176505] XN297 OK addr AA55CCCCCC | payload 00 55 5D 73 00 02 EC 13 
[ 1176518] ch50 r2 T: BC 4F DC C3 AE CC BF DA BD 8F 51 57 3F BA A7 EF 
[ 1176518] XN297 OK addr AA55CCCCCC | payload 00 55 5D 73 00 02 EC 13 
[ 1176531] ch50 r2 T: BC 4F DC C3 AE CC BF DA BD 8F 51 63 DE F7 DE BB 
[ 1176531] XN297 OK addr AA55CCCCCC | payload 00 55 5D 73 00 02 EC 13 
[ 1176544] ch50 r2 T: BC 4F DC C3 AE CC BF DA BD 8F 51 EB BE ED 7D 57 
[ 1176544] XN297 OK addr AA55CCCCCC | payload 00 55 5D 73 00 02 EC 13 
[ 1176557] ch50 r2 T: BC 4F DC C3 AE CC BF DA BD 8F 51 B7 55 AD DA AC 
[ 1176557] XN297 OK addr AA55CCCCCC | payload 00 55 5D 73 00 02 EC 13 
[ 1176570] ch50 r2 T: BC 4F DC C3 AE CC BF DA BD 8F 51 FF FF B9 5B B7 
[ 1176570] XN297 OK addr AA55CCCCCC | payload 00 55 5D 73 00 02 EC 13 
[ 1176584] ch50 r2 T: BC 4F DC C3 AE CC BF DA BD 8F 51 FD 7F BB FB 76 
[ 1176584] XN297 OK addr AA55CCCCCC | payload 00 55 5D 73 00 02 EC 13 
[ 1176597] ch50 r2 T: BC 4F DC C3 AE CC BF DA BD 8F 51 CE FF FF ED 7B 
[ 1176597] XN297 OK addr AA55CCCCCC | payload 00 55 5D 73 00 02 EC 13 
[ 1176658] ch50 r2 T: 3C 4F DC C3 AE CE 3F B8 79 12 51 FE BB D2 D2 4A 
[ 1176658] XN297 OK addr AA55CCCCCC | payload 01 55 5D 73 00 42 ED 55 
[ 1176671] ch50 r2 T: 3C 4F DC C3 AE CE 3F B8 79 12 51 5A DB AD FF 65 
[ 1176671] XN297 OK addr AA55CCCCCC | payload 01 55 5D 73 00 42 ED 55 
[ 1176684] ch50 r2 T: 3C 4F DC C3 AE CE 3F B8 79 12 51 7E FD 5B BB F7 
[ 1176684] XN297 OK addr AA55CCCCCC | payload 01 55 5D 73 00 42 ED 55 
[ 1176697] ch50 r2 T: 3C 4F DC C3 AE CE 3F B8 79 12 51 7F BE F7 5F FF 
[ 1176697] XN297 OK addr AA55CCCCCC | payload 01 55 5D 73 00 42 ED 55 
[ 1176711] ch50 r2 T: 3C 4F DC C3 AE CE 3F B8 79 12 51 FE FD 3B 7F CE 
[ 1176711] XN297 OK addr AA55CCCCCC | payload 01 55 5D 73 00 42 ED 55 
[ 1176724] ch50 r2 T: 3C 4F DC C3 AE CE 3F B8 79 12 51 F9 FF D5 C6 BD 
[ 1176724] XN297 OK addr AA55CCCCCC | payload 01 55 5D 73 00 42 ED 55 
[ 1176737] ch50 r2 T: 3C 4F DC C3 AE CE 3F B8 79 12 51 BF 7F BB 7B 75 
[ 1176737] XN297 OK addr AA55CCCCCC | payload 01 55 5D 73 00 42 ED 55 
[ 1176750] ch50 r2 T: 3C 4F DC C3 AE CE 3F B8 79 12 51 EF EB EF FD DD 
[ 1176750] XN297 OK addr AA55CCCCCC | payload 01 55 5D 73 00 42 ED 55 
[ 1176763] ch50 r2 T: 3C 4F DC C3 AE CE 3F B8 79 12 51 A7 57 B7 29 BB 
[ 1176763] XN297 OK addr AA55CCCCCC | payload 01 55 5D 73 00 42 ED 55 
[ 1176777] ch50 r2 T: 3C 4F DC C3 AE CE 3F B8 79 12 51 6A 1D BA 4B 67 
[ 1176777] XN297 OK addr AA55CCCCCC | payload 01 55 5D 73 00 42 ED 55 
[ 1176790] ch50 r2 T: 3C 4F DC C3 AE CE 3F B8 79 12 51 F2 E7 EA FF FE 
[ 1176790] XN297 OK addr AA55CCCCCC | payload 01 55 5D 73 00 42 ED 55 
[ 1178101] ch50 r2 T: BC 4F DC C3 AE CC FF BA DC E5 51 6E F7 D6 FB AA 
[ 1178101] XN297 OK addr AA55CCCCCC | payload 00 55 5D 73 00 02 EE 15 
[ 1178114] ch50 r2 T: BC 4F DC C3 AE CC FF BA DC E5 51 72 ED F6 D5 1B 
[ 1178114] XN297 OK addr AA55CCCCCC | payload 00 55 5D 73 00 02 EE 15 
[ 1178127] ch50 r2 T: BC 4F DC C3 AE CC FF BA DC E5 51 ED EC F2 AD 7D 
[ 1178127] XN297 OK addr AA55CCCCCC | payload 00 55 5D 73 00 02 EE 15 
[ 1178140] ch50 r2 T: BC 4F DC C3 AE CC FF BA DC E5 51 FB FA EF EF FD 
[ 1178140] XN297 OK addr AA55CCCCCC | payload 00 55 5D 73 00 02 EE 15 
[ 1178153] ch50 r2 T: BC 4F DC C3 AE CC FF BA DC E5 51 7F 6F F7 BF BF 
[ 1178153] XN297 OK addr AA55CCCCCC | payload 00 55 5D 73 00 02 EE 15 
[ 1178167] ch50 r2 T: BC 4F DC C3 AE CC FF BA DC E5 51 F7 FF 5F F7 A9 
[ 1178167] XN297 OK addr AA55CCCCCC | payload 00 55 5D 73 00 02 EE 15 
[ 1178180] ch50 r2 T: BC 4F DC C3 AE CC FF BA DC E5 51 BF F7 AB CB 6B 
[ 1178180] XN297 OK addr AA55CCCCCC | payload 00 55 5D 73 00 02 EE 15 
[ 1178193] ch50 r2 T: BC 4F DC C3 AE CC FF BA DC E5 51 BD BA B7 7F BF 
[ 1178193] XN297 OK addr AA55CCCCCC | payload 00 55 5D 73 00 02 EE 15 
[ 1178206] ch50 r2 T: BC 4F DC C3 AE CC FF BA DC E5 51 57 DA FE FB A5 
[ 1178206] XN297 OK addr AA55CCCCCC | payload 00 55 5D 73 00 02 EE 15 
[ 1178219] ch50 r2 T: BC 4F DC C3 AE CC FF BA DC E5 51 7D 7B DB FE FF 
[ 1178219] XN297 OK addr AA55CCCCCC | payload 00 55 5D 73 00 02 EE 15 
[ 1178233] ch50 r2 T: BC 4F DC C3 AE CC FF BA DC E5 51 BD EF 7F D7 A5 
[ 1178233] XN297 OK addr AA55CCCCCC | payload 00 55 5D 73 00 02 EE 15 
[ 1178294] ch50 r2 T: 3C 4F DC C3 AE CE 7F F8 3C 1A 51 7B 5A 25 AA A9 
[ 1178294] XN297 OK addr AA55CCCCCC | payload 01 55 5D 73 00 42 EF 57 
[ 1178308] ch50 r2 T: 3C 4F DC C3 AE CE 7F F8 3C 1A 51 AF BE FA DD DB 
[ 1178308] XN297 OK addr AA55CCCCCC | payload 01 55 5D 73 00 42 EF 57 
[ 1178321] ch50 r2 T: 3C 4F DC C3 AE CE 7F F8 3C 1A 51 B7 77 15 25 D6 
[ 1178321] XN297 OK addr AA55CCCCCC | payload 01 55 5D 73 00 42 EF 57 
[ 1178334] ch50 r2 T: 3C 4F DC C3 AE CE 7F F8 3C 1A 51 55 75 56 B2 D4 
[ 1178334] XN297 OK addr AA55CCCCCC | payload 01 55 5D 73 00 42 EF 57 
[ 1178347] ch50 r2 T: 3C 4F DC C3 AE CE 7F F8 3C 1A 51 EB 6B F7 EF A5 
[ 1178347] XN297 OK addr AA55CCCCCC | payload 01 55 5D 73 00 42 EF 57 
[ 1178360] ch50 r2 T: 3C 4F DC C3 AE CE 7F F8 3C 1A 51 FF BF EB 7F D5 
[ 1178360] XN297 OK addr AA55CCCCCC | payload 01 55 5D 73 00 42 EF 57 
[ 1178373] ch50 r2 T: 3C 4F DC C3 AE CE 7F F8 3C 1A 51 7F 62 AA EF 3E 
[ 1178373] XN297 OK addr AA55CCCCCC | payload 01 55 5D 73 00 42 EF 57 
[ 1178387] ch50 r2 T: 3C 4F DC C3 AE CE 7F F8 3C 1A 51 6B B7 FF BA DB 
[ 1178387] XN297 OK addr AA55CCCCCC | payload 01 55 5D 73 00 42 EF 57 
[ 1178400] ch50 r2 T: 3C 4F DC C3 AE CE 7F F8 3C 1A 51 AC FA 76 AE AD 
[ 1178400] XN297 OK addr AA55CCCCCC | payload 01 55 5D 73 00 42 EF 57 
[ 1178413] ch50 r2 T: 3C 4F DC C3 AE CE 7F F8 3C 1A 51 5E F6 D6 CF 5E 
[ 1178413] XN297 OK addr AA55CCCCCC | payload 01 55 5D 73 00 42 EF 57 
[ 1178426] ch50 r2 T: 3C 4F DC C3 AE CE 7F F8 3C 1A 51 DB 76 9F 7B D1 
[ 1178426] XN297 OK addr AA55CCCCCC | payload 01 55 5D 73 00 42 EF 57 
[ 1179746] ch50 r2 T: BC 4F DC C3 AE CC 87 FA 15 D1 51 95 BD F5 90 42 
[ 1179746] XN297 OK addr AA55CCCCCC | payload 00 55 5D 73 00 02 F0 17 
[ 1179760] ch50 r2 T: BC 4F DC C3 AE CC 87 FA 15 D1 51 5B FB FD AA B5 
[ 1179760] XN297 OK addr AA55CCCCCC | payload 00 55 5D 73 00 02 F0 17 
[ 1179773] ch50 r2 T: BC 4F DC C3 AE CC 87 FA 15 D1 51 76 DB 7F 7F F5 
[ 1179773] XN297 OK addr AA55CCCCCC | payload 00 55 5D 73 00 02 F0 17 
[ 1179786] ch50 r2 T: BC 4F DC C3 AE CC 87 FA 15 D1 51 6F FB F3 AF 6A 
[ 1179786] XN297 OK addr AA55CCCCCC | payload 00 55 5D 73 00 02 F0 17 
[ 1179799] ch50 r2 T: BC 4F DC C3 AE CC 87 FA 15 D1 51 ED EF 54 AB 45 
[ 1179799] XN297 OK addr AA55CCCCCC | payload 00 55 5D 73 00 02 F0 17 
[ 1179812] ch50 r2 T: BC 4F DC C3 AE CC 87 FA 15 D1 51 37 6F B5 FB 7F 
[ 1179812] XN297 OK addr AA55CCCCCC | payload 00 55 5D 73 00 02 F0 17 
[ 1179825] ch50 r2 T: BC 4F DC C3 AE CC 87 FA 15 D1 51 7F BA BB 7A A5 
[ 1179825] XN297 OK addr AA55CCCCCC | payload 00 55 5D 73 00 02 F0 17 
[ 1179839] ch50 r2 T: BC 4F DC C3 AE CC 87 FA 15 D1 51 5F BB FF D5 B6 
[ 1179839] XN297 OK addr AA55CCCCCC | payload 00 55 5D 73 00 02 F0 17 
[ 1179852] ch50 r2 T: BC 4F DC C3 AE CC 87 FA 15 D1 51 B6 BB 4F EE BD 
[ 1179852] XN297 OK addr AA55CCCCCC | payload 00 55 5D 73 00 02 F0 17 
[ 1179865] ch50 r2 T: BC 4F DC C3 AE CC 87 FA 15 D1 51 DF 58 50 D4 6A 
[ 1179865] XN297 OK addr AA55CCCCCC | payload 00 55 5D 73 00 02 F0 17 
[ 1179878] ch50 r2 T: BC 4F DC C3 AE CC 87 FA 15 D1 51 7B FD AD DB 8F 
[ 1179878] XN297 OK addr AA55CCCCCC | payload 00 55 5D 73 00 02 F0 17 
[ 1179940] ch50 r2 T: 3C 4F DC C3 AE CE 07 88 C3 7D 51 FD 6B 7F 7E 77 
[ 1179940] XN297 OK addr AA55CCCCCC | payload 01 55 5D 73 00 42 F1 59 
[ 1179953] ch50 r2 T: 3C 4F DC C3 AE CE 07 88 C3 7D 51 49 7C F7 7D 75 
[ 1179953] XN297 OK addr AA55CCCCCC | payload 01 55 5D 73 00 42 F1 59 
[ 1179966] ch50 r2 T: 3C 4F DC C3 AE CE 07 88 C3 7D 51 EF DF 6F 5F FB 
[ 1179966] XN297 OK addr AA55CCCCCC | payload 01 55 5D 73 00 42 F1 59 
[ 1179979] ch50 r2 T: 3C 4F DC C3 AE CE 07 88 C3 7D 51 F6 FF F7 FE FD 
[ 1179979] XN297 OK addr AA55CCCCCC | payload 01 55 5D 73 00 42 F1 59 
[ 1179992] ch50 r2 T: 3C 4F DC C3 AE CE 07 88 C3 7D 51 FC FF 57 6D 9D 
[ 1179992] XN297 OK addr AA55CCCCCC | payload 01 55 5D 73 00 42 F1 59 
[ 1180006] ch50 r2 T: 3C 4F DC C3 AE CE 07 88 C3 7D 51 F7 7D FD FD DA 
[ 1180006] XN297 OK addr AA55CCCCCC | payload 01 55 5D 73 00 42 F1 59 
[ 1180019] ch50 r2 T: 3C 4F DC C3 AE CE 07 88 C3 7D 51 6B 7F BD EF 6E 
[ 1180019] XN297 OK addr AA55CCCCCC | payload 01 55 5D 73 00 42 F1 59 
[ 1180032] ch50 r2 T: 3C 4F DC C3 AE CE 07 88 C3 7D 51 55 FF EF FD FB 
[ 1180032] XN297 OK addr AA55CCCCCC | payload 01 55 5D 73 00 42 F1 59 
[ 1180045] ch50 r2 T: 3C 4F DC C3 AE CE 07 88 C3 7D 51 8B 7F 9E FB B7 
[ 1180045] XN297 OK addr AA55CCCCCC | payload 01 55 5D 73 00 42 F1 59 
[ 1180058] ch50 r2 T: 3C 4F DC C3 AE CE 07 88 C3 7D 51 BA D9 D9 6C A9 
[ 1180058] XN297 OK addr AA55CCCCCC | payload 01 55 5D 73 00 42 F1 59 
[ 1180071] ch50 r2 T: 3C 4F DC C3 AE CE 07 88 C3 7D 51 7F AE FD DD E3 
[ 1180071] XN297 OK addr AA55CCCCCC | payload 01 55 5D 73 00 42 F1 59 
[ 1181382] ch50 r2 T: BC 4F DC C3 AE CC C7 8A 66 8A 51 BB 75 EB 7E DA 
[ 1181382] XN297 OK addr AA55CCCCCC | payload 00 55 5D 73 00 02 F2 19 
[ 1181395] ch50 r2 T: BC 4F DC C3 AE CC C7 8A 66 8A 51 7B ED 6D E7 76 
[ 1181395] XN297 OK addr AA55CCCCCC | payload 00 55 5D 73 00 02 F2 19 
[ 1181408] ch50 r2 T: BC 4F DC C3 AE CC C7 8A 66 8A 51 37 76 EB 56 AF 
[ 1181408] XN297 OK addr AA55CCCCCC | payload 00 55 5D 73 00 02 F2 19 
[ 1181421] ch50 r2 T: BC 4F DC C3 AE CC C7 8A 66 8A 51 75 F6 F7 FF FD 
[ 1181421] XN297 OK addr AA55CCCCCC | payload 00 55 5D 73 00 02 F2 19 
[ 1181434] ch50 r2 T: BC 4F DC C3 AE CC C7 8A 66 8A 51 FB 6D FF F6 7A 
[ 1181434] XN297 OK addr AA55CCCCCC | payload 00 55 5D 73 00 02 F2 19 
[ 1181447] ch50 r2 T: BC 4F DC C3 AE CC C7 8A 66 8A 51 FE EF B5 91 C4 
[ 1181447] XN297 OK addr AA55CCCCCC | payload 00 55 5D 73 00 02 F2 19 
[ 1181461] ch50 r2 T: BC 4F DC C3 AE CC C7 8A 66 8A 51 BD 5A FF 4D F7 
[ 1181461] XN297 OK addr AA55CCCCCC | payload 00 55 5D 73 00 02 F2 19 
[ 1181474] ch50 r2 T: BC 4F DC C3 AE CC C7 8A 66 8A 51 5F 2E FE EF D7 
[ 1181474] XN297 OK addr AA55CCCCCC | payload 00 55 5D 73 00 02 F2 19 
[ 1181487] ch50 r2 T: BC 4F DC C3 AE CC C7 8A 66 8A 51 AD 9D 72 94 B4 
[ 1181487] XN297 OK addr AA55CCCCCC | payload 00 55 5D 73 00 02 F2 19 
[ 1181500] ch50 r2 T: BC 4F DC C3 AE CC C7 8A 66 8A 51 55 BD BE FD EA 
[ 1181500] XN297 OK addr AA55CCCCCC | payload 00 55 5D 73 00 02 F2 19 
[ 1181513] ch50 r2 T: BC 4F DC C3 AE CC C7 8A 66 8A 51 3D FF FF FB FF 
[ 1181513] XN297 OK addr AA55CCCCCC | payload 00 55 5D 73 00 02 F2 19 
[ 1181575] ch50 r2 T: 3C 4F DC C3 AE CE 47 C8 86 75 51 ED AE F6 BF EB 
[ 1181575] XN297 OK addr AA55CCCCCC | payload 01 55 5D 73 00 42 F3 5B 
[ 1181588] ch50 r2 T: 3C 4F DC C3 AE CE 47 C8 86 75 51 7F DE F3 DA 56 
[ 1181588] XN297 OK addr AA55CCCCCC | payload 01 55 5D 73 00 42 F3 5B 
[ 1181601] ch50 r2 T: 3C 4F DC C3 AE CE 47 C8 86 75 51 D5 F5 FD BC DF 
[ 1181601] XN297 OK addr AA55CCCCCC | payload 01 55 5D 73 00 42 F3 5B 
[ 1181615] ch50 r2 T: 3C 4F DC C3 AE CE 47 C8 86 75 51 35 FF FF FF FF 
[ 1181615] XN297 OK addr AA55CCCCCC | payload 01 55 5D 73 00 42 F3 5B 
[ 1181628] ch50 r2 T: 3C 4F DC C3 AE CE 47 C8 86 75 51 BD F5 BF 55 F6 
[ 1181628] XN297 OK addr AA55CCCCCC | payload 01 55 5D 73 00 42 F3 5B 
[ 1181641] ch50 r2 T: 3C 4F DC C3 AE CE 47 C8 86 75 51 AB AD EF DF AF 
[ 1181641] XN297 OK addr AA55CCCCCC | payload 01 55 5D 73 00 42 F3 5B 
[ 1181654] ch50 r2 T: 3C 4F DC C3 AE CE 47 C8 86 75 51 F5 DA EF B5 FF 
[ 1181654] XN297 OK addr AA55CCCCCC | payload 01 55 5D 73 00 42 F3 5B 
[ 1181667] ch50 r2 T: 3C 4F DC C3 AE CE 47 C8 86 75 51 DF DF FD EE AB 
[ 1181667] XN297 OK addr AA55CCCCCC | payload 01 55 5D 73 00 42 F3 5B 
[ 1181680] ch50 r2 T: 3C 4F DC C3 AE CE 47 C8 86 75 51 FF EB BB EF FE 
[ 1181680] XN297 OK addr AA55CCCCCC | payload 01 55 5D 73 00 42 F3 5B 
[ 1181694] ch50 r2 T: 3C 4F DC C3 AE CE 47 C8 86 75 51 F5 FD ED 6F AD 
[ 1181694] XN297 OK addr AA55CCCCCC | payload 01 55 5D 73 00 42 F3 5B 
[ 1181707] ch50 r2 T: 3C 4F DC C3 AE CE 47 C8 86 75 51 5F FE 9F BB BF 
[ 1181707] XN297 OK addr AA55CCCCCC | payload 01 55 5D 73 00 42 F3 5B 
[ 1182929] ch50 r2 T: BC 4F DC C3 AE CC A7 CA 25 64 51 ED AD A9 2B 19 
[ 1182929] XN297 OK addr AA55CCCCCC | payload 00 55 5D 73 00 02 F4 1B 
[ 1182942] ch50 r2 T: BC 4F DC C3 AE CC A7 CA 25 64 51 FF F5 BE AD 7B 
[ 1182942] XN297 OK addr AA55CCCCCC | payload 00 55 5D 73 00 02 F4 1B 
[ 1182956] ch50 r2 T: BC 4F DC C3 AE CC A7 CA 25 64 51 57 5D FF EC D7 
[ 1182956] XN297 OK addr AA55CCCCCC | payload 00 55 5D 73 00 02 F4 1B 
[ 1182969] ch50 r2 T: BC 4F DC C3 AE CC A7 CA 25 64 51 7F AD 2F BA 32 
[ 1182969] XN297 OK addr AA55CCCCCC | payload 00 55 5D 73 00 02 F4 1B 
[ 1182982] ch50 r2 T: BC 4F DC C3 AE CC A7 CA 25 64 51 F7 AF FE B5 2E 
[ 1182982] XN297 OK addr AA55CCCCCC | payload 00 55 5D 73 00 02 F4 1B 
[ 1182995] ch50 r2 T: BC 4F DC C3 AE CC A7 CA 25 64 51 EB 9F 3B 2B 2E 
[ 1182995] XN297 OK addr AA55CCCCCC | payload 00 55 5D 73 00 02 F4 1B 
[ 1183008] ch50 r2 T: BC 4F DC C3 AE CC A7 CA 25 64 51 AA A5 B0 4D D5 
[ 1183008] XN297 OK addr AA55CCCCCC | payload 00 55 5D 73 00 02 F4 1B 
[ 1183022] ch50 r2 T: BC 4F DC C3 AE CC A7 CA 25 64 51 FB AD F7 B7 79 
[ 1183022] XN297 OK addr AA55CCCCCC | payload 00 55 5D 73 00 02 F4 1B 
[ 1183035] ch50 r2 T: BC 4F DC C3 AE CC A7 CA 25 64 51 DB B0 A3 99 12 
[ 1183035] XN297 OK addr AA55CCCCCC | payload 00 55 5D 73 00 02 F4 1B 
[ 1183048] ch50 r2 T: BC 4F DC C3 AE CC A7 CA 25 64 51 DF 7F 5E FF FF 
[ 1183048] XN297 OK addr AA55CCCCCC | payload 00 55 5D 73 00 02 F4 1B 
[ 1183061] ch50 r2 T: BC 4F DC C3 AE CC A7 CA 25 64 51 7D D5 69 AD 97 
[ 1183061] XN297 OK addr AA55CCCCCC | payload 00 55 5D 73 00 02 F4 1B 
[ 1183123] ch50 r2 T: 3C 4F DC C3 AE CE 27 A8 E1 F9 51 6E E9 FA EE 6D 
[ 1183123] XN297 OK addr AA55CCCCCC | payload 01 55 5D 73 00 42 F5 5D 
[ 1183136] ch50 r2 T: 3C 4F DC C3 AE CE 27 A8 E1 F9 51 FE B7 BE 7F AF 
[ 1183136] XN297 OK addr AA55CCCCCC | payload 01 55 5D 73 00 42 F5 5D 
[ 1183149] ch50 r2 T: 3C 4F DC C3 AE CE 27 A8 E1 F9 51 D7 ED EE 6E E3 
[ 1183149] XN297 OK addr AA55CCCCCC | payload 01 55 5D 73 00 42 F5 5D 
[ 1183162] ch50 r2 T: 3C 4F DC C3 AE CE 27 A8 E1 F9 51 6F DD D7 FA CA 
[ 1183162] XN297 OK addr AA55CCCCCC | payload 01 55 5D 73 00 42 F5 5D 
[ 1183175] ch50 r2 T: 3C 4F DC C3 AE CE 27 A8 E1 F9 51 FE 9F EE F6 F7 
[ 1183175] XN297 OK addr AA55CCCCCC | payload 01 55 5D 73 00 42 F5 5D 
[ 1183189] ch50 r2 T: 3C 4F DC C3 AE CE 27 A8 E1 F9 51 DF 9A 97 5B FB 
[ 1183189] XN297 OK addr AA55CCCCCC | payload 01 55 5D 73 00 42 F5 5D 
[ 1183202] ch50 r2 T: 3C 4F DC C3 AE CE 27 A8 E1 F9 51 9F 56 BD AB 7B 
[ 1183202] XN297 OK addr AA55CCCCCC | payload 01 55 5D 73 00 42 F5 5D 
[ 1183215] ch50 r2 T: 3C 4F DC C3 AE CE 27 A8 E1 F9 51 D7 77 FB D6 D9 
[ 1183215] XN297 OK addr AA55CCCCCC | payload 01 55 5D 73 00 42 F5 5D 
[ 1183228] ch50 r2 T: 3C 4F DC C3 AE CE 27 A8 E1 F9 51 7E DD EE B6 DF 
[ 1183228] XN297 OK addr AA55CCCCCC | payload 01 55 5D 73 00 42 F5 5D 
[ 1183241] ch50 r2 T: 3C 4F DC C3 AE CE 27 A8 E1 F9 51 FF FD B6 DD FF 
[ 1183241] XN297 OK addr AA55CCCCCC | payload 01 55 5D 73 00 42 F5 5D 
[ 1183254] ch50 r2 T: 3C 4F DC C3 AE CE 27 A8 E1 F9 50 35 FF FD FD FF 
[ 1183254] XN297 OK addr AA55CCCCCC | payload 01 55 5D 73 00 42 F5 5D 
------------------------------
# R2 bright down
[ 1204510] ch50 r2 T: BC 4F DC C3 AE 4C E7 6A A6 18 51 79 7F FF FB EF 
[ 1204510] XN297 OK addr AA55CCCCCC | payload 00 55 5D 73 00 03 F6 1E 
[ 1204523] ch50 r2 T: BC 4F DC C3 AE 4C E7 6A A6 18 51 DE FC EE EE FE 
[ 1204523] XN297 OK addr AA55CCCCCC | payload 00 55 5D 73 00 03 F6 1E 
[ 1204536] ch50 r2 T: BC 4F DC C3 AE 4C E7 6A A6 18 51 BE BF EF D7 B6 
[ 1204536] XN297 OK addr AA55CCCCCC | payload 00 55 5D 73 00 03 F6 1E 
[ 1204550] ch50 r2 T: BC 4F DC C3 AE 4C E7 6A A6 18 51 AF 5B BA FD 6B 
[ 1204550] XN297 OK addr AA55CCCCCC | payload 00 55 5D 73 00 03 F6 1E 
[ 1204563] ch50 r2 T: BC 4F DC C3 AE 4C E7 6A A6 18 51 AE FF FF DF FF 
[ 1204563] XN297 OK addr AA55CCCCCC | payload 00 55 5D 73 00 03 F6 1E 
[ 1204576] ch50 r2 T: BC 4F DC C3 AE 4C E7 6A A6 18 51 54 96 FF BD FD 
[ 1204576] XN297 OK addr AA55CCCCCC | payload 00 55 5D 73 00 03 F6 1E 
[ 1204589] ch50 r2 T: BC 4F DC C3 AE 4C E7 6A A6 18 51 84 FF FF FF FF 
[ 1204589] XN297 OK addr AA55CCCCCC | payload 00 55 5D 73 00 03 F6 1E 
[ 1204602] ch50 r2 T: BC 4F DC C3 AE 4C E7 6A A6 18 51 62 FF FF FE EB 
[ 1204602] XN297 OK addr AA55CCCCCC | payload 00 55 5D 73 00 03 F6 1E 
[ 1204615] ch50 r2 T: BC 4F DC C3 AE 4C E7 6A A6 18 51 EF EF E6 D5 EF 
[ 1204615] XN297 OK addr AA55CCCCCC | payload 00 55 5D 73 00 03 F6 1E 
[ 1204629] ch50 r2 T: BC 4F DC C3 AE 4C E7 6A A6 18 51 BF FF EB 6E FA 
[ 1204629] XN297 OK addr AA55CCCCCC | payload 00 55 5D 73 00 03 F6 1E 
[ 1204642] ch50 r2 T: BC 4F DC C3 AE 4C E7 6A A6 18 51 7C F3 35 2A AB 
[ 1204642] XN297 OK addr AA55CCCCCC | payload 00 55 5D 73 00 03 F6 1E 
[ 1204723] ch50 r2 T: BC 4F DC C3 AE 4C 67 EA 2C 08 51 6B FF FB B7 6B 
[ 1204723] XN297 OK addr AA55CCCCCC | payload 00 55 5D 73 00 03 F7 1F 
[ 1204737] ch50 r2 T: BC 4F DC C3 AE 4C 67 EA 2C 08 51 B5 F6 EB 3C DA 
[ 1204737] XN297 OK addr AA55CCCCCC | payload 00 55 5D 73 00 03 F7 1F 
[ 1204750] ch50 r2 T: BC 4F DC C3 AE 4C 67 EA 2C 08 51 FE FF 6B 5B FB 
[ 1204750] XN297 OK addr AA55CCCCCC | payload 00 55 5D 73 00 03 F7 1F 
[ 1204763] ch50 r2 T: BC 4F DC C3 AE 4C 67 EA 2C 08 51 79 FD FF FF FE 
[ 1204763] XN297 OK addr AA55CCCCCC | payload 00 55 5D 73 00 03 F7 1F 
[ 1204776] ch50 r2 T: BC 4F DC C3 AE 4C 67 EA 2C 08 51 66 FF FE FF FB 
[ 1204776] XN297 OK addr AA55CCCCCC | payload 00 55 5D 73 00 03 F7 1F 
[ 1204789] ch50 r2 T: BC 4F DC C3 AE 4C 67 EA 2C 08 51 56 FF FF FF 56 
[ 1204789] XN297 OK addr AA55CCCCCC | payload 00 55 5D 73 00 03 F7 1F 
[ 1204802] ch50 r2 T: BC 4F DC C3 AE 4C 67 EA 2C 08 51 55 7E FF EF FF 
[ 1204802] XN297 OK addr AA55CCCCCC | payload 00 55 5D 73 00 03 F7 1F 
[ 1204816] ch50 r2 T: BC 4F DC C3 AE 4C 67 EA 2C 08 51 D5 75 35 7D E9 
[ 1204816] XN297 OK addr AA55CCCCCC | payload 00 55 5D 73 00 03 F7 1F 
[ 1204829] ch50 r2 T: BC 4F DC C3 AE 4C 67 EA 2C 08 51 FD 6C AF 92 DB 
[ 1204829] XN297 OK addr AA55CCCCCC | payload 00 55 5D 73 00 03 F7 1F 
[ 1204842] ch50 r2 T: BC 4F DC C3 AE 4C 67 EA 2C 08 51 D6 7A 78 DA 28 
[ 1204842] XN297 OK addr AA55CCCCCC | payload 00 55 5D 73 00 03 F7 1F 
[ 1204855] ch50 r2 T: BC 4F DC C3 AE 4C 67 EA 2C 08 51 5D D9 DD 4D 6D 
[ 1204855] XN297 OK addr AA55CCCCCC | payload 00 55 5D 73 00 03 F7 1F 
[ 1204917] ch50 r2 T: 3C 4F DC C3 AE 4E 97 94 33 71 51 B7 FF 2F 6A 3E 
[ 1204917] XN297 OK addr AA55CCCCCC | payload 01 55 5D 73 00 43 F8 61 
[ 1204930] ch50 r2 T: 3C 4F DC C3 AE 4E 97 94 33 71 51 BE EF B5 AB D7 
[ 1204930] XN297 OK addr AA55CCCCCC | payload 01 55 5D 73 00 43 F8 61 
[ 1204943] ch50 r2 T: 3C 4F DC C3 AE 4E 97 94 33 71 51 74 AB A1 47 BA 
[ 1204943] XN297 OK addr AA55CCCCCC | payload 01 55 5D 73 00 43 F8 61 
[ 1204956] ch50 r2 T: 3C 4F DC C3 AE 4E 97 94 33 71 51 EB E7 EA EE DE 
[ 1204956] XN297 OK addr AA55CCCCCC | payload 01 55 5D 73 00 43 F8 61 
[ 1204970] ch50 r2 T: 3C 4F DC C3 AE 4E 97 94 33 71 51 D5 97 53 7D 89 
[ 1204970] XN297 OK addr AA55CCCCCC | payload 01 55 5D 73 00 43 F8 61 
[ 1204983] ch50 r2 T: 3C 4F DC C3 AE 4E 97 94 33 71 51 B6 FE EE B3 D2 
[ 1204983] XN297 OK addr AA55CCCCCC | payload 01 55 5D 73 00 43 F8 61 
[ 1204996] ch50 r2 T: 3C 4F DC C3 AE 4E 97 94 33 71 51 F9 7F E3 FF 67 
[ 1204996] XN297 OK addr AA55CCCCCC | payload 01 55 5D 73 00 43 F8 61 
[ 1205009] ch50 r2 T: 3C 4F DC C3 AE 4E 97 94 33 71 51 FE FA 5F DA 9B 
[ 1205009] XN297 OK addr AA55CCCCCC | payload 01 55 5D 73 00 43 F8 61 
[ 1205022] ch50 r2 T: 3C 4F DC C3 AE 4E 97 94 33 71 51 FF EF AF 4C 6B 
[ 1205022] XN297 OK addr AA55CCCCCC | payload 01 55 5D 73 00 43 F8 61 
[ 1205035] ch50 r2 T: 3C 4F DC C3 AE 4E 97 94 33 71 51 6F FC B7 6A AE 
[ 1205035] XN297 OK addr AA55CCCCCC | payload 01 55 5D 73 00 43 F8 61 
[ 1205049] ch50 r2 T: 3C 4F DC C3 AE 4E 97 94 33 71 51 5B FE EE EA B5 
[ 1205049] XN297 OK addr AA55CCCCCC | payload 01 55 5D 73 00 43 F8 61 
[ 1206013] ch50 r2 T: BC 4F DC C3 AE 4C 17 96 9B 4A 51 55 EE EE DE BF 
[ 1206013] XN297 OK addr AA55CCCCCC | payload 00 55 5D 73 00 03 F9 21 
[ 1206026] ch50 r2 T: BC 4F DC C3 AE 4C 17 96 9B 4A 51 3F BD BB F6 7F 
[ 1206026] XN297 OK addr AA55CCCCCC | payload 00 55 5D 73 00 03 F9 21 
[ 1206039] ch50 r2 T: BC 4F DC C3 AE 4C 17 96 9B 4A 51 BF 35 7F BF 3D 
[ 1206039] XN297 OK addr AA55CCCCCC | payload 00 55 5D 73 00 03 F9 21 
[ 1206052] ch50 r2 T: BC 4F DC C3 AE 4C 17 96 9B 4A 51 B5 F4 EC 6D 67 
[ 1206052] XN297 OK addr AA55CCCCCC | payload 00 55 5D 73 00 03 F9 21 
[ 1206065] ch50 r2 T: BC 4F DC C3 AE 4C 17 96 9B 4A 51 DE EF FA 7F D5 
[ 1206065] XN297 OK addr AA55CCCCCC | payload 00 55 5D 73 00 03 F9 21 
[ 1206079] ch50 r2 T: BC 4F DC C3 AE 4C 17 96 9B 4A 51 6F FF 5F AE 56 
[ 1206079] XN297 OK addr AA55CCCCCC | payload 00 55 5D 73 00 03 F9 21 
[ 1206092] ch50 r2 T: BC 4F DC C3 AE 4C 17 96 9B 4A 51 53 FF FF BF FF 
[ 1206092] XN297 OK addr AA55CCCCCC | payload 00 55 5D 73 00 03 F9 21 
[ 1206105] ch50 r2 T: BC 4F DC C3 AE 4C 17 96 9B 4A 51 EB FD F7 AE F7 
[ 1206105] XN297 OK addr AA55CCCCCC | payload 00 55 5D 73 00 03 F9 21 
[ 1206118] ch50 r2 T: BC 4F DC C3 AE 4C 17 96 9B 4A 51 DD FF FB 7B F7 
[ 1206118] XN297 OK addr AA55CCCCCC | payload 00 55 5D 73 00 03 F9 21 
[ 1206131] ch50 r2 T: BC 4F DC C3 AE 4C 17 96 9B 4A 51 B7 F6 D4 B5 1C 
[ 1206131] XN297 OK addr AA55CCCCCC | payload 00 55 5D 73 00 03 F9 21 
[ 1206145] ch50 r2 T: BC 4F DC C3 AE 4C 17 96 9B 4A 51 FF B6 DF BD DF 
[ 1206145] XN297 OK addr AA55CCCCCC | payload 00 55 5D 73 00 03 F9 21 
[ 1206206] ch50 r2 T: 3C 4F DC C3 AE 4E D7 D4 76 79 51 F2 DE 88 68 29 
[ 1206206] XN297 OK addr AA55CCCCCC | payload 01 55 5D 73 00 43 FA 63 
[ 1206219] ch50 r2 T: 3C 4F DC C3 AE 4E D7 D4 76 79 51 F6 FF 5B DB D3 
[ 1206219] XN297 OK addr AA55CCCCCC | payload 01 55 5D 73 00 43 FA 63 
[ 1206232] ch50 r2 T: 3C 4F DC C3 AE 4E D7 D4 76 79 51 7B 5D FA 95 2F 
[ 1206232] XN297 OK addr AA55CCCCCC | payload 01 55 5D 73 00 43 FA 63 
[ 1206246] ch50 r2 T: 3C 4F DC C3 AE 4E D7 D4 76 79 51 FF 75 BB 1B FF 
[ 1206246] XN297 OK addr AA55CCCCCC | payload 01 55 5D 73 00 43 FA 63 
[ 1206259] ch50 r2 T: 3C 4F DC C3 AE 4E D7 D4 76 79 51 65 B5 FB BD DF 
[ 1206259] XN297 OK addr AA55CCCCCC | payload 01 55 5D 73 00 43 FA 63 
[ 1206272] ch50 r2 T: 3C 4F DC C3 AE 4E D7 D4 76 79 51 E2 BA DD FE 92 
[ 1206272] XN297 OK addr AA55CCCCCC | payload 01 55 5D 73 00 43 FA 63 
[ 1206285] ch50 r2 T: 3C 4F DC C3 AE 4E D7 D4 76 79 51 FF 52 DD B5 D6 
[ 1206285] XN297 OK addr AA55CCCCCC | payload 01 55 5D 73 00 43 FA 63 
[ 1206298] ch50 r2 T: 3C 4F DC C3 AE 4E D7 D4 76 79 51 FF FD F5 AA EF 
[ 1206298] XN297 OK addr AA55CCCCCC | payload 01 55 5D 73 00 43 FA 63 
[ 1206311] ch50 r2 T: 3C 4F DC C3 AE 4E D7 D4 76 79 51 57 73 EC 7B FD 
[ 1206311] XN297 OK addr AA55CCCCCC | payload 01 55 5D 73 00 43 FA 63 
[ 1206325] ch50 r2 T: 3C 4F DC C3 AE 4E D7 D4 76 79 51 D7 FD A9 FD DF 
[ 1206325] XN297 OK addr AA55CCCCCC | payload 01 55 5D 73 00 43 FA 63 
[ 1206338] ch50 r2 T: 3C 4F DC C3 AE 4E D7 D4 76 79 51 FB 77 BB 9F FD 
[ 1206338] XN297 OK addr AA55CCCCCC | payload 01 55 5D 73 00 43 FA 63 
[ 1206400] ch50 r2 T: FC 4F DC C3 AE 4E 57 B4 0A 16 51 7F AA 72 AD 6C 
[ 1206400] XN297 OK addr AA55CCCCCC | payload 02 55 5D 73 00 43 FB 65 
[ 1206413] ch50 r2 T: FC 4F DC C3 AE 4E 57 B4 0A 16 51 E5 D5 DF 57 AA 
[ 1206413] XN297 OK addr AA55CCCCCC | payload 02 55 5D 73 00 43 FB 65 
[ 1206426] ch50 r2 T: FC 4F DC C3 AE 4E 57 B4 0A 16 51 FF FA FF EB DE 
[ 1206426] XN297 OK addr AA55CCCCCC | payload 02 55 5D 73 00 43 FB 65 
[ 1206439] ch50 r2 T: FC 4F DC C3 AE 4E 57 B4 0A 16 51 BD F8 AF 54 DF 
[ 1206439] XN297 OK addr AA55CCCCCC | payload 02 55 5D 73 00 43 FB 65 
[ 1206452] ch50 r2 T: FC 4F DC C3 AE 4E 57 B4 0A 16 51 FA 7E DB 5B EF 
[ 1206452] XN297 OK addr AA55CCCCCC | payload 02 55 5D 73 00 43 FB 65 
[ 1206465] ch50 r2 T: FC 4F DC C3 AE 4E 57 B4 0A 16 51 DD FD 75 EB EA 
[ 1206465] XN297 OK addr AA55CCCCCC | payload 02 55 5D 73 00 43 FB 65 
[ 1206479] ch50 r2 T: FC 4F DC C3 AE 4E 57 B4 0A 16 51 EC AE 7E 7B DB 
[ 1206479] XN297 OK addr AA55CCCCCC | payload 02 55 5D 73 00 43 FB 65 
[ 1206492] ch50 r2 T: FC 4F DC C3 AE 4E 57 B4 0A 16 51 7F 9D EF FD FA 
[ 1206492] XN297 OK addr AA55CCCCCC | payload 02 55 5D 73 00 43 FB 65 
[ 1206505] ch50 r2 T: FC 4F DC C3 AE 4E 57 B4 0A 16 51 6F DB B5 D5 7D 
[ 1206505] XN297 OK addr AA55CCCCCC | payload 02 55 5D 73 00 43 FB 65 
[ 1206518] ch50 r2 T: FC 4F DC C3 AE 4E 57 B4 0A 16 51 BD 7F 3D AE 4E 
[ 1206518] XN297 OK addr AA55CCCCCC | payload 02 55 5D 73 00 43 FB 65 
[ 1206531] ch50 r2 T: FC 4F DC C3 AE 4E 57 B4 0A 16 51 D6 BB AB 63 EE 
[ 1206531] XN297 OK addr AA55CCCCCC | payload 02 55 5D 73 00 43 FB 65 
[ 1207560] ch50 r2 T: BC 4F DC C3 AE 4C B7 36 33 DE 51 6A FE B6 DF 57 
[ 1207560] XN297 OK addr AA55CCCCCC | payload 00 55 5D 73 00 03 FC 24 
[ 1207574] ch50 r2 T: BC 4F DC C3 AE 4C B7 36 33 DE 51 FB B4 77 F7 F5 
[ 1207574] XN297 OK addr AA55CCCCCC | payload 00 55 5D 73 00 03 FC 24 
[ 1207587] ch50 r2 T: BC 4F DC C3 AE 4C B7 36 33 DE 51 B7 F6 ED AA F7 
[ 1207587] XN297 OK addr AA55CCCCCC | payload 00 55 5D 73 00 03 FC 24 
[ 1207600] ch50 r2 T: BC 4F DC C3 AE 4C B7 36 33 DE 51 AB 2F FD 6A FF 
[ 1207600] XN297 OK addr AA55CCCCCC | payload 00 55 5D 73 00 03 FC 24 
[ 1207613] ch50 r2 T: BC 4F DC C3 AE 4C B7 36 33 DE 51 77 5F AE F9 BF 
[ 1207613] XN297 OK addr AA55CCCCCC | payload 00 55 5D 73 00 03 FC 24 
[ 1207626] ch50 r2 T: BC 4F DC C3 AE 4C B7 36 33 DE 51 2A 77 FF F7 FF 
[ 1207626] XN297 OK addr AA55CCCCCC | payload 00 55 5D 73 00 03 FC 24 
[ 1207640] ch50 r2 T: BC 4F DC C3 AE 4C B7 36 33 DE 51 EF BF 76 F7 B7 
[ 1207640] XN297 OK addr AA55CCCCCC | payload 00 55 5D 73 00 03 FC 24 
[ 1207653] ch50 r2 T: BC 4F DC C3 AE 4C B7 36 33 DE 51 FF AA 9B FF EB 
[ 1207653] XN297 OK addr AA55CCCCCC | payload 00 55 5D 73 00 03 FC 24 
[ 1207666] ch50 r2 T: BC 4F DC C3 AE 4C B7 36 33 DE 51 FE 5C D2 BE 72 
[ 1207666] XN297 OK addr AA55CCCCCC | payload 00 55 5D 73 00 03 FC 24 
[ 1207679] ch50 r2 T: BC 4F DC C3 AE 4C B7 36 33 DE 51 D3 D9 DF EF BE 
[ 1207679] XN297 OK addr AA55CCCCCC | payload 00 55 5D 73 00 03 FC 24 
[ 1207692] ch50 r2 T: BC 4F DC C3 AE 4C B7 36 33 DE 51 7E B7 32 D7 76 
[ 1207692] XN297 OK addr AA55CCCCCC | payload 00 55 5D 73 00 03 FC 24 
[ 1207754] ch50 r2 T: 3C 4F DC C3 AE 4E 37 74 D3 21 51 9E 5D D6 FD AD 
[ 1207754] XN297 OK addr AA55CCCCCC | payload 01 55 5D 73 00 43 FD 66 
[ 1207767] ch50 r2 T: 3C 4F DC C3 AE 4E 37 74 D3 21 51 7F 5E EF 37 B9 
[ 1207767] XN297 OK addr AA55CCCCCC | payload 01 55 5D 73 00 43 FD 66 
[ 1207781] ch50 r2 T: 3C 4F DC C3 AE 4E 37 74 D3 21 51 A6 BB 2A DF 6F 
[ 1207781] XN297 OK addr AA55CCCCCC | payload 01 55 5D 73 00 43 FD 66 
[ 1207794] ch50 r2 T: 3C 4F DC C3 AE 4E 37 74 D3 21 51 BD FA A9 29 A9 
[ 1207794] XN297 OK addr AA55CCCCCC | payload 01 55 5D 73 00 43 FD 66 
[ 1207807] ch50 r2 T: 3C 4F DC C3 AE 4E 37 74 D3 21 51 DD 93 7E ED 36 
[ 1207807] XN297 OK addr AA55CCCCCC | payload 01 55 5D 73 00 43 FD 66 
[ 1207820] ch50 r2 T: 3C 4F DC C3 AE 4E 37 74 D3 21 51 7F 7F DB D9 E9 
[ 1207820] XN297 OK addr AA55CCCCCC | payload 01 55 5D 73 00 43 FD 66 
[ 1207833] ch50 r2 T: 3C 4F DC C3 AE 4E 37 74 D3 21 51 08 FF FF FF BF 
[ 1207833] XN297 OK addr AA55CCCCCC | payload 01 55 5D 73 00 43 FD 66 
[ 1207846] ch50 r2 T: 3C 4F DC C3 AE 4E 37 74 D3 21 51 DB BD 75 A5 9F 
[ 1207846] XN297 OK addr AA55CCCCCC | payload 01 55 5D 73 00 43 FD 66 
[ 1207860] ch50 r2 T: 3C 4F DC C3 AE 4E 37 74 D3 21 51 FF FA FB 73 FF 
[ 1207860] XN297 OK addr AA55CCCCCC | payload 01 55 5D 73 00 43 FD 66 
[ 1207873] ch50 r2 T: 3C 4F DC C3 AE 4E 37 74 D3 21 51 DF 68 96 D2 A2 
[ 1207873] XN297 OK addr AA55CCCCCC | payload 01 55 5D 73 00 43 FD 66 
[ 1207886] ch50 r2 T: 3C 4F DC C3 AE 4E 37 74 D3 21 51 6E FD D5 59 76 
[ 1207886] XN297 OK addr AA55CCCCCC | payload 01 55 5D 73 00 43 FD 66 
[ 1209045] ch50 r2 T: BC 4F DC C3 AE 4C F7 76 76 D6 51 DB FF 6B 7F C5 
[ 1209045] XN297 OK addr AA55CCCCCC | payload 00 55 5D 73 00 03 FE 26 
[ 1209058] ch50 r2 T: BC 4F DC C3 AE 4C F7 76 76 D6 51 FF FD B2 CF DF 
[ 1209058] XN297 OK addr AA55CCCCCC | payload 00 55 5D 73 00 03 FE 26 
[ 1209071] ch50 r2 T: BC 4F DC C3 AE 4C F7 76 76 D6 51 FD EE EB 9B D1 
[ 1209071] XN297 OK addr AA55CCCCCC | payload 00 55 5D 73 00 03 FE 26 
[ 1209084] ch50 r2 T: BC 4F DC C3 AE 4C F7 76 76 D6 51 BF D3 AF 3B 4B 
[ 1209084] XN297 OK addr AA55CCCCCC | payload 00 55 5D 73 00 03 FE 26 
[ 1209097] ch50 r2 T: BC 4F DC C3 AE 4C F7 76 76 D6 51 FE BF BF 69 AD 
[ 1209097] XN297 OK addr AA55CCCCCC | payload 00 55 5D 73 00 03 FE 26 
[ 1209111] ch50 r2 T: BC 4F DC C3 AE 4C F7 76 76 D6 51 BD 35 FE D7 E6 
[ 1209111] XN297 OK addr AA55CCCCCC | payload 00 55 5D 73 00 03 FE 26 
[ 1209124] ch50 r2 T: BC 4F DC C3 AE 4C F7 76 76 D6 51 6B 7D B7 B7 7F 
[ 1209124] XN297 OK addr AA55CCCCCC | payload 00 55 5D 73 00 03 FE 26 
[ 1209137] ch50 r2 T: BC 4F DC C3 AE 4C F7 76 76 D6 51 77 EF FB 5E CE 
[ 1209137] XN297 OK addr AA55CCCCCC | payload 00 55 5D 73 00 03 FE 26 
[ 1209150] ch50 r2 T: BC 4F DC C3 AE 4C F7 76 76 D6 51 7E EA FB FD 7F 
[ 1209150] XN297 OK addr AA55CCCCCC | payload 00 55 5D 73 00 03 FE 26 
[ 1209163] ch50 r2 T: BC 4F DC C3 AE 4C F7 76 76 D6 51 77 EF FF EF DE 
[ 1209163] XN297 OK addr AA55CCCCCC | payload 00 55 5D 73 00 03 FE 26 
[ 1209176] ch50 r2 T: BC 4F DC C3 AE 4C F7 76 76 D6 51 7E 9B BF FF D7 
[ 1209176] XN297 OK addr AA55CCCCCC | payload 00 55 5D 73 00 03 FE 26 
[ 1209238] ch50 r2 T: 3C 4F DC C3 AE 4E 77 04 A0 7A 51 F6 FF DF D7 7F 
[ 1209238] XN297 OK addr AA55CCCCCC | payload 01 55 5D 73 00 43 FF 68 
[ 1209251] ch50 r2 T: 3C 4F DC C3 AE 4E 77 04 A0 7A 51 9F F7 AF BC 2A 
[ 1209251] XN297 OK addr AA55CCCCCC | payload 01 55 5D 73 00 43 FF 68 
[ 1209264] ch50 r2 T: 3C 4F DC C3 AE 4E 77 04 A0 7A 51 45 FF FF FF BF 
[ 1209264] XN297 OK addr AA55CCCCCC | payload 01 55 5D 73 00 43 FF 68 
[ 1209277] ch50 r2 T: 3C 4F DC C3 AE 4E 77 04 A0 7A 51 FE EF A5 2F BD 
[ 1209277] XN297 OK addr AA55CCCCCC | payload 01 55 5D 73 00 43 FF 68 
[ 1209290] ch50 r2 T: 3C 4F DC C3 AE 4E 77 04 A0 7A 51 FB AF F6 DF 7F 
[ 1209290] XN297 OK addr AA55CCCCCC | payload 01 55 5D 73 00 43 FF 68 
[ 1209303] ch50 r2 T: 3C 4F DC C3 AE 4E 77 04 A0 7A 51 DF DF 53 DF DD 
[ 1209303] XN297 OK addr AA55CCCCCC | payload 01 55 5D 73 00 43 FF 68 
[ 1209317] ch50 r2 T: 3C 4F DC C3 AE 4E 77 04 A0 7A 51 5A B9 B5 7D 6B 
[ 1209317] XN297 OK addr AA55CCCCCC | payload 01 55 5D 73 00 43 FF 68 
[ 1209330] ch50 r2 T: 3C 4F DC C3 AE 4E 77 04 A0 7A 51 FB 7B DB ED 7A 
[ 1209330] XN297 OK addr AA55CCCCCC | payload 01 55 5D 73 00 43 FF 68 
[ 1209343] ch50 r2 T: 3C 4F DC C3 AE 4E 77 04 A0 7A 51 F3 7F BA FA B5 
[ 1209343] XN297 OK addr AA55CCCCCC | payload 01 55 5D 73 00 43 FF 68 
[ 1209356] ch50 r2 T: 3C 4F DC C3 AE 4E 77 04 A0 7A 51 3F B5 FD EF FD 
[ 1209356] XN297 OK addr AA55CCCCCC | payload 01 55 5D 73 00 43 FF 68 
[ 1209369] ch50 r2 T: 3C 4F DC C3 AE 4E 77 04 A0 7A 51 AD B7 4A 91 32 
[ 1209369] XN297 OK addr AA55CCCCCC | payload 01 55 5D 73 00 43 FF 68 
[ 1209431] ch50 r2 T: FC 4F DC C3 AE 4E 88 44 E0 10 51 AE FD EF 7F 5C 
[ 1209431] XN297 OK addr AA55CCCCCC | payload 02 55 5D 73 00 43 00 6A 
[ 1209444] ch50 r2 T: FC 4F DC C3 AE 4E 88 44 E0 10 51 76 FE FF 7D 7F 
[ 1209444] XN297 OK addr AA55CCCCCC | payload 02 55 5D 73 00 43 00 6A 
[ 1209457] ch50 r2 T: FC 4F DC C3 AE 4E 88 44 E0 10 51 EB F4 F5 DA 5C 
[ 1209457] XN297 OK addr AA55CCCCCC | payload 02 55 5D 73 00 43 00 6A 
[ 1209470] ch50 r2 T: FC 4F DC C3 AE 4E 88 44 E0 10 51 66 FF FF FF D9 
[ 1209470] XN297 OK addr AA55CCCCCC | payload 02 55 5D 73 00 43 00 6A 
[ 1209484] ch50 r2 T: FC 4F DC C3 AE 4E 88 44 E0 10 51 55 76 F5 77 ED 
[ 1209484] XN297 OK addr AA55CCCCCC | payload 02 55 5D 73 00 43 00 6A 
[ 1209497] ch50 r2 T: FC 4F DC C3 AE 4E 88 44 E0 10 51 7D 6D EF B7 CB 
[ 1209497] XN297 OK addr AA55CCCCCC | payload 02 55 5D 73 00 43 00 6A 
[ 1209510] ch50 r2 T: FC 4F DC C3 AE 4E 88 44 E0 10 51 6A F7 BD A5 12 
[ 1209510] XN297 OK addr AA55CCCCCC | payload 02 55 5D 73 00 43 00 6A 
[ 1209523] ch50 r2 T: FC 4F DC C3 AE 4E 88 44 E0 10 51 BA BE F7 FF FD 
[ 1209523] XN297 OK addr AA55CCCCCC | payload 02 55 5D 73 00 43 00 6A 
[ 1209536] ch50 r2 T: FC 4F DC C3 AE 4E 88 44 E0 10 51 FE FF 5F DF BF 
[ 1209536] XN297 OK addr AA55CCCCCC | payload 02 55 5D 73 00 43 00 6A 
[ 1209549] ch50 r2 T: FC 4F DC C3 AE 4E 88 44 E0 10 51 BE F6 B3 9F EA 
[ 1209549] XN297 OK addr AA55CCCCCC | payload 02 55 5D 73 00 43 00 6A 
[ 1209563] ch50 r2 T: FC 4F DC C3 AE 4E 88 44 E0 10 51 AF 9B DF 7F DE 
[ 1209563] XN297 OK addr AA55CCCCCC | payload 02 55 5D 73 00 43 00 6A 
[ 1210593] ch50 r2 T: BC 4F DC C3 AE 4C 08 86 9A 36 51 CD FB 75 74 3F 
[ 1210593] XN297 OK addr AA55CCCCCC | payload 00 55 5D 73 00 03 01 29 
[ 1210606] ch50 r2 T: BC 4F DC C3 AE 4C 08 86 9A 36 51 BF A8 4A D7 5D 
[ 1210606] XN297 OK addr AA55CCCCCC | payload 00 55 5D 73 00 03 01 29 
[ 1210619] ch50 r2 T: BC 4F DC C3 AE 4C 08 86 9A 36 51 FF FA F5 FD FF 
[ 1210619] XN297 OK addr AA55CCCCCC | payload 00 55 5D 73 00 03 01 29 
[ 1210633] ch50 r2 T: BC 4F DC C3 AE 4C 08 86 9A 36 51 B1 B5 A8 EB 6A 
[ 1210633] XN297 OK addr AA55CCCCCC | payload 00 55 5D 73 00 03 01 29 
[ 1210646] ch50 r2 T: BC 4F DC C3 AE 4C 08 86 9A 36 51 D6 57 FF FF 7F 
[ 1210646] XN297 OK addr AA55CCCCCC | payload 00 55 5D 73 00 03 01 29 
[ 1210659] ch50 r2 T: BC 4F DC C3 AE 4C 08 86 9A 36 51 9D F7 3F DF 6B 
[ 1210659] XN297 OK addr AA55CCCCCC | payload 00 55 5D 73 00 03 01 29 
[ 1210672] ch50 r2 T: BC 4F DC C3 AE 4C 08 86 9A 36 51 F7 FB FE FD FF 
[ 1210672] XN297 OK addr AA55CCCCCC | payload 00 55 5D 73 00 03 01 29 
[ 1210685] ch50 r2 T: BC 4F DC C3 AE 4C 08 86 9A 36 51 ED 5F 25 29 A3 
[ 1210685] XN297 OK addr AA55CCCCCC | payload 00 55 5D 73 00 03 01 29 
[ 1210698] ch50 r2 T: BC 4F DC C3 AE 4C 08 86 9A 36 51 4A 9B 51 56 DF 
[ 1210698] XN297 OK addr AA55CCCCCC | payload 00 55 5D 73 00 03 01 29 
[ 1210712] ch50 r2 T: BC 4F DC C3 AE 4C 08 86 9A 36 51 BD 5F DF D7 EA 
[ 1210712] XN297 OK addr AA55CCCCCC | payload 00 55 5D 73 00 03 01 29 
[ 1210725] ch50 r2 T: BC 4F DC C3 AE 4C 08 86 9A 36 51 FF 5B 93 FB 4D 
[ 1210725] XN297 OK addr AA55CCCCCC | payload 00 55 5D 73 00 03 01 29 
[ 1210786] ch50 r2 T: 3C 4F DC C3 AE 4E C8 C4 77 05 51 7F FF E6 D3 7D 
[ 1210786] XN297 OK addr AA55CCCCCC | payload 01 55 5D 73 00 43 02 6B 
[ 1210799] ch50 r2 T: 3C 4F DC C3 AE 4E C8 C4 77 05 51 55 5D BE FF F5 
[ 1210799] XN297 OK addr AA55CCCCCC | payload 01 55 5D 73 00 43 02 6B 
[ 1210813] ch50 r2 T: 3C 4F DC C3 AE 4E C8 C4 77 05 51 7B A3 DE F6 FE 
[ 1210813] XN297 OK addr AA55CCCCCC | payload 01 55 5D 73 00 43 02 6B 
[ 1210826] ch50 r2 T: 3C 4F DC C3 AE 4E C8 C4 77 05 51 7D 95 DE 6F DD 
[ 1210826] XN297 OK addr AA55CCCCCC | payload 01 55 5D 73 00 43 02 6B 
[ 1210839] ch50 r2 T: 3C 4F DC C3 AE 4E C8 C4 77 05 51 D7 F7 FF FF DF 
[ 1210839] XN297 OK addr AA55CCCCCC | payload 01 55 5D 73 00 43 02 6B 
[ 1210852] ch50 r2 T: 3C 4F DC C3 AE 4E C8 C4 77 05 51 BB BA 8B CE 7E 
[ 1210852] XN297 OK addr AA55CCCCCC | payload 01 55 5D 73 00 43 02 6B 
[ 1210865] ch50 r2 T: 3C 4F DC C3 AE 4E C8 C4 77 05 51 FE B4 8D 27 B4 
[ 1210865] XN297 OK addr AA55CCCCCC | payload 01 55 5D 73 00 43 02 6B 
[ 1210878] ch50 r2 T: 3C 4F DC C3 AE 4E C8 C4 77 05 51 7E ED FA BF 6F 
[ 1210878] XN297 OK addr AA55CCCCCC | payload 01 55 5D 73 00 43 02 6B 
[ 1210892] ch50 r2 T: 3C 4F DC C3 AE 4E C8 C4 77 05 51 DB 72 F5 FB 35 
[ 1210892] XN297 OK addr AA55CCCCCC | payload 01 55 5D 73 00 43 02 6B 
[ 1210905] ch50 r2 T: 3C 4F DC C3 AE 4E C8 C4 77 05 51 77 FF AB BD EF 
[ 1210905] XN297 OK addr AA55CCCCCC | payload 01 55 5D 73 00 43 02 6B 
[ 1210918] ch50 r2 T: 3C 4F DC C3 AE 4E C8 C4 77 05 51 DE 6B 49 2D 00 
[ 1210918] XN297 OK addr AA55CCCCCC | payload 01 55 5D 73 00 43 02 6B 
[ 1212181] ch50 r2 T: BC 4F DC C3 AE 4C 48 C6 DF 3E 51 65 7F AF DB FF 
[ 1212181] XN297 OK addr AA55CCCCCC | payload 00 55 5D 73 00 03 03 2B 
[ 1212195] ch50 r2 T: BC 4F DC C3 AE 4C 48 C6 DF 3E 51 DD EB EF FB B7 
[ 1212195] XN297 OK addr AA55CCCCCC | payload 00 55 5D 73 00 03 03 2B 
[ 1212208] ch50 r2 T: BC 4F DC C3 AE 4C 48 C6 DF 3E 51 FC 7D 7E FF BE 
[ 1212208] XN297 OK addr AA55CCCCCC | payload 00 55 5D 73 00 03 03 2B 
[ 1212221] ch50 r2 T: BC 4F DC C3 AE 4C 48 C6 DF 3E 51 6F 76 CF 76 C7 
[ 1212221] XN297 OK addr AA55CCCCCC | payload 00 55 5D 73 00 03 03 2B 
[ 1212234] ch50 r2 T: BC 4F DC C3 AE 4C 48 C6 DF 3E 51 55 FF BF FF EF 
[ 1212234] XN297 OK addr AA55CCCCCC | payload 00 55 5D 73 00 03 03 2B 
[ 1212247] ch50 r2 T: BC 4F DC C3 AE 4C 48 C6 DF 3E 51 3B EE FF FD 6F 
[ 1212247] XN297 OK addr AA55CCCCCC | payload 00 55 5D 73 00 03 03 2B 
[ 1212260] ch50 r2 T: BC 4F DC C3 AE 4C 48 C6 DF 3E 51 5F 69 BA B5 75 
[ 1212260] XN297 OK addr AA55CCCCCC | payload 00 55 5D 73 00 03 03 2B 
[ 1212274] ch50 r2 T: BC 4F DC C3 AE 4C 48 C6 DF 3E 51 F3 F7 6B E5 65 
[ 1212274] XN297 OK addr AA55CCCCCC | payload 00 55 5D 73 00 03 03 2B 
[ 1212287] ch50 r2 T: BC 4F DC C3 AE 4C 48 C6 DF 3E 51 DB BF FB AD EB 
[ 1212287] XN297 OK addr AA55CCCCCC | payload 00 55 5D 73 00 03 03 2B 
[ 1212300] ch50 r2 T: BC 4F DC C3 AE 4C 48 C6 DF 3E 51 37 67 FF AD 76 
[ 1212300] XN297 OK addr AA55CCCCCC | payload 00 55 5D 73 00 03 03 2B 
[ 1212313] ch50 r2 T: BC 4F DC C3 AE 4C 48 C6 DF 3E 51 F3 F5 5F 36 35 
[ 1212313] XN297 OK addr AA55CCCCCC | payload 00 55 5D 73 00 03 03 2B 
[ 1212375] ch50 r2 T: 3C 4F DC C3 AE 4E A8 A4 10 89 51 3B FA F5 BB 7E 
[ 1212375] XN297 OK addr AA55CCCCCC | payload 01 55 5D 73 00 43 04 6D 
[ 1212389] ch50 r2 T: 3C 4F DC C3 AE 4E A8 A4 10 89 51 EF B7 DF 76 ED 
[ 1212389] XN297 OK addr AA55CCCCCC | payload 01 55 5D 73 00 43 04 6D 
[ 1212402] ch50 r2 T: 3C 4F DC C3 AE 4E A8 A4 10 89 51 FB 25 6B 4D 4D 
[ 1212402] XN297 OK addr AA55CCCCCC | payload 01 55 5D 73 00 43 04 6D 
[ 1212415] ch50 r2 T: 3C 4F DC C3 AE 4E A8 A4 10 89 51 3F 7F FF 6D 7B 
[ 1212415] XN297 OK addr AA55CCCCCC | payload 01 55 5D 73 00 43 04 6D 
[ 1212428] ch50 r2 T: 3C 4F DC C3 AE 4E A8 A4 10 89 51 6F DF B7 57 B7 
[ 1212428] XN297 OK addr AA55CCCCCC | payload 01 55 5D 73 00 43 04 6D 
[ 1212441] ch50 r2 T: 3C 4F DC C3 AE 4E A8 A4 10 89 51 DF FE D6 FF 96 
[ 1212441] XN297 OK addr AA55CCCCCC | payload 01 55 5D 73 00 43 04 6D 
[ 1212454] ch50 r2 T: 3C 4F DC C3 AE 4E A8 A4 10 89 51 FE FF 53 F6 BF 
[ 1212454] XN297 OK addr AA55CCCCCC | payload 01 55 5D 73 00 43 04 6D 
[ 1212468] ch50 r2 T: 3C 4F DC C3 AE 4E A8 A4 10 89 51 F6 EB AD F5 7A 
[ 1212468] XN297 OK addr AA55CCCCCC | payload 01 55 5D 73 00 43 04 6D 
[ 1212481] ch50 r2 T: 3C 4F DC C3 AE 4E A8 A4 10 89 51 EB 7A D9 B6 DF 
[ 1212481] XN297 OK addr AA55CCCCCC | payload 01 55 5D 73 00 43 04 6D 
[ 1212494] ch50 r2 T: 3C 4F DC C3 AE 4E A8 A4 10 89 51 EB 95 4E 5A 5A 
[ 1212494] XN297 OK addr AA55CCCCCC | payload 01 55 5D 73 00 43 04 6D 
[ 1212507] ch50 r2 T: 3C 4F DC C3 AE 4E A8 A4 10 89 51 76 BF F6 CF 72 
[ 1212507] XN297 OK addr AA55CCCCCC | payload 01 55 5D 73 00 43 04 6D 
[ 1212569] ch50 r2 T: FC 4F DC C3 AE 4E 28 E4 48 84 51 6F FF F7 6D 56 
[ 1212569] XN297 OK addr AA55CCCCCC | payload 02 55 5D 73 00 43 05 6F 
[ 1212582] ch50 r2 T: FC 4F DC C3 AE 4E 28 E4 48 84 51 7F B9 C4 5A A4 
[ 1212582] XN297 OK addr AA55CCCCCC | payload 02 55 5D 73 00 43 05 6F 
[ 1212595] ch50 r2 T: FC 4F DC C3 AE 4E 28 E4 48 84 51 B7 7F 7E DF 4D 
[ 1212595] XN297 OK addr AA55CCCCCC | payload 02 55 5D 73 00 43 05 6F 
[ 1212608] ch50 r2 T: FC 4F DC C3 AE 4E 28 E4 48 84 51 E7 AF 55 55 4A 
[ 1212608] XN297 OK addr AA55CCCCCC | payload 02 55 5D 73 00 43 05 6F 
[ 1212621] ch50 r2 T: FC 4F DC C3 AE 4E 28 E4 48 84 51 BD BD AF F5 BA 
[ 1212621] XN297 OK addr AA55CCCCCC | payload 02 55 5D 73 00 43 05 6F 
[ 1212635] ch50 r2 T: FC 4F DC C3 AE 4E 28 E4 48 84 51 FF 9F 7F DD F9 
[ 1212635] XN297 OK addr AA55CCCCCC | payload 02 55 5D 73 00 43 05 6F 
[ 1212648] ch50 r2 T: FC 4F DC C3 AE 4E 28 E4 48 84 51 FD AD 7E EF FF 
[ 1212648] XN297 OK addr AA55CCCCCC | payload 02 55 5D 73 00 43 05 6F 
[ 1212661] ch50 r2 T: FC 4F DC C3 AE 4E 28 E4 48 84 51 FD DD B7 AF D7 
[ 1212661] XN297 OK addr AA55CCCCCC | payload 02 55 5D 73 00 43 05 6F 
[ 1212674] ch50 r2 T: FC 4F DC C3 AE 4E 28 E4 48 84 51 BE FF EF F6 AB 
[ 1212674] XN297 OK addr AA55CCCCCC | payload 02 55 5D 73 00 43 05 6F 
[ 1212687] ch50 r2 T: FC 4F DC C3 AE 4E 28 E4 48 84 51 76 EF BE F6 9B 
[ 1212687] XN297 OK addr AA55CCCCCC | payload 02 55 5D 73 00 43 05 6F 
[ 1212700] ch50 r2 T: FC 4F DC C3 AE 4E 28 E4 48 84 51 FF AF B7 D5 4A 
[ 1212700] XN297 OK addr AA55CCCCCC | payload 02 55 5D 73 00 43 05 6F 
[ 1213740] ch50 r2 T: BC 4F DC C3 AE 4C E8 66 77 AA 51 5B FF AF 5D FB 
[ 1213740] XN297 OK addr AA55CCCCCC | payload 00 55 5D 73 00 03 06 2E 
[ 1213753] ch50 r2 T: BC 4F DC C3 AE 4C E8 66 77 AA 51 BA D4 CD F2 EC 
[ 1213753] XN297 OK addr AA55CCCCCC | payload 00 55 5D 73 00 03 06 2E 
[ 1213766] ch50 r2 T: BC 4F DC C3 AE 4C E8 66 77 AA 51 3F 9A BD 60 57 
[ 1213766] XN297 OK addr AA55CCCCCC | payload 00 55 5D 73 00 03 06 2E 
[ 1213779] ch50 r2 T: BC 4F DC C3 AE 4C E8 66 77 AA 51 ED 6B EA FD 7D 
[ 1213779] XN297 OK addr AA55CCCCCC | payload 00 55 5D 73 00 03 06 2E 
[ 1213792] ch50 r2 T: BC 4F DC C3 AE 4C E8 66 77 AA 51 AB AE F7 9F 2A 
[ 1213792] XN297 OK addr AA55CCCCCC | payload 00 55 5D 73 00 03 06 2E 
[ 1213805] ch50 r2 T: BC 4F DC C3 AE 4C E8 66 77 AA 51 DF 57 9D B7 BC 
[ 1213805] XN297 OK addr AA55CCCCCC | payload 00 55 5D 73 00 03 06 2E 
[ 1213819] ch50 r2 T: BC 4F DC C3 AE 4C E8 66 77 AA 51 75 AF BF BB 7D 
[ 1213819] XN297 OK addr AA55CCCCCC | payload 00 55 5D 73 00 03 06 2E 
[ 1213832] ch50 r2 T: BC 4F DC C3 AE 4C E8 66 77 AA 51 DF DB D7 DB DA 
[ 1213832] XN297 OK addr AA55CCCCCC | payload 00 55 5D 73 00 03 06 2E 
[ 1213845] ch50 r2 T: BC 4F DC C3 AE 4C E8 66 77 AA 51 79 6E DE CA A5 
[ 1213845] XN297 OK addr AA55CCCCCC | payload 00 55 5D 73 00 03 06 2E 
[ 1213858] ch50 r2 T: BC 4F DC C3 AE 4C E8 66 77 AA 51 6B D7 5D 4A 4F 
[ 1213858] XN297 OK addr AA55CCCCCC | payload 00 55 5D 73 00 03 06 2E 
[ 1213871] ch50 r2 T: BC 4F DC C3 AE 4C E8 66 77 AA 51 FF DF 2B D9 A7 
[ 1213871] XN297 OK addr AA55CCCCCC | payload 00 55 5D 73 00 03 06 2E 
[ 1213933] ch50 r2 T: 3C 4F DC C3 AE 4E 68 1C 20 0E 51 F5 DD D3 56 9E 
[ 1213933] XN297 OK addr AA55CCCCCC | payload 01 55 5D 73 00 43 07 70 
[ 1213946] ch50 r2 T: 3C 4F DC C3 AE 4E 68 1C 20 0E 51 77 D7 FA FF FF 
[ 1213946] XN297 OK addr AA55CCCCCC | payload 01 55 5D 73 00 43 07 70 
[ 1213959] ch50 r2 T: 3C 4F DC C3 AE 4E 68 1C 20 0E 51 FE AB AE F5 B6 
[ 1213959] XN297 OK addr AA55CCCCCC | payload 01 55 5D 73 00 43 07 70 
[ 1213972] ch50 r2 T: 3C 4F DC C3 AE 4E 68 1C 20 0E 51 B9 7F FF 6B 56 
[ 1213972] XN297 OK addr AA55CCCCCC | payload 01 55 5D 73 00 43 07 70 
[ 1213985] ch50 r2 T: 3C 4F DC C3 AE 4E 68 1C 20 0E 51 77 7D DE EF FA 
[ 1213985] XN297 OK addr AA55CCCCCC | payload 01 55 5D 73 00 43 07 70 
[ 1213998] ch50 r2 T: 3C 4F DC C3 AE 4E 68 1C 20 0E 51 7E F9 FD 7B BF 
[ 1213998] XN297 OK addr AA55CCCCCC | payload 01 55 5D 73 00 43 07 70 
[ 1214012] ch50 r2 T: 3C 4F DC C3 AE 4E 68 1C 20 0E 51 EC AE EA CB E5 
[ 1214012] XN297 OK addr AA55CCCCCC | payload 01 55 5D 73 00 43 07 70 
[ 1214025] ch50 r2 T: 3C 4F DC C3 AE 4E 68 1C 20 0E 51 F5 B5 A5 E9 2F 
[ 1214025] XN297 OK addr AA55CCCCCC | payload 01 55 5D 73 00 43 07 70 
[ 1214038] ch50 r2 T: 3C 4F DC C3 AE 4E 68 1C 20 0E 51 7F AD FD 77 E9 
[ 1214038] XN297 OK addr AA55CCCCCC | payload 01 55 5D 73 00 43 07 70 
[ 1214051] ch50 r2 T: 3C 4F DC C3 AE 4E 68 1C 20 0E 51 FB 35 BF EA A2 
[ 1214051] XN297 OK addr AA55CCCCCC | payload 01 55 5D 73 00 43 07 70 
[ 1214064] ch50 r2 T: 3C 4F DC C3 AE 4E 68 1C 20 0E 51 DD AF DE F5 DD 
[ 1214064] XN297 OK addr AA55CCCCCC | payload 01 55 5D 73 00 43 07 70 
[ 1214126] ch50 r2 T: FC 4F DC C3 AE 4E 98 5C 70 5A 51 F7 7D E9 FD F3 
[ 1214126] XN297 OK addr AA55CCCCCC | payload 02 55 5D 73 00 43 08 72 
[ 1214139] ch50 r2 T: FC 4F DC C3 AE 4E 98 5C 70 5A 51 DE FD 5A 5D FD 
[ 1214139] XN297 OK addr AA55CCCCCC | payload 02 55 5D 73 00 43 08 72 
[ 1214152] ch50 r2 T: FC 4F DC C3 AE 4E 98 5C 70 5A 51 56 EB FF B6 F5 
[ 1214152] XN297 OK addr AA55CCCCCC | payload 02 55 5D 73 00 43 08 72 
[ 1214165] ch50 r2 T: FC 4F DC C3 AE 4E 98 5C 70 5A 51 DF 72 AE D5 AD 
[ 1214165] XN297 OK addr AA55CCCCCC | payload 02 55 5D 73 00 43 08 72 
[ 1214179] ch50 r2 T: FC 4F DC C3 AE 4E 98 5C 70 5A 51 75 5B EF 26 BA 
[ 1214179] XN297 OK addr AA55CCCCCC | payload 02 55 5D 73 00 43 08 72 
[ 1214192] ch50 r2 T: FC 4F DC C3 AE 4E 98 5C 70 5A 51 5A DD FF A7 B5 
[ 1214192] XN297 OK addr AA55CCCCCC | payload 02 55 5D 73 00 43 08 72 
[ 1214205] ch50 r2 T: FC 4F DC C3 AE 4E 98 5C 70 5A 51 EC B7 D5 AB 67 
[ 1214205] XN297 OK addr AA55CCCCCC | payload 02 55 5D 73 00 43 08 72 
[ 1214218] ch50 r2 T: FC 4F DC C3 AE 4E 98 5C 70 5A 51 6F 3D AF 7B E9 
[ 1214218] XN297 OK addr AA55CCCCCC | payload 02 55 5D 73 00 43 08 72 
[ 1214231] ch50 r2 T: FC 4F DC C3 AE 4E 98 5C 70 5A 51 D5 7E DB B6 BD 
[ 1214231] XN297 OK addr AA55CCCCCC | payload 02 55 5D 73 00 43 08 72 
[ 1214244] ch50 r2 T: FC 4F DC C3 AE 4E 98 5C 70 5A 51 5F B3 5A ED EB 
[ 1214244] XN297 OK addr AA55CCCCCC | payload 02 55 5D 73 00 43 08 72 
[ 1214258] ch50 r2 T: FC 4F DC C3 AE 4E 98 5C 70 5A 51 EB B3 AB F5 B6 
[ 1214258] XN297 OK addr AA55CCCCCC | payload 02 55 5D 73 00 43 08 72 
[ 1215234] ch50 r2 T: BC 4F DC C3 AE 4C 18 9E 0A 7C 51 5D ED DF 6D 5D 
[ 1215234] XN297 OK addr AA55CCCCCC | payload 00 55 5D 73 00 03 09 31 
[ 1215247] ch50 r2 T: BC 4F DC C3 AE 4C 18 9E 0A 7C 51 AD D5 DD ED DE 
[ 1215247] XN297 OK addr AA55CCCCCC | payload 00 55 5D 73 00 03 09 31 
[ 1215260] ch50 r2 T: BC 4F DC C3 AE 4C 18 9E 0A 7C 51 6F BF FF F7 BE 
[ 1215260] XN297 OK addr AA55CCCCCC | payload 00 55 5D 73 00 03 09 31 
[ 1215274] ch50 r2 T: BC 4F DC C3 AE 4C 18 9E 0A 7C 51 FD 6F F5 6F D3 
[ 1215274] XN297 OK addr AA55CCCCCC | payload 00 55 5D 73 00 03 09 31 
[ 1215287] ch50 r2 T: BC 4F DC C3 AE 4C 18 9E 0A 7C 51 B2 CF 35 6C AA 
[ 1215287] XN297 OK addr AA55CCCCCC | payload 00 55 5D 73 00 03 09 31 
[ 1215300] ch50 r2 T: BC 4F DC C3 AE 4C 18 9E 0A 7C 51 EE EF F7 FB DB 
[ 1215300] XN297 OK addr AA55CCCCCC | payload 00 55 5D 73 00 03 09 31 
[ 1215313] ch50 r2 T: BC 4F DC C3 AE 4C 18 9E 0A 7C 51 7F EF 76 69 73 
[ 1215313] XN297 OK addr AA55CCCCCC | payload 00 55 5D 73 00 03 09 31 
[ 1215326] ch50 r2 T: BC 4F DC C3 AE 4C 18 9E 0A 7C 51 F7 FF 5D E5 EA 
[ 1215326] XN297 OK addr AA55CCCCCC | payload 00 55 5D 73 00 03 09 31 
[ 1215340] ch50 r2 T: BC 4F DC C3 AE 4C 18 9E 0A 7C 51 7E B7 ED FE ED 
[ 1215340] XN297 OK addr AA55CCCCCC | payload 00 55 5D 73 00 03 09 31 
[ 1215353] ch50 r2 T: BC 4F DC C3 AE 4C 18 9E 0A 7C 51 BB 7D D5 D6 AA 
[ 1215353] XN297 OK addr AA55CCCCCC | payload 00 55 5D 73 00 03 09 31 
[ 1215366] ch50 r2 T: BC 4F DC C3 AE 4C 18 9E 0A 7C 51 7F 7B 7E FB AF 
[ 1215366] XN297 OK addr AA55CCCCCC | payload 00 55 5D 73 00 03 09 31 
[ 1215427] ch50 r2 T: 3C 4F DC C3 AE 4E D8 DC E7 4F 51 FB 7D DD 7A 5D 
[ 1215427] XN297 OK addr AA55CCCCCC | payload 01 55 5D 73 00 43 0A 73 
[ 1215441] ch50 r2 T: 3C 4F DC C3 AE 4E D8 DC E7 4F 51 7F 2F 4D AD 9D 
[ 1215441] XN297 OK addr AA55CCCCCC | payload 01 55 5D 73 00 43 0A 73 
[ 1215454] ch50 r2 T: 3C 4F DC C3 AE 4E D8 DC E7 4F 51 75 DE F7 F7 77 
[ 1215454] XN297 OK addr AA55CCCCCC | payload 01 55 5D 73 00 43 0A 73 
[ 1215467] ch50 r2 T: 3C 4F DC C3 AE 4E D8 DC E7 4F 51 FB B6 6E 7D EE 
[ 1215467] XN297 OK addr AA55CCCCCC | payload 01 55 5D 73 00 43 0A 73 
[ 1215480] ch50 r2 T: 3C 4F DC C3 AE 4E D8 DC E7 4F 51 DF DF 6F F5 F5 
[ 1215480] XN297 OK addr AA55CCCCCC | payload 01 55 5D 73 00 43 0A 73 
[ 1215493] ch50 r2 T: 3C 4F DC C3 AE 4E D8 DC E7 4F 51 7F AB C6 5B 54 
[ 1215493] XN297 OK addr AA55CCCCCC | payload 01 55 5D 73 00 43 0A 73 
[ 1215507] ch50 r2 T: 3C 4F DC C3 AE 4E D8 DC E7 4F 51 FB BE 77 C8 D1 
[ 1215507] XN297 OK addr AA55CCCCCC | payload 01 55 5D 73 00 43 0A 73 
[ 1215520] ch50 r2 T: 3C 4F DC C3 AE 4E D8 DC E7 4F 51 B5 FB DF F5 5E 
[ 1215520] XN297 OK addr AA55CCCCCC | payload 01 55 5D 73 00 43 0A 73 
[ 1215533] ch50 r2 T: 3C 4F DC C3 AE 4E D8 DC E7 4F 51 FD BF D5 E9 DF 
[ 1215533] XN297 OK addr AA55CCCCCC | payload 01 55 5D 73 00 43 0A 73 
[ 1215546] ch50 r2 T: 3C 4F DC C3 AE 4E D8 DC E7 4F 51 DB FE 57 AD BF 
[ 1215546] XN297 OK addr AA55CCCCCC | payload 01 55 5D 73 00 43 0A 73 
[ 1215559] ch50 r2 T: 3C 4F DC C3 AE 4E D8 DC E7 4F 51 FB AF FA 57 F6 
[ 1215559] XN297 OK addr AA55CCCCCC | payload 01 55 5D 73 00 43 0A 73 
[ 1215621] ch50 r2 T: FC 4F DC C3 AE 4E 58 BC 9B 20 51 DF A5 5C BD D6 
[ 1215621] XN297 OK addr AA55CCCCCC | payload 02 55 5D 73 00 43 0B 75 
[ 1215635] ch50 r2 T: FC 4F DC C3 AE 4E 58 BC 9B 20 51 53 FE FF 7B EF 
[ 1215635] XN297 OK addr AA55CCCCCC | payload 02 55 5D 73 00 43 0B 75 
[ 1215648] ch50 r2 T: FC 4F DC C3 AE 4E 58 BC 9B 20 51 FF A9 6E DF B6 
[ 1215648] XN297 OK addr AA55CCCCCC | payload 02 55 5D 73 00 43 0B 75 
[ 1215661] ch50 r2 T: FC 4F DC C3 AE 4E 58 BC 9B 20 51 FF 96 7B 6A BF 
[ 1215661] XN297 OK addr AA55CCCCCC | payload 02 55 5D 73 00 43 0B 75 
[ 1215674] ch50 r2 T: FC 4F DC C3 AE 4E 58 BC 9B 20 51 CE D5 57 B5 7A 
[ 1215674] XN297 OK addr AA55CCCCCC | payload 02 55 5D 73 00 43 0B 75 
[ 1215687] ch50 r2 T: FC 4F DC C3 AE 4E 58 BC 9B 20 51 B7 7F E7 5B 52 
[ 1215687] XN297 OK addr AA55CCCCCC | payload 02 55 5D 73 00 43 0B 75 
[ 1215700] ch50 r2 T: FC 4F DC C3 AE 4E 58 BC 9B 20 51 DD FF FD F5 17 
[ 1215700] XN297 OK addr AA55CCCCCC | payload 02 55 5D 73 00 43 0B 75 
[ 1215714] ch50 r2 T: FC 4F DC C3 AE 4E 58 BC 9B 20 51 6F 6F EF 5D EF 
[ 1215714] XN297 OK addr AA55CCCCCC | payload 02 55 5D 73 00 43 0B 75 
[ 1215727] ch50 r2 T: FC 4F DC C3 AE 4E 58 BC 9B 20 51 4F 77 6D B5 AA 
[ 1215727] XN297 OK addr AA55CCCCCC | payload 02 55 5D 73 00 43 0B 75 
[ 1215740] ch50 r2 T: FC 4F DC C3 AE 4E 58 BC 9B 20 51 BB EE AD DF 64 
[ 1215740] XN297 OK addr AA55CCCCCC | payload 02 55 5D 73 00 43 0B 75 
[ 1215753] ch50 r2 T: FC 4F DC C3 AE 4E 58 BC 9B 20 51 DF F7 F3 B7 DD 
[ 1215753] XN297 OK addr AA55CCCCCC | payload 02 55 5D 73 00 43 0B 75 
[ 1216764] ch50 r2 T: BC 4F DC C3 AE 4C B8 3E A2 E8 51 7D D5 BA FF D7 
[ 1216764] XN297 OK addr AA55CCCCCC | payload 00 55 5D 73 00 03 0C 34 
[ 1216777] ch50 r2 T: BC 4F DC C3 AE 4C B8 3E A2 E8 51 DF E0 CA AD 52 
[ 1216777] XN297 OK addr AA55CCCCCC | payload 00 55 5D 73 00 03 0C 34 
[ 1216791] ch50 r2 T: BC 4F DC C3 AE 4C B8 3E A2 E8 51 6B AB B9 FC 77 
[ 1216791] XN297 OK addr AA55CCCCCC | payload 00 55 5D 73 00 03 0C 34 
[ 1216804] ch50 r2 T: BC 4F DC C3 AE 4C B8 3E A2 E8 51 DA BB DE EF 5A 
[ 1216804] XN297 OK addr AA55CCCCCC | payload 00 55 5D 73 00 03 0C 34 
[ 1216817] ch50 r2 T: BC 4F DC C3 AE 4C B8 3E A2 E8 51 FB D5 BD BD 6B 
[ 1216817] XN297 OK addr AA55CCCCCC | payload 00 55 5D 73 00 03 0C 34 
[ 1216830] ch50 r2 T: BC 4F DC C3 AE 4C B8 3E A2 E8 51 EB B7 FF FA F2 
[ 1216830] XN297 OK addr AA55CCCCCC | payload 00 55 5D 73 00 03 0C 34 
[ 1216843] ch50 r2 T: BC 4F DC C3 AE 4C B8 3E A2 E8 51 75 FE F7 6F FB 
[ 1216843] XN297 OK addr AA55CCCCCC | payload 00 55 5D 73 00 03 0C 34 
[ 1216857] ch50 r2 T: BC 4F DC C3 AE 4C B8 3E A2 E8 51 DD FA A5 28 8D 
[ 1216857] XN297 OK addr AA55CCCCCC | payload 00 55 5D 73 00 03 0C 34 
[ 1216870] ch50 r2 T: BC 4F DC C3 AE 4C B8 3E A2 E8 51 A5 76 DB 6E FD 
[ 1216870] XN297 OK addr AA55CCCCCC | payload 00 55 5D 73 00 03 0C 34 
[ 1216883] ch50 r2 T: BC 4F DC C3 AE 4C B8 3E A2 E8 51 6F DF D2 A5 CF 
[ 1216883] XN297 OK addr AA55CCCCCC | payload 00 55 5D 73 00 03 0C 34 
[ 1216896] ch50 r2 T: BC 4F DC C3 AE 4C B8 3E A2 E8 51 FF FD DF 7D E9 
[ 1216896] XN297 OK addr AA55CCCCCC | payload 00 55 5D 73 00 03 0C 34 
[ 1216957] ch50 r2 T: 3C 4F DC C3 AE 4E 38 7C 42 17 51 F5 BB 2F EC FF 
[ 1216957] XN297 OK addr AA55CCCCCC | payload 01 55 5D 73 00 43 0D 76 
[ 1216970] ch50 r2 T: 3C 4F DC C3 AE 4E 38 7C 42 17 51 9F 5E DA AE BD 
[ 1216970] XN297 OK addr AA55CCCCCC | payload 01 55 5D 73 00 43 0D 76 
[ 1216984] ch50 r2 T: 3C 4F DC C3 AE 4E 38 7C 42 17 51 BE F6 5F 6B F7 
[ 1216984] XN297 OK addr AA55CCCCCC | payload 01 55 5D 73 00 43 0D 76 
[ 1216997] ch50 r2 T: 3C 4F DC C3 AE 4E 38 7C 42 17 51 DF 6B E7 5E DB 
[ 1216997] XN297 OK addr AA55CCCCCC | payload 01 55 5D 73 00 43 0D 76 
[ 1217010] ch50 r2 T: 3C 4F DC C3 AE 4E 38 7C 42 17 51 76 D9 64 49 55 
[ 1217010] XN297 OK addr AA55CCCCCC | payload 01 55 5D 73 00 43 0D 76 
[ 1217023] ch50 r2 T: 3C 4F DC C3 AE 4E 38 7C 42 17 51 AB FD DB FB 7F 
[ 1217023] XN297 OK addr AA55CCCCCC | payload 01 55 5D 73 00 43 0D 76 
[ 1217036] ch50 r2 T: 3C 4F DC C3 AE 4E 38 7C 42 17 51 EE AF F9 3E EE 
[ 1217036] XN297 OK addr AA55CCCCCC | payload 01 55 5D 73 00 43 0D 76 
[ 1217050] ch50 r2 T: 3C 4F DC C3 AE 4E 38 7C 42 17 51 B5 FE BF 7D DF 
[ 1217050] XN297 OK addr AA55CCCCCC | payload 01 55 5D 73 00 43 0D 76 
[ 1217063] ch50 r2 T: 3C 4F DC C3 AE 4E 38 7C 42 17 51 DF D4 B7 AD 3F 
[ 1217063] XN297 OK addr AA55CCCCCC | payload 01 55 5D 73 00 43 0D 76 
[ 1217076] ch50 r2 T: 3C 4F DC C3 AE 4E 38 7C 42 17 51 7F FF FD 6D 26 
[ 1217076] XN297 OK addr AA55CCCCCC | payload 01 55 5D 73 00 43 0D 76 
[ 1217089] ch50 r2 T: 3C 4F DC C3 AE 4E 38 7C 42 17 51 76 DB 3A 9B AC 
[ 1217089] XN297 OK addr AA55CCCCCC | payload 01 55 5D 73 00 43 0D 76 
[ 1217151] ch50 r2 T: FC 4F DC C3 AE 4E F8 0C 21 85 51 CA 7F FF FF F7 
[ 1217151] XN297 OK addr AA55CCCCCC | payload 02 55 5D 73 00 43 0E 78 
[ 1217164] ch50 r2 T: FC 4F DC C3 AE 4E F8 0C 21 85 51 DB FF D5 7F FF 
[ 1217164] XN297 OK addr AA55CCCCCC | payload 02 55 5D 73 00 43 0E 78 
[ 1217177] ch50 r2 T: FC 4F DC C3 AE 4E F8 0C 21 85 51 7F FF 7F DE D7 
[ 1217177] XN297 OK addr AA55CCCCCC | payload 02 55 5D 73 00 43 0E 78 
[ 1217191] ch50 r2 T: FC 4F DC C3 AE 4E F8 0C 21 85 51 7F 6B FD B7 5C 
[ 1217191] XN297 OK addr AA55CCCCCC | payload 02 55 5D 73 00 43 0E 78 
[ 1217204] ch50 r2 T: FC 4F DC C3 AE 4E F8 0C 21 85 51 5B FF EF EF ED 
[ 1217204] XN297 OK addr AA55CCCCCC | payload 02 55 5D 73 00 43 0E 78 
[ 1217217] ch50 r2 T: FC 4F DC C3 AE 4E F8 0C 21 85 51 7F FF DE FB BD 
[ 1217217] XN297 OK addr AA55CCCCCC | payload 02 55 5D 73 00 43 0E 78 
[ 1217230] ch50 r2 T: FC 4F DC C3 AE 4E F8 0C 21 85 51 77 6D DF D1 6B 
[ 1217230] XN297 OK addr AA55CCCCCC | payload 02 55 5D 73 00 43 0E 78 
[ 1217243] ch50 r2 T: FC 4F DC C3 AE 4E F8 0C 21 85 51 FE FF 5F FD D7 
[ 1217243] XN297 OK addr AA55CCCCCC | payload 02 55 5D 73 00 43 0E 78 
[ 1217256] ch50 r2 T: FC 4F DC C3 AE 4E F8 0C 21 85 51 7D D7 D7 3E BB 
[ 1217256] XN297 OK addr AA55CCCCCC | payload 02 55 5D 73 00 43 0E 78 
[ 1217270] ch50 r2 T: FC 4F DC C3 AE 4E F8 0C 21 85 51 D7 E7 F5 D4 FD 
[ 1217270] XN297 OK addr AA55CCCCCC | payload 02 55 5D 73 00 43 0E 78 
[ 1217283] ch50 r2 T: FC 4F DC C3 AE 4E F8 0C 21 85 51 FD DA D0 B5 2A 
[ 1217283] XN297 OK addr AA55CCCCCC | payload 02 55 5D 73 00 43 0E 78 
[ 1218368] ch50 r2 T: BC 4F DC C3 AE 4C 78 FE 6D F0 51 77 7E D7 FD 6B 
[ 1218368] XN297 OK addr AA55CCCCCC | payload 00 55 5D 73 00 03 0F 37 
[ 1218381] ch50 r2 T: BC 4F DC C3 AE 4C 78 FE 6D F0 51 FD F5 B6 F5 6B 
[ 1218381] XN297 OK addr AA55CCCCCC | payload 00 55 5D 73 00 03 0F 37 
[ 1218394] ch50 r2 T: BC 4F DC C3 AE 4C 78 FE 6D F0 51 BE BF BD 7F B5 
[ 1218394] XN297 OK addr AA55CCCCCC | payload 00 55 5D 73 00 03 0F 37 
[ 1218407] ch50 r2 T: BC 4F DC C3 AE 4C 78 FE 6D F0 51 7F 6F FB 7F ED 
[ 1218407] XN297 OK addr AA55CCCCCC | payload 00 55 5D 73 00 03 0F 37 
[ 1218420] ch50 r2 T: BC 4F DC C3 AE 4C 78 FE 6D F0 51 F7 BF DE FF E9 
[ 1218420] XN297 OK addr AA55CCCCCC | payload 00 55 5D 73 00 03 0F 37 
[ 1218434] ch50 r2 T: BC 4F DC C3 AE 4C 78 FE 6D F0 51 CF EF B5 64 ED 
[ 1218434] XN297 OK addr AA55CCCCCC | payload 00 55 5D 73 00 03 0F 37 
[ 1218447] ch50 r2 T: BC 4F DC C3 AE 4C 78 FE 6D F0 51 7E E7 EA BD FB 
[ 1218447] XN297 OK addr AA55CCCCCC | payload 00 55 5D 73 00 03 0F 37 
[ 1218460] ch50 r2 T: BC 4F DC C3 AE 4C 78 FE 6D F0 51 F6 B2 7C FE 55 
[ 1218460] XN297 OK addr AA55CCCCCC | payload 00 55 5D 73 00 03 0F 37 
[ 1218473] ch50 r2 T: BC 4F DC C3 AE 4C 78 FE 6D F0 51 79 AE 9D 2E 4A 
[ 1218473] XN297 OK addr AA55CCCCCC | payload 00 55 5D 73 00 03 0F 37 
[ 1218486] ch50 r2 T: BC 4F DC C3 AE 4C 78 FE 6D F0 51 F7 FD 10 80 94 
[ 1218486] XN297 OK addr AA55CCCCCC | payload 00 55 5D 73 00 03 0F 37 
[ 1218499] ch50 r2 T: BC 4F DC C3 AE 4C 78 FE 6D F0 51 EE BB DF 97 FA 
[ 1218499] XN297 OK addr AA55CCCCCC | payload 00 55 5D 73 00 03 0F 37 
[ 1218561] ch50 r2 T: 3C 4F DC C3 AE 4E 80 8C 3A AC 51 7A AF 32 AE DB 
[ 1218561] XN297 OK addr AA55CCCCCC | payload 01 55 5D 73 00 43 10 79 
[ 1218574] ch50 r2 T: 3C 4F DC C3 AE 4E 80 8C 3A AC 51 EF 5B 5D B4 FA 
[ 1218574] XN297 OK addr AA55CCCCCC | payload 01 55 5D 73 00 43 10 79 
[ 1218587] ch50 r2 T: 3C 4F DC C3 AE 4E 80 8C 3A AC 51 E7 6A F1 DD 4E 
[ 1218587] XN297 OK addr AA55CCCCCC | payload 01 55 5D 73 00 43 10 79 
[ 1218600] ch50 r2 T: 3C 4F DC C3 AE 4E 80 8C 3A AC 51 DF CF E9 FF BF 
[ 1218600] XN297 OK addr AA55CCCCCC | payload 01 55 5D 73 00 43 10 79 
[ 1218614] ch50 r2 T: 3C 4F DC C3 AE 4E 80 8C 3A AC 51 B7 6A FB DF 6F 
[ 1218614] XN297 OK addr AA55CCCCCC | payload 01 55 5D 73 00 43 10 79 
[ 1218627] ch50 r2 T: 3C 4F DC C3 AE 4E 80 8C 3A AC 51 DB FF DF 2B DF 
[ 1218627] XN297 OK addr AA55CCCCCC | payload 01 55 5D 73 00 43 10 79 
[ 1218640] ch50 r2 T: 3C 4F DC C3 AE 4E 80 8C 3A AC 51 DD BF 5A 9F E7 
[ 1218640] XN297 OK addr AA55CCCCCC | payload 01 55 5D 73 00 43 10 79 
[ 1218653] ch50 r2 T: 3C 4F DC C3 AE 4E 80 8C 3A AC 51 AB 36 76 E6 F5 
[ 1218653] XN297 OK addr AA55CCCCCC | payload 01 55 5D 73 00 43 10 79 
[ 1218666] ch50 r2 T: 3C 4F DC C3 AE 4E 80 8C 3A AC 51 7E 4F DB 72 D4 
[ 1218666] XN297 OK addr AA55CCCCCC | payload 01 55 5D 73 00 43 10 79 
[ 1218679] ch50 r2 T: 3C 4F DC C3 AE 4E 80 8C 3A AC 51 FF 7F 5F F2 BD 
[ 1218679] XN297 OK addr AA55CCCCCC | payload 01 55 5D 73 00 43 10 79 
[ 1218693] ch50 r2 T: 3C 4F DC C3 AE 4E 80 8C 3A AC 51 FD FE ED D9 FE 
[ 1218693] XN297 OK addr AA55CCCCCC | payload 01 55 5D 73 00 43 10 79 
[ 1218753] ch50 r2 T: FC 4F DC C3 AE 4E 00 CC 62 A1 51 7E E3 25 69 45 
[ 1218753] XN297 OK addr AA55CCCCCC | payload 02 55 5D 73 00 43 11 7B 
[ 1218766] ch50 r2 T: FC 4F DC C3 AE 4E 00 CC 62 A1 51 ED F6 B5 4C D4 
[ 1218766] XN297 OK addr AA55CCCCCC | payload 02 55 5D 73 00 43 11 7B 
[ 1218780] ch50 r2 T: FC 4F DC C3 AE 4E 00 CC 62 A1 51 73 CB F6 DF EF 
[ 1218780] XN297 OK addr AA55CCCCCC | payload 02 55 5D 73 00 43 11 7B 
[ 1218793] ch50 r2 T: FC 4F DC C3 AE 4E 00 CC 62 A1 51 6B FF EB 47 EB 
[ 1218793] XN297 OK addr AA55CCCCCC | payload 02 55 5D 73 00 43 11 7B 
[ 1218806] ch50 r2 T: FC 4F DC C3 AE 4E 00 CC 62 A1 51 69 AD DD 09 48 
[ 1218806] XN297 OK addr AA55CCCCCC | payload 02 55 5D 73 00 43 11 7B 
[ 1218819] ch50 r2 T: FC 4F DC C3 AE 4E 00 CC 62 A1 51 CD F5 EB B2 D7 
[ 1218819] XN297 OK addr AA55CCCCCC | payload 02 55 5D 73 00 43 11 7B 
[ 1218832] ch50 r2 T: FC 4F DC C3 AE 4E 00 CC 62 A1 51 5C AA 9A 45 59 
[ 1218832] XN297 OK addr AA55CCCCCC | payload 02 55 5D 73 00 43 11 7B 
[ 1218846] ch50 r2 T: FC 4F DC C3 AE 4E 00 CC 62 A1 51 B7 EE 9E FD AB 
[ 1218846] XN297 OK addr AA55CCCCCC | payload 02 55 5D 73 00 43 11 7B 
[ 1218859] ch50 r2 T: FC 4F DC C3 AE 4E 00 CC 62 A1 51 DF DE AA AA 31 
[ 1218859] XN297 OK addr AA55CCCCCC | payload 02 55 5D 73 00 43 11 7B 
[ 1218872] ch50 r2 T: FC 4F DC C3 AE 4E 00 CC 62 A1 51 B2 AA A1 24 75 
[ 1218872] XN297 OK addr AA55CCCCCC | payload 02 55 5D 73 00 43 11 7B 
[ 1218885] ch50 r2 T: FC 4F DC C3 AE 4E 00 CC 62 A1 51 F5 7A FF FE CA 
[ 1218885] XN297 OK addr AA55CCCCCC | payload 02 55 5D 73 00 43 11 7B 
