------------------------------
# R2 OFF

Команды: b (фон), s (скан с нажатиями), c N (канал), r N (0=1M,1=2M,2=250k),
a N (адрес 0..3), f (фильтр), x (XN297 декод вкл/выкл), t (прицельный режим), p (сниффинг старт/стоп), # метка, ? справка
TX <hex> - передать нажатие (05=ВКЛ 09=ВЫКЛ 10=НОЧНИК 11=ДЕНЬ 07=ТЕМП.ЦИКЛ), CTR <n> - задать счётчик
IP - адрес веб-пульта
REP <n> - кадров в пачке (30), PRESSREP <n> - повторов нажатия (3)
PING - одиночная отправка (чередует ВКЛ/ВЫКЛ), RANGE <сек> - авто-тест дальности (выкл)
AUTO 0/1 - авто-тест передачи на старте (выкл)
Сейчас: канал 50, скорость 2, адрес 0, фильтр вкл, XN297 вкл, прицельный вкл, сниффинг вкл
[  202503] ch50 r2 T: BC 4F DC C3 AE 1C B1 41 C9 C6 51 3F FB 3D 9E DF 
[  202503] XN297 OK addr AA55CCCCCC | payload 00 55 5D 73 00 09 9C CA 
[  202516] ch50 r2 T: BC 4F DC C3 AE 1C B1 41 C9 C6 51 DF 6B FD 77 79 
[  202516] XN297 OK addr AA55CCCCCC | payload 00 55 5D 73 00 09 9C CA 
[  202529] ch50 r2 T: BC 4F DC C3 AE 1C B1 41 C9 C6 51 77 D5 F6 A9 39 
[  202529] XN297 OK addr AA55CCCCCC | payload 00 55 5D 73 00 09 9C CA 
[  202543] ch50 r2 T: BC 4F DC C3 AE 1C B1 41 C9 C6 51 7B 5B BF 7B EF 
[  202543] XN297 OK addr AA55CCCCCC | payload 00 55 5D 73 00 09 9C CA 
[  202556] ch50 r2 T: BC 4F DC C3 AE 1C B1 41 C9 C6 51 FF 74 96 42 AD 
[  202556] XN297 OK addr AA55CCCCCC | payload 00 55 5D 73 00 09 9C CA 
[  202569] ch50 r2 T: BC 4F DC C3 AE 1C B1 41 C9 C6 51 F7 D7 FA AF FB 
[  202569] XN297 OK addr AA55CCCCCC | payload 00 55 5D 73 00 09 9C CA 
[  202582] ch50 r2 T: BC 4F DC C3 AE 1C B1 41 C9 C6 51 EF EF DD AD 3D 
[  202582] XN297 OK addr AA55CCCCCC | payload 00 55 5D 73 00 09 9C CA 
[  202595] ch50 r2 T: BC 4F DC C3 AE 1C B1 41 C9 C6 51 EF 5D 7A BB 17 
[  202595] XN297 OK addr AA55CCCCCC | payload 00 55 5D 73 00 09 9C CA 
[  202608] ch50 r2 T: BC 4F DC C3 AE 1C B1 41 C9 C6 51 7B ED BE AB A3 
[  202608] XN297 OK addr AA55CCCCCC | payload 00 55 5D 73 00 09 9C CA 
[  202622] ch50 r2 T: BC 4F DC C3 AE 1C B1 41 C9 C6 51 4B DA AE 51 56 
[  202622] XN297 OK addr AA55CCCCCC | payload 00 55 5D 73 00 09 9C CA 
[  202635] ch50 r2 T: BC 4F DC C3 AE 1C B1 41 C9 C6 51 FF 57 B9 AF BD 
[  202635] XN297 OK addr AA55CCCCCC | payload 00 55 5D 73 00 09 9C CA 
[  202697] ch50 r2 T: 3C 4F DC C3 AE 1E 31 22 1D 7A 51 F5 BE F7 6E 95 
[  202697] XN297 OK addr AA55CCCCCC | payload 01 55 5D 73 00 49 9D 0C 
[  202710] ch50 r2 T: 3C 4F DC C3 AE 1E 31 22 1D 7A 51 FF 35 76 F7 7F 
[  202710] XN297 OK addr AA55CCCCCC | payload 01 55 5D 73 00 49 9D 0C 
[  202723] ch50 r2 T: 3C 4F DC C3 AE 1E 31 22 1D 7A 51 DB EF FF 7B 6A 
[  202723] XN297 OK addr AA55CCCCCC | payload 01 55 5D 73 00 49 9D 0C 
[  202736] ch50 r2 T: 3C 4F DC C3 AE 1E 31 22 1D 7A 51 7B BE EF F4 E7 
[  202736] XN297 OK addr AA55CCCCCC | payload 01 55 5D 73 00 49 9D 0C 
[  202749] ch50 r2 T: 3C 4F DC C3 AE 1E 31 22 1D 7A 51 BF 59 DF BE AE 
[  202749] XN297 OK addr AA55CCCCCC | payload 01 55 5D 73 00 49 9D 0C 
[  202763] ch50 r2 T: 3C 4F DC C3 AE 1E 31 22 1D 7A 51 6F EB FF DD 7B 
[  202763] XN297 OK addr AA55CCCCCC | payload 01 55 5D 73 00 49 9D 0C 
[  202776] ch50 r2 T: 3C 4F DC C3 AE 1E 31 22 1D 7A 51 F7 3B DE AE FB 
[  202776] XN297 OK addr AA55CCCCCC | payload 01 55 5D 73 00 49 9D 0C 
[  202789] ch50 r2 T: 3C 4F DC C3 AE 1E 31 22 1D 7A 51 67 E7 FD 2F B7 
[  202789] XN297 OK addr AA55CCCCCC | payload 01 55 5D 73 00 49 9D 0C 
[  202802] ch50 r2 T: 3C 4F DC C3 AE 1E 31 22 1D 7A 51 7B DB AF 7B E5 
[  202802] XN297 OK addr AA55CCCCCC | payload 01 55 5D 73 00 49 9D 0C 
[  202815] ch50 r2 T: 3C 4F DC C3 AE 1E 31 22 1D 7A 51 EF FF 9F AD BD 
[  202815] XN297 OK addr AA55CCCCCC | payload 01 55 5D 73 00 49 9D 0C 
[  202829] ch50 r2 T: 3C 4F DC C3 AE 1E 31 22 1D 7A 51 DE 7A D7 FE FA 
[  202829] XN297 OK addr AA55CCCCCC | payload 01 55 5D 73 00 49 9D 0C 
[  204622] ch50 r2 T: BC 4F DC C3 AE 1C F1 21 A8 AC 50 BD FA FD FD EB 
[  204622] XN297 OK addr AA55CCCCCC | payload 00 55 5D 73 00 09 9E CC 
[  204635] ch50 r2 T: BC 4F DC C3 AE 1C F1 21 A8 AC 51 F7 FA CF FD 79 
[  204635] XN297 OK addr AA55CCCCCC | payload 00 55 5D 73 00 09 9E CC 
[  204648] ch50 r2 T: BC 4F DC C3 AE 1C F1 21 A8 AC 51 4E FA AE B7 67 
[  204648] XN297 OK addr AA55CCCCCC | payload 00 55 5D 73 00 09 9E CC 
[  204661] ch50 r2 T: BC 4F DC C3 AE 1C F1 21 A8 AC 51 F4 DF 7A 7F EF 
[  204661] XN297 OK addr AA55CCCCCC | payload 00 55 5D 73 00 09 9E CC 
[  204675] ch50 r2 T: BC 4F DC C3 AE 1C F1 21 A8 AC 51 FF 6D 3A EE BB 
[  204675] XN297 OK addr AA55CCCCCC | payload 00 55 5D 73 00 09 9E CC 
[  204688] ch50 r2 T: BC 4F DC C3 AE 1C F1 21 A8 AC 51 FA EE E6 54 BD 
[  204688] XN297 OK addr AA55CCCCCC | payload 00 55 5D 73 00 09 9E CC 
[  204701] ch50 r2 T: BC 4F DC C3 AE 1C F1 21 A8 AC 51 F6 FD BF 7B 6F 
[  204701] XN297 OK addr AA55CCCCCC | payload 00 55 5D 73 00 09 9E CC 
[  204714] ch50 r2 T: BC 4F DC C3 AE 1C F1 21 A8 AC 51 6B DE FD DD DD 
[  204714] XN297 OK addr AA55CCCCCC | payload 00 55 5D 73 00 09 9E CC 
[  204727] ch50 r2 T: BC 4F DC C3 AE 1C F1 21 A8 AC 51 77 5A FD 7D EE 
[  204727] XN297 OK addr AA55CCCCCC | payload 00 55 5D 73 00 09 9E CC 
[  204740] ch50 r2 T: BC 4F DC C3 AE 1C F1 21 A8 AC 51 BE F9 77 EF 6E 
[  204740] XN297 OK addr AA55CCCCCC | payload 00 55 5D 73 00 09 9E CC 
[  204754] ch50 r2 T: BC 4F DC C3 AE 1C F1 21 A8 AC 51 FD 5D A5 55 25 
[  204754] XN297 OK addr AA55CCCCCC | payload 00 55 5D 73 00 09 9E CC 
[  204816] ch50 r2 T: 3C 4F DC C3 AE 1E 71 62 58 72 51 53 AF D1 FD ED 
[  204816] XN297 OK addr AA55CCCCCC | payload 01 55 5D 73 00 49 9F 0E 
[  204829] ch50 r2 T: 3C 4F DC C3 AE 1E 71 62 58 72 51 DB 7D FF DF F5 
[  204829] XN297 OK addr AA55CCCCCC | payload 01 55 5D 73 00 49 9F 0E 
[  204842] ch50 r2 T: 3C 4F DC C3 AE 1E 71 62 58 72 51 7D D3 77 FF 5A 
[  204842] XN297 OK addr AA55CCCCCC | payload 01 55 5D 73 00 49 9F 0E 
[  204855] ch50 r2 T: 3C 4F DC C3 AE 1E 71 62 58 72 51 DF FA CB BF BD 
[  204855] XN297 OK addr AA55CCCCCC | payload 01 55 5D 73 00 49 9F 0E 
[  204868] ch50 r2 T: 3C 4F DC C3 AE 1E 71 62 58 72 51 B6 57 D5 7F AD 
[  204868] XN297 OK addr AA55CCCCCC | payload 01 55 5D 73 00 49 9F 0E 
[  204882] ch50 r2 T: 3C 4F DC C3 AE 1E 71 62 58 72 51 7F B5 BD 6D 77 
[  204882] XN297 OK addr AA55CCCCCC | payload 01 55 5D 73 00 49 9F 0E 
[  204908] ch50 r2 T: 3C 4F DC C3 AE 1E 71 62 58 72 51 BF 7F 6F 5A FE 
[  204908] XN297 OK addr AA55CCCCCC | payload 01 55 5D 73 00 49 9F 0E 
[  204921] ch50 r2 T: 3C 4F DC C3 AE 1E 71 62 58 72 51 BF BD AE CD 55 
[  204921] XN297 OK addr AA55CCCCCC | payload 01 55 5D 73 00 49 9F 0E 
[  204934] ch50 r2 T: 3C 4F DC C3 AE 1E 71 62 58 72 51 BB 6C 95 BF F5 
[  204934] XN297 OK addr AA55CCCCCC | payload 01 55 5D 73 00 49 9F 0E 
[  204947] ch50 r2 T: 3C 4F DC C3 AE 1E 71 62 58 72 51 BC FD FF 5F B7 
[  204947] XN297 OK addr AA55CCCCCC | payload 01 55 5D 73 00 49 9F 0E 
[  206848] ch50 r2 T: BC 4F DC C3 AE 1C 8D 61 AD 5C 51 BF D5 CA CA D4 
[  206848] XN297 OK addr AA55CCCCCC | payload 00 55 5D 73 00 09 A0 CE 
[  206861] ch50 r2 T: BC 4F DC C3 AE 1C 8D 61 AD 5C 51 54 BE FF DF BF 
[  206861] XN297 OK addr AA55CCCCCC | payload 00 55 5D 73 00 09 A0 CE 
[  206874] ch50 r2 T: BC 4F DC C3 AE 1C 8D 61 AD 5C 51 FF DF FB D9 FE 
[  206874] XN297 OK addr AA55CCCCCC | payload 00 55 5D 73 00 09 A0 CE 
[  206887] ch50 r2 T: BC 4F DC C3 AE 1C 8D 61 AD 5C 51 BC D1 EF 74 B7 
[  206887] XN297 OK addr AA55CCCCCC | payload 00 55 5D 73 00 09 A0 CE 
[  206901] ch50 r2 T: BC 4F DC C3 AE 1C 8D 61 AD 5C 51 7D AC D6 BD 6F 
[  206901] XN297 OK addr AA55CCCCCC | payload 00 55 5D 73 00 09 A0 CE 
[  206914] ch50 r2 T: BC 4F DC C3 AE 1C 8D 61 AD 5C 51 BF EB AB FD FF 
[  206914] XN297 OK addr AA55CCCCCC | payload 00 55 5D 73 00 09 A0 CE 
[  206927] ch50 r2 T: BC 4F DC C3 AE 1C 8D 61 AD 5C 51 FF 57 4E B7 75 
[  206927] XN297 OK addr AA55CCCCCC | payload 00 55 5D 73 00 09 A0 CE 
[  206940] ch50 r2 T: BC 4F DC C3 AE 1C 8D 61 AD 5C 51 7B 6B D9 D7 DA 
[  206940] XN297 OK addr AA55CCCCCC | payload 00 55 5D 73 00 09 A0 CE 
[  206953] ch50 r2 T: BC 4F DC C3 AE 1C 8D 61 AD 5C 51 5D E8 72 D4 D7 
[  206953] XN297 OK addr AA55CCCCCC | payload 00 55 5D 73 00 09 A0 CE 
[  206966] ch50 r2 T: BC 4F DC C3 AE 1C 8D 61 AD 5C 51 FF DD FB FF AB 
[  206966] XN297 OK addr AA55CCCCCC | payload 00 55 5D 73 00 09 A0 CE 
[  206980] ch50 r2 T: BC 4F DC C3 AE 1C 8D 61 AD 5C 51 AB FD E7 DB B7 
[  206980] XN297 OK addr AA55CCCCCC | payload 00 55 5D 73 00 09 A0 CE 
[  207042] ch50 r2 T: 3C 4F DC C3 AE 1E 0D 1A EA D9 51 F5 5B B6 AA 9B 
[  207042] XN297 OK addr AA55CCCCCC | payload 01 55 5D 73 00 49 A1 10 
[  207055] ch50 r2 T: 3C 4F DC C3 AE 1E 0D 1A EA D9 51 DF B7 7D B7 AA 
[  207055] XN297 OK addr AA55CCCCCC | payload 01 55 5D 73 00 49 A1 10 
[  207068] ch50 r2 T: 3C 4F DC C3 AE 1E 0D 1A EA D9 51 DF E6 BF 55 7F 
[  207068] XN297 OK addr AA55CCCCCC | payload 01 55 5D 73 00 49 A1 10 
[  207081] ch50 r2 T: 3C 4F DC C3 AE 1E 0D 1A EA D9 51 BB FB FD BB FA 
[  207081] XN297 OK addr AA55CCCCCC | payload 01 55 5D 73 00 49 A1 10 
[  207094] ch50 r2 T: 3C 4F DC C3 AE 1E 0D 1A EA D9 51 FD B7 B3 ED 95 
[  207094] XN297 OK addr AA55CCCCCC | payload 01 55 5D 73 00 49 A1 10 
[  207107] ch50 r2 T: 3C 4F DC C3 AE 1E 0D 1A EA D9 51 FF 5F AB 50 80 
[  207107] XN297 OK addr AA55CCCCCC | payload 01 55 5D 73 00 49 A1 10 
[  207121] ch50 r2 T: 3C 4F DC C3 AE 1E 0D 1A EA D9 51 6B E0 AB 7F FF 
[  207121] XN297 OK addr AA55CCCCCC | payload 01 55 5D 73 00 49 A1 10 
[  207134] ch50 r2 T: 3C 4F DC C3 AE 1E 0D 1A EA D9 51 FF CB FD FA 13 
[  207134] XN297 OK addr AA55CCCCCC | payload 01 55 5D 73 00 49 A1 10 
[  207147] ch50 r2 T: 3C 4F DC C3 AE 1E 0D 1A EA D9 51 B4 F7 BF 6F BF 
[  207147] XN297 OK addr AA55CCCCCC | payload 01 55 5D 73 00 49 A1 10 
[  207160] ch50 r2 T: 3C 4F DC C3 AE 1E 0D 1A EA D9 51 5B 7F BD DD BB 
[  207160] XN297 OK addr AA55CCCCCC | payload 01 55 5D 73 00 49 A1 10 
[  207173] ch50 r2 T: 3C 4F DC C3 AE 1E 0D 1A EA D9 51 BE FB FB 5F FB 
[  207173] XN297 OK addr AA55CCCCCC | payload 01 55 5D 73 00 49 A1 10 
[  209285] ch50 r2 T: BC 4F DC C3 AE 1C CD 19 5F 0F 51 BE BF 74 95 21 
[  209285] XN297 OK addr AA55CCCCCC | payload 00 55 5D 73 00 09 A2 D0 
[  209298] ch50 r2 T: BC 4F DC C3 AE 1C CD 19 5F 0F 51 EF F7 EF FD E5 
[  209298] XN297 OK addr AA55CCCCCC | payload 00 55 5D 73 00 09 A2 D0 
[  209311] ch50 r2 T: BC 4F DC C3 AE 1C CD 19 5F 0F 51 7E DD 2F EF D6 
[  209311] XN297 OK addr AA55CCCCCC | payload 00 55 5D 73 00 09 A2 D0 
[  209324] ch50 r2 T: BC 4F DC C3 AE 1C CD 19 5F 0F 51 FA E5 BF DA B5 
[  209324] XN297 OK addr AA55CCCCCC | payload 00 55 5D 73 00 09 A2 D0 
[  209337] ch50 r2 T: BC 4F DC C3 AE 1C CD 19 5F 0F 51 6F FD 7B CF 5A 
[  209337] XN297 OK addr AA55CCCCCC | payload 00 55 5D 73 00 09 A2 D0 
[  209350] ch50 r2 T: BC 4F DC C3 AE 1C CD 19 5F 0F 51 F7 FF DF D3 6F 
[  209350] XN297 OK addr AA55CCCCCC | payload 00 55 5D 73 00 09 A2 D0 
[  209364] ch50 r2 T: BC 4F DC C3 AE 1C CD 19 5F 0F 51 D5 BB 7B FB FF 
[  209364] XN297 OK addr AA55CCCCCC | payload 00 55 5D 73 00 09 A2 D0 
[  209377] ch50 r2 T: BC 4F DC C3 AE 1C CD 19 5F 0F 51 E7 FF 6E FF 37 
[  209377] XN297 OK addr AA55CCCCCC | payload 00 55 5D 73 00 09 A2 D0 
[  209390] ch50 r2 T: BC 4F DC C3 AE 1C CD 19 5F 0F 51 DF EF BF BF D7 
[  209390] XN297 OK addr AA55CCCCCC | payload 00 55 5D 73 00 09 A2 D0 
[  209403] ch50 r2 T: BC 4F DC C3 AE 1C CD 19 5F 0F 51 79 FF BF DF D7 
[  209403] XN297 OK addr AA55CCCCCC | payload 00 55 5D 73 00 09 A2 D0 
[  209416] ch50 r2 T: BC 4F DC C3 AE 1C CD 19 5F 0F 51 F7 D6 EB FF 5D 
[  209416] XN297 OK addr AA55CCCCCC | payload 00 55 5D 73 00 09 A2 D0 
[  209477] ch50 r2 T: 3C 4F DC C3 AE 1E 4D 5A AF D1 51 7B B2 7B FF FF 
[  209477] XN297 OK addr AA55CCCCCC | payload 01 55 5D 73 00 49 A3 12 
[  209490] ch50 r2 T: 3C 4F DC C3 AE 1E 4D 5A AF D1 51 5B 3B BF FF AD 
[  209490] XN297 OK addr AA55CCCCCC | payload 01 55 5D 73 00 49 A3 12 
[  209504] ch50 r2 T: 3C 4F DC C3 AE 1E 4D 5A AF D1 51 DB DF BF ED F7 
[  209504] XN297 OK addr AA55CCCCCC | payload 01 55 5D 73 00 49 A3 12 
[  209517] ch50 r2 T: 3C 4F DC C3 AE 1E 4D 5A AF D1 51 FF BD 12 D2 49 
[  209517] XN297 OK addr AA55CCCCCC | payload 01 55 5D 73 00 49 A3 12 
[  209530] ch50 r2 T: 3C 4F DC C3 AE 1E 4D 5A AF D1 51 77 FF F9 BF FA 
[  209530] XN297 OK addr AA55CCCCCC | payload 01 55 5D 73 00 49 A3 12 
[  209543] ch50 r2 T: 3C 4F DC C3 AE 1E 4D 5A AF D1 51 7F FF 69 59 34 
[  209543] XN297 OK addr AA55CCCCCC | payload 01 55 5D 73 00 49 A3 12 
[  209556] ch50 r2 T: 3C 4F DC C3 AE 1E 4D 5A AF D1 51 7E AD 7A 9D 6E 
[  209556] XN297 OK addr AA55CCCCCC | payload 01 55 5D 73 00 49 A3 12 
[  209569] ch50 r2 T: 3C 4F DC C3 AE 1E 4D 5A AF D1 51 B9 FA B5 4A C5 
[  209569] XN297 OK addr AA55CCCCCC | payload 01 55 5D 73 00 49 A3 12 
[  209583] ch50 r2 T: 3C 4F DC C3 AE 1E 4D 5A AF D1 51 FF 7F 5E FD BB 
[  209583] XN297 OK addr AA55CCCCCC | payload 01 55 5D 73 00 49 A3 12 
[  209596] ch50 r2 T: 3C 4F DC C3 AE 1E 4D 5A AF D1 51 BF AF FF BF F7 
[  209596] XN297 OK addr AA55CCCCCC | payload 01 55 5D 73 00 49 A3 12 
[  209609] ch50 r2 T: 3C 4F DC C3 AE 1E 4D 5A AF D1 51 FF 5A E9 5F CF 
[  209609] XN297 OK addr AA55CCCCCC | payload 01 55 5D 73 00 49 A3 12 
[  211543] ch50 r2 T: BC 4F DC C3 AE 1C AD 59 1C E1 51 55 4B B5 B7 AA 
[  211543] XN297 OK addr AA55CCCCCC | payload 00 55 5D 73 00 09 A4 D2 
[  211557] ch50 r2 T: BC 4F DC C3 AE 1C AD 59 1C E1 51 BD 6D AD 6B 7F 
[  211557] XN297 OK addr AA55CCCCCC | payload 00 55 5D 73 00 09 A4 D2 
[  211570] ch50 r2 T: BC 4F DC C3 AE 1C AD 59 1C E1 51 FA 9B F7 EF D2 
[  211570] XN297 OK addr AA55CCCCCC | payload 00 55 5D 73 00 09 A4 D2 
[  211583] ch50 r2 T: BC 4F DC C3 AE 1C AD 59 1C E1 51 5E DA D4 FF FA 
[  211583] XN297 OK addr AA55CCCCCC | payload 00 55 5D 73 00 09 A4 D2 
[  211596] ch50 r2 T: BC 4F DC C3 AE 1C AD 59 1C E1 51 FD FF DB FE BF 
[  211596] XN297 OK addr AA55CCCCCC | payload 00 55 5D 73 00 09 A4 D2 
[  211609] ch50 r2 T: BC 4F DC C3 AE 1C AD 59 1C E1 51 7D 5D 6D BF AB 
[  211609] XN297 OK addr AA55CCCCCC | payload 00 55 5D 73 00 09 A4 D2 
[  211622] ch50 r2 T: BC 4F DC C3 AE 1C AD 59 1C E1 51 EF EF 6E FE D7 
[  211622] XN297 OK addr AA55CCCCCC | payload 00 55 5D 73 00 09 A4 D2 
[  211636] ch50 r2 T: BC 4F DC C3 AE 1C AD 59 1C E1 51 ED FF BF 6D DE 
[  211636] XN297 OK addr AA55CCCCCC | payload 00 55 5D 73 00 09 A4 D2 
[  211649] ch50 r2 T: BC 4F DC C3 AE 1C AD 59 1C E1 51 ED 55 F5 6B F5 
[  211649] XN297 OK addr AA55CCCCCC | payload 00 55 5D 73 00 09 A4 D2 
[  211662] ch50 r2 T: BC 4F DC C3 AE 1C AD 59 1C E1 51 ED 31 AA 8B 36 
[  211662] XN297 OK addr AA55CCCCCC | payload 00 55 5D 73 00 09 A4 D2 
[  211675] ch50 r2 T: BC 4F DC C3 AE 1C AD 59 1C E1 51 EA D6 BF B6 F2 
[  211675] XN297 OK addr AA55CCCCCC | payload 00 55 5D 73 00 09 A4 D2 
[  211737] ch50 r2 T: 3C 4F DC C3 AE 1E 2D 3A C8 5D 51 B7 BF DA F7 FF 
[  211737] XN297 OK addr AA55CCCCCC | payload 01 55 5D 73 00 49 A5 14 
[  211750] ch50 r2 T: 3C 4F DC C3 AE 1E 2D 3A C8 5D 51 D2 AB BF 3B 57 
[  211750] XN297 OK addr AA55CCCCCC | payload 01 55 5D 73 00 49 A5 14 
[  211763] ch50 r2 T: 3C 4F DC C3 AE 1E 2D 3A C8 5D 51 FF F6 AD B4 EF 
[  211763] XN297 OK addr AA55CCCCCC | payload 01 55 5D 73 00 49 A5 14 
[  211777] ch50 r2 T: 3C 4F DC C3 AE 1E 2D 3A C8 5D 51 BB FA F7 7B 5A 
[  211777] XN297 OK addr AA55CCCCCC | payload 01 55 5D 73 00 49 A5 14 
[  211790] ch50 r2 T: 3C 4F DC C3 AE 1E 2D 3A C8 5D 51 AA FB 76 BD FF 
[  211790] XN297 OK addr AA55CCCCCC | payload 01 55 5D 73 00 49 A5 14 
[  211803] ch50 r2 T: 3C 4F DC C3 AE 1E 2D 3A C8 5D 51 D8 4B DB FB FA 
[  211803] XN297 OK addr AA55CCCCCC | payload 01 55 5D 73 00 49 A5 14 
[  211816] ch50 r2 T: 3C 4F DC C3 AE 1E 2D 3A C8 5D 51 2F FE DA FF ED 
[  211816] XN297 OK addr AA55CCCCCC | payload 01 55 5D 73 00 49 A5 14 
[  211829] ch50 r2 T: 3C 4F DC C3 AE 1E 2D 3A C8 5D 51 FB FE 57 FE EB 
[  211829] XN297 OK addr AA55CCCCCC | payload 01 55 5D 73 00 49 A5 14 
[  211843] ch50 r2 T: 3C 4F DC C3 AE 1E 2D 3A C8 5D 51 D7 DD 92 EF BD 
[  211843] XN297 OK addr AA55CCCCCC | payload 01 55 5D 73 00 49 A5 14 
[  211856] ch50 r2 T: 3C 4F DC C3 AE 1E 2D 3A C8 5D 51 DB FF 7F 56 F5 
[  211856] XN297 OK addr AA55CCCCCC | payload 01 55 5D 73 00 49 A5 14 
[  211869] ch50 r2 T: 3C 4F DC C3 AE 1E 2D 3A C8 5D 51 EF FF EB AD DC 
[  211869] XN297 OK addr AA55CCCCCC | payload 01 55 5D 73 00 49 A5 14 
------------------------------
# R2 NIGHT
[  235303] ch50 r2 T: BC 4F DC C3 AE 84 ED C9 43 0C 51 57 FF 9B EC DD 
[  235303] XN297 OK addr AA55CCCCCC | payload 00 55 5D 73 00 10 A6 DB 
[  235316] ch50 r2 T: BC 4F DC C3 AE 84 ED C9 43 0C 51 D5 BD BE D6 F9 
[  235316] XN297 OK addr AA55CCCCCC | payload 00 55 5D 73 00 10 A6 DB 
[  235329] ch50 r2 T: BC 4F DC C3 AE 84 ED C9 43 0C 51 FA 93 AB F3 E2 
[  235329] XN297 OK addr AA55CCCCCC | payload 00 55 5D 73 00 10 A6 DB 
[  235342] ch50 r2 T: BC 4F DC C3 AE 84 ED C9 43 0C 51 6D F6 EF FF F7 
[  235342] XN297 OK addr AA55CCCCCC | payload 00 55 5D 73 00 10 A6 DB 
[  235355] ch50 r2 T: BC 4F DC C3 AE 84 ED C9 43 0C 51 BB FF 7E E9 5E 
[  235355] XN297 OK addr AA55CCCCCC | payload 00 55 5D 73 00 10 A6 DB 
[  235368] ch50 r2 T: BC 4F DC C3 AE 84 ED C9 43 0C 51 DF 5F 9F A5 6B 
[  235368] XN297 OK addr AA55CCCCCC | payload 00 55 5D 73 00 10 A6 DB 
[  235382] ch50 r2 T: BC 4F DC C3 AE 84 ED C9 43 0C 51 AB 7A A9 A5 4D 
[  235382] XN297 OK addr AA55CCCCCC | payload 00 55 5D 73 00 10 A6 DB 
[  235395] ch50 r2 T: BC 4F DC C3 AE 84 ED C9 43 0C 51 B5 BB BB 7A FC 
[  235395] XN297 OK addr AA55CCCCCC | payload 00 55 5D 73 00 10 A6 DB 
[  235408] ch50 r2 T: BC 4F DC C3 AE 84 ED C9 43 0C 51 DA 6F AF 4E 6F 
[  235408] XN297 OK addr AA55CCCCCC | payload 00 55 5D 73 00 10 A6 DB 
[  235421] ch50 r2 T: BC 4F DC C3 AE 84 ED C9 43 0C 51 57 FE ED EB 57 
[  235421] XN297 OK addr AA55CCCCCC | payload 00 55 5D 73 00 10 A6 DB 
[  235434] ch50 r2 T: BC 4F DC C3 AE 84 ED C9 43 0C 51 F3 F7 DF FE DB 
[  235434] XN297 OK addr AA55CCCCCC | payload 00 55 5D 73 00 10 A6 DB 
[  235494] ch50 r2 T: 3C 4F DC C3 AE 86 6D AA 97 B0 51 DE DB BF FB BD 
[  235494] XN297 OK addr AA55CCCCCC | payload 01 55 5D 73 00 50 A7 1D 
[  235507] ch50 r2 T: 3C 4F DC C3 AE 86 6D AA 97 B0 51 FB 85 3F F9 FF 
[  235507] XN297 OK addr AA55CCCCCC | payload 01 55 5D 73 00 50 A7 1D 
[  235520] ch50 r2 T: 3C 4F DC C3 AE 86 6D AA 97 B0 51 FD FF D5 EB EF 
[  235520] XN297 OK addr AA55CCCCCC | payload 01 55 5D 73 00 50 A7 1D 
[  235533] ch50 r2 T: 3C 4F DC C3 AE 86 6D AA 97 B0 51 AB CF E9 15 8A 
[  235533] XN297 OK addr AA55CCCCCC | payload 01 55 5D 73 00 50 A7 1D 
[  235547] ch50 r2 T: 3C 4F DC C3 AE 86 6D AA 97 B0 51 FB 5F EB EF FD 
[  235547] XN297 OK addr AA55CCCCCC | payload 01 55 5D 73 00 50 A7 1D 
[  235560] ch50 r2 T: 3C 4F DC C3 AE 86 6D AA 97 B0 51 5F ED 5A A6 52 
[  235560] XN297 OK addr AA55CCCCCC | payload 01 55 5D 73 00 50 A7 1D 
[  235573] ch50 r2 T: 3C 4F DC C3 AE 86 6D AA 97 B0 51 FF 75 51 56 4A 
[  235573] XN297 OK addr AA55CCCCCC | payload 01 55 5D 73 00 50 A7 1D 
[  235586] ch50 r2 T: 3C 4F DC C3 AE 86 6D AA 97 B0 51 4B BB E7 BE 92 
[  235586] XN297 OK addr AA55CCCCCC | payload 01 55 5D 73 00 50 A7 1D 
[  235599] ch50 r2 T: 3C 4F DC C3 AE 86 6D AA 97 B0 51 F7 FF BF BB FE 
[  235599] XN297 OK addr AA55CCCCCC | payload 01 55 5D 73 00 50 A7 1D 
[  235612] ch50 r2 T: 3C 4F DC C3 AE 86 6D AA 97 B0 51 BB EA DE B7 BE 
[  235612] XN297 OK addr AA55CCCCCC | payload 01 55 5D 73 00 50 A7 1D 
[  235626] ch50 r2 T: 3C 4F DC C3 AE 86 6D AA 97 B0 51 AF 7F BE B6 FF 
[  235626] XN297 OK addr AA55CCCCCC | payload 01 55 5D 73 00 50 A7 1D 
[  237845] ch50 r2 T: BC 4F DC C3 AE 84 9D A9 27 F3 51 5B 5F 7F 5D 3F 
[  237845] XN297 OK addr AA55CCCCCC | payload 00 55 5D 73 00 10 A8 DD 
[  237859] ch50 r2 T: BC 4F DC C3 AE 84 9D A9 27 F3 51 6D FB FD F5 F7 
[  237859] XN297 OK addr AA55CCCCCC | payload 00 55 5D 73 00 10 A8 DD 
[  237872] ch50 r2 T: BC 4F DC C3 AE 84 9D A9 27 F3 51 BF 6A AF 6D 2B 
[  237872] XN297 OK addr AA55CCCCCC | payload 00 55 5D 73 00 10 A8 DD 
[  237885] ch50 r2 T: BC 4F DC C3 AE 84 9D A9 27 F3 51 FD 6D BE D5 FE 
[  237885] XN297 OK addr AA55CCCCCC | payload 00 55 5D 73 00 10 A8 DD 
[  237898] ch50 r2 T: BC 4F DC C3 AE 84 9D A9 27 F3 51 76 57 BF BD FD 
[  237898] XN297 OK addr AA55CCCCCC | payload 00 55 5D 73 00 10 A8 DD 
[  237911] ch50 r2 T: BC 4F DC C3 AE 84 9D A9 27 F3 51 AE FF F7 BB 7E 
[  237911] XN297 OK addr AA55CCCCCC | payload 00 55 5D 73 00 10 A8 DD 
[  237924] ch50 r2 T: BC 4F DC C3 AE 84 9D A9 27 F3 51 7A AD 55 6A 2A 
[  237924] XN297 OK addr AA55CCCCCC | payload 00 55 5D 73 00 10 A8 DD 
[  237938] ch50 r2 T: BC 4F DC C3 AE 84 9D A9 27 F3 51 DF EA B6 EE FA 
[  237938] XN297 OK addr AA55CCCCCC | payload 00 55 5D 73 00 10 A8 DD 
[  237951] ch50 r2 T: BC 4F DC C3 AE 84 9D A9 27 F3 51 7A FE DF D5 6D 
[  237951] XN297 OK addr AA55CCCCCC | payload 00 55 5D 73 00 10 A8 DD 
[  237964] ch50 r2 T: BC 4F DC C3 AE 84 9D A9 27 F3 51 5A FB BF 5F ED 
[  237964] XN297 OK addr AA55CCCCCC | payload 00 55 5D 73 00 10 A8 DD 
[  237977] ch50 r2 T: BC 4F DC C3 AE 84 9D A9 27 F3 51 AF DA BA FE FD 
[  237977] XN297 OK addr AA55CCCCCC | payload 00 55 5D 73 00 10 A8 DD 
[  238038] ch50 r2 T: 3C 4F DC C3 AE 86 1D EA D7 2D 51 BA 5E AB FF 2D 
[  238038] XN297 OK addr AA55CCCCCC | payload 01 55 5D 73 00 50 A9 1F 
[  238051] ch50 r2 T: 3C 4F DC C3 AE 86 1D EA D7 2D 51 F7 7F FB DF 6B 
[  238051] XN297 OK addr AA55CCCCCC | payload 01 55 5D 73 00 50 A9 1F 
[  238064] ch50 r2 T: 3C 4F DC C3 AE 86 1D EA D7 2D 51 BF EB 25 A1 10 
[  238064] XN297 OK addr AA55CCCCCC | payload 01 55 5D 73 00 50 A9 1F 
[  238077] ch50 r2 T: 3C 4F DC C3 AE 86 1D EA D7 2D 51 AC F6 DF 54 AB 
[  238077] XN297 OK addr AA55CCCCCC | payload 01 55 5D 73 00 50 A9 1F 
[  238091] ch50 r2 T: 3C 4F DC C3 AE 86 1D EA D7 2D 51 F7 7D BA 5B 0D 
[  238091] XN297 OK addr AA55CCCCCC | payload 01 55 5D 73 00 50 A9 1F 
[  238104] ch50 r2 T: 3C 4F DC C3 AE 86 1D EA D7 2D 51 EF B9 6B 55 24 
[  238104] XN297 OK addr AA55CCCCCC | payload 01 55 5D 73 00 50 A9 1F 
[  238117] ch50 r2 T: 3C 4F DC C3 AE 86 1D EA D4 29 51 DD ED D7 EC F7 
[  238117] XN297 CRC ERR addr AA55CCCCCC | payload 01 55 5D 73 00 50 A9 1F 
[  238130] ch50 r2 T: 3C 4F DC C3 AE 86 1D EA D7 2D 51 FB 54 B8 AA DB 
[  238130] XN297 OK addr AA55CCCCCC | payload 01 55 5D 73 00 50 A9 1F 
[  238143] ch50 r2 T: 3C 4F DC C3 AE 86 1D EA D7 2D 51 EF AF 7B 96 D7 
[  238143] XN297 OK addr AA55CCCCCC | payload 01 55 5D 73 00 50 A9 1F 
[  238156] ch50 r2 T: 3C 4F DC C3 AE 86 1D EA D7 2D 51 BE ED FD 95 D5 
[  238156] XN297 OK addr AA55CCCCCC | payload 01 55 5D 73 00 50 A9 1F 
[  238170] ch50 r2 T: 3C 4F DC C3 AE 86 1D EA D7 2D 51 EE EA BB B6 AA 
[  238170] XN297 OK addr AA55CCCCCC | payload 01 55 5D 73 00 50 A9 1F 
[  239951] ch50 r2 T: BC 4F DC C3 AE 84 DD E9 62 FB 51 55 24 FD 7F FF 
[  239951] XN297 OK addr AA55CCCCCC | payload 00 55 5D 73 00 10 AA DF 
[  239964] ch50 r2 T: BC 4F DC C3 AE 84 DD E9 62 FB 51 9B FF FD F6 A5 
[  239964] XN297 OK addr AA55CCCCCC | payload 00 55 5D 73 00 10 AA DF 
[  239977] ch50 r2 T: BC 4F DC C3 AE 84 DD E9 62 FB 51 EF FB 6E B5 DF 
[  239977] XN297 OK addr AA55CCCCCC | payload 00 55 5D 73 00 10 AA DF 
[  239991] ch50 r2 T: BC 4F DC C3 AE 84 DD E9 62 FB 51 7A 6A AD 7D FF 
[  239991] XN297 OK addr AA55CCCCCC | payload 00 55 5D 73 00 10 AA DF 
[  240004] ch50 r2 T: BC 4F DC C3 AE 84 DD E9 62 FB 51 5D AF AB 77 D7 
[  240004] XN297 OK addr AA55CCCCCC | payload 00 55 5D 73 00 10 AA DF 
[  240017] ch50 r2 T: BC 4F DC C3 AE 84 DD E9 62 FB 51 D7 FF D7 F5 FF 
[  240017] XN297 OK addr AA55CCCCCC | payload 00 55 5D 73 00 10 AA DF 
[  240030] ch50 r2 T: BC 4F DC C3 AE 84 DD E9 62 FB 51 7B EB FF 5E F3 
[  240030] XN297 OK addr AA55CCCCCC | payload 00 55 5D 73 00 10 AA DF 
[  240043] ch50 r2 T: BC 4F DC C3 AE 84 DD E9 62 FB 51 F5 97 F7 D3 65 
[  240043] XN297 OK addr AA55CCCCCC | payload 00 55 5D 73 00 10 AA DF 
[  240056] ch50 r2 T: BC 4F DC C3 AE 84 DD E9 62 FB 51 7F F4 F9 BB 9C 
[  240056] XN297 OK addr AA55CCCCCC | payload 00 55 5D 73 00 10 AA DF 
[  240070] ch50 r2 T: BC 4F DC C3 AE 84 DD E9 62 FB 51 7F 54 E9 76 EF 
[  240070] XN297 OK addr AA55CCCCCC | payload 00 55 5D 73 00 10 AA DF 
[  240083] ch50 r2 T: BC 4F DC C3 AE 84 DD E9 62 FB 51 5E A5 5A BA AD 
[  240083] XN297 OK addr AA55CCCCCC | payload 00 55 5D 73 00 10 AA DF 
[  240143] ch50 r2 T: 3C 4F DC C3 AE 86 5D 96 65 FA 51 EE EF 67 7B BB 
[  240143] XN297 OK addr AA55CCCCCC | payload 01 55 5D 73 00 50 AB 21 
[  240156] ch50 r2 T: 3C 4F DC C3 AE 86 5D 96 65 FA 51 FB 3B F7 BB EF 
[  240156] XN297 OK addr AA55CCCCCC | payload 01 55 5D 73 00 50 AB 21 
[  240169] ch50 r2 T: 3C 4F DC C3 AE 86 5D 96 65 FA 51 FD F7 7F EE FB 
[  240169] XN297 OK addr AA55CCCCCC | payload 01 55 5D 73 00 50 AB 21 
[  240182] ch50 r2 T: 3C 4F DC C3 AE 86 5D 96 65 FA 51 B3 D5 AD FD DD 
[  240182] XN297 OK addr AA55CCCCCC | payload 01 55 5D 73 00 50 AB 21 
[  240196] ch50 r2 T: 3C 4F DC C3 AE 86 5D 96 65 FA 51 4C B2 5D 7F DF 
[  240196] XN297 OK addr AA55CCCCCC | payload 01 55 5D 73 00 50 AB 21 
[  240209] ch50 r2 T: 3C 4F DC C3 AE 86 5D 96 65 FA 51 BF CA FF B7 FB 
[  240209] XN297 OK addr AA55CCCCCC | payload 01 55 5D 73 00 50 AB 21 
[  240222] ch50 r2 T: 3C 4F DC C3 AE 86 5D 96 65 FA 51 FA FE FB D7 ED 
[  240222] XN297 OK addr AA55CCCCCC | payload 01 55 5D 73 00 50 AB 21 
[  240235] ch50 r2 T: 3C 4F DC C3 AE 86 5D 96 65 FA 51 7B AF FB D2 EB 
[  240235] XN297 OK addr AA55CCCCCC | payload 01 55 5D 73 00 50 AB 21 
[  240248] ch50 r2 T: 3C 4F DC C3 AE 86 5D 96 65 FA 51 F9 DB FB D6 FE 
[  240248] XN297 OK addr AA55CCCCCC | payload 01 55 5D 73 00 50 AB 21 
[  240261] ch50 r2 T: 3C 4F DC C3 AE 86 5D 96 65 FA 51 57 D4 B7 F5 45 
[  240261] XN297 OK addr AA55CCCCCC | payload 01 55 5D 73 00 50 AB 21 
[  240275] ch50 r2 T: 3C 4F DC C3 AE 86 5D 96 65 FA 51 7F BF FF FF FA 
[  240275] XN297 OK addr AA55CCCCCC | payload 01 55 5D 73 00 50 AB 21 
[  242195] ch50 r2 T: BC 4F DC C3 AE 84 BD 95 D6 CA 51 5D 77 76 B3 FA 
[  242195] XN297 OK addr AA55CCCCCC | payload 00 55 5D 73 00 10 AC E1 
[  242208] ch50 r2 T: BC 4F DC C3 AE 84 BD 95 D6 CA 51 CE 5B AA DC DA 
[  242208] XN297 OK addr AA55CCCCCC | payload 00 55 5D 73 00 10 AC E1 
[  242221] ch50 r2 T: BC 4F DC C3 AE 84 BD 95 D6 CA 51 6B FB FF 77 EF 
[  242221] XN297 OK addr AA55CCCCCC | payload 00 55 5D 73 00 10 AC E1 
[  242235] ch50 r2 T: BC 4F DC C3 AE 84 BD 95 D6 CA 51 E5 77 5A FE FE 
[  242235] XN297 OK addr AA55CCCCCC | payload 00 55 5D 73 00 10 AC E1 
[  242248] ch50 r2 T: BC 4F DC C3 AE 84 BD 95 D6 CA 51 FF 55 7A C5 6D 
[  242248] XN297 OK addr AA55CCCCCC | payload 00 55 5D 73 00 10 AC E1 
[  242261] ch50 r2 T: BC 4F DC C3 AE 84 BD 95 D6 CA 51 7E AA 92 C0 56 
[  242261] XN297 OK addr AA55CCCCCC | payload 00 55 5D 73 00 10 AC E1 
[  242274] ch50 r2 T: BC 4F DC C3 AE 84 BD 95 D6 CA 51 F4 FF D9 BE F9 
[  242274] XN297 OK addr AA55CCCCCC | payload 00 55 5D 73 00 10 AC E1 
[  242287] ch50 r2 T: BC 4F DC C3 AE 84 BD 95 D6 CA 51 BB DA AF BF E7 
[  242287] XN297 OK addr AA55CCCCCC | payload 00 55 5D 73 00 10 AC E1 
[  242300] ch50 r2 T: BC 4F DC C3 AE 84 BD 95 D6 CA 51 5D FF 96 ED B3 
[  242300] XN297 OK addr AA55CCCCCC | payload 00 55 5D 73 00 10 AC E1 
[  242314] ch50 r2 T: BC 4F DC C3 AE 84 BD 95 D6 CA 51 57 B5 7B 6F F5 
[  242314] XN297 OK addr AA55CCCCCC | payload 00 55 5D 73 00 10 AC E1 
[  242327] ch50 r2 T: BC 4F DC C3 AE 84 BD 95 D6 CA 51 3F 7B F5 4F D1 
[  242327] XN297 OK addr AA55CCCCCC | payload 00 55 5D 73 00 10 AC E1 
[  242387] ch50 r2 T: 3C 4F DC C3 AE 86 3D D6 26 14 51 64 9E B5 33 CE 
[  242387] XN297 OK addr AA55CCCCCC | payload 01 55 5D 73 00 50 AD 23 
[  242400] ch50 r2 T: 3C 4F DC C3 AE 86 3D D6 26 14 51 BD BA A5 54 28 
[  242400] XN297 OK addr AA55CCCCCC | payload 01 55 5D 73 00 50 AD 23 
[  242413] ch50 r2 T: 3C 4F DC C3 AE 86 3D D6 26 14 51 6A CB B5 BD AD 
[  242413] XN297 OK addr AA55CCCCCC | payload 01 55 5D 73 00 50 AD 23 
[  242427] ch50 r2 T: 3C 4F DC C3 AE 86 3D D6 26 14 51 BF BE 9F FB B9 
[  242427] XN297 OK addr AA55CCCCCC | payload 01 55 5D 73 00 50 AD 23 
[  242440] ch50 r2 T: 3C 4F DC C3 AE 86 3D D6 26 14 51 5F FD 5B EA 42 
[  242440] XN297 OK addr AA55CCCCCC | payload 01 55 5D 73 00 50 AD 23 
[  242453] ch50 r2 T: 3C 4F DC C3 AE 86 3D D6 26 14 51 EF FD 6F EF BB 
[  242453] XN297 OK addr AA55CCCCCC | payload 01 55 5D 73 00 50 AD 23 
[  242466] ch50 r2 T: 3C 4F DC C3 AE 86 3D D6 26 14 51 FF 96 DF BF 7F 
[  242466] XN297 OK addr AA55CCCCCC | payload 01 55 5D 73 00 50 AD 23 
[  242479] ch50 r2 T: 3C 4F DC C3 AE 86 3D D6 26 14 51 BB EB FD B5 54 
[  242479] XN297 OK addr AA55CCCCCC | payload 01 55 5D 73 00 50 AD 23 
[  242492] ch50 r2 T: 3C 4F DC C3 AE 86 3D D6 26 14 51 77 DB 6B 47 FB 
[  242492] XN297 OK addr AA55CCCCCC | payload 01 55 5D 73 00 50 AD 23 
[  242506] ch50 r2 T: 3C 4F DC C3 AE 86 3D D6 26 14 51 DC DF E7 BB FF 
[  242506] XN297 OK addr AA55CCCCCC | payload 01 55 5D 73 00 50 AD 23 
[  242519] ch50 r2 T: 3C 4F DC C3 AE 86 3D D6 26 14 51 EF 57 57 9D 77 
[  242519] XN297 OK addr AA55CCCCCC | payload 01 55 5D 73 00 50 AD 23 
[  244282] ch50 r2 T: BC 4F DC C3 AE 84 FD D5 93 C2 51 D6 FD BB BF FD 
[  244282] XN297 OK addr AA55CCCCCC | payload 00 55 5D 73 00 10 AE E3 
[  244295] ch50 r2 T: BC 4F DC C3 AE 84 FD D5 93 C2 51 BE E9 7E FF FF 
[  244295] XN297 OK addr AA55CCCCCC | payload 00 55 5D 73 00 10 AE E3 
[  244308] ch50 r2 T: BC 4F DC C3 AE 84 FD D5 93 C2 51 ED B7 7F F5 36 
[  244308] XN297 OK addr AA55CCCCCC | payload 00 55 5D 73 00 10 AE E3 
[  244321] ch50 r2 T: BC 4F DC C3 AE 84 FD D5 93 C2 51 EE 93 7F F8 24 
[  244321] XN297 OK addr AA55CCCCCC | payload 00 55 5D 73 00 10 AE E3 
[  244335] ch50 r2 T: BC 4F DC C3 AE 84 FD D5 93 C2 51 2F FB D5 2A D5 
[  244335] XN297 OK addr AA55CCCCCC | payload 00 55 5D 73 00 10 AE E3 
[  244348] ch50 r2 T: BC 4F DC C3 AE 84 FD D5 93 C2 51 DE AF F7 CD DF 
[  244348] XN297 OK addr AA55CCCCCC | payload 00 55 5D 73 00 10 AE E3 
[  244361] ch50 r2 T: BC 4F DC C3 AE 84 FD D5 93 C2 51 3D 9F 5B BF FA 
[  244361] XN297 OK addr AA55CCCCCC | payload 00 55 5D 73 00 10 AE E3 
[  244374] ch50 r2 T: BC 4F DC C3 AE 84 FD D5 93 C2 51 FD 7A BF F9 29 
[  244374] XN297 OK addr AA55CCCCCC | payload 00 55 5D 73 00 10 AE E3 
[  244387] ch50 r2 T: BC 4F DC C3 AE 84 FD D5 93 C2 51 D7 F2 82 28 28 
[  244387] XN297 OK addr AA55CCCCCC | payload 00 55 5D 73 00 10 AE E3 
[  244400] ch50 r2 T: BC 4F DC C3 AE 84 FD D5 93 C2 51 FF BE CB F7 AD 
[  244400] XN297 OK addr AA55CCCCCC | payload 00 55 5D 73 00 10 AE E3 
[  244414] ch50 r2 T: BC 4F DC C3 AE 84 FD D5 93 C2 51 EA DB 7B BF D7 
[  244414] XN297 OK addr AA55CCCCCC | payload 00 55 5D 73 00 10 AE E3 
[  244474] ch50 r2 T: 3C 4F DC C3 AE 86 7D B6 47 7E 51 7E FF F7 7D D7 
[  244474] XN297 OK addr AA55CCCCCC | payload 01 55 5D 73 00 50 AF 25 
[  244487] ch50 r2 T: 3C 4F DC C3 AE 86 7D B6 47 7E 51 77 6F F5 AF FF 
[  244487] XN297 OK addr AA55CCCCCC | payload 01 55 5D 73 00 50 AF 25 
[  244500] ch50 r2 T: 3C 4F DC C3 AE 86 7D B6 47 7E 51 FF FE D6 4D 3B 
[  244500] XN297 OK addr AA55CCCCCC | payload 01 55 5D 73 00 50 AF 25 
[  244513] ch50 r2 T: 3C 4F DC C3 AE 86 7D B6 47 7E 51 E6 FB 5F AD 77 
[  244513] XN297 OK addr AA55CCCCCC | payload 01 55 5D 73 00 50 AF 25 
[  244526] ch50 r2 T: 3C 4F DC C3 AE 86 7D B6 47 7E 51 BF 9F 2D FD 7F 
[  244526] XN297 OK addr AA55CCCCCC | payload 01 55 5D 73 00 50 AF 25 
[  244539] ch50 r2 T: 3C 4F DC C3 AE 86 7D B6 47 7E 51 AB 7B F7 AA 42 
[  244539] XN297 OK addr AA55CCCCCC | payload 01 55 5D 73 00 50 AF 25 
[  244553] ch50 r2 T: 3C 4F DC C3 AE 86 7D B6 47 7E 51 ED FF F2 E5 F7 
[  244553] XN297 OK addr AA55CCCCCC | payload 01 55 5D 73 00 50 AF 25 
[  244566] ch50 r2 T: 3C 4F DC C3 AE 86 7D B6 47 7E 51 BB 96 FD 5A 36 
[  244566] XN297 OK addr AA55CCCCCC | payload 01 55 5D 73 00 50 AF 25 
[  244579] ch50 r2 T: 3C 4F DC C3 AE 86 7D B6 47 7E 51 FD DF F7 FD 6C 
[  244579] XN297 OK addr AA55CCCCCC | payload 01 55 5D 73 00 50 AF 25 
[  244605] ch50 r2 T: 3C 4F DC C3 AE 86 7D B6 47 7E 51 CB 8B FF F5 DF 
[  244605] XN297 OK addr AA55CCCCCC | payload 01 55 5D 73 00 50 AF 25 
------------------------------
# R2 DAY
[  268981] ch50 r2 T: BC 4F DC C3 AE 04 85 75 9C 82 51 DF AB 69 EC B7 
[  268981] XN297 OK addr AA55CCCCCC | payload 00 55 5D 73 00 11 B0 E6 
[  268994] ch50 r2 T: BC 4F DC C3 AE 04 85 75 9C 82 51 F6 BB FF BD ED 
[  268994] XN297 OK addr AA55CCCCCC | payload 00 55 5D 73 00 11 B0 E6 
[  269007] ch50 r2 T: BC 4F DC C3 AE 04 85 75 9C 82 51 7F FF FE AF DF 
[  269007] XN297 OK addr AA55CCCCCC | payload 00 55 5D 73 00 11 B0 E6 
[  269020] ch50 r2 T: BC 4F DC C3 AE 04 85 75 9C 82 51 FE 7B EF AB EB 
[  269020] XN297 OK addr AA55CCCCCC | payload 00 55 5D 73 00 11 B0 E6 
[  269033] ch50 r2 T: BC 4F DC C3 AE 04 85 75 9C 82 51 FE AB 53 AE 05 
[  269033] XN297 OK addr AA55CCCCCC | payload 00 55 5D 73 00 11 B0 E6 
[  269047] ch50 r2 T: BC 4F DC C3 AE 04 85 75 9C 82 51 FF 79 7B A8 B1 
[  269047] XN297 OK addr AA55CCCCCC | payload 00 55 5D 73 00 11 B0 E6 
[  269060] ch50 r2 T: BC 4F DC C3 AE 04 85 75 9C 82 51 5B FB ED DF 6F 
[  269060] XN297 OK addr AA55CCCCCC | payload 00 55 5D 73 00 11 B0 E6 
[  269073] ch50 r2 T: BC 4F DC C3 AE 04 85 75 9C 82 51 4D 30 6E FB FF 
[  269073] XN297 OK addr AA55CCCCCC | payload 00 55 5D 73 00 11 B0 E6 
[  269086] ch50 r2 T: BC 4F DC C3 AE 04 85 75 9C 82 51 D5 BD FB 45 FB 
[  269086] XN297 OK addr AA55CCCCCC | payload 00 55 5D 73 00 11 B0 E6 
[  269099] ch50 r2 T: BC 4F DC C3 AE 04 85 75 9C 82 51 EF DF F7 FF 57 
[  269099] XN297 OK addr AA55CCCCCC | payload 00 55 5D 73 00 11 B0 E6 
[  269112] ch50 r2 T: BC 4F DC C3 AE 04 85 75 9C 82 51 DD EF FA FF B1 
[  269112] XN297 OK addr AA55CCCCCC | payload 00 55 5D 73 00 11 B0 E6 
[  269172] ch50 r2 T: 3C 4F DC C3 AE 06 05 06 5A 0F 51 7D 75 BD 6D C5 
[  269172] XN297 OK addr AA55CCCCCC | payload 01 55 5D 73 00 51 B1 28 
[  269185] ch50 r2 T: 3C 4F DC C3 AE 06 05 06 5A 0F 51 AF EF FE DA DF 
[  269185] XN297 OK addr AA55CCCCCC | payload 01 55 5D 73 00 51 B1 28 
[  269199] ch50 r2 T: 3C 4F DC C3 AE 06 05 06 5A 0F 51 BA FC D6 B5 E7 
[  269199] XN297 OK addr AA55CCCCCC | payload 01 55 5D 73 00 51 B1 28 
[  269212] ch50 r2 T: 3C 4F DC C3 AE 06 05 06 5A 0F 51 6D F6 FE EA DF 
[  269212] XN297 OK addr AA55CCCCCC | payload 01 55 5D 73 00 51 B1 28 
[  269225] ch50 r2 T: 3C 4F DC C3 AE 06 05 06 5A 0F 51 FF 5E CA EE FF 
[  269225] XN297 OK addr AA55CCCCCC | payload 01 55 5D 73 00 51 B1 28 
[  269238] ch50 r2 T: 3C 4F DC C3 AE 06 05 06 5A 0F 51 5F 6F AB FE 77 
[  269238] XN297 OK addr AA55CCCCCC | payload 01 55 5D 73 00 51 B1 28 
[  269251] ch50 r2 T: 3C 4F DC C3 AE 06 05 06 5A 0F 51 FF EF DA DD 55 
[  269251] XN297 OK addr AA55CCCCCC | payload 01 55 5D 73 00 51 B1 28 
[  269264] ch50 r2 T: 3C 4F DC C3 AE 06 05 06 5A 0F 51 DB 2F DE EB 7F 
[  269264] XN297 OK addr AA55CCCCCC | payload 01 55 5D 73 00 51 B1 28 
[  269278] ch50 r2 T: 3C 4F DC C3 AE 06 05 06 5A 0F 51 7D A5 DF FD FF 
[  269278] XN297 OK addr AA55CCCCCC | payload 01 55 5D 73 00 51 B1 28 
[  269291] ch50 r2 T: 3C 4F DC C3 AE 06 05 06 5A 0F 51 BF FF ED CB FF 
[  269291] XN297 OK addr AA55CCCCCC | payload 01 55 5D 73 00 51 B1 28 
[  269304] ch50 r2 T: 3C 4F DC C3 AE 06 05 06 5A 0F 51 D5 9D 35 76 9F 
[  269304] XN297 OK addr AA55CCCCCC | payload 01 55 5D 73 00 51 B1 28 
[  271389] ch50 r2 T: BC 4F DC C3 AE 04 C5 05 EF D9 51 AB FD CD BD BD 
[  271389] XN297 OK addr AA55CCCCCC | payload 00 55 5D 73 00 11 B2 E8 
[  271402] ch50 r2 T: BC 4F DC C3 AE 04 C5 05 EF D9 51 BF 4F BF AA FE 
[  271402] XN297 OK addr AA55CCCCCC | payload 00 55 5D 73 00 11 B2 E8 
[  271416] ch50 r2 T: BC 4F DC C3 AE 04 C5 05 EF D9 51 5E AD BF A9 FD 
[  271416] XN297 OK addr AA55CCCCCC | payload 00 55 5D 73 00 11 B2 E8 
[  271429] ch50 r2 T: BC 4F DC C3 AE 04 C5 05 EF D9 51 F1 E2 7D 7B 7B 
[  271429] XN297 OK addr AA55CCCCCC | payload 00 55 5D 73 00 11 B2 E8 
[  271442] ch50 r2 T: BC 4F DC C3 AE 04 C5 05 EF D9 51 37 B6 D6 D5 6B 
[  271442] XN297 OK addr AA55CCCCCC | payload 00 55 5D 73 00 11 B2 E8 
[  271455] ch50 r2 T: BC 4F DC C3 AE 04 C5 05 EF D9 51 97 FB 4B BD 6D 
[  271455] XN297 OK addr AA55CCCCCC | payload 00 55 5D 73 00 11 B2 E8 
[  271468] ch50 r2 T: BC 4F DC C3 AE 04 C5 05 EF D9 51 FF D5 BB 7F 9F 
[  271468] XN297 OK addr AA55CCCCCC | payload 00 55 5D 73 00 11 B2 E8 
[  271481] ch50 r2 T: BC 4F DC C3 AE 04 C5 05 EF D9 51 D9 FF 5F 5F 40 
[  271481] XN297 OK addr AA55CCCCCC | payload 00 55 5D 73 00 11 B2 E8 
[  271495] ch50 r2 T: BC 4F DC C3 AE 04 C5 05 EF D9 51 6E D5 BA BF 75 
[  271495] XN297 OK addr AA55CCCCCC | payload 00 55 5D 73 00 11 B2 E8 
[  271508] ch50 r2 T: BC 4F DC C3 AE 04 C5 05 EF D9 51 FB 2F 6E 9F BD 
[  271508] XN297 OK addr AA55CCCCCC | payload 00 55 5D 73 00 11 B2 E8 
[  271521] ch50 r2 T: BC 4F DC C3 AE 04 C5 05 EF D9 51 FF EB D6 57 FF 
[  271521] XN297 OK addr AA55CCCCCC | payload 00 55 5D 73 00 11 B2 E8 
[  271582] ch50 r2 T: 3C 4F DC C3 AE 06 45 46 1F 07 51 75 76 F7 75 7D 
[  271582] XN297 OK addr AA55CCCCCC | payload 01 55 5D 73 00 51 B3 2A 
[  271595] ch50 r2 T: 3C 4F DC C3 AE 06 45 46 1F 07 51 FB FD 55 84 B4 
[  271595] XN297 OK addr AA55CCCCCC | payload 01 55 5D 73 00 51 B3 2A 
[  271608] ch50 r2 T: 3C 4F DC C3 AE 06 45 46 1F 07 51 DD 7B 67 EF CB 
[  271608] XN297 OK addr AA55CCCCCC | payload 01 55 5D 73 00 51 B3 2A 
[  271622] ch50 r2 T: 3C 4F DC C3 AE 06 45 46 1F 07 51 6F BF FF 5B A6 
[  271622] XN297 OK addr AA55CCCCCC | payload 01 55 5D 73 00 51 B3 2A 
[  271635] ch50 r2 T: 3C 4F DC C3 AE 06 45 46 1F 07 51 96 5E FF FD 7D 
[  271635] XN297 OK addr AA55CCCCCC | payload 01 55 5D 73 00 51 B3 2A 
[  271648] ch50 r2 T: 3C 4F DC C3 AE 06 45 46 1F 07 51 EF 7D F7 5B FF 
[  271648] XN297 OK addr AA55CCCCCC | payload 01 55 5D 73 00 51 B3 2A 
[  271661] ch50 r2 T: 3C 4F DC C3 AE 06 45 46 1F 07 51 A7 FD B7 77 BF 
[  271661] XN297 OK addr AA55CCCCCC | payload 01 55 5D 73 00 51 B3 2A 
[  271674] ch50 r2 T: 3C 4F DC C3 AE 06 45 46 1F 07 51 5F D7 7F 5A FF 
[  271674] XN297 OK addr AA55CCCCCC | payload 01 55 5D 73 00 51 B3 2A 
[  271687] ch50 r2 T: 3C 4F DC C3 AE 06 45 46 1F 07 51 5F EF 63 FA F6 
[  271687] XN297 OK addr AA55CCCCCC | payload 01 55 5D 73 00 51 B3 2A 
[  271701] ch50 r2 T: 3C 4F DC C3 AE 06 45 46 1F 07 51 74 75 5D 7E FE 
[  271701] XN297 OK addr AA55CCCCCC | payload 01 55 5D 73 00 51 B3 2A 
[  271714] ch50 r2 T: 3C 4F DC C3 AE 06 45 46 1F 07 51 AD 2E FD FF F7 
[  271714] XN297 OK addr AA55CCCCCC | payload 01 55 5D 73 00 51 B3 2A 
[  273535] ch50 r2 T: BC 4F DC C3 AE 04 A5 45 AC 37 51 F7 6F FD 7F 6F 
[  273535] XN297 OK addr AA55CCCCCC | payload 00 55 5D 73 00 11 B4 EA 
[  273548] ch50 r2 T: BC 4F DC C3 AE 04 A5 45 AC 37 51 DB F7 BE BF FD 
[  273548] XN297 OK addr AA55CCCCCC | payload 00 55 5D 73 00 11 B4 EA 
[  273561] ch50 r2 T: BC 4F DC C3 AE 04 A5 45 AC 37 51 7F EE EA A9 23 
[  273561] XN297 OK addr AA55CCCCCC | payload 00 55 5D 73 00 11 B4 EA 
[  273574] ch50 r2 T: BC 4F DC C3 AE 04 A5 45 AC 37 51 3F FD 7A F5 9F 
[  273574] XN297 OK addr AA55CCCCCC | payload 00 55 5D 73 00 11 B4 EA 
[  273588] ch50 r2 T: BC 4F DC C3 AE 04 A5 45 AC 37 51 DE EB B7 7C DB 
[  273588] XN297 OK addr AA55CCCCCC | payload 00 55 5D 73 00 11 B4 EA 
[  273601] ch50 r2 T: BC 4F DC C3 AE 04 A5 45 AC 37 51 78 95 F5 7E BE 
[  273601] XN297 OK addr AA55CCCCCC | payload 00 55 5D 73 00 11 B4 EA 
[  273614] ch50 r2 T: BC 4F DC C3 AE 04 A5 45 AC 37 51 BA A2 A5 A5 49 
[  273614] XN297 OK addr AA55CCCCCC | payload 00 55 5D 73 00 11 B4 EA 
[  273627] ch50 r2 T: BC 4F DC C3 AE 04 A5 45 AC 37 51 EE F7 7A A4 5F 
[  273627] XN297 OK addr AA55CCCCCC | payload 00 55 5D 73 00 11 B4 EA 
[  273640] ch50 r2 T: BC 4F DC C3 AE 04 A5 45 AC 37 51 FF BF AE D7 93 
[  273640] XN297 OK addr AA55CCCCCC | payload 00 55 5D 73 00 11 B4 EA 
[  273654] ch50 r2 T: BC 4F DC C3 AE 04 A5 45 AC 37 51 FD FF FF DD EF 
[  273654] XN297 OK addr AA55CCCCCC | payload 00 55 5D 73 00 11 B4 EA 
[  273667] ch50 r2 T: BC 4F DC C3 AE 04 A5 45 AC 37 51 B7 AB EB BE DF 
[  273667] XN297 OK addr AA55CCCCCC | payload 00 55 5D 73 00 11 B4 EA 
[  273728] ch50 r2 T: 3C 4F DC C3 AE 06 25 26 78 8B 51 7E B9 D5 F5 6D 
[  273728] XN297 OK addr AA55CCCCCC | payload 01 55 5D 73 00 51 B5 2C 
[  273741] ch50 r2 T: 3C 4F DC C3 AE 06 25 26 78 8B 51 5D F5 7C A9 74 
[  273741] XN297 OK addr AA55CCCCCC | payload 01 55 5D 73 00 51 B5 2C 
[  273754] ch50 r2 T: 3C 4F DC C3 AE 06 25 26 78 8B 51 F7 B7 DA BD 42 
[  273754] XN297 OK addr AA55CCCCCC | payload 01 55 5D 73 00 51 B5 2C 
[  273767] ch50 r2 T: 3C 4F DC C3 AE 06 25 26 78 8B 51 CE B9 67 CB 68 
[  273767] XN297 OK addr AA55CCCCCC | payload 01 55 5D 73 00 51 B5 2C 
[  273780] ch50 r2 T: 3C 4F DC C3 AE 06 25 26 78 8B 51 6F DB BB DF C5 
[  273780] XN297 OK addr AA55CCCCCC | payload 01 55 5D 73 00 51 B5 2C 
[  273793] ch50 r2 T: 3C 4F DC C3 AE 06 25 26 78 8B 51 F7 DF D5 AB 3B 
[  273793] XN297 OK addr AA55CCCCCC | payload 01 55 5D 73 00 51 B5 2C 
[  273807] ch50 r2 T: 3C 4F DC C3 AE 06 25 26 78 8B 51 FE D3 EE FB FF 
[  273807] XN297 OK addr AA55CCCCCC | payload 01 55 5D 73 00 51 B5 2C 
[  273820] ch50 r2 T: 3C 4F DC C3 AE 06 25 26 78 8B 51 2D F7 D7 E7 7D 
[  273820] XN297 OK addr AA55CCCCCC | payload 01 55 5D 73 00 51 B5 2C 
[  273833] ch50 r2 T: 3C 4F DC C3 AE 06 25 26 78 8B 51 CC BF BF FA BC 
[  273833] XN297 OK addr AA55CCCCCC | payload 01 55 5D 73 00 51 B5 2C 
[  273846] ch50 r2 T: 3C 4F DC C3 AE 06 25 26 78 8B 51 FB 6F 67 AE E7 
[  273846] XN297 OK addr AA55CCCCCC | payload 01 55 5D 73 00 51 B5 2C 
[  273859] ch50 r2 T: 3C 4F DC C3 AE 06 25 26 78 8B 51 DD 75 5E FE FD 
[  273859] XN297 OK addr AA55CCCCCC | payload 01 55 5D 73 00 51 B5 2C 
[  275540] ch50 r2 T: BC 4F DC C3 AE 04 E5 25 CD 5D 51 5E B5 59 B6 05 
[  275540] XN297 OK addr AA55CCCCCC | payload 00 55 5D 73 00 11 B6 EC 
[  275554] ch50 r2 T: BC 4F DC C3 AE 04 E5 25 CD 5D 51 DA EF BF FF A9 
[  275554] XN297 OK addr AA55CCCCCC | payload 00 55 5D 73 00 11 B6 EC 
[  275567] ch50 r2 T: BC 4F DC C3 AE 04 E5 25 CD 5D 51 F5 35 9D 49 4A 
[  275567] XN297 OK addr AA55CCCCCC | payload 00 55 5D 73 00 11 B6 EC 
[  275580] ch50 r2 T: BC 4F DC C3 AE 04 E5 25 CD 5D 51 5F FE BA F6 A3 
[  275580] XN297 OK addr AA55CCCCCC | payload 00 55 5D 73 00 11 B6 EC 
[  275593] ch50 r2 T: BC 4F DC C3 AE 04 E5 25 CD 5D 51 B5 54 71 AA E9 
[  275593] XN297 OK addr AA55CCCCCC | payload 00 55 5D 73 00 11 B6 EC 
[  275606] ch50 r2 T: BC 4F DC C3 AE 04 E5 25 CD 5D 51 56 2E 26 94 CF 
[  275606] XN297 OK addr AA55CCCCCC | payload 00 55 5D 73 00 11 B6 EC 
[  275619] ch50 r2 T: BC 4F DC C3 AE 04 E5 25 CD 5D 51 6D 6B DF 7F C5 
[  275619] XN297 OK addr AA55CCCCCC | payload 00 55 5D 73 00 11 B6 EC 
[  275633] ch50 r2 T: BC 4F DC C3 AE 04 E5 25 CD 5D 51 EB DB AB 64 A5 
[  275633] XN297 OK addr AA55CCCCCC | payload 00 55 5D 73 00 11 B6 EC 
[  275646] ch50 r2 T: BC 4F DC C3 AE 04 E5 25 CD 5D 51 DF 6F AF 7F EF 
[  275646] XN297 OK addr AA55CCCCCC | payload 00 55 5D 73 00 11 B6 EC 
[  275659] ch50 r2 T: BC 4F DC C3 AE 04 E5 25 CD 5D 51 F3 FE A6 D7 AA 
[  275659] XN297 OK addr AA55CCCCCC | payload 00 55 5D 73 00 11 B6 EC 
[  275672] ch50 r2 T: BC 4F DC C3 AE 04 E5 25 CD 5D 51 F7 FE 6F FF DF 
[  275672] XN297 OK addr AA55CCCCCC | payload 00 55 5D 73 00 11 B6 EC 
[  275733] ch50 r2 T: 3C 4F DC C3 AE 06 65 66 3D 83 51 EF BF B6 ED FF 
[  275733] XN297 OK addr AA55CCCCCC | payload 01 55 5D 73 00 51 B7 2E 
[  275746] ch50 r2 T: 3C 4F DC C3 AE 06 65 66 3D 83 51 6A CE FB 2D 5E 
[  275746] XN297 OK addr AA55CCCCCC | payload 01 55 5D 73 00 51 B7 2E 
[  275759] ch50 r2 T: 3C 4F DC C3 AE 06 65 66 3D 83 51 F9 B4 EC FB F5 
[  275759] XN297 OK addr AA55CCCCCC | payload 01 55 5D 73 00 51 B7 2E 
[  275772] ch50 r2 T: 3C 4F DC C3 AE 06 65 66 3D 83 51 7F FD FE BB 6C 
[  275772] XN297 OK addr AA55CCCCCC | payload 01 55 5D 73 00 51 B7 2E 
[  275785] ch50 r2 T: 3C 4F DC C3 AE 06 65 66 3D 83 51 6E DA E7 FD BF 
[  275785] XN297 OK addr AA55CCCCCC | payload 01 55 5D 73 00 51 B7 2E 
[  275798] ch50 r2 T: 3C 4F DC C3 AE 06 65 66 3D 83 51 DF FB 6B BF BE 
[  275798] XN297 OK addr AA55CCCCCC | payload 01 55 5D 73 00 51 B7 2E 
[  275812] ch50 r2 T: 3C 4F DC C3 AE 06 65 66 3D 83 51 7A 6A AD 49 4D 
[  275812] XN297 OK addr AA55CCCCCC | payload 01 55 5D 73 00 51 B7 2E 
[  275825] ch50 r2 T: 3C 4F DC C3 AE 06 65 66 3D 83 51 BF FB 5E CA AA 
[  275825] XN297 OK addr AA55CCCCCC | payload 01 55 5D 73 00 51 B7 2E 
[  275838] ch50 r2 T: 3C 4F DC C3 AE 06 65 66 3D 83 51 6F FD F4 9D DF 
[  275838] XN297 OK addr AA55CCCCCC | payload 01 55 5D 73 00 51 B7 2E 
[  275851] ch50 r2 T: 3C 4F DC C3 AE 06 65 66 3D 83 51 6F D7 44 2D 6F 
[  275851] XN297 OK addr AA55CCCCCC | payload 01 55 5D 73 00 51 B7 2E 
[  275864] ch50 r2 T: 3C 4F DC C3 AE 06 65 66 3D 83 51 EF D5 9A EF F6 
[  275864] XN297 OK addr AA55CCCCCC | payload 01 55 5D 73 00 51 B7 2E 
[  275925] ch50 r2 T: FC 4F DC C3 AE 06 95 1E DA 8C 51 FB FB B5 F7 EF 
[  275925] XN297 OK addr AA55CCCCCC | payload 02 55 5D 73 00 51 B8 30 
[  275938] ch50 r2 T: FC 4F DC C3 AE 06 95 1E DA 8C 51 66 AB 6B FF FF 
[  275938] XN297 OK addr AA55CCCCCC | payload 02 55 5D 73 00 51 B8 30 
[  275952] ch50 r2 T: FC 4F DC C3 AE 06 95 1E DA 8C 51 E7 95 6D 75 9D 
[  275952] XN297 OK addr AA55CCCCCC | payload 02 55 5D 73 00 51 B8 30 
[  275965] ch50 r2 T: FC 4F DC C3 AE 06 95 1E DA 8C 51 FE D7 EB BB 5B 
[  275965] XN297 OK addr AA55CCCCCC | payload 02 55 5D 73 00 51 B8 30 
[  275978] ch50 r2 T: FC 4F DC C3 AE 06 95 1E DA 8C 51 7F BF 7D BD BD 
[  275978] XN297 OK addr AA55CCCCCC | payload 02 55 5D 73 00 51 B8 30 
[  275991] ch50 r2 T: FC 4F DC C3 AE 06 95 1E DA 8C 51 FF FB F5 3B BB 
[  275991] XN297 OK addr AA55CCCCCC | payload 02 55 5D 73 00 51 B8 30 
[  276004] ch50 r2 T: FC 4F DC C3 AE 06 95 1E DA 8C 51 BF F5 FF FB F7 
[  276004] XN297 OK addr AA55CCCCCC | payload 02 55 5D 73 00 51 B8 30 
[  276017] ch50 r2 T: FC 4F DC C3 AE 06 95 1E DA 8C 51 DA EF BF F6 DF 
[  276017] XN297 OK addr AA55CCCCCC | payload 02 55 5D 73 00 51 B8 30 
[  276031] ch50 r2 T: FC 4F DC C3 AE 06 95 1E DA 8C 51 BF DF D7 B7 CF 
[  276031] XN297 OK addr AA55CCCCCC | payload 02 55 5D 73 00 51 B8 30 
[  276044] ch50 r2 T: FC 4F DC C3 AE 06 95 1E DA 8C 51 7F DF 7B EB E5 
[  276044] XN297 OK addr AA55CCCCCC | payload 02 55 5D 73 00 51 B8 30 
[  276057] ch50 r2 T: FC 4F DC C3 AE 06 95 1E DA 8C 51 FA 9F 5D B6 9E 
[  276057] XN297 OK addr AA55CCCCCC | payload 02 55 5D 73 00 51 B8 30 
[  277660] ch50 r2 T: BC 4F DC C3 AE 04 15 E5 07 D0 51 F7 FD FE BF DF 
[  277660] XN297 OK addr AA55CCCCCC | payload 00 55 5D 73 00 11 B9 EF 
[  277673] ch50 r2 T: BC 4F DC C3 AE 04 15 E5 07 D0 51 FB BE FF FD CF 
[  277673] XN297 OK addr AA55CCCCCC | payload 00 55 5D 73 00 11 B9 EF 
[  277686] ch50 r2 T: BC 4F DC C3 AE 04 15 E5 07 D0 51 3B 8D 9B A3 7D 
[  277686] XN297 OK addr AA55CCCCCC | payload 00 55 5D 73 00 11 B9 EF 
[  277699] ch50 r2 T: BC 4F DC C3 AE 04 15 E5 07 D0 51 7D 6F 7A F9 F6 
[  277699] XN297 OK addr AA55CCCCCC | payload 00 55 5D 73 00 11 B9 EF 
[  277712] ch50 r2 T: BC 4F DC C3 AE 04 15 E5 07 D0 51 BA EF DF 76 D5 
[  277712] XN297 OK addr AA55CCCCCC | payload 00 55 5D 73 00 11 B9 EF 
[  277725] ch50 r2 T: BC 4F DC C3 AE 04 15 E5 07 D0 51 D7 37 FD DF 71 
[  277725] XN297 OK addr AA55CCCCCC | payload 00 55 5D 73 00 11 B9 EF 
[  277739] ch50 r2 T: BC 4F DC C3 AE 04 15 E5 07 D0 51 BA B2 6F 55 2C 
[  277739] XN297 OK addr AA55CCCCCC | payload 00 55 5D 73 00 11 B9 EF 
[  277752] ch50 r2 T: BC 4F DC C3 AE 04 15 E5 07 D0 51 F5 6D DF 7B DD 
[  277752] XN297 OK addr AA55CCCCCC | payload 00 55 5D 73 00 11 B9 EF 
[  277765] ch50 r2 T: BC 4F DC C3 AE 04 15 E5 07 D0 51 7E FF AA 95 D5 
[  277765] XN297 OK addr AA55CCCCCC | payload 00 55 5D 73 00 11 B9 EF 
[  277778] ch50 r2 T: BC 4F DC C3 AE 04 15 E5 07 D0 51 6A 4F 7D F7 FF 
[  277778] XN297 OK addr AA55CCCCCC | payload 00 55 5D 73 00 11 B9 EF 
[  277791] ch50 r2 T: BC 4F DC C3 AE 04 15 E5 07 D0 51 FF DE FA B2 A5 
[  277791] XN297 OK addr AA55CCCCCC | payload 00 55 5D 73 00 11 B9 EF 
[  277852] ch50 r2 T: 3C 4F DC C3 AE 06 D5 9E 4D 99 51 FB F7 EF 3F 7D 
[  277852] XN297 OK addr AA55CCCCCC | payload 01 55 5D 73 00 51 BA 31 
[  277865] ch50 r2 T: 3C 4F DC C3 AE 06 D5 9E 4D 99 51 F5 B7 DF 6B 5F 
[  277865] XN297 OK addr AA55CCCCCC | payload 01 55 5D 73 00 51 BA 31 
[  277878] ch50 r2 T: 3C 4F DC C3 AE 06 D5 9E 4D 99 51 DD B4 4C 93 4A 
[  277878] XN297 OK addr AA55CCCCCC | payload 01 55 5D 73 00 51 BA 31 
[  277892] ch50 r2 T: 3C 4F DC C3 AE 06 D5 9E 4D 99 51 DF 6F 7F 33 79 
[  277892] XN297 OK addr AA55CCCCCC | payload 01 55 5D 73 00 51 BA 31 
[  277905] ch50 r2 T: 3C 4F DC C3 AE 06 D5 9E 4D 99 51 4D 6D DA CA 57 
[  277905] XN297 OK addr AA55CCCCCC | payload 01 55 5D 73 00 51 BA 31 
[  277918] ch50 r2 T: 3C 4F DC C3 AE 06 D5 9E 4D 99 51 BB FF EF BA AA 
[  277918] XN297 OK addr AA55CCCCCC | payload 01 55 5D 73 00 51 BA 31 
[  277931] ch50 r2 T: 3C 4F DC C3 AE 06 D5 9E 4D 99 51 BF 7E BB ED DF 
[  277931] XN297 OK addr AA55CCCCCC | payload 01 55 5D 73 00 51 BA 31 
[  277944] ch50 r2 T: 3C 4F DC C3 AE 06 D5 9E 4D 99 50 BB 7E EF DF F7 
[  277944] XN297 OK addr AA55CCCCCC | payload 01 55 5D 73 00 51 BA 31 
[  277958] ch50 r2 T: 3C 4F DC C3 AE 06 D5 9E 4D 99 51 7F AF 5E FA AD 
[  277958] XN297 OK addr AA55CCCCCC | payload 01 55 5D 73 00 51 BA 31 
[  277971] ch50 r2 T: 3C 4F DC C3 AE 06 D5 9E 4D 99 51 55 42 94 B1 12 
[  277971] XN297 OK addr AA55CCCCCC | payload 01 55 5D 73 00 51 BA 31 
[  277984] ch50 r2 T: 3C 4F DC C3 AE 06 D5 9E 4D 99 51 D7 DD FF BF FB 
[  277984] XN297 OK addr AA55CCCCCC | payload 01 55 5D 73 00 51 BA 31 
[  278044] ch50 r2 T: FC 4F DC C3 AE 06 55 DE 15 94 51 B7 74 D5 B3 BD 
[  278044] XN297 OK addr AA55CCCCCC | payload 02 55 5D 73 00 51 BB 33 
[  278057] ch50 r2 T: FC 4F DC C3 AE 06 55 DE 15 94 51 FF EB 57 DB DE 
[  278057] XN297 OK addr AA55CCCCCC | payload 02 55 5D 73 00 51 BB 33 
[  278070] ch50 r2 T: FC 4F DC C3 AE 06 55 DE 15 94 51 D7 5B AF E9 AD 
[  278070] XN297 OK addr AA55CCCCCC | payload 02 55 5D 73 00 51 BB 33 
[  278083] ch50 r2 T: FC 4F DC C3 AE 06 55 DE 15 94 51 77 BE 7F 7F F7 
[  278083] XN297 OK addr AA55CCCCCC | payload 02 55 5D 73 00 51 BB 33 
[  278097] ch50 r2 T: FC 4F DC C3 AE 06 55 DE 15 94 51 FE DF FF B6 FB 
[  278097] XN297 OK addr AA55CCCCCC | payload 02 55 5D 73 00 51 BB 33 
[  278110] ch50 r2 T: FC 4F DC C3 AE 06 55 DE 15 94 51 76 ED C5 72 BA 
[  278110] XN297 OK addr AA55CCCCCC | payload 02 55 5D 73 00 51 BB 33 
[  278123] ch50 r2 T: FC 4F DC C3 AE 06 55 DE 15 94 51 D9 BB 3E BF F9 
[  278123] XN297 OK addr AA55CCCCCC | payload 02 55 5D 73 00 51 BB 33 
[  278136] ch50 r2 T: FC 4F DC C3 AE 06 55 DE 15 94 51 7B 6D EF F5 F7 
[  278136] XN297 OK addr AA55CCCCCC | payload 02 55 5D 73 00 51 BB 33 
[  278149] ch50 r2 T: FC 4F DC C3 AE 06 55 DE 15 94 51 EE D5 AA AA A1 
[  278149] XN297 OK addr AA55CCCCCC | payload 02 55 5D 73 00 51 BB 33 
[  278162] ch50 r2 T: FC 4F DC C3 AE 06 55 DE 15 94 51 DF 73 7F 74 57 
[  278162] XN297 OK addr AA55CCCCCC | payload 02 55 5D 73 00 51 BB 33 
[  278176] ch50 r2 T: FC 4F DC C3 AE 06 55 DE 15 94 51 FE DB DA FB DB 
[  278176] XN297 OK addr AA55CCCCCC | payload 02 55 5D 73 00 51 BB 33 
------------------------------
# R2 TEMP
[  303344] ch50 r2 T: BC 4F DC C3 AE 6C B5 05 D5 4A 51 EF DF FE FB 7E 
[  303344] XN297 OK addr AA55CCCCCC | payload 00 55 5D 73 00 07 BC E8 
[  303357] ch50 r2 T: BC 4F DC C3 AE 6C B5 05 D5 4A 51 F7 6D FE FD B7 
[  303357] XN297 OK addr AA55CCCCCC | payload 00 55 5D 73 00 07 BC E8 
[  303370] ch50 r2 T: BC 4F DC C3 AE 6C B5 05 D5 4A 51 DA E7 FF FF FF 
[  303370] XN297 OK addr AA55CCCCCC | payload 00 55 5D 73 00 07 BC E8 
[  303383] ch50 r2 T: BC 4F DC C3 AE 6C B5 05 D5 4A 51 7A AD 2F FF AF 
[  303383] XN297 OK addr AA55CCCCCC | payload 00 55 5D 73 00 07 BC E8 
[  303397] ch50 r2 T: BC 4F DC C3 AE 6C B5 05 D5 4A 51 6B 75 5B E6 AD 
[  303397] XN297 OK addr AA55CCCCCC | payload 00 55 5D 73 00 07 BC E8 
[  303410] ch50 r2 T: BC 4F DC C3 AE 6C B5 05 D5 4A 51 AE AD 5F F5 7E 
[  303410] XN297 OK addr AA55CCCCCC | payload 00 55 5D 73 00 07 BC E8 
[  303423] ch50 r2 T: BC 4F DC C3 AE 6C B5 05 D5 4A 51 FF F5 7F F5 BD 
[  303423] XN297 OK addr AA55CCCCCC | payload 00 55 5D 73 00 07 BC E8 
[  303436] ch50 r2 T: BC 4F DC C3 AE 6C B5 05 D5 4A 51 EF 7E DD AD BF 
[  303436] XN297 OK addr AA55CCCCCC | payload 00 55 5D 73 00 07 BC E8 
[  303449] ch50 r2 T: BC 4F DC C3 AE 6C B5 05 D5 4A 51 B7 8F 7E DF 5E 
[  303449] XN297 OK addr AA55CCCCCC | payload 00 55 5D 73 00 07 BC E8 
[  303462] ch50 r2 T: BC 4F DC C3 AE 6C B5 05 D5 4A 51 DD 2F 75 6F 63 
[  303462] XN297 OK addr AA55CCCCCC | payload 00 55 5D 73 00 07 BC E8 
[  303476] ch50 r2 T: BC 4F DC C3 AE 6C B5 05 D5 4A 51 DE F7 5F EB F5 
[  303476] XN297 OK addr AA55CCCCCC | payload 00 55 5D 73 00 07 BC E8 
[  303537] ch50 r2 T: 3C 4F DC C3 AE 6E 35 46 25 94 51 5B BB D5 F3 53 
[  303537] XN297 OK addr AA55CCCCCC | payload 01 55 5D 73 00 47 BD 2A 
[  303550] ch50 r2 T: 3C 4F DC C3 AE 6E 35 46 25 94 51 2D DC FB ED 7D 
[  303550] XN297 OK addr AA55CCCCCC | payload 01 55 5D 73 00 47 BD 2A 
[  303564] ch50 r2 T: 3C 4F DC C3 AE 6E 35 46 25 94 51 6F D9 55 A2 5A 
[  303564] XN297 OK addr AA55CCCCCC | payload 01 55 5D 73 00 47 BD 2A 
[  303577] ch50 r2 T: 3C 4F DC C3 AE 6E 35 46 25 94 51 FA DF F4 FB 35 
[  303577] XN297 OK addr AA55CCCCCC | payload 01 55 5D 73 00 47 BD 2A 
[  303590] ch50 r2 T: 3C 4F DC C3 AE 6E 35 46 25 94 51 6A 6E FD 6D 40 
[  303590] XN297 OK addr AA55CCCCCC | payload 01 55 5D 73 00 47 BD 2A 
[  303603] ch50 r2 T: 3C 4F DC C3 AE 6E 35 46 25 94 51 6B BE 6D BE 96 
[  303603] XN297 OK addr AA55CCCCCC | payload 01 55 5D 73 00 47 BD 2A 
[  303616] ch50 r2 T: 3C 4F DC C3 AE 6E 35 46 25 94 51 FC FD FD E7 AB 
[  303616] XN297 OK addr AA55CCCCCC | payload 01 55 5D 73 00 47 BD 2A 
[  303629] ch50 r2 T: 3C 4F DC C3 AE 6E 35 46 25 94 51 66 BA DB 6A AF 
[  303629] XN297 OK addr AA55CCCCCC | payload 01 55 5D 73 00 47 BD 2A 
[  303643] ch50 r2 T: 3C 4F DC C3 AE 6E 35 46 25 94 51 6B 31 E5 F7 7F 
[  303643] XN297 OK addr AA55CCCCCC | payload 01 55 5D 73 00 47 BD 2A 
[  303656] ch50 r2 T: 3C 4F DC C3 AE 6E 35 46 25 94 51 AA D6 BB 2C 5D 
[  303656] XN297 OK addr AA55CCCCCC | payload 01 55 5D 73 00 47 BD 2A 
[  303669] ch50 r2 T: 3C 4F DC C3 AE 6E 35 46 25 94 51 FA BD 95 D6 DB 
[  303669] XN297 OK addr AA55CCCCCC | payload 01 55 5D 73 00 47 BD 2A 
[  305423] ch50 r2 T: BC 4F DC C3 AE 6C F5 45 90 42 51 45 AA CC 8F 67 
[  305423] XN297 OK addr AA55CCCCCC | payload 00 55 5D 73 00 07 BE EA 
[  305436] ch50 r2 T: BC 4F DC C3 AE 6C F5 45 90 42 51 FF 5F 7D 45 B4 
[  305436] XN297 OK addr AA55CCCCCC | payload 00 55 5D 73 00 07 BE EA 
[  305449] ch50 r2 T: BC 4F DC C3 AE 6C F5 45 90 42 51 97 6F 6E 7B 7A 
[  305449] XN297 OK addr AA55CCCCCC | payload 00 55 5D 73 00 07 BE EA 
[  305463] ch50 r2 T: BC 4F DC C3 AE 6C F5 45 90 42 51 DA AA EA AB 66 
[  305463] XN297 OK addr AA55CCCCCC | payload 00 55 5D 73 00 07 BE EA 
[  305476] ch50 r2 T: BC 4F DC C3 AE 6C F5 45 90 42 51 FF FD AD DE FF 
[  305476] XN297 OK addr AA55CCCCCC | payload 00 55 5D 73 00 07 BE EA 
[  305489] ch50 r2 T: BC 4F DC C3 AE 6C F5 45 90 42 51 6E AF B4 ED A8 
[  305489] XN297 OK addr AA55CCCCCC | payload 00 55 5D 73 00 07 BE EA 
[  305502] ch50 r2 T: BC 4F DC C3 AE 6C F5 45 90 42 51 BF BD FD F7 9F 
[  305502] XN297 OK addr AA55CCCCCC | payload 00 55 5D 73 00 07 BE EA 
[  305515] ch50 r2 T: BC 4F DC C3 AE 6C F5 45 90 42 51 2F DF 72 B5 5F 
[  305515] XN297 OK addr AA55CCCCCC | payload 00 55 5D 73 00 07 BE EA 
[  305528] ch50 r2 T: BC 4F DC C3 AE 6C F5 45 90 42 51 F7 6D EF 5B FB 
[  305528] XN297 OK addr AA55CCCCCC | payload 00 55 5D 73 00 07 BE EA 
[  305542] ch50 r2 T: BC 4F DC C3 AE 6C F5 45 90 42 51 7B 5C D7 D5 2D 
[  305542] XN297 OK addr AA55CCCCCC | payload 00 55 5D 73 00 07 BE EA 
[  305555] ch50 r2 T: BC 4F DC C3 AE 6C F5 45 90 42 51 ED DB B5 AD 2F 
[  305555] XN297 OK addr AA55CCCCCC | payload 00 55 5D 73 00 07 BE EA 
[  305616] ch50 r2 T: 3C 4F DC C3 AE 6E 75 26 44 FE 51 95 52 92 A8 4A 
[  305616] XN297 OK addr AA55CCCCCC | payload 01 55 5D 73 00 47 BF 2C 
[  305629] ch50 r2 T: 3C 4F DC C3 AE 6E 75 26 44 FE 51 FF FD DD DE AE 
[  305629] XN297 OK addr AA55CCCCCC | payload 01 55 5D 73 00 47 BF 2C 
[  305643] ch50 r2 T: 3C 4F DC C3 AE 6E 75 26 44 FE 51 F7 AD AC 6D BF 
[  305643] XN297 OK addr AA55CCCCCC | payload 01 55 5D 73 00 47 BF 2C 
[  305656] ch50 r2 T: 3C 4F DC C3 AE 6E 75 26 44 FE 51 B4 2B 16 ED B5 
[  305656] XN297 OK addr AA55CCCCCC | payload 01 55 5D 73 00 47 BF 2C 
[  305669] ch50 r2 T: 3C 4F DC C3 AE 6E 75 26 44 FE 51 4A FE EF AA BF 
[  305669] XN297 OK addr AA55CCCCCC | payload 01 55 5D 73 00 47 BF 2C 
[  305682] ch50 r2 T: 3C 4F DC C3 AE 6E 75 26 44 FE 51 7F 7F D6 FD 2F 
[  305682] XN297 OK addr AA55CCCCCC | payload 01 55 5D 73 00 47 BF 2C 
[  305695] ch50 r2 T: 3C 4F DC C3 AE 6E 75 26 44 FE 51 BF DD 7A FF FF 
[  305695] XN297 OK addr AA55CCCCCC | payload 01 55 5D 73 00 47 BF 2C 
[  305708] ch50 r2 T: 3C 4F DC C3 AE 6E 75 26 44 FE 51 5F 26 AE F4 AD 
[  305708] XN297 OK addr AA55CCCCCC | payload 01 55 5D 73 00 47 BF 2C 
[  305722] ch50 r2 T: 3C 4F DC C3 AE 6E 75 26 44 FE 51 B6 DE B6 D5 5F 
[  305722] XN297 OK addr AA55CCCCCC | payload 01 55 5D 73 00 47 BF 2C 
[  305735] ch50 r2 T: 3C 4F DC C3 AE 6E 75 26 44 FE 51 DF 6A BB FD FF 
[  305735] XN297 OK addr AA55CCCCCC | payload 01 55 5D 73 00 47 BF 2C 
[  305748] ch50 r2 T: 3C 4F DC C3 AE 6E 75 26 44 FE 51 2F 7A BB 66 DB 
[  305748] XN297 OK addr AA55CCCCCC | payload 01 55 5D 73 00 47 BF 2C 
[  305810] ch50 r2 T: FC 4F DC C3 AE 6E 8B 66 37 A5 51 77 5B 35 FF FD 
[  305810] XN297 OK addr AA55CCCCCC | payload 02 55 5D 73 00 47 C0 2E 
[  305823] ch50 r2 T: FC 4F DC C3 AE 6E 8B 66 37 A5 51 EF FB BF DB FB 
[  305823] XN297 OK addr AA55CCCCCC | payload 02 55 5D 73 00 47 C0 2E 
[  305836] ch50 r2 T: FC 4F DC C3 AE 6E 8B 66 37 A5 51 63 24 57 7F D2 
[  305836] XN297 OK addr AA55CCCCCC | payload 02 55 5D 73 00 47 C0 2E 
[  305849] ch50 r2 T: FC 4F DC C3 AE 6E 8B 66 37 A5 51 DD B3 FF 57 AE 
[  305849] XN297 OK addr AA55CCCCCC | payload 02 55 5D 73 00 47 C0 2E 
[  305862] ch50 r2 T: FC 4F DC C3 AE 6E 8B 66 37 A5 51 FE FE ED AD F7 
[  305862] XN297 OK addr AA55CCCCCC | payload 02 55 5D 73 00 47 C0 2E 
[  305876] ch50 r2 T: FC 4F DC C3 AE 6E 8B 66 37 A5 51 FB FF F7 7F E3 
[  305876] XN297 OK addr AA55CCCCCC | payload 02 55 5D 73 00 47 C0 2E 
[  305889] ch50 r2 T: FC 4F DC C3 AE 6E 8B 66 37 A5 51 57 6D 75 EA FF 
[  305889] XN297 OK addr AA55CCCCCC | payload 02 55 5D 73 00 47 C0 2E 
[  305902] ch50 r2 T: FC 4F DC C3 AE 6E 8B 66 37 A5 51 BF FD EF BF 77 
[  305902] XN297 OK addr AA55CCCCCC | payload 02 55 5D 73 00 47 C0 2E 
[  305915] ch50 r2 T: FC 4F DC C3 AE 6E 8B 66 37 A5 51 66 F3 FD 37 F7 
[  305915] XN297 OK addr AA55CCCCCC | payload 02 55 5D 73 00 47 C0 2E 
[  305928] ch50 r2 T: FC 4F DC C3 AE 6E 8B 66 37 A5 51 BA BE FB F5 E7 
[  305928] XN297 OK addr AA55CCCCCC | payload 02 55 5D 73 00 47 C0 2E 
[  305941] ch50 r2 T: FC 4F DC C3 AE 6E 8B 66 37 A5 51 69 77 FF EF 6D 
[  305941] XN297 OK addr AA55CCCCCC | payload 02 55 5D 73 00 47 C0 2E 
[  307473] ch50 r2 T: BC 4F DC C3 AE 6C 0B A5 5D A2 51 FF AF 7B 5B B5 
[  307473] XN297 OK addr AA55CCCCCC | payload 00 55 5D 73 00 07 C1 ED 
[  307486] ch50 r2 T: BC 4F DC C3 AE 6C 0B A5 5D A2 51 EE BF FF DF F7 
[  307486] XN297 OK addr AA55CCCCCC | payload 00 55 5D 73 00 07 C1 ED 
[  307500] ch50 r2 T: BC 4F DC C3 AE 6C 0B A5 5D A2 51 FF F3 75 DD 52 
[  307500] XN297 OK addr AA55CCCCCC | payload 00 55 5D 73 00 07 C1 ED 
[  307513] ch50 r2 T: BC 4F DC C3 AE 6C 0B A5 5D A2 51 ED 7E DF BC AE 
[  307513] XN297 OK addr AA55CCCCCC | payload 00 55 5D 73 00 07 C1 ED 
[  307526] ch50 r2 T: BC 4F DC C3 AE 6C 0B A5 5D A2 51 D7 DA A5 21 48 
[  307526] XN297 OK addr AA55CCCCCC | payload 00 55 5D 73 00 07 C1 ED 
[  307539] ch50 r2 T: BC 4F DC C3 AE 6C 0B A5 5D A2 51 7F FF 6A AD ED 
[  307539] XN297 OK addr AA55CCCCCC | payload 00 55 5D 73 00 07 C1 ED 
[  307552] ch50 r2 T: BC 4F DC C3 AE 6C 0B A5 5D A2 51 AB A7 5E FB 7A 
[  307552] XN297 OK addr AA55CCCCCC | payload 00 55 5D 73 00 07 C1 ED 
[  307565] ch50 r2 T: BC 4F DC C3 AE 6C 0B A5 5D A2 51 5C EF DB FF 59 
[  307565] XN297 OK addr AA55CCCCCC | payload 00 55 5D 73 00 07 C1 ED 
[  307579] ch50 r2 T: BC 4F DC C3 AE 6C 0B A5 5D A2 51 7F AA FA FB EE 
[  307579] XN297 OK addr AA55CCCCCC | payload 00 55 5D 73 00 07 C1 ED 
[  307592] ch50 r2 T: BC 4F DC C3 AE 6C 0B A5 5D A2 51 B5 6F EF AF AF 
[  307592] XN297 OK addr AA55CCCCCC | payload 00 55 5D 73 00 07 C1 ED 
[  307605] ch50 r2 T: BC 4F DC C3 AE 6C 0B A5 5D A2 51 54 BF 7F 55 57 
[  307605] XN297 OK addr AA55CCCCCC | payload 00 55 5D 73 00 07 C1 ED 
[  307666] ch50 r2 T: 3C 4F DC C3 AE 6E CB E6 A0 B0 51 DF CA FB 6B D5 
[  307666] XN297 OK addr AA55CCCCCC | payload 01 55 5D 73 00 47 C2 2F 
[  307679] ch50 r2 T: 3C 4F DC C3 AE 6E CB E6 A0 B0 51 F5 69 BF FF EF 
[  307679] XN297 OK addr AA55CCCCCC | payload 01 55 5D 73 00 47 C2 2F 
[  307693] ch50 r2 T: 3C 4F DC C3 AE 6E CB E6 A0 B0 51 BF 7F 66 56 BF 
[  307693] XN297 OK addr AA55CCCCCC | payload 01 55 5D 73 00 47 C2 2F 
[  307706] ch50 r2 T: 3C 4F DC C3 AE 6E CB E6 A0 B0 51 AB 6F DE ED BB 
[  307706] XN297 OK addr AA55CCCCCC | payload 01 55 5D 73 00 47 C2 2F 
[  307719] ch50 r2 T: 3C 4F DC C3 AE 6E CB E6 A0 B0 51 5B 7F 57 AD 7E 
[  307719] XN297 OK addr AA55CCCCCC | payload 01 55 5D 73 00 47 C2 2F 
[  307732] ch50 r2 T: 3C 4F DC C3 AE 6E CB E6 A0 B0 51 7A F9 DC BF DD 
[  307732] XN297 OK addr AA55CCCCCC | payload 01 55 5D 73 00 47 C2 2F 
[  307745] ch50 r2 T: 3C 4F DC C3 AE 6E CB E6 A0 B0 50 FD DD B9 DD CE 
[  307745] XN297 OK addr AA55CCCCCC | payload 01 55 5D 73 00 47 C2 2F 
[  307758] ch50 r2 T: 3C 4F DC C3 AE 6E CB E6 A0 B0 51 FF 7F 54 CD BD 
[  307758] XN297 OK addr AA55CCCCCC | payload 01 55 5D 73 00 47 C2 2F 
[  307772] ch50 r2 T: 3C 4F DC C3 AE 6E CB E6 A0 B0 51 FC BB D7 F7 7B 
[  307772] XN297 OK addr AA55CCCCCC | payload 01 55 5D 73 00 47 C2 2F 
[  307785] ch50 r2 T: 3C 4F DC C3 AE 6E CB E6 A0 B0 51 FB F5 F7 ED DD 
[  307785] XN297 OK addr AA55CCCCCC | payload 01 55 5D 73 00 47 C2 2F 
[  307798] ch50 r2 T: 3C 4F DC C3 AE 6E CB E6 A0 B0 51 EB FF BE BF FF 
[  307798] XN297 OK addr AA55CCCCCC | payload 01 55 5D 73 00 47 C2 2F 
[  307859] ch50 r2 T: FC 4F DC C3 AE 6E 4B 9E 4F E6 51 7D A7 55 6F 3E 
[  307859] XN297 OK addr AA55CCCCCC | payload 02 55 5D 73 00 47 C3 31 
[  307872] ch50 r2 T: FC 4F DC C3 AE 6E 4B 9E 4F E6 51 1F FD 5D B5 7E 
[  307872] XN297 OK addr AA55CCCCCC | payload 02 55 5D 73 00 47 C3 31 
[  307885] ch50 r2 T: FC 4F DC C3 AE 6E 4B 9E 4F E6 51 7D 95 5B BE FF 
[  307885] XN297 OK addr AA55CCCCCC | payload 02 55 5D 73 00 47 C3 31 
[  307898] ch50 r2 T: FC 4F DC C3 AE 6E 4B 9E 4F E6 51 FF FE EF F7 4A 
[  307898] XN297 OK addr AA55CCCCCC | payload 02 55 5D 73 00 47 C3 31 
[  307912] ch50 r2 T: FC 4F DC C3 AE 6E 4B 9E 4F E6 51 EF A6 6D 5F F3 
[  307912] XN297 OK addr AA55CCCCCC | payload 02 55 5D 73 00 47 C3 31 
[  307925] ch50 r2 T: FC 4F DC C3 AE 6E 4B 9E 4F E6 51 A3 97 BD 77 AA 
[  307925] XN297 OK addr AA55CCCCCC | payload 02 55 5D 73 00 47 C3 31 
[  307938] ch50 r2 T: FC 4F DC C3 AE 6E 4B 9E 4F E6 51 6F FE AE DA 8B 
[  307938] XN297 OK addr AA55CCCCCC | payload 02 55 5D 73 00 47 C3 31 
[  307951] ch50 r2 T: FC 4F DC C3 AE 6E 4B 9E 4F E6 51 75 E9 6D 77 5E 
[  307951] XN297 OK addr AA55CCCCCC | payload 02 55 5D 73 00 47 C3 31 
[  307964] ch50 r2 T: FC 4F DC C3 AE 6E 4B 9E 4F E6 51 BF FB 66 FB AD 
[  307964] XN297 OK addr AA55CCCCCC | payload 02 55 5D 73 00 47 C3 31 
[  307977] ch50 r2 T: FC 4F DC C3 AE 6E 4B 9E 4F E6 51 BE D2 22 52 EA 
[  307977] XN297 OK addr AA55CCCCCC | payload 02 55 5D 73 00 47 C3 31 
[  307991] ch50 r2 T: FC 4F DC C3 AE 6E 4B 9E 4F E6 51 EB B7 FF FF F7 
[  307991] XN297 OK addr AA55CCCCCC | payload 02 55 5D 73 00 47 C3 31 
[  309596] ch50 r2 T: BC 4F DC C3 AE 6C AB 1D 66 0F 51 76 DA AA 96 B5 
[  309596] XN297 OK addr AA55CCCCCC | payload 00 55 5D 73 00 07 C4 F0 
[  309609] ch50 r2 T: BC 4F DC C3 AE 6C AB 1D 66 0F 51 EF 7F 7D EB BF 
[  309609] XN297 OK addr AA55CCCCCC | payload 00 55 5D 73 00 07 C4 F0 
[  309622] ch50 r2 T: BC 4F DC C3 AE 6C AB 1D 66 0F 51 DD FE 6B 5E FB 
[  309622] XN297 OK addr AA55CCCCCC | payload 00 55 5D 73 00 07 C4 F0 
[  309635] ch50 r2 T: BC 4F DC C3 AE 6C AB 1D 66 0F 51 EB DD EE AF A5 
[  309635] XN297 OK addr AA55CCCCCC | payload 00 55 5D 73 00 07 C4 F0 
[  309648] ch50 r2 T: BC 4F DC C3 AE 6C AB 1D 66 0F 51 9B 64 FF 7F EE 
[  309648] XN297 OK addr AA55CCCCCC | payload 00 55 5D 73 00 07 C4 F0 
[  309662] ch50 r2 T: BC 4F DC C3 AE 6C AB 1D 66 0F 51 DE BD EB B7 9B 
[  309662] XN297 OK addr AA55CCCCCC | payload 00 55 5D 73 00 07 C4 F0 
[  309675] ch50 r2 T: BC 4F DC C3 AE 6C AB 1D 66 0F 51 D5 6B B6 AE 33 
[  309675] XN297 OK addr AA55CCCCCC | payload 00 55 5D 73 00 07 C4 F0 
[  309688] ch50 r2 T: BC 4F DC C3 AE 6C AB 1D 66 0F 51 EE F9 77 B5 5F 
[  309688] XN297 OK addr AA55CCCCCC | payload 00 55 5D 73 00 07 C4 F0 
[  309701] ch50 r2 T: BC 4F DC C3 AE 6C AB 1D 66 0F 51 57 6F 7F EA F7 
[  309701] XN297 OK addr AA55CCCCCC | payload 00 55 5D 73 00 07 C4 F0 
[  309714] ch50 r2 T: BC 4F DC C3 AE 6C AB 1D 66 0F 51 5B EF 55 36 D4 
[  309714] XN297 OK addr AA55CCCCCC | payload 00 55 5D 73 00 07 C4 F0 
[  309727] ch50 r2 T: BC 4F DC C3 AE 6C AB 1D 66 0F 51 57 AB FE FF FF 
[  309727] XN297 OK addr AA55CCCCCC | payload 00 55 5D 73 00 07 C4 F0 
[  309789] ch50 r2 T: 3C 4F DC C3 AE 6E 2B 5E 96 D1 51 EF F5 DB FE FB 
[  309789] XN297 OK addr AA55CCCCCC | payload 01 55 5D 73 00 47 C5 32 
[  309802] ch50 r2 T: 3C 4F DC C3 AE 6E 2B 5E 96 D1 51 F7 BF F2 F7 DD 
[  309802] XN297 OK addr AA55CCCCCC | payload 01 55 5D 73 00 47 C5 32 
[  309815] ch50 r2 T: 3C 4F DC C3 AE 6E 2B 5E 96 D1 51 B3 F7 BB 7D 6D 
[  309815] XN297 OK addr AA55CCCCCC | payload 01 55 5D 73 00 47 C5 32 
[  309828] ch50 r2 T: 3C 4F DC C3 AE 6E 2B 5E 96 D1 51 65 6B 9E E7 EF 
[  309828] XN297 OK addr AA55CCCCCC | payload 01 55 5D 73 00 47 C5 32 
[  309842] ch50 r2 T: 3C 4F DC C3 AE 6E 2B 5E 96 D1 51 DA AD 2B 6D 55 
[  309842] XN297 OK addr AA55CCCCCC | payload 01 55 5D 73 00 47 C5 32 
[  309855] ch50 r2 T: 3C 4F DC C3 AE 6E 2B 5E 96 D1 51 75 EF DF F6 AD 
[  309855] XN297 OK addr AA55CCCCCC | payload 01 55 5D 73 00 47 C5 32 
[  309868] ch50 r2 T: 3C 4F DC C3 AE 6E 2B 5E 96 D1 51 DF F5 D5 FE B5 
[  309868] XN297 OK addr AA55CCCCCC | payload 01 55 5D 73 00 47 C5 32 
[  309881] ch50 r2 T: 3C 4F DC C3 AE 6E 2B 5E 96 D1 51 B3 B2 FF 5D F5 
[  309881] XN297 OK addr AA55CCCCCC | payload 01 55 5D 73 00 47 C5 32 
[  309894] ch50 r2 T: 3C 4F DC C3 AE 6E 2B 5E 96 D1 51 DF DF F7 D7 FB 
[  309894] XN297 OK addr AA55CCCCCC | payload 01 55 5D 73 00 47 C5 32 
[  309907] ch50 r2 T: 3C 4F DC C3 AE 6E 2B 5E 96 D1 51 D5 FC D1 AF 35 
[  309907] XN297 OK addr AA55CCCCCC | payload 01 55 5D 73 00 47 C5 32 
[  309921] ch50 r2 T: 3C 4F DC C3 AE 6E 2B 5E 96 D1 51 7F FC AE 6F 5E 
[  309921] XN297 OK addr AA55CCCCCC | payload 01 55 5D 73 00 47 C5 32 
[  309982] ch50 r2 T: FC 4F DC C3 AE 6E EB 3E E7 72 51 B7 77 BE DE 5A 
[  309982] XN297 OK addr AA55CCCCCC | payload 02 55 5D 73 00 47 C6 34 
[  309995] ch50 r2 T: FC 4F DC C3 AE 6E EB 3E E7 72 51 55 FA A6 B9 CC 
[  309995] XN297 OK addr AA55CCCCCC | payload 02 55 5D 73 00 47 C6 34 
[  310008] ch50 r2 T: FC 4F DC C3 AE 6E EB 3E E7 72 51 5D 3D BB B2 CB 
[  310008] XN297 OK addr AA55CCCCCC | payload 02 55 5D 73 00 47 C6 34 
[  310022] ch50 r2 T: FC 4F DC C3 AE 6E EB 3E E7 72 51 BF AD AE 92 ED 
[  310022] XN297 OK addr AA55CCCCCC | payload 02 55 5D 73 00 47 C6 34 
[  310035] ch50 r2 T: FC 4F DC C3 AE 6E EB 3E E7 72 51 DE FB 7F EF FF 
[  310035] XN297 OK addr AA55CCCCCC | payload 02 55 5D 73 00 47 C6 34 
[  310048] ch50 r2 T: FC 4F DC C3 AE 6E EB 3E E7 72 51 B3 FE 47 CF AB 
[  310048] XN297 OK addr AA55CCCCCC | payload 02 55 5D 73 00 47 C6 34 
[  310061] ch50 r2 T: FC 4F DC C3 AE 6E EB 3E E7 72 51 BD F3 EF FD BD 
[  310061] XN297 OK addr AA55CCCCCC | payload 02 55 5D 73 00 47 C6 34 
[  310074] ch50 r2 T: FC 4F DC C3 AE 6E EB 3E E7 72 51 7D 9D 6B 7D DD 
[  310074] XN297 OK addr AA55CCCCCC | payload 02 55 5D 73 00 47 C6 34 
[  310087] ch50 r2 T: FC 4F DC C3 AE 6E EB 3E E7 72 51 CF ED DD 3B 6B 
[  310087] XN297 OK addr AA55CCCCCC | payload 02 55 5D 73 00 47 C6 34 
[  310101] ch50 r2 T: FC 4F DC C3 AE 6E EB 3E E7 72 51 BE BD 5F 77 AE 
[  310101] XN297 OK addr AA55CCCCCC | payload 02 55 5D 73 00 47 C6 34 
[  310114] ch50 r2 T: FC 4F DC C3 AE 6E EB 3E E7 72 51 F7 DB 77 F7 B5 
[  310114] XN297 OK addr AA55CCCCCC | payload 02 55 5D 73 00 47 C6 34 
[  311691] ch50 r2 T: BC 4F DC C3 AE 6C 6B DD A9 17 51 6F 6F 5E 56 3A 
[  311691] XN297 OK addr AA55CCCCCC | payload 00 55 5D 73 00 07 C7 F3 
[  311704] ch50 r2 T: BC 4F DC C3 AE 6C 6B DD A9 17 51 5F DD BF F6 BF 
[  311704] XN297 OK addr AA55CCCCCC | payload 00 55 5D 73 00 07 C7 F3 
[  311717] ch50 r2 T: BC 4F DC C3 AE 6C 6B DD A9 17 51 DE 96 F9 75 7A 
[  311717] XN297 OK addr AA55CCCCCC | payload 00 55 5D 73 00 07 C7 F3 
[  311730] ch50 r2 T: BC 4F DC C3 AE 6C 6B DD A9 17 51 6B FA FD B7 A5 
[  311730] XN297 OK addr AA55CCCCCC | payload 00 55 5D 73 00 07 C7 F3 
[  311743] ch50 r2 T: BC 4F DC C3 AE 6C 6B DD A9 17 51 D7 EF 3E FB DD 
[  311743] XN297 OK addr AA55CCCCCC | payload 00 55 5D 73 00 07 C7 F3 
[  311757] ch50 r2 T: BC 4F DC C3 AE 6C 6B DD A9 17 51 AA B6 FB BD BF 
[  311757] XN297 OK addr AA55CCCCCC | payload 00 55 5D 73 00 07 C7 F3 
[  311770] ch50 r2 T: BC 4F DC C3 AE 6C 6B DD A9 17 51 55 F6 FA AB D4 
[  311770] XN297 OK addr AA55CCCCCC | payload 00 55 5D 73 00 07 C7 F3 
[  311783] ch50 r2 T: BC 4F DC C3 AE 6C 6B DD A9 17 51 5F F5 DE AE B7 
[  311783] XN297 OK addr AA55CCCCCC | payload 00 55 5D 73 00 07 C7 F3 
[  311796] ch50 r2 T: BC 4F DC C3 AE 6C 6B DD A9 17 51 BB DD D7 7F DF 
[  311796] XN297 OK addr AA55CCCCCC | payload 00 55 5D 73 00 07 C7 F3 
[  311809] ch50 r2 T: BC 4F DC C3 AE 6C 6B DD A9 17 51 3F DF 55 12 95 
[  311809] XN297 OK addr AA55CCCCCC | payload 00 55 5D 73 00 07 C7 F3 
[  311822] ch50 r2 T: BC 4F DC C3 AE 6C 6B DD A9 17 51 DF EA B9 F2 B7 
[  311822] XN297 OK addr AA55CCCCCC | payload 00 55 5D 73 00 07 C7 F3 
[  311885] ch50 r2 T: 3C 4F DC C3 AE 6E 9B BE 75 F2 51 2F E6 DA EB 4A 
[  311885] XN297 OK addr AA55CCCCCC | payload 01 55 5D 73 00 47 C8 35 
[  311898] ch50 r2 T: 3C 4F DC C3 AE 6E 9B BE 75 F2 51 57 EB DB D5 56 
[  311898] XN297 OK addr AA55CCCCCC | payload 01 55 5D 73 00 47 C8 35 
[  311911] ch50 r2 T: 3C 4F DC C3 AE 6E 9B BE 75 F2 51 6E D5 B6 DF BD 
[  311911] XN297 OK addr AA55CCCCCC | payload 01 55 5D 73 00 47 C8 35 
[  311924] ch50 r2 T: 3C 4F DC C3 AE 6E 9B BE 75 F2 51 6D 9A 95 BF B3 
[  311924] XN297 OK addr AA55CCCCCC | payload 01 55 5D 73 00 47 C8 35 
[  311937] ch50 r2 T: 3C 4F DC C3 AE 6E 9B BE 75 F2 51 67 EE 4B 95 1D 
[  311937] XN297 OK addr AA55CCCCCC | payload 01 55 5D 73 00 47 C8 35 
[  311950] ch50 r2 T: 3C 4F DC C3 AE 6E 9B BE 75 F2 51 B7 D7 DF FF 3F 
[  311950] XN297 OK addr AA55CCCCCC | payload 01 55 5D 73 00 47 C8 35 
[  311964] ch50 r2 T: 3C 4F DC C3 AE 6E 9B BE 75 F2 51 EE F7 4B F5 D9 
[  311964] XN297 OK addr AA55CCCCCC | payload 01 55 5D 73 00 47 C8 35 
[  311977] ch50 r2 T: 3C 4F DC C3 AE 6E 9B BE 75 F2 51 AE AB ED B8 EC 
[  311977] XN297 OK addr AA55CCCCCC | payload 01 55 5D 73 00 47 C8 35 
[  311990] ch50 r2 T: 3C 4F DC C3 AE 6E 9B BE 75 F2 51 E7 BF EF A7 B9 
[  311990] XN297 OK addr AA55CCCCCC | payload 01 55 5D 73 00 47 C8 35 
[  312003] ch50 r2 T: 3C 4F DC C3 AE 6E 9B BE 75 F2 51 ED DF EE F6 AA 
[  312003] XN297 OK addr AA55CCCCCC | payload 01 55 5D 73 00 47 C8 35 
[  312016] ch50 r2 T: 3C 4F DC C3 AE 6E 9B BE 75 F2 51 F7 B7 CA AE BB 
[  312016] XN297 OK addr AA55CCCCCC | payload 01 55 5D 73 00 47 C8 35 
[  312078] ch50 r2 T: FC 4F DC C3 AE 6E 1B FE 2D FF 51 DD D7 3D 87 2F 
[  312078] XN297 OK addr AA55CCCCCC | payload 02 55 5D 73 00 47 C9 37 
[  312091] ch50 r2 T: FC 4F DC C3 AE 6E 1B FE 2D FF 51 BF D7 FB 7B 74 
[  312091] XN297 OK addr AA55CCCCCC | payload 02 55 5D 73 00 47 C9 37 
[  312104] ch50 r2 T: FC 4F DC C3 AE 6E 1B FE 2D FF 51 F5 AD 7F DF DE 
[  312104] XN297 OK addr AA55CCCCCC | payload 02 55 5D 73 00 47 C9 37 
[  312117] ch50 r2 T: FC 4F DC C3 AE 6E 1B FE 2D FF 51 FF 7D 74 AA B5 
[  312117] XN297 OK addr AA55CCCCCC | payload 02 55 5D 73 00 47 C9 37 
[  312131] ch50 r2 T: FC 4F DC C3 AE 6E 1B FE 2D FF 51 6A 4A B6 A9 5A 
[  312131] XN297 OK addr AA55CCCCCC | payload 02 55 5D 73 00 47 C9 37 
[  312144] ch50 r2 T: FC 4F DC C3 AE 6E 1B FE 2D FF 51 FF FF 7B F7 E5 
[  312144] XN297 OK addr AA55CCCCCC | payload 02 55 5D 73 00 47 C9 37 
[  312157] ch50 r2 T: FC 4F DC C3 AE 6E 1B FE 2D FF 51 ED BF 77 D5 FD 
[  312157] XN297 OK addr AA55CCCCCC | payload 02 55 5D 73 00 47 C9 37 
[  312170] ch50 r2 T: FC 4F DC C3 AE 6E 1B FE 2D FF 51 B7 CB 5B FF 79 
[  312170] XN297 OK addr AA55CCCCCC | payload 02 55 5D 73 00 47 C9 37 
[  312183] ch50 r2 T: FC 4F DC C3 AE 6E 1B FE 2D FF 51 6E DD FD FF B9 
[  312183] XN297 OK addr AA55CCCCCC | payload 02 55 5D 73 00 47 C9 37 
[  312196] ch50 r2 T: FC 4F DC C3 AE 6E 1B FE 2D FF 51 FB 7A A7 BB DB 
[  312196] XN297 OK addr AA55CCCCCC | payload 02 55 5D 73 00 47 C9 37 
[  312210] ch50 r2 T: FC 4F DC C3 AE 6E 1B FE 2D FF 51 E5 3A 9F 2A 5B 
[  312210] XN297 OK addr AA55CCCCCC | payload 02 55 5D 73 00 47 C9 37 
