------------------------------
# bright up
[  278103] ch50 r2 T: BC 4F 32 A3 AE CC DE 14 AF 51 51 BF FF 6D EE DF 
[  278103] XN297 OK addr AA55CCCCCC | payload 00 55 2A 75 00 02 6A 60 
[  278116] ch50 r2 T: BC 4F 32 A3 AE CC DE 14 AF 51 51 F6 D5 7E D1 91 
[  278116] XN297 OK addr AA55CCCCCC | payload 00 55 2A 75 00 02 6A 60 
[  278129] ch50 r2 T: BC 4F 32 A3 AE CC DE 14 AF 51 51 7F D7 6E B5 69 
[  278129] XN297 OK addr AA55CCCCCC | payload 00 55 2A 75 00 02 6A 60 
[  278142] ch50 r2 T: BC 4F 32 A3 AE CC DE 14 AF 51 51 BF F5 FF BB FD 
[  278142] XN297 OK addr AA55CCCCCC | payload 00 55 2A 75 00 02 6A 60 
[  278155] ch50 r2 T: BC 4F 32 A3 AE CC DE 14 AF 51 51 FA BA EF BA AE 
[  278155] XN297 OK addr AA55CCCCCC | payload 00 55 2A 75 00 02 6A 60 
[  278169] ch50 r2 T: BC 4F 32 A3 AE CC DE 14 AF 51 51 3B 7F D7 E7 DE 
[  278169] XN297 OK addr AA55CCCCCC | payload 00 55 2A 75 00 02 6A 60 
[  278182] ch50 r2 T: BC 4F 32 A3 AE CC DE 14 AF 51 51 B5 68 DE AB BF 
[  278182] XN297 OK addr AA55CCCCCC | payload 00 55 2A 75 00 02 6A 60 
[  278195] ch50 r2 T: BC 4F 32 A3 AE CC DE 14 AF 51 51 7F 77 6B EC 55 
[  278195] XN297 OK addr AA55CCCCCC | payload 00 55 2A 75 00 02 6A 60 
[  278208] ch50 r2 T: BC 4F 32 A3 AE CC DE 14 AF 51 51 59 ED D3 7F ED 
[  278208] XN297 OK addr AA55CCCCCC | payload 00 55 2A 75 00 02 6A 60 
[  278221] ch50 r2 T: BC 4F 32 A3 AE CC DE 14 AF 51 51 7B FF 5E FD BD 
[  278221] XN297 OK addr AA55CCCCCC | payload 00 55 2A 75 00 02 6A 60 
[  278234] ch50 r2 T: BC 4F 32 A3 AE CC DE 14 AF 51 51 6F FC 55 7E 61 
[  278234] XN297 OK addr AA55CCCCCC | payload 00 55 2A 75 00 02 6A 60 
[  278296] ch50 r2 T: 3C 4F 32 A3 AE CE 5E 57 5F 8F 51 FF 56 5C AF B6 
[  278296] XN297 OK addr AA55CCCCCC | payload 01 55 2A 75 00 42 6B A2 
[  278309] ch50 r2 T: 3C 4F 32 A3 AE CE 5E 57 5F 8F 51 9D 77 AB F6 D7 
[  278309] XN297 OK addr AA55CCCCCC | payload 01 55 2A 75 00 42 6B A2 
[  278322] ch50 r2 T: 3C 4F 32 A3 AE CE 5E 57 5F 8F 51 EF AC D5 66 EE 
[  278322] XN297 OK addr AA55CCCCCC | payload 01 55 2A 75 00 42 6B A2 
[  278336] ch50 r2 T: 3C 4F 32 A3 AE CE 5E 57 5F 8F 51 FE ED FE F7 7F 
[  278336] XN297 OK addr AA55CCCCCC | payload 01 55 2A 75 00 42 6B A2 
[  278349] ch50 r2 T: 3C 4F 32 A3 AE CE 5E 57 5F 8F 51 6E AA B2 9B 54 
[  278349] XN297 OK addr AA55CCCCCC | payload 01 55 2A 75 00 42 6B A2 
[  278362] ch50 r2 T: 3C 4F 32 A3 AE CE 5E 57 5F 8F 51 5F 77 5D FF F7 
[  278362] XN297 OK addr AA55CCCCCC | payload 01 55 2A 75 00 42 6B A2 
[  278375] ch50 r2 T: 3C 4F 32 A3 AE CE 5E 57 5F 8F 50 57 F9 D7 DB F5 
[  278375] XN297 OK addr AA55CCCCCC | payload 01 55 2A 75 00 42 6B A2 
[  278388] ch50 r2 T: 3C 4F 32 A3 AE CE 5E 57 5F 8F 51 7F FE EF 7B DB 
[  278388] XN297 OK addr AA55CCCCCC | payload 01 55 2A 75 00 42 6B A2 
[  278401] ch50 r2 T: 3C 4F 32 A3 AE CE 5E 57 5F 8F 51 FF FF FF FF ED 
[  278401] XN297 OK addr AA55CCCCCC | payload 01 55 2A 75 00 42 6B A2 
[  278415] ch50 r2 T: 3C 4F 32 A3 AE CE 5E 57 5F 8F 51 BF FF BB BF 76 
[  278415] XN297 OK addr AA55CCCCCC | payload 01 55 2A 75 00 42 6B A2 
[  278428] ch50 r2 T: 3C 4F 32 A3 AE CE 5E 57 5F 8F 51 6F 7F BF 59 DF 
[  278428] XN297 OK addr AA55CCCCCC | payload 01 55 2A 75 00 42 6B A2 
[  279507] ch50 r2 T: BC 4F 32 A3 AE CC BE 54 EC BF 51 DB AA AE BF 3B 
[  279507] XN297 OK addr AA55CCCCCC | payload 00 55 2A 75 00 02 6C 62 
[  279520] ch50 r2 T: BC 4F 32 A3 AE CC BE 54 EC BF 51 FF DD B7 7C 2F 
[  279520] XN297 OK addr AA55CCCCCC | payload 00 55 2A 75 00 02 6C 62 
[  279534] ch50 r2 T: BC 4F 32 A3 AE CC BE 54 EC BF 51 D7 AE D7 7B FD 
[  279534] XN297 OK addr AA55CCCCCC | payload 00 55 2A 75 00 02 6C 62 
[  279547] ch50 r2 T: BC 4F 32 A3 AE CC BE 54 EC BF 51 77 FF FF ED FF 
[  279547] XN297 OK addr AA55CCCCCC | payload 00 55 2A 75 00 02 6C 62 
[  279560] ch50 r2 T: BC 4F 32 A3 AE CC BE 54 EC BF 51 EF DF EF BE DE 
[  279560] XN297 OK addr AA55CCCCCC | payload 00 55 2A 75 00 02 6C 62 
[  279573] ch50 r2 T: BC 4F 32 A3 AE CC BE 54 EC BF 51 BF DE F7 EA DF 
[  279573] XN297 OK addr AA55CCCCCC | payload 00 55 2A 75 00 02 6C 62 
[  279586] ch50 r2 T: BC 4F 32 A3 AE CC BE 54 EC BF 51 FB B7 FF DD BF 
[  279586] XN297 OK addr AA55CCCCCC | payload 00 55 2A 75 00 02 6C 62 
[  279599] ch50 r2 T: BC 4F 32 A3 AE CC BE 54 EC BF 51 ED BD 53 A9 26 
[  279599] XN297 OK addr AA55CCCCCC | payload 00 55 2A 75 00 02 6C 62 
[  279612] ch50 r2 T: BC 4F 32 A3 AE CC BE 54 EC BF 51 DF F7 FB 7B FB 
[  279612] XN297 OK addr AA55CCCCCC | payload 00 55 2A 75 00 02 6C 62 
[  279626] ch50 r2 T: BC 4F 32 A3 AE CC BE 54 EC BF 51 BB 3D FF 42 53 
[  279626] XN297 OK addr AA55CCCCCC | payload 00 55 2A 75 00 02 6C 62 
[  279639] ch50 r2 T: BC 4F 32 A3 AE CC BE 54 EC BF 51 7E F7 DB 57 EB 
[  279639] XN297 OK addr AA55CCCCCC | payload 00 55 2A 75 00 02 6C 62 
[  279699] ch50 r2 T: 3C 4F 32 A3 AE CE 3E 37 38 03 51 F5 EF FE FB FF 
[  279699] XN297 OK addr AA55CCCCCC | payload 01 55 2A 75 00 42 6D A4 
[  279713] ch50 r2 T: 3C 4F 32 A3 AE CE 3E 37 38 03 51 F7 FA D2 3B F7 
[  279713] XN297 OK addr AA55CCCCCC | payload 01 55 2A 75 00 42 6D A4 
[  279726] ch50 r2 T: 3C 4F 32 A3 AE CE 3E 37 38 03 51 FF A7 FD FD 93 
[  279726] XN297 OK addr AA55CCCCCC | payload 01 55 2A 75 00 42 6D A4 
[  279739] ch50 r2 T: 3C 4F 32 A3 AE CE 3E 37 38 03 51 FB F5 5D EB 56 
[  279739] XN297 OK addr AA55CCCCCC | payload 01 55 2A 75 00 42 6D A4 
[  279752] ch50 r2 T: 3C 4F 32 A3 AE CE 3E 37 38 03 51 6B FF EF FB FF 
[  279752] XN297 OK addr AA55CCCCCC | payload 01 55 2A 75 00 42 6D A4 
[  279765] ch50 r2 T: 3C 4F 32 A3 AE CE 3E 37 38 03 51 DE FB BF DF FF 
[  279765] XN297 OK addr AA55CCCCCC | payload 01 55 2A 75 00 42 6D A4 
[  279778] ch50 r2 T: 3C 4F 32 A3 AE CE 3E 37 38 03 51 FF EE DF F7 6F 
[  279778] XN297 OK addr AA55CCCCCC | payload 01 55 2A 75 00 42 6D A4 
[  279792] ch50 r2 T: 3C 4F 32 A3 AE CE 3E 37 38 03 51 B6 FF 3A AD B7 
[  279792] XN297 OK addr AA55CCCCCC | payload 01 55 2A 75 00 42 6D A4 
[  279805] ch50 r2 T: 3C 4F 32 A3 AE CE 3E 37 38 03 51 74 ED AF BE CB 
[  279805] XN297 OK addr AA55CCCCCC | payload 01 55 2A 75 00 42 6D A4 
[  279818] ch50 r2 T: 3C 4F 32 A3 AE CE 3E 37 38 03 51 B7 3A DB 5B 57 
[  279818] XN297 OK addr AA55CCCCCC | payload 01 55 2A 75 00 42 6D A4 
[  279831] ch50 r2 T: 3C 4F 32 A3 AE CE 3E 37 38 03 51 7F 6D FF B5 7B 
[  279831] XN297 OK addr AA55CCCCCC | payload 01 55 2A 75 00 42 6D A4 
[  280902] ch50 r2 T: BC 4F 32 A3 AE CC FE 34 8D D5 51 FF AF BF EF BF 
[  280902] XN297 OK addr AA55CCCCCC | payload 00 55 2A 75 00 02 6E 64 
[  280915] ch50 r2 T: BC 4F 32 A3 AE CC FE 34 8D D5 51 D9 DF 7E EB EF 
[  280915] XN297 OK addr AA55CCCCCC | payload 00 55 2A 75 00 02 6E 64 
[  280928] ch50 r2 T: BC 4F 32 A3 AE CC FE 34 8D D5 51 7D D6 FF B9 DF 
[  280928] XN297 OK addr AA55CCCCCC | payload 00 55 2A 75 00 02 6E 64 
[  280941] ch50 r2 T: BC 4F 32 A3 AE CC FE 34 8D D5 51 F6 F5 79 5B DB 
[  280941] XN297 OK addr AA55CCCCCC | payload 00 55 2A 75 00 02 6E 64 
[  280954] ch50 r2 T: BC 4F 32 A3 AE CC FE 34 8D D5 51 EE DB FF FB 97 
[  280954] XN297 OK addr AA55CCCCCC | payload 00 55 2A 75 00 02 6E 64 
[  280967] ch50 r2 T: BC 4F 32 A3 AE CC FE 34 8D D5 51 DF 56 AB 3B 55 
[  280967] XN297 OK addr AA55CCCCCC | payload 00 55 2A 75 00 02 6E 64 
[  280980] ch50 r2 T: BC 4F 32 A3 AE CC FE 34 8D D5 51 D6 FF FF FF FF 
[  280980] XN297 OK addr AA55CCCCCC | payload 00 55 2A 75 00 02 6E 64 
[  280994] ch50 r2 T: BC 4F 32 A3 AE CC FE 34 8D D5 50 BF 5F BF BD FD 
[  280994] XN297 OK addr AA55CCCCCC | payload 00 55 2A 75 00 02 6E 64 
[  281007] ch50 r2 T: BC 4F 32 A3 AE CC FE 34 8D D5 51 EF B5 6F B7 FF 
[  281007] XN297 OK addr AA55CCCCCC | payload 00 55 2A 75 00 02 6E 64 
[  281020] ch50 r2 T: BC 4F 32 A3 AE CC FE 34 8D D5 51 F7 EB DA DF B7 
[  281020] XN297 OK addr AA55CCCCCC | payload 00 55 2A 75 00 02 6E 64 
[  281033] ch50 r2 T: BC 4F 32 A3 AE CC FE 34 8D D5 51 DD FF DB B7 ED 
[  281033] XN297 OK addr AA55CCCCCC | payload 00 55 2A 75 00 02 6E 64 
[  281095] ch50 r2 T: 3C 4F 32 A3 AE CE 7E 77 7D 0B 51 BF 9B 6E EF EF 
[  281095] XN297 OK addr AA55CCCCCC | payload 01 55 2A 75 00 42 6F A6 
[  281108] ch50 r2 T: 3C 4F 32 A3 AE CE 7E 77 7D 0B 51 DE AE B7 6E D7 
[  281108] XN297 OK addr AA55CCCCCC | payload 01 55 2A 75 00 42 6F A6 
[  281121] ch50 r2 T: 3C 4F 32 A3 AE CE 7E 77 7D 0B 51 6F AF 5F FB 57 
[  281121] XN297 OK addr AA55CCCCCC | payload 01 55 2A 75 00 42 6F A6 
[  281134] ch50 r2 T: 3C 4F 32 A3 AE CE 7E 77 7D 0B 51 D7 6F 7F AE 7F 
[  281134] XN297 OK addr AA55CCCCCC | payload 01 55 2A 75 00 42 6F A6 
[  281148] ch50 r2 T: 3C 4F 32 A3 AE CE 7E 77 7D 0B 51 EB FF 56 D6 7F 
[  281148] XN297 OK addr AA55CCCCCC | payload 01 55 2A 75 00 42 6F A6 
[  281161] ch50 r2 T: 3C 4F 32 A3 AE CE 7E 77 7D 0B 51 F6 BB A3 55 EF 
[  281161] XN297 OK addr AA55CCCCCC | payload 01 55 2A 75 00 42 6F A6 
[  281174] ch50 r2 T: 3C 4F 32 A3 AE CE 7E 77 7D 0B 51 F5 FC AA F5 51 
[  281174] XN297 OK addr AA55CCCCCC | payload 01 55 2A 75 00 42 6F A6 
[  281187] ch50 r2 T: 3C 4F 32 A3 AE CE 7E 77 7D 0B 51 73 79 7A DD F4 
[  281187] XN297 OK addr AA55CCCCCC | payload 01 55 2A 75 00 42 6F A6 
[  281200] ch50 r2 T: 3C 4F 32 A3 AE CE 7E 77 7D 0B 51 BF DF EF FD EF 
[  281200] XN297 OK addr AA55CCCCCC | payload 01 55 2A 75 00 42 6F A6 
[  281213] ch50 r2 T: 3C 4F 32 A3 AE CE 7E 77 7D 0B 51 6B FC B5 FE EB 
[  281213] XN297 OK addr AA55CCCCCC | payload 01 55 2A 75 00 42 6F A6 
[  281227] ch50 r2 T: 3C 4F 32 A3 AE CE 7E 77 7D 0B 51 ED E3 D5 DB FF 
[  281227] XN297 OK addr AA55CCCCCC | payload 01 55 2A 75 00 42 6F A6 
[  282202] ch50 r2 T: BC 4F 32 A3 AE CC 86 74 44 E1 51 DD ED FD 5B 37 
[  282202] XN297 OK addr AA55CCCCCC | payload 00 55 2A 75 00 02 70 66 
[  282215] ch50 r2 T: BC 4F 32 A3 AE CC 86 74 44 E1 51 FD BA 93 55 BD 
[  282215] XN297 OK addr AA55CCCCCC | payload 00 55 2A 75 00 02 70 66 
[  282228] ch50 r2 T: BC 4F 32 A3 AE CC 86 74 44 E1 51 DE DB DF 73 B7 
[  282228] XN297 OK addr AA55CCCCCC | payload 00 55 2A 75 00 02 70 66 
[  282241] ch50 r2 T: BC 4F 32 A3 AE CC 86 74 44 E1 51 5F FF F3 D5 7E 
[  282241] XN297 OK addr AA55CCCCCC | payload 00 55 2A 75 00 02 70 66 
[  282255] ch50 r2 T: BC 4F 32 A3 AE CC 86 74 44 E1 51 FF BF DB 9B BF 
[  282255] XN297 OK addr AA55CCCCCC | payload 00 55 2A 75 00 02 70 66 
[  282268] ch50 r2 T: BC 4F 32 A3 AE CC 86 74 44 E1 51 FA F5 B6 57 B3 
[  282268] XN297 OK addr AA55CCCCCC | payload 00 55 2A 75 00 02 70 66 
[  282281] ch50 r2 T: BC 4F 32 A3 AE CC 86 74 44 E1 51 56 BD 76 EB FF 
[  282281] XN297 OK addr AA55CCCCCC | payload 00 55 2A 75 00 02 70 66 
[  282294] ch50 r2 T: BC 4F 32 A3 AE CC 86 74 44 E1 51 EE 9F BE 7F BF 
[  282294] XN297 OK addr AA55CCCCCC | payload 00 55 2A 75 00 02 70 66 
[  282307] ch50 r2 T: BC 4F 32 A3 AE CC 86 74 44 E1 51 6B DE 5D 3B DB 
[  282307] XN297 OK addr AA55CCCCCC | payload 00 55 2A 75 00 02 70 66 
[  282320] ch50 r2 T: BC 4F 32 A3 AE CC 86 74 44 E1 51 AB 7F EA 2B 42 
[  282320] XN297 OK addr AA55CCCCCC | payload 00 55 2A 75 00 02 70 66 
[  282334] ch50 r2 T: BC 4F 32 A3 AE CC 86 74 44 E1 51 F6 AF D7 B5 AE 
[  282334] XN297 OK addr AA55CCCCCC | payload 00 55 2A 75 00 02 70 66 
[  282395] ch50 r2 T: 3C 4F 32 A3 AE CE 06 07 82 6C 51 ED DC DF 39 3D 
[  282395] XN297 OK addr AA55CCCCCC | payload 01 55 2A 75 00 42 71 A8 
[  282408] ch50 r2 T: 3C 4F 32 A3 AE CE 06 07 82 6C 51 E5 57 BF DD 6C 
[  282408] XN297 OK addr AA55CCCCCC | payload 01 55 2A 75 00 42 71 A8 
[  282421] ch50 r2 T: 3C 4F 32 A3 AE CE 06 07 82 6C 51 D7 BE E6 EB DB 
[  282421] XN297 OK addr AA55CCCCCC | payload 01 55 2A 75 00 42 71 A8 
[  282434] ch50 r2 T: 3C 4F 32 A3 AE CE 06 07 82 6C 51 DF DE D3 AC DC 
[  282434] XN297 OK addr AA55CCCCCC | payload 01 55 2A 75 00 42 71 A8 
[  282448] ch50 r2 T: 3C 4F 32 A3 AE CE 06 07 82 6C 51 55 77 5E 6F 56 
[  282448] XN297 OK addr AA55CCCCCC | payload 01 55 2A 75 00 42 71 A8 
[  282461] ch50 r2 T: 3C 4F 32 A3 AE CE 06 07 82 6C 51 BF BB 5B 7D 7D 
[  282461] XN297 OK addr AA55CCCCCC | payload 01 55 2A 75 00 42 71 A8 
[  282474] ch50 r2 T: 3C 4F 32 A3 AE CE 06 07 82 6C 51 9F E9 5A 1A 11 
[  282474] XN297 OK addr AA55CCCCCC | payload 01 55 2A 75 00 42 71 A8 
[  282487] ch50 r2 T: 3C 4F 32 A3 AE CE 06 07 82 6C 51 FF FF 55 75 F5 
[  282487] XN297 OK addr AA55CCCCCC | payload 01 55 2A 75 00 42 71 A8 
[  282500] ch50 r2 T: 3C 4F 32 A3 AE CE 06 07 82 6C 51 7A D6 DF FA B2 
[  282500] XN297 OK addr AA55CCCCCC | payload 01 55 2A 75 00 42 71 A8 
[  282513] ch50 r2 T: 3C 4F 32 A3 AE CE 06 07 82 6C 51 EE FD EE BF 7A 
[  282513] XN297 OK addr AA55CCCCCC | payload 01 55 2A 75 00 42 71 A8 
[  282526] ch50 r2 T: 3C 4F 32 A3 AE CE 06 07 82 6C 51 3D A5 7B 75 EE 
[  282526] XN297 OK addr AA55CCCCCC | payload 01 55 2A 75 00 42 71 A8 
[  283587] ch50 r2 T: BC 4F 32 A3 AE CC C6 04 37 BA 51 6A A1 15 29 43 
[  283587] XN297 OK addr AA55CCCCCC | payload 00 55 2A 75 00 02 72 68 
[  283600] ch50 r2 T: BC 4F 32 A3 AE CC C6 04 37 BA 51 7B FB FD D7 B5 
[  283600] XN297 OK addr AA55CCCCCC | payload 00 55 2A 75 00 02 72 68 
[  283613] ch50 r2 T: BC 4F 32 A3 AE CC C6 04 37 BA 51 BF 5A EF EF 6E 
[  283613] XN297 OK addr AA55CCCCCC | payload 00 55 2A 75 00 02 72 68 
[  283626] ch50 r2 T: BC 4F 32 A3 AE CC C6 04 37 BA 51 FE FF 6F EF F6 
[  283626] XN297 OK addr AA55CCCCCC | payload 00 55 2A 75 00 02 72 68 
[  283639] ch50 r2 T: BC 4F 32 A3 AE CC C6 04 37 BA 51 B5 DB DD D5 AF 
[  283639] XN297 OK addr AA55CCCCCC | payload 00 55 2A 75 00 02 72 68 
[  283653] ch50 r2 T: BC 4F 32 A3 AE CC C6 04 37 BA 51 9F AE F7 FF B6 
[  283653] XN297 OK addr AA55CCCCCC | payload 00 55 2A 75 00 02 72 68 
[  283666] ch50 r2 T: BC 4F 32 A3 AE CC C6 04 37 BA 51 B5 57 DF FF BB 
[  283666] XN297 OK addr AA55CCCCCC | payload 00 55 2A 75 00 02 72 68 
[  283679] ch50 r2 T: BC 4F 32 A3 AE CC C6 04 37 BA 51 7F EF 6F AB F6 
[  283679] XN297 OK addr AA55CCCCCC | payload 00 55 2A 75 00 02 72 68 
[  283692] ch50 r2 T: BC 4F 32 A3 AE CC C6 04 37 BA 51 A7 FF 55 61 57 
[  283692] XN297 OK addr AA55CCCCCC | payload 00 55 2A 75 00 02 72 68 
[  283705] ch50 r2 T: BC 4F 32 A3 AE CC C6 04 37 BA 51 6F B7 6B F4 9A 
[  283705] XN297 OK addr AA55CCCCCC | payload 00 55 2A 75 00 02 72 68 
[  283718] ch50 r2 T: BC 4F 32 A3 AE CC C6 04 37 BA 51 BE B3 75 FE 56 
[  283718] XN297 OK addr AA55CCCCCC | payload 00 55 2A 75 00 02 72 68 
[  283780] ch50 r2 T: 3C 4F 32 A3 AE CE 46 47 C7 64 51 7B FF FB EE D7 
[  283780] XN297 OK addr AA55CCCCCC | payload 01 55 2A 75 00 42 73 AA 
[  283793] ch50 r2 T: 3C 4F 32 A3 AE CE 46 47 C7 64 51 FF A2 48 4A D5 
[  283793] XN297 OK addr AA55CCCCCC | payload 01 55 2A 75 00 42 73 AA 
[  283806] ch50 r2 T: 3C 4F 32 A3 AE CE 46 47 C7 64 51 5A 95 75 15 4A 
[  283806] XN297 OK addr AA55CCCCCC | payload 01 55 2A 75 00 42 73 AA 
[  283819] ch50 r2 T: 3C 4F 32 A3 AE CE 46 47 C7 64 51 6F F7 7F FE D4 
[  283819] XN297 OK addr AA55CCCCCC | payload 01 55 2A 75 00 42 73 AA 
[  283832] ch50 r2 T: 3C 4F 32 A3 AE CE 46 47 C7 64 51 D6 CC DF 5F BE 
[  283832] XN297 OK addr AA55CCCCCC | payload 01 55 2A 75 00 42 73 AA 
[  283845] ch50 r2 T: 3C 4F 32 A3 AE CE 46 47 C7 64 51 EB FA B2 D4 5D 
[  283845] XN297 OK addr AA55CCCCCC | payload 01 55 2A 75 00 42 73 AA 
[  283859] ch50 r2 T: 3C 4F 32 A3 AE CE 46 47 C7 64 51 BA FF BF BF FB 
[  283859] XN297 OK addr AA55CCCCCC | payload 01 55 2A 75 00 42 73 AA 
[  283872] ch50 r2 T: 3C 4F 32 A3 AE CE 46 47 C7 64 51 6B F7 FA BD CF 
[  283872] XN297 OK addr AA55CCCCCC | payload 01 55 2A 75 00 42 73 AA 
[  283885] ch50 r2 T: 3C 4F 32 A3 AE CE 46 47 C7 64 51 D5 75 BE BD 6B 
[  283885] XN297 OK addr AA55CCCCCC | payload 01 55 2A 75 00 42 73 AA 
[  283898] ch50 r2 T: 3C 4F 32 A3 AE CE 46 47 C7 64 51 7A 97 FB 2B ED 
[  283898] XN297 OK addr AA55CCCCCC | payload 01 55 2A 75 00 42 73 AA 
[  283911] ch50 r2 T: 3C 4F 32 A3 AE CE 46 47 C7 64 51 6B EF F5 9F EB 
[  283911] XN297 OK addr AA55CCCCCC | payload 01 55 2A 75 00 42 73 AA 
[  284930] ch50 r2 T: BC 4F 32 A3 AE CC A6 44 74 54 51 4F FD F7 AD FF 
[  284930] XN297 OK addr AA55CCCCCC | payload 00 55 2A 75 00 02 74 6A 
[  284943] ch50 r2 T: BC 4F 32 A3 AE CC A6 44 74 54 51 DF FA F7 FB DF 
[  284943] XN297 OK addr AA55CCCCCC | payload 00 55 2A 75 00 02 74 6A 
[  284956] ch50 r2 T: BC 4F 32 A3 AE CC A6 44 74 54 51 7D DF 9F 7B 71 
[  284956] XN297 OK addr AA55CCCCCC | payload 00 55 2A 75 00 02 74 6A 
[  284969] ch50 r2 T: BC 4F 32 A3 AE CC A6 44 74 54 51 FD F5 76 7E FF 
[  284969] XN297 OK addr AA55CCCCCC | payload 00 55 2A 75 00 02 74 6A 
[  284982] ch50 r2 T: BC 4F 32 A3 AE CC A6 44 74 54 51 5E FB F5 D7 B6 
[  284982] XN297 OK addr AA55CCCCCC | payload 00 55 2A 75 00 02 74 6A 
[  284996] ch50 r2 T: BC 4F 32 A3 AE CC A6 44 74 54 51 65 D9 BF D5 5B 
[  284996] XN297 OK addr AA55CCCCCC | payload 00 55 2A 75 00 02 74 6A 
[  285009] ch50 r2 T: BC 4F 32 A3 AE CC A6 44 74 54 51 6B BB EF B7 DB 
[  285009] XN297 OK addr AA55CCCCCC | payload 00 55 2A 75 00 02 74 6A 
[  285022] ch50 r2 T: BC 4F 32 A3 AE CC A6 44 74 54 51 7D AF D6 DF FB 
[  285022] XN297 OK addr AA55CCCCCC | payload 00 55 2A 75 00 02 74 6A 
[  285035] ch50 r2 T: BC 4F 32 A3 AE CC A6 44 74 54 51 FE B7 EF B6 EB 
[  285035] XN297 OK addr AA55CCCCCC | payload 00 55 2A 75 00 02 74 6A 
[  285048] ch50 r2 T: BC 4F 32 A3 AE CC A6 44 74 54 51 5B F7 7F 60 CD 
[  285048] XN297 OK addr AA55CCCCCC | payload 00 55 2A 75 00 02 74 6A 
[  285061] ch50 r2 T: BC 4F 32 A3 AE CC A6 44 74 54 51 77 FD BF 96 FD 
[  285061] XN297 OK addr AA55CCCCCC | payload 00 55 2A 75 00 02 74 6A 
[  285122] ch50 r2 T: 3C 4F 32 A3 AE CE 26 27 A0 E8 51 E2 ED A7 5A B7 
[  285122] XN297 OK addr AA55CCCCCC | payload 01 55 2A 75 00 42 75 AC 
[  285136] ch50 r2 T: 3C 4F 32 A3 AE CE 26 27 A0 E8 51 7B FF 3B 67 D3 
[  285136] XN297 OK addr AA55CCCCCC | payload 01 55 2A 75 00 42 75 AC 
[  285149] ch50 r2 T: 3C 4F 32 A3 AE CE 26 27 A0 E8 51 AA 5A DB 5A BD 
[  285149] XN297 OK addr AA55CCCCCC | payload 01 55 2A 75 00 42 75 AC 
[  285162] ch50 r2 T: 3C 4F 32 A3 AE CE 26 27 A0 E8 51 75 FB 7B 96 FB 
[  285162] XN297 OK addr AA55CCCCCC | payload 01 55 2A 75 00 42 75 AC 
[  285175] ch50 r2 T: 3C 4F 32 A3 AE CE 26 27 A0 E8 51 FF AE ED B6 66 
[  285175] XN297 OK addr AA55CCCCCC | payload 01 55 2A 75 00 42 75 AC 
[  285188] ch50 r2 T: 3C 4F 32 A3 AE CE 26 27 A0 E8 51 57 6B 3A AA D9 
[  285188] XN297 OK addr AA55CCCCCC | payload 01 55 2A 75 00 42 75 AC 
[  285201] ch50 r2 T: 3C 4F 32 A3 AE CE 26 27 A0 E8 51 FD 7F 3A 7F BA 
[  285201] XN297 OK addr AA55CCCCCC | payload 01 55 2A 75 00 42 75 AC 
[  285215] ch50 r2 T: 3C 4F 32 A3 AE CE 26 27 A0 E8 51 BF EF D4 DD AB 
[  285215] XN297 OK addr AA55CCCCCC | payload 01 55 2A 75 00 42 75 AC 
[  285228] ch50 r2 T: 3C 4F 32 A3 AE CE 26 27 A0 E8 51 ED DB FF D7 DF 
[  285228] XN297 OK addr AA55CCCCCC | payload 01 55 2A 75 00 42 75 AC 
[  285241] ch50 r2 T: 3C 4F 32 A3 AE CE 26 27 A0 E8 51 7A FE C9 0D C4 
[  285241] XN297 OK addr AA55CCCCCC | payload 01 55 2A 75 00 42 75 AC 
[  285254] ch50 r2 T: 3C 4F 32 A3 AE CE 26 27 A0 E8 51 ED D9 A3 2D 4B 
[  285254] XN297 OK addr AA55CCCCCC | payload 01 55 2A 75 00 42 75 AC 
[  286245] ch50 r2 T: BC 4F 32 A3 AE CC E6 24 15 3E 51 EF EE D5 EF 57 
[  286245] XN297 OK addr AA55CCCCCC | payload 00 55 2A 75 00 02 76 6C 
[  286258] ch50 r2 T: BC 4F 32 A3 AE CC E6 24 15 3E 51 56 AB BA 96 DA 
[  286258] XN297 OK addr AA55CCCCCC | payload 00 55 2A 75 00 02 76 6C 
[  286272] ch50 r2 T: BC 4F 32 A3 AE CC E6 24 15 3E 51 BE FD FB BE AD 
[  286272] XN297 OK addr AA55CCCCCC | payload 00 55 2A 75 00 02 76 6C 
[  286285] ch50 r2 T: BC 4F 32 A3 AE CC E6 24 15 3E 51 F7 FF BB 6F FB 
[  286285] XN297 OK addr AA55CCCCCC | payload 00 55 2A 75 00 02 76 6C 
[  286298] ch50 r2 T: BC 4F 32 A3 AE CC E6 24 15 3E 51 5F FA B9 AB 13 
[  286298] XN297 OK addr AA55CCCCCC | payload 00 55 2A 75 00 02 76 6C 
[  286311] ch50 r2 T: BC 4F 32 A3 AE CC E6 24 15 3E 51 BA AF D6 AD BD 
[  286311] XN297 OK addr AA55CCCCCC | payload 00 55 2A 75 00 02 76 6C 
[  286324] ch50 r2 T: BC 4F 32 A3 AE CC E6 24 15 3E 51 EE 5F FF 7B DA 
[  286324] XN297 OK addr AA55CCCCCC | payload 00 55 2A 75 00 02 76 6C 
[  286337] ch50 r2 T: BC 4F 32 A3 AE CC E6 24 15 3E 51 F6 BF 4A 64 2E 
[  286337] XN297 OK addr AA55CCCCCC | payload 00 55 2A 75 00 02 76 6C 
[  286351] ch50 r2 T: BC 4F 32 A3 AE CC E6 24 15 3E 51 7E FD 7F F3 3F 
[  286351] XN297 OK addr AA55CCCCCC | payload 00 55 2A 75 00 02 76 6C 
[  286364] ch50 r2 T: BC 4F 32 A3 AE CC E6 24 15 3E 51 FF BE DF 75 FF 
[  286364] XN297 OK addr AA55CCCCCC | payload 00 55 2A 75 00 02 76 6C 
[  286377] ch50 r2 T: BC 4F 32 A3 AE CC E6 24 15 3E 51 57 DF DE F6 FD 
[  286377] XN297 OK addr AA55CCCCCC | payload 00 55 2A 75 00 02 76 6C 
[  286438] ch50 r2 T: 3C 4F 32 A3 AE CE 66 67 E5 E0 51 65 8A 7E FA E9 
[  286438] XN297 OK addr AA55CCCCCC | payload 01 55 2A 75 00 42 77 AE 
[  286452] ch50 r2 T: 3C 4F 32 A3 AE CE 66 67 E5 E0 51 DF EF FE 6D 74 
[  286452] XN297 OK addr AA55CCCCCC | payload 01 55 2A 75 00 42 77 AE 
[  286465] ch50 r2 T: 3C 4F 32 A3 AE CE 66 67 E5 E0 51 ED B6 F9 FE EE 
[  286465] XN297 OK addr AA55CCCCCC | payload 01 55 2A 75 00 42 77 AE 
[  286478] ch50 r2 T: 3C 4F 32 A3 AE CE 66 67 E5 E0 51 FB DF 65 D6 AD 
[  286478] XN297 OK addr AA55CCCCCC | payload 01 55 2A 75 00 42 77 AE 
[  286491] ch50 r2 T: 3C 4F 32 A3 AE CE 66 67 E5 E0 51 EA A5 48 AD 2A 
[  286491] XN297 OK addr AA55CCCCCC | payload 01 55 2A 75 00 42 77 AE 
[  286504] ch50 r2 T: 3C 4F 32 A3 AE CE 66 67 E5 E0 51 CF F5 3D F6 F2 
[  286504] XN297 OK addr AA55CCCCCC | payload 01 55 2A 75 00 42 77 AE 
[  286517] ch50 r2 T: 3C 4F 32 A3 AE CE 66 67 E5 E0 51 EF FB A9 77 3D 
[  286517] XN297 OK addr AA55CCCCCC | payload 01 55 2A 75 00 42 77 AE 
[  286530] ch50 r2 T: 3C 4F 32 A3 AE CE 66 67 E5 E0 51 ED BD FA FB F4 
[  286530] XN297 OK addr AA55CCCCCC | payload 01 55 2A 75 00 42 77 AE 
[  286544] ch50 r2 T: 3C 4F 32 A3 AE CE 66 67 E5 E0 51 FB FD FB CB DB 
[  286544] XN297 OK addr AA55CCCCCC | payload 01 55 2A 75 00 42 77 AE 
[  286557] ch50 r2 T: 3C 4F 32 A3 AE CE 66 67 E5 E0 51 75 69 F9 D2 A9 
[  286557] XN297 OK addr AA55CCCCCC | payload 01 55 2A 75 00 42 77 AE 
[  286570] ch50 r2 T: 3C 4F 32 A3 AE CE 66 67 E5 E0 51 F9 6F D7 A3 57 
[  286570] XN297 OK addr AA55CCCCCC | payload 01 55 2A 75 00 42 77 AE 
[  287558] ch50 r2 T: BC 4F 32 A3 AE CC 96 64 55 A3 51 B5 BF FF FD 3A 
[  287558] XN297 OK addr AA55CCCCCC | payload 00 55 2A 75 00 02 78 6E 
[  287571] ch50 r2 T: BC 4F 32 A3 AE CC 96 64 55 A3 51 FF FE EB F2 AD 
[  287571] XN297 OK addr AA55CCCCCC | payload 00 55 2A 75 00 02 78 6E 
[  287584] ch50 r2 T: BC 4F 32 A3 AE CC 96 64 55 A3 51 FD FF EB 7E DB 
[  287584] XN297 OK addr AA55CCCCCC | payload 00 55 2A 75 00 02 78 6E 
[  287597] ch50 r2 T: BC 4F 32 A3 AE CC 96 64 55 A3 51 DD AD 5D BA 8D 
[  287597] XN297 OK addr AA55CCCCCC | payload 00 55 2A 75 00 02 78 6E 
[  287610] ch50 r2 T: BC 4F 32 A3 AE CC 96 64 55 A3 51 5B 77 7E EE FB 
[  287610] XN297 OK addr AA55CCCCCC | payload 00 55 2A 75 00 02 78 6E 
[  287623] ch50 r2 T: BC 4F 32 A3 AE CC 96 64 55 A3 51 D6 B6 98 94 07 
[  287623] XN297 OK addr AA55CCCCCC | payload 00 55 2A 75 00 02 78 6E 
[  287636] ch50 r2 T: BC 4F 32 A3 AE CC 96 64 55 A3 51 7D FF FF EF DF 
[  287636] XN297 OK addr AA55CCCCCC | payload 00 55 2A 75 00 02 78 6E 
[  287650] ch50 r2 T: BC 4F 32 A3 AE CC 96 64 55 A3 51 77 ED 77 DF BE 
[  287650] XN297 OK addr AA55CCCCCC | payload 00 55 2A 75 00 02 78 6E 
[  287663] ch50 r2 T: BC 4F 32 A3 AE CC 96 64 55 A3 51 EA CB 6B 97 F5 
[  287663] XN297 OK addr AA55CCCCCC | payload 00 55 2A 75 00 02 78 6E 
[  287676] ch50 r2 T: BC 4F 32 A3 AE CC 96 64 55 A3 51 BD 7E BF FD 2F 
[  287676] XN297 OK addr AA55CCCCCC | payload 00 55 2A 75 00 02 78 6E 
[  287689] ch50 r2 T: BC 4F 32 A3 AE CC 96 64 55 A3 51 7B FF EB 29 68 
[  287689] XN297 OK addr AA55CCCCCC | payload 00 55 2A 75 00 02 78 6E 
[  287750] ch50 r2 T: 3C 4F 32 A3 AE CE 16 1F 12 26 51 EB FF FF AE B5 
[  287750] XN297 OK addr AA55CCCCCC | payload 01 55 2A 75 00 42 79 B0 
[  287763] ch50 r2 T: 3C 4F 32 A3 AE CE 16 1F 12 26 51 5F BF D6 D6 AE 
[  287763] XN297 OK addr AA55CCCCCC | payload 01 55 2A 75 00 42 79 B0 
[  287777] ch50 r2 T: 3C 4F 32 A3 AE CE 16 1F 12 26 51 FF CB DF FF D5 
[  287777] XN297 OK addr AA55CCCCCC | payload 01 55 2A 75 00 42 79 B0 
[  287790] ch50 r2 T: 3C 4F 32 A3 AE CE 16 1F 12 26 51 FF FF DF FF D5 
[  287790] XN297 OK addr AA55CCCCCC | payload 01 55 2A 75 00 42 79 B0 
[  287803] ch50 r2 T: 3C 4F 32 A3 AE CE 16 1F 12 26 51 FD FF 1F 77 3A 
[  287803] XN297 OK addr AA55CCCCCC | payload 01 55 2A 75 00 42 79 B0 
[  287816] ch50 r2 T: 3C 4F 32 A3 AE CE 16 1F 12 26 51 DD DB BF FD 57 
[  287816] XN297 OK addr AA55CCCCCC | payload 01 55 2A 75 00 42 79 B0 
[  287829] ch50 r2 T: 3C 4F 32 A3 AE CE 16 1F 12 26 51 7E 5D DF F6 B7 
[  287829] XN297 OK addr AA55CCCCCC | payload 01 55 2A 75 00 42 79 B0 
[  287842] ch50 r2 T: 3C 4F 32 A3 AE CE 16 1F 12 26 51 5A F7 FB FF BE 
[  287842] XN297 OK addr AA55CCCCCC | payload 01 55 2A 75 00 42 79 B0 
[  287856] ch50 r2 T: 3C 4F 32 A3 AE CE 16 1F 12 26 50 FF ED FD FF 77 
[  287856] XN297 OK addr AA55CCCCCC | payload 01 55 2A 75 00 42 79 B0 
[  287869] ch50 r2 T: 3C 4F 32 A3 AE CE 16 1F 12 26 51 5B FF B3 F7 6D 
[  287869] XN297 OK addr AA55CCCCCC | payload 01 55 2A 75 00 42 79 B0 
[  287882] ch50 r2 T: 3C 4F 32 A3 AE CE 16 1F 12 26 51 7E D5 7B AF FD 
[  287882] XN297 OK addr AA55CCCCCC | payload 01 55 2A 75 00 42 79 B0 
[  289107] ch50 r2 T: BC 4F 32 A3 AE CC D6 1C A7 F0 51 FD DE AF 6F EB 
[  289107] XN297 OK addr AA55CCCCCC | payload 00 55 2A 75 00 02 7A 70 
[  289120] ch50 r2 T: BC 4F 32 A3 AE CC D6 1C A7 F0 51 BD EF EF DF 7B 
[  289120] XN297 OK addr AA55CCCCCC | payload 00 55 2A 75 00 02 7A 70 
[  289133] ch50 r2 T: BC 4F 32 A3 AE CC D6 1C A7 F0 51 77 DF DC FA F7 
[  289133] XN297 OK addr AA55CCCCCC | payload 00 55 2A 75 00 02 7A 70 
[  289146] ch50 r2 T: BC 4F 32 A3 AE CC D6 1C A7 F0 51 B6 FD DD AE FB 
[  289146] XN297 OK addr AA55CCCCCC | payload 00 55 2A 75 00 02 7A 70 
[  289160] ch50 r2 T: BC 4F 32 A3 AE CC D6 1C A7 F0 51 EB AE A6 15 52 
[  289160] XN297 OK addr AA55CCCCCC | payload 00 55 2A 75 00 02 7A 70 
[  289173] ch50 r2 T: BC 4F 32 A3 AE CC D6 1C A7 F0 51 2B FD BF FB F6 
[  289173] XN297 OK addr AA55CCCCCC | payload 00 55 2A 75 00 02 7A 70 
[  289186] ch50 r2 T: BC 4F 32 A3 AE CC D6 1C A7 F0 51 FF DF EF BF 7F 
[  289186] XN297 OK addr AA55CCCCCC | payload 00 55 2A 75 00 02 7A 70 
[  289199] ch50 r2 T: BC 4F 32 A3 AE CC D6 1C A7 F0 51 7F FF BF 7A FB 
[  289199] XN297 OK addr AA55CCCCCC | payload 00 55 2A 75 00 02 7A 70 
[  289212] ch50 r2 T: BC 4F 32 A3 AE CC D6 1C A7 F0 51 F6 F7 AA D7 8D 
[  289212] XN297 OK addr AA55CCCCCC | payload 00 55 2A 75 00 02 7A 70 
[  289225] ch50 r2 T: BC 4F 32 A3 AE CC D6 1C A7 F0 51 65 7A 74 DE F6 
[  289225] XN297 OK addr AA55CCCCCC | payload 00 55 2A 75 00 02 7A 70 
[  289239] ch50 r2 T: BC 4F 32 A3 AE CC D6 1C A7 F0 51 6F FD ED E6 AE 
[  289239] XN297 OK addr AA55CCCCCC | payload 00 55 2A 75 00 02 7A 70 
[  289300] ch50 r2 T: 3C 4F 32 A3 AE CE 56 5F 57 2E 51 3F 77 76 55 77 
[  289300] XN297 OK addr AA55CCCCCC | payload 01 55 2A 75 00 42 7B B2 
[  289313] ch50 r2 T: 3C 4F 32 A3 AE CE 56 5F 57 2E 51 F7 BF D7 7D C3 
[  289313] XN297 OK addr AA55CCCCCC | payload 01 55 2A 75 00 42 7B B2 
[  289326] ch50 r2 T: 3C 4F 32 A3 AE CE 56 5F 57 2E 51 B5 7F 25 23 25 
[  289326] XN297 OK addr AA55CCCCCC | payload 01 55 2A 75 00 42 7B B2 
[  289339] ch50 r2 T: 3C 4F 32 A3 AE CE 56 5F 57 2E 51 55 6B BD DB DD 
[  289339] XN297 OK addr AA55CCCCCC | payload 01 55 2A 75 00 42 7B B2 
[  289353] ch50 r2 T: 3C 4F 32 A3 AE CE 56 5F 57 2E 51 FF DD FB 77 F5 
[  289353] XN297 OK addr AA55CCCCCC | payload 01 55 2A 75 00 42 7B B2 
[  289366] ch50 r2 T: 3C 4F 32 A3 AE CE 56 5F 57 2E 51 EE DB 7F F7 DC 
[  289366] XN297 OK addr AA55CCCCCC | payload 01 55 2A 75 00 42 7B B2 
[  289379] ch50 r2 T: 3C 4F 32 A3 AE CE 56 5F 57 2E 51 B2 FF F7 EF FF 
[  289379] XN297 OK addr AA55CCCCCC | payload 01 55 2A 75 00 42 7B B2 
[  289392] ch50 r2 T: 3C 4F 32 A3 AE CE 56 5F 57 2E 51 ED 2A FC D7 15 
[  289392] XN297 OK addr AA55CCCCCC | payload 01 55 2A 75 00 42 7B B2 
[  289405] ch50 r2 T: 3C 4F 32 A3 AE CE 56 5F 57 2E 51 5F 6E D6 FF FF 
[  289405] XN297 OK addr AA55CCCCCC | payload 01 55 2A 75 00 42 7B B2 
[  289418] ch50 r2 T: 3C 4F 32 A3 AE CE 56 5F 57 2E 51 7E ED 3F EF DF 
[  289418] XN297 OK addr AA55CCCCCC | payload 01 55 2A 75 00 42 7B B2 
[  289432] ch50 r2 T: 3C 4F 32 A3 AE CE 56 5F 57 2E 51 AB FF 7A AA 8B 
[  289432] XN297 OK addr AA55CCCCCC | payload 01 55 2A 75 00 42 7B B2 
[  290602] ch50 r2 T: BC 4F 32 A3 AE CC B6 5C E4 1E 51 8A D5 FA EF EA 
[  290602] XN297 OK addr AA55CCCCCC | payload 00 55 2A 75 00 02 7C 72 
[  290615] ch50 r2 T: BC 4F 32 A3 AE CC B6 5C E4 1E 51 7C 7D 57 FE ED 
[  290615] XN297 OK addr AA55CCCCCC | payload 00 55 2A 75 00 02 7C 72 
[  290628] ch50 r2 T: BC 4F 32 A3 AE CC B6 5C E4 1E 51 6B FE DB 73 ED 
[  290628] XN297 OK addr AA55CCCCCC | payload 00 55 2A 75 00 02 7C 72 
[  290641] ch50 r2 T: BC 4F 32 A3 AE CC B6 5C E4 1E 51 D5 BD DF B7 7F 
[  290641] XN297 OK addr AA55CCCCCC | payload 00 55 2A 75 00 02 7C 72 
[  290655] ch50 r2 T: BC 4F 32 A3 AE CC B6 5C E4 1E 51 6B DB FD FB FE 
[  290655] XN297 OK addr AA55CCCCCC | payload 00 55 2A 75 00 02 7C 72 
[  290668] ch50 r2 T: BC 4F 32 A3 AE CC B6 5C E4 1E 51 B5 FA D7 5B 76 
[  290668] XN297 OK addr AA55CCCCCC | payload 00 55 2A 75 00 02 7C 72 
[  290681] ch50 r2 T: BC 4F 32 A3 AE CC B6 5C E4 1E 51 B6 ED BE BE 41 
[  290681] XN297 OK addr AA55CCCCCC | payload 00 55 2A 75 00 02 7C 72 
[  290694] ch50 r2 T: BC 4F 32 A3 AE CC B6 5C E4 1E 51 BD 5B ED 57 7B 
[  290694] XN297 OK addr AA55CCCCCC | payload 00 55 2A 75 00 02 7C 72 
[  290707] ch50 r2 T: BC 4F 32 A3 AE CC B6 5C E4 1E 51 5D 7F FF FE F7 
[  290707] XN297 OK addr AA55CCCCCC | payload 00 55 2A 75 00 02 7C 72 
[  290720] ch50 r2 T: BC 4F 32 A3 AE CC B6 5C E4 1E 51 7F F6 FE DD 7F 
[  290720] XN297 OK addr AA55CCCCCC | payload 00 55 2A 75 00 02 7C 72 
[  290734] ch50 r2 T: BC 4F 32 A3 AE CC B6 5C E4 1E 51 6B 76 EF ED FD 
[  290734] XN297 OK addr AA55CCCCCC | payload 00 55 2A 75 00 02 7C 72 
[  290795] ch50 r2 T: 3C 4F 32 A3 AE CE 36 3F 30 A2 51 FB 7F 57 DF FD 
[  290795] XN297 OK addr AA55CCCCCC | payload 01 55 2A 75 00 42 7D B4 
[  290808] ch50 r2 T: 3C 4F 32 A3 AE CE 36 3F 30 A2 51 DF E5 FA FF F4 
[  290808] XN297 OK addr AA55CCCCCC | payload 01 55 2A 75 00 42 7D B4 
[  290821] ch50 r2 T: 3C 4F 32 A3 AE CE 36 3F 30 A2 51 EE DF 7B DF FF 
[  290821] XN297 OK addr AA55CCCCCC | payload 01 55 2A 75 00 42 7D B4 
[  290834] ch50 r2 T: 3C 4F 32 A3 AE CE 36 3F 30 A2 51 7C AF DE B7 77 
[  290834] XN297 OK addr AA55CCCCCC | payload 01 55 2A 75 00 42 7D B4 
[  290847] ch50 r2 T: 3C 4F 32 A3 AE CE 36 3F 30 A2 51 6D AD 25 06 B5 
[  290847] XN297 OK addr AA55CCCCCC | payload 01 55 2A 75 00 42 7D B4 
[  290860] ch50 r2 T: 3C 4F 32 A3 AE CE 36 3F 30 A2 51 FD AE DB B7 EF 
[  290860] XN297 OK addr AA55CCCCCC | payload 01 55 2A 75 00 42 7D B4 
[  290874] ch50 r2 T: 3C 4F 32 A3 AE CE 36 3F 30 A2 51 F6 F9 96 D7 CD 
[  290874] XN297 OK addr AA55CCCCCC | payload 01 55 2A 75 00 42 7D B4 
[  290887] ch50 r2 T: 3C 4F 32 A3 AE CE 36 3F 30 A2 51 7E 63 74 AB 95 
[  290887] XN297 OK addr AA55CCCCCC | payload 01 55 2A 75 00 42 7D B4 
[  290900] ch50 r2 T: 3C 4F 32 A3 AE CE 36 3F 30 A2 51 75 37 B6 E5 F3 
[  290900] XN297 OK addr AA55CCCCCC | payload 01 55 2A 75 00 42 7D B4 
[  290913] ch50 r2 T: 3C 4F 32 A3 AE CE 36 3F 30 A2 51 BE DF FF FF FF 
[  290913] XN297 OK addr AA55CCCCCC | payload 01 55 2A 75 00 42 7D B4 
[  290926] ch50 r2 T: 3C 4F 32 A3 AE CE 36 3F 30 A2 51 E5 BA BF 7F 37 
[  290926] XN297 OK addr AA55CCCCCC | payload 01 55 2A 75 00 42 7D B4 
------------------------------
# bright down
[  315053] ch50 r2 T: BC 4F 32 A3 AE 4C F6 BC 2F A6 51 DA FC DF B7 EE 
[  315053] XN297 OK addr AA55CCCCCC | payload 00 55 2A 75 00 03 7E 75 
[  315066] ch50 r2 T: BC 4F 32 A3 AE 4C F6 BC 2F A6 51 D5 DE BF FF FF 
[  315066] XN297 OK addr AA55CCCCCC | payload 00 55 2A 75 00 03 7E 75 
[  315079] ch50 r2 T: BC 4F 32 A3 AE 4C F6 BC 2F A6 51 4D FF EF FF EE 
[  315079] XN297 OK addr AA55CCCCCC | payload 00 55 2A 75 00 03 7E 75 
[  315093] ch50 r2 T: BC 4F 32 A3 AE 4C F6 BC 2F A6 51 3D F5 6B F7 7A 
[  315093] XN297 OK addr AA55CCCCCC | payload 00 55 2A 75 00 03 7E 75 
[  315106] ch50 r2 T: BC 4F 32 A3 AE 4C F6 BC 2F A6 51 BE FB F7 55 24 
[  315106] XN297 OK addr AA55CCCCCC | payload 00 55 2A 75 00 03 7E 75 
[  315119] ch50 r2 T: BC 4F 32 A3 AE 4C F6 BC 2F A6 51 5D 55 4A 55 81 
[  315119] XN297 OK addr AA55CCCCCC | payload 00 55 2A 75 00 03 7E 75 
[  315132] ch50 r2 T: BC 4F 32 A3 AE 4C F6 BC 2F A6 51 B9 DB BF FF 77 
[  315132] XN297 OK addr AA55CCCCCC | payload 00 55 2A 75 00 03 7E 75 
[  315145] ch50 r2 T: BC 4F 32 A3 AE 4C F6 BC 2F A6 51 5B F6 EA 56 81 
[  315145] XN297 OK addr AA55CCCCCC | payload 00 55 2A 75 00 03 7E 75 
[  315158] ch50 r2 T: BC 4F 32 A3 AE 4C F6 BC 2F A6 51 FF BF 7A BF 5D 
[  315158] XN297 OK addr AA55CCCCCC | payload 00 55 2A 75 00 03 7E 75 
[  315171] ch50 r2 T: BC 4F 32 A3 AE 4C F6 BC 2F A6 51 FF F8 95 44 72 
[  315171] XN297 OK addr AA55CCCCCC | payload 00 55 2A 75 00 03 7E 75 
[  315185] ch50 r2 T: BC 4F 32 A3 AE 4C F6 BC 2F A6 51 7F F7 9D AF 2B 
[  315185] XN297 OK addr AA55CCCCCC | payload 00 55 2A 75 00 03 7E 75 
[  315246] ch50 r2 T: 3C 4F 32 A3 AE 4E 76 FF DF 78 51 AE DF BD 7F 5A 
[  315246] XN297 OK addr AA55CCCCCC | payload 01 55 2A 75 00 43 7F B7 
[  315260] ch50 r2 T: 3C 4F 32 A3 AE 4E 76 FF DF 78 51 FF FF 7B BB 65 
[  315260] XN297 OK addr AA55CCCCCC | payload 01 55 2A 75 00 43 7F B7 
[  315273] ch50 r2 T: 3C 4F 32 A3 AE 4E 76 FF DF 78 51 D5 EE FD 7E FD 
[  315273] XN297 OK addr AA55CCCCCC | payload 01 55 2A 75 00 43 7F B7 
[  315286] ch50 r2 T: 3C 4F 32 A3 AE 4E 76 FF DF 78 51 75 CB 77 FF FA 
[  315286] XN297 OK addr AA55CCCCCC | payload 01 55 2A 75 00 43 7F B7 
[  315299] ch50 r2 T: 3C 4F 32 A3 AE 4E 76 FF DF 78 51 5E FB EE FF DF 
[  315299] XN297 OK addr AA55CCCCCC | payload 01 55 2A 75 00 43 7F B7 
[  315312] ch50 r2 T: 3C 4F 32 A3 AE 4E 76 FF DF 78 51 D1 61 2F 2D 45 
[  315312] XN297 OK addr AA55CCCCCC | payload 01 55 2A 75 00 43 7F B7 
[  315325] ch50 r2 T: 3C 4F 32 A3 AE 4E 76 FF DF 78 51 7F C9 DB FF EF 
[  315325] XN297 OK addr AA55CCCCCC | payload 01 55 2A 75 00 43 7F B7 
[  315339] ch50 r2 T: 3C 4F 32 A3 AE 4E 76 FF DF 78 51 FE FD 57 A5 56 
[  315339] XN297 OK addr AA55CCCCCC | payload 01 55 2A 75 00 43 7F B7 
[  315352] ch50 r2 T: 3C 4F 32 A3 AE 4E 76 FF DF 78 51 EA BA AF AD B6 
[  315352] XN297 OK addr AA55CCCCCC | payload 01 55 2A 75 00 43 7F B7 
[  315365] ch50 r2 T: 3C 4F 32 A3 AE 4E 76 FF DF 78 51 EB BD D7 7F FF 
[  315365] XN297 OK addr AA55CCCCCC | payload 01 55 2A 75 00 43 7F B7 
[  315378] ch50 r2 T: 3C 4F 32 A3 AE 4E 76 FF DF 78 51 DF EF EF FE CE 
[  315378] XN297 OK addr AA55CCCCCC | payload 01 55 2A 75 00 43 7F B7 
[  316429] ch50 r2 T: BC 4F 32 A3 AE 4C 89 FC 7F 05 51 FF EA FF FE F6 
[  316429] XN297 OK addr AA55CCCCCC | payload 00 55 2A 75 00 03 80 77 
[  316442] ch50 r2 T: BC 4F 32 A3 AE 4C 89 FC 7F 05 51 EF F7 EB BD 5B 
[  316442] XN297 OK addr AA55CCCCCC | payload 00 55 2A 75 00 03 80 77 
[  316455] ch50 r2 T: BC 4F 32 A3 AE 4C 89 FC 7F 05 51 ED 5F F7 E9 7D 
[  316455] XN297 OK addr AA55CCCCCC | payload 00 55 2A 75 00 03 80 77 
[  316468] ch50 r2 T: BC 4F 32 A3 AE 4C 89 FC 7F 05 51 1D F5 6F 5F DF 
[  316468] XN297 OK addr AA55CCCCCC | payload 00 55 2A 75 00 03 80 77 
[  316481] ch50 r2 T: BC 4F 32 A3 AE 4C 89 FC 7F 05 51 D5 6B AC BA 7E 
[  316481] XN297 OK addr AA55CCCCCC | payload 00 55 2A 75 00 03 80 77 
[  316495] ch50 r2 T: BC 4F 32 A3 AE 4C 89 FC 7F 05 51 76 EB DE BF 91 
[  316495] XN297 OK addr AA55CCCCCC | payload 00 55 2A 75 00 03 80 77 
[  316508] ch50 r2 T: BC 4F 32 A3 AE 4C 89 FC 7F 05 51 DD 4A 82 A9 55 
[  316508] XN297 OK addr AA55CCCCCC | payload 00 55 2A 75 00 03 80 77 
[  316521] ch50 r2 T: BC 4F 32 A3 AE 4C 89 FC 7F 05 50 AB 48 5B 0B 2B 
[  316521] XN297 OK addr AA55CCCCCC | payload 00 55 2A 75 00 03 80 77 
[  316534] ch50 r2 T: BC 4F 32 A3 AE 4C 89 FC 7F 05 51 7F DE AA DD FB 
[  316534] XN297 OK addr AA55CCCCCC | payload 00 55 2A 75 00 03 80 77 
[  316547] ch50 r2 T: BC 4F 32 A3 AE 4C 89 FC 7F 05 51 FA EA F5 2D 5E 
[  316547] XN297 OK addr AA55CCCCCC | payload 00 55 2A 75 00 03 80 77 
[  316560] ch50 r2 T: BC 4F 32 A3 AE 4C 89 FC 7F 05 51 FB 7F 6D BE EB 
[  316560] XN297 OK addr AA55CCCCCC | payload 00 55 2A 75 00 03 80 77 
[  316621] ch50 r2 T: 3C 4F 32 A3 AE 4E 09 8F B9 88 51 F7 FB DF F1 6D 
[  316621] XN297 OK addr AA55CCCCCC | payload 01 55 2A 75 00 43 81 B9 
[  316634] ch50 r2 T: 3C 4F 32 A3 AE 4E 09 8F B9 88 51 F7 7F B9 FA DE 
[  316634] XN297 OK addr AA55CCCCCC | payload 01 55 2A 75 00 43 81 B9 
[  316647] ch50 r2 T: 3C 4F 32 A3 AE 4E 09 8F B9 88 51 F7 FB FA FE ED 
[  316647] XN297 OK addr AA55CCCCCC | payload 01 55 2A 75 00 43 81 B9 
[  316661] ch50 r2 T: 3C 4F 32 A3 AE 4E 09 8F B9 88 51 5B 5F FE DF DF 
[  316661] XN297 OK addr AA55CCCCCC | payload 01 55 2A 75 00 43 81 B9 
[  316674] ch50 r2 T: 3C 4F 32 A3 AE 4E 09 8F B9 88 51 75 BD BE EB F5 
[  316674] XN297 OK addr AA55CCCCCC | payload 01 55 2A 75 00 43 81 B9 
[  316687] ch50 r2 T: 3C 4F 32 A3 AE 4E 09 8F B9 88 51 F5 FB 6F 6B E5 
[  316687] XN297 OK addr AA55CCCCCC | payload 01 55 2A 75 00 43 81 B9 
[  316700] ch50 r2 T: 3C 4F 32 A3 AE 4E 09 8F B9 88 51 6E FB FE 8E BF 
[  316700] XN297 OK addr AA55CCCCCC | payload 01 55 2A 75 00 43 81 B9 
[  316713] ch50 r2 T: 3C 4F 32 A3 AE 4E 09 8F B9 88 51 DB FF 5D 6A 53 
[  316713] XN297 OK addr AA55CCCCCC | payload 01 55 2A 75 00 43 81 B9 
[  316726] ch50 r2 T: 3C 4F 32 A3 AE 4E 09 8F B9 88 51 F7 DB 6F 7E EA 
[  316726] XN297 OK addr AA55CCCCCC | payload 01 55 2A 75 00 43 81 B9 
[  316740] ch50 r2 T: 3C 4F 32 A3 AE 4E 09 8F B9 88 51 FA FD EE EE 6A 
[  316740] XN297 OK addr AA55CCCCCC | payload 01 55 2A 75 00 43 81 B9 
[  316753] ch50 r2 T: 3C 4F 32 A3 AE 4E 09 8F B9 88 51 FE AA F6 1A AE 
[  316753] XN297 OK addr AA55CCCCCC | payload 01 55 2A 75 00 43 81 B9 
[  317831] ch50 r2 T: BC 4F 32 A3 AE 4C C9 8C 0C 5E 51 9E BB 5B FF E5 
[  317831] XN297 OK addr AA55CCCCCC | payload 00 55 2A 75 00 03 82 79 
[  317844] ch50 r2 T: BC 4F 32 A3 AE 4C C9 8C 0C 5E 51 5D FD 7E FF DF 
[  317844] XN297 OK addr AA55CCCCCC | payload 00 55 2A 75 00 03 82 79 
[  317857] ch50 r2 T: BC 4F 32 A3 AE 4C C9 8C 0C 5E 51 FF EE EA FB 7A 
[  317857] XN297 OK addr AA55CCCCCC | payload 00 55 2A 75 00 03 82 79 
[  317871] ch50 r2 T: BC 4F 32 A3 AE 4C C9 8C 0C 5E 51 65 F6 AF 4B B3 
[  317871] XN297 OK addr AA55CCCCCC | payload 00 55 2A 75 00 03 82 79 
[  317884] ch50 r2 T: BC 4F 32 A3 AE 4C C9 8C 0C 5E 51 4F DF FF 55 5A 
[  317884] XN297 OK addr AA55CCCCCC | payload 00 55 2A 75 00 03 82 79 
[  317897] ch50 r2 T: BC 4F 32 A3 AE 4C C9 8C 0C 5E 51 ED 7F F7 EF FB 
[  317897] XN297 OK addr AA55CCCCCC | payload 00 55 2A 75 00 03 82 79 
[  317910] ch50 r2 T: BC 4F 32 A3 AE 4C C9 8C 0C 5E 51 5A FF DF AF BF 
[  317910] XN297 OK addr AA55CCCCCC | payload 00 55 2A 75 00 03 82 79 
[  317923] ch50 r2 T: BC 4F 32 A3 AE 4C C9 8C 0C 5E 51 77 5F B5 D9 57 
[  317923] XN297 OK addr AA55CCCCCC | payload 00 55 2A 75 00 03 82 79 
[  317936] ch50 r2 T: BC 4F 32 A3 AE 4C C9 8C 0C 5E 51 BF DB FD 77 ED 
[  317936] XN297 OK addr AA55CCCCCC | payload 00 55 2A 75 00 03 82 79 
[  317949] ch50 r2 T: BC 4F 32 A3 AE 4C C9 8C 0C 5E 51 FD FE A9 BB 6E 
[  317949] XN297 OK addr AA55CCCCCC | payload 00 55 2A 75 00 03 82 79 
[  317963] ch50 r2 T: BC 4F 32 A3 AE 4C C9 8C 0C 5E 51 ED EF EB 5D 5C 
[  317963] XN297 OK addr AA55CCCCCC | payload 00 55 2A 75 00 03 82 79 
[  318024] ch50 r2 T: 3C 4F 32 A3 AE 4E 49 CF FC 80 51 7B BE 6D BF FD 
[  318024] XN297 OK addr AA55CCCCCC | payload 01 55 2A 75 00 43 83 BB 
[  318038] ch50 r2 T: 3C 4F 32 A3 AE 4E 49 CF FC 80 51 DD FE FE 6A D6 
[  318038] XN297 OK addr AA55CCCCCC | payload 01 55 2A 75 00 43 83 BB 
[  318051] ch50 r2 T: 3C 4F 32 A3 AE 4E 49 CF FC 80 51 21 FB FF FD 5C 
[  318051] XN297 OK addr AA55CCCCCC | payload 01 55 2A 75 00 43 83 BB 
[  318064] ch50 r2 T: 3C 4F 32 A3 AE 4E 49 CF FC 80 51 BB 7D F6 F7 EF 
[  318064] XN297 OK addr AA55CCCCCC | payload 01 55 2A 75 00 43 83 BB 
[  318077] ch50 r2 T: 3C 4F 32 A3 AE 4E 49 CF FC 80 51 D5 1E A5 2A 44 
[  318077] XN297 OK addr AA55CCCCCC | payload 01 55 2A 75 00 43 83 BB 
[  318090] ch50 r2 T: 3C 4F 32 A3 AE 4E 49 CF FC 80 51 FC BF BF EA BF 
[  318090] XN297 OK addr AA55CCCCCC | payload 01 55 2A 75 00 43 83 BB 
[  318103] ch50 r2 T: 3C 4F 32 A3 AE 4E 49 CF FC 80 51 FF D7 BF B6 AB 
[  318103] XN297 OK addr AA55CCCCCC | payload 01 55 2A 75 00 43 83 BB 
[  318117] ch50 r2 T: 3C 4F 32 A3 AE 4E 49 CF FC 80 51 7F FF D6 7F 7A 
[  318117] XN297 OK addr AA55CCCCCC | payload 01 55 2A 75 00 43 83 BB 
[  318130] ch50 r2 T: 3C 4F 32 A3 AE 4E 49 CF FC 80 51 77 7E B7 BD 75 
[  318130] XN297 OK addr AA55CCCCCC | payload 01 55 2A 75 00 43 83 BB 
[  318143] ch50 r2 T: 3C 4F 32 A3 AE 4E 49 CF FC 80 51 7D 7A AE D2 CB 
[  318143] XN297 OK addr AA55CCCCCC | payload 01 55 2A 75 00 43 83 BB 
[  318156] ch50 r2 T: 3C 4F 32 A3 AE 4E 49 CF FC 80 51 F6 8D FF FB DE 
[  318156] XN297 OK addr AA55CCCCCC | payload 01 55 2A 75 00 43 83 BB 
[  319160] ch50 r2 T: BC 4F 32 A3 AE 4C A9 CC 4F B0 51 2E F8 66 F7 BB 
[  319160] XN297 OK addr AA55CCCCCC | payload 00 55 2A 75 00 03 84 7B 
[  319173] ch50 r2 T: BC 4F 32 A3 AE 4C A9 CC 4F B0 51 57 FF 7A 82 5A 
[  319173] XN297 OK addr AA55CCCCCC | payload 00 55 2A 75 00 03 84 7B 
[  319186] ch50 r2 T: BC 4F 32 A3 AE 4C A9 CC 4F B0 51 FF 5D 7B 57 77 
[  319186] XN297 OK addr AA55CCCCCC | payload 00 55 2A 75 00 03 84 7B 
[  319199] ch50 r2 T: BC 4F 32 A3 AE 4C A9 CC 4F B0 51 EE BA D6 FB CB 
[  319199] XN297 OK addr AA55CCCCCC | payload 00 55 2A 75 00 03 84 7B 
[  319213] ch50 r2 T: BC 4F 32 A3 AE 4C A9 CC 4F B0 51 6D 5B F7 75 BA 
[  319213] XN297 OK addr AA55CCCCCC | payload 00 55 2A 75 00 03 84 7B 
[  319226] ch50 r2 T: BC 4F 32 A3 AE 4C A9 CC 4F B0 51 FD 7E FB DF BB 
[  319226] XN297 OK addr AA55CCCCCC | payload 00 55 2A 75 00 03 84 7B 
[  319239] ch50 r2 T: BC 4F 32 A3 AE 4C A9 CC 4F B0 51 FF DD AD 54 2A 
[  319239] XN297 OK addr AA55CCCCCC | payload 00 55 2A 75 00 03 84 7B 
[  319252] ch50 r2 T: BC 4F 32 A3 AE 4C A9 CC 4F B0 51 DD FE AD EA CD 
[  319252] XN297 OK addr AA55CCCCCC | payload 00 55 2A 75 00 03 84 7B 
[  319265] ch50 r2 T: BC 4F 32 A3 AE 4C A9 CC 4F B0 51 ED 37 DA 99 4A 
[  319265] XN297 OK addr AA55CCCCCC | payload 00 55 2A 75 00 03 84 7B 
[  319278] ch50 r2 T: BC 4F 32 A3 AE 4C A9 CC 4F B0 51 50 BF BF FF FD 
[  319278] XN297 OK addr AA55CCCCCC | payload 00 55 2A 75 00 03 84 7B 
[  319292] ch50 r2 T: BC 4F 32 A3 AE 4C A9 CC 4F B0 51 EF 7F FF EB BE 
[  319292] XN297 OK addr AA55CCCCCC | payload 00 55 2A 75 00 03 84 7B 
[  319353] ch50 r2 T: 3C 4F 32 A3 AE 4E 29 AF 9B 0C 51 18 7F FD FF FE 
[  319353] XN297 OK addr AA55CCCCCC | payload 01 55 2A 75 00 43 85 BD 
[  319366] ch50 r2 T: 3C 4F 32 A3 AE 4E 29 AF 9B 0C 51 DF 5F BF AF BF 
[  319366] XN297 OK addr AA55CCCCCC | payload 01 55 2A 75 00 43 85 BD 
[  319379] ch50 r2 T: 3C 4F 32 A3 AE 4E 29 AF 9B 0C 51 9F 77 6F FE DE 
[  319379] XN297 OK addr AA55CCCCCC | payload 01 55 2A 75 00 43 85 BD 
[  319393] ch50 r2 T: 3C 4F 32 A3 AE 4E 29 AF 9B 0C 51 FF F7 77 AC BF 
[  319393] XN297 OK addr AA55CCCCCC | payload 01 55 2A 75 00 43 85 BD 
[  319406] ch50 r2 T: 3C 4F 32 A3 AE 4E 29 AF 9B 0C 51 D5 5D 6A 88 D1 
[  319406] XN297 OK addr AA55CCCCCC | payload 01 55 2A 75 00 43 85 BD 
[  319419] ch50 r2 T: 3C 4F 32 A3 AE 4E 29 AF 9B 0C 51 3F 2F DE DF DF 
[  319419] XN297 OK addr AA55CCCCCC | payload 01 55 2A 75 00 43 85 BD 
[  319432] ch50 r2 T: 3C 4F 32 A3 AE 4E 29 AF 9B 0C 51 7F 7F D7 5B 7E 
[  319432] XN297 OK addr AA55CCCCCC | payload 01 55 2A 75 00 43 85 BD 
[  319445] ch50 r2 T: 3C 4F 32 A3 AE 4E 29 AF 9B 0C 51 F7 FB FD 6F BE 
[  319445] XN297 OK addr AA55CCCCCC | payload 01 55 2A 75 00 43 85 BD 
[  319458] ch50 r2 T: 3C 4F 32 A3 AE 4E 29 AF 9B 0C 51 EB EE FD 6B BA 
[  319458] XN297 OK addr AA55CCCCCC | payload 01 55 2A 75 00 43 85 BD 
[  319471] ch50 r2 T: 3C 4F 32 A3 AE 4E 29 AF 9B 0C 51 DF FA F5 59 3B 
[  319471] XN297 OK addr AA55CCCCCC | payload 01 55 2A 75 00 43 85 BD 
[  319485] ch50 r2 T: 3C 4F 32 A3 AE 4E 29 AF 9B 0C 51 52 FF FF BF BF 
[  319485] XN297 OK addr AA55CCCCCC | payload 01 55 2A 75 00 43 85 BD 
[  320451] ch50 r2 T: BC 4F 32 A3 AE 4C E9 AC 2E DA 51 DF 6D ED DF 96 
[  320451] XN297 OK addr AA55CCCCCC | payload 00 55 2A 75 00 03 86 7D 
[  320464] ch50 r2 T: BC 4F 32 A3 AE 4C E9 AC 2E DA 51 77 FB 6F FE FC 
[  320464] XN297 OK addr AA55CCCCCC | payload 00 55 2A 75 00 03 86 7D 
[  320478] ch50 r2 T: BC 4F 32 A3 AE 4C E9 AC 2E DA 51 DF 7F B5 DF F5 
[  320478] XN297 OK addr AA55CCCCCC | payload 00 55 2A 75 00 03 86 7D 
[  320491] ch50 r2 T: BC 4F 32 A3 AE 4C E9 AC 2E DA 51 6F F7 AB AB 65 
[  320491] XN297 OK addr AA55CCCCCC | payload 00 55 2A 75 00 03 86 7D 
[  320504] ch50 r2 T: BC 4F 32 A3 AE 4C E9 AC 2E DA 51 F6 BB EE BB FF 
[  320504] XN297 OK addr AA55CCCCCC | payload 00 55 2A 75 00 03 86 7D 
[  320517] ch50 r2 T: BC 4F 32 A3 AE 4C E9 AC 2E DA 51 FC AE 6A FA CA 
[  320517] XN297 OK addr AA55CCCCCC | payload 00 55 2A 75 00 03 86 7D 
[  320530] ch50 r2 T: BC 4F 32 A3 AE 4C E9 AC 2E DA 51 DF FD EF F6 6B 
[  320530] XN297 OK addr AA55CCCCCC | payload 00 55 2A 75 00 03 86 7D 
[  320543] ch50 r2 T: BC 4F 32 A3 AE 4C E9 AC 2E DA 51 FD DE BF BF 2A 
[  320543] XN297 OK addr AA55CCCCCC | payload 00 55 2A 75 00 03 86 7D 
[  320557] ch50 r2 T: BC 4F 32 A3 AE 4C E9 AC 2E DA 51 DD 6D FF BF FF 
[  320557] XN297 OK addr AA55CCCCCC | payload 00 55 2A 75 00 03 86 7D 
[  320570] ch50 r2 T: BC 4F 32 A3 AE 4C E9 AC 2E DA 51 DB EA A2 AA 8D 
[  320570] XN297 OK addr AA55CCCCCC | payload 00 55 2A 75 00 03 86 7D 
[  320583] ch50 r2 T: BC 4F 32 A3 AE 4C E9 AC 2E DA 51 5E 71 FE F5 E9 
[  320583] XN297 OK addr AA55CCCCCC | payload 00 55 2A 75 00 03 86 7D 
[  320644] ch50 r2 T: 3C 4F 32 A3 AE 4E 69 EF DE 04 51 FA 57 FD 5F 56 
[  320644] XN297 OK addr AA55CCCCCC | payload 01 55 2A 75 00 43 87 BF 
[  320658] ch50 r2 T: 3C 4F 32 A3 AE 4E 69 EF DE 04 51 DD 76 FF FD FF 
[  320658] XN297 OK addr AA55CCCCCC | payload 01 55 2A 75 00 43 87 BF 
[  320671] ch50 r2 T: 3C 4F 32 A3 AE 4E 69 EF DE 04 51 FB FA EF FE FF 
[  320671] XN297 OK addr AA55CCCCCC | payload 01 55 2A 75 00 43 87 BF 
[  320684] ch50 r2 T: 3C 4F 32 A3 AE 4E 69 EF DE 04 51 F7 BF AF 6F BD 
[  320684] XN297 OK addr AA55CCCCCC | payload 01 55 2A 75 00 43 87 BF 
[  320697] ch50 r2 T: 3C 4F 32 A3 AE 4E 69 EF DE 04 51 AF FB B0 BF FB 
[  320697] XN297 OK addr AA55CCCCCC | payload 01 55 2A 75 00 43 87 BF 
[  320710] ch50 r2 T: 3C 4F 32 A3 AE 4E 69 EF DE 04 51 1D F7 EE 04 2D 
[  320710] XN297 OK addr AA55CCCCCC | payload 01 55 2A 75 00 43 87 BF 
[  320723] ch50 r2 T: 3C 4F 32 A3 AE 4E 69 EF DE 04 51 7B 5F EB 75 F7 
[  320723] XN297 OK addr AA55CCCCCC | payload 01 55 2A 75 00 43 87 BF 
[  320737] ch50 r2 T: 3C 4F 32 A3 AE 4E 69 EF DE 04 51 6E DE F7 3B 6B 
[  320737] XN297 OK addr AA55CCCCCC | payload 01 55 2A 75 00 43 87 BF 
[  320750] ch50 r2 T: 3C 4F 32 A3 AE 4E 69 EF DE 04 51 7F EB F9 B4 BD 
[  320750] XN297 OK addr AA55CCCCCC | payload 01 55 2A 75 00 43 87 BF 
[  320763] ch50 r2 T: 3C 4F 32 A3 AE 4E 69 EF DE 04 51 F6 DA FF ED DB 
[  320763] XN297 OK addr AA55CCCCCC | payload 01 55 2A 75 00 43 87 BF 
[  320776] ch50 r2 T: 3C 4F 32 A3 AE 4E 69 EF DE 04 51 DC FB FE B2 ED 
[  320776] XN297 OK addr AA55CCCCCC | payload 01 55 2A 75 00 43 87 BF 
[  321790] ch50 r2 T: BC 4F 32 A3 AE 4C 99 EC 6E 47 51 D7 55 DB FB 46 
[  321790] XN297 OK addr AA55CCCCCC | payload 00 55 2A 75 00 03 88 7F 
[  321803] ch50 r2 T: BC 4F 32 A3 AE 4C 99 EC 6E 47 51 76 AF ED FF 7F 
[  321803] XN297 OK addr AA55CCCCCC | payload 00 55 2A 75 00 03 88 7F 
[  321817] ch50 r2 T: BC 4F 32 A3 AE 4C 99 EC 6E 47 51 7F AB EB B4 B1 
[  321817] XN297 OK addr AA55CCCCCC | payload 00 55 2A 75 00 03 88 7F 
[  321830] ch50 r2 T: BC 4F 32 A3 AE 4C 99 EC 6E 47 51 FD ED 3B FF 2F 
[  321830] XN297 OK addr AA55CCCCCC | payload 00 55 2A 75 00 03 88 7F 
[  321843] ch50 r2 T: BC 4F 32 A3 AE 4C 99 EC 6E 47 51 5F 2D 5F 1D 7A 
[  321843] XN297 OK addr AA55CCCCCC | payload 00 55 2A 75 00 03 88 7F 
[  321856] ch50 r2 T: BC 4F 32 A3 AE 4C 99 EC 6E 47 51 DF FF FB FB AE 
[  321856] XN297 OK addr AA55CCCCCC | payload 00 55 2A 75 00 03 88 7F 
[  321869] ch50 r2 T: BC 4F 32 A3 AE 4C 99 EC 6E 47 51 EF 17 EF AD 5E 
[  321869] XN297 OK addr AA55CCCCCC | payload 00 55 2A 75 00 03 88 7F 
[  321882] ch50 r2 T: BC 4F 32 A3 AE 4C 99 EC 6E 47 51 DE DE F6 DF FF 
[  321882] XN297 OK addr AA55CCCCCC | payload 00 55 2A 75 00 03 88 7F 
[  321896] ch50 r2 T: BC 4F 32 A3 AE 4C 99 EC 6E 47 51 EB F5 FB AE AD 
[  321896] XN297 OK addr AA55CCCCCC | payload 00 55 2A 75 00 03 88 7F 
[  321909] ch50 r2 T: BC 4F 32 A3 AE 4C 99 EC 6E 47 51 77 EF BE ED ED 
[  321909] XN297 OK addr AA55CCCCCC | payload 00 55 2A 75 00 03 88 7F 
[  321922] ch50 r2 T: BC 4F 32 A3 AE 4C 99 EC 6E 47 51 FE 77 EF FB DB 
[  321922] XN297 OK addr AA55CCCCCC | payload 00 55 2A 75 00 03 88 7F 
[  321983] ch50 r2 T: 3C 4F 32 A3 AE 4E 19 91 49 04 51 4D AB 9D 75 DF 
[  321983] XN297 OK addr AA55CCCCCC | payload 01 55 2A 75 00 43 89 C1 
[  321996] ch50 r2 T: 3C 4F 32 A3 AE 4E 19 91 49 04 51 EF BF BF BD 3E 
[  321996] XN297 OK addr AA55CCCCCC | payload 01 55 2A 75 00 43 89 C1 
[  322010] ch50 r2 T: 3C 4F 32 A3 AE 4E 19 91 49 04 51 EA FF FB EF FF 
[  322010] XN297 OK addr AA55CCCCCC | payload 01 55 2A 75 00 43 89 C1 
[  322023] ch50 r2 T: 3C 4F 32 A3 AE 4E 19 91 49 04 51 DF FF 5F EF 5D 
[  322023] XN297 OK addr AA55CCCCCC | payload 01 55 2A 75 00 43 89 C1 
[  322036] ch50 r2 T: 3C 4F 32 A3 AE 4E 19 91 49 04 51 77 F5 BE CE FA 
[  322036] XN297 OK addr AA55CCCCCC | payload 01 55 2A 75 00 43 89 C1 
[  322049] ch50 r2 T: 3C 4F 32 A3 AE 4E 19 91 49 04 51 AB E5 7D F6 AD 
[  322049] XN297 OK addr AA55CCCCCC | payload 01 55 2A 75 00 43 89 C1 
[  322062] ch50 r2 T: 3C 4F 32 A3 AE 4E 19 91 49 04 51 D7 DD F5 AD 3D 
[  322062] XN297 OK addr AA55CCCCCC | payload 01 55 2A 75 00 43 89 C1 
[  322075] ch50 r2 T: 3C 4F 32 A3 AE 4E 19 91 49 04 51 BF FB EB 65 5F 
[  322075] XN297 OK addr AA55CCCCCC | payload 01 55 2A 75 00 43 89 C1 
[  322089] ch50 r2 T: 3C 4F 32 A3 AE 4E 19 91 49 04 51 7F FF 7D FF DF 
[  322089] XN297 OK addr AA55CCCCCC | payload 01 55 2A 75 00 43 89 C1 
[  322102] ch50 r2 T: 3C 4F 32 A3 AE 4E 19 91 49 04 51 CB 5F ED F7 AE 
[  322102] XN297 OK addr AA55CCCCCC | payload 01 55 2A 75 00 43 89 C1 
[  322115] ch50 r2 T: 3C 4F 32 A3 AE 4E 19 91 49 04 51 E7 FA DD FF F6 
[  322115] XN297 OK addr AA55CCCCCC | payload 01 55 2A 75 00 43 89 C1 
[  323067] ch50 r2 T: BC 4F 32 A3 AE 4C D9 93 EC F3 51 DE AA BE D7 AF 
[  323067] XN297 OK addr AA55CCCCCC | payload 00 55 2A 75 00 03 8A 81 
[  323080] ch50 r2 T: BC 4F 32 A3 AE 4C D9 93 EC F3 51 BF BD D5 FE FF 
[  323080] XN297 OK addr AA55CCCCCC | payload 00 55 2A 75 00 03 8A 81 
[  323093] ch50 r2 T: BC 4F 32 A3 AE 4C D9 93 EC F3 51 EF BB 7D 7B 7D 
[  323093] XN297 OK addr AA55CCCCCC | payload 00 55 2A 75 00 03 8A 81 
[  323106] ch50 r2 T: BC 4F 32 A3 AE 4C D9 93 EC F3 51 F5 BB 77 BA F6 
[  323106] XN297 OK addr AA55CCCCCC | payload 00 55 2A 75 00 03 8A 81 
[  323119] ch50 r2 T: BC 4F 32 A3 AE 4C D9 93 EC F3 51 AB B5 6E FA FA 
[  323119] XN297 OK addr AA55CCCCCC | payload 00 55 2A 75 00 03 8A 81 
[  323132] ch50 r2 T: BC 4F 32 A3 AE 4C D9 93 EC F3 51 66 BF D5 54 B4 
[  323132] XN297 OK addr AA55CCCCCC | payload 00 55 2A 75 00 03 8A 81 
[  323145] ch50 r2 T: BC 4F 32 A3 AE 4C D9 93 EC F3 51 DD 55 FF FF 7A 
[  323145] XN297 OK addr AA55CCCCCC | payload 00 55 2A 75 00 03 8A 81 
[  323159] ch50 r2 T: BC 4F 32 A3 AE 4C D9 93 EC F3 51 D9 7C FD 5C 66 
[  323159] XN297 OK addr AA55CCCCCC | payload 00 55 2A 75 00 03 8A 81 
[  323172] ch50 r2 T: BC 4F 32 A3 AE 4C D9 93 EC F3 51 9D FE EE E6 DD 
[  323172] XN297 OK addr AA55CCCCCC | payload 00 55 2A 75 00 03 8A 81 
[  323185] ch50 r2 T: BC 4F 32 A3 AE 4C D9 93 EC F3 51 FF 77 7E FB FF 
[  323185] XN297 OK addr AA55CCCCCC | payload 00 55 2A 75 00 03 8A 81 
[  323198] ch50 r2 T: BC 4F 32 A3 AE 4C D9 93 EC F3 51 7E FF DF 7F EB 
[  323198] XN297 OK addr AA55CCCCCC | payload 00 55 2A 75 00 03 8A 81 
[  323259] ch50 r2 T: 3C 4F 32 A3 AE 4E 59 D1 0C 0C 51 FB 77 FF DC 7E 
[  323259] XN297 OK addr AA55CCCCCC | payload 01 55 2A 75 00 43 8B C3 
[  323272] ch50 r2 T: 3C 4F 32 A3 AE 4E 59 D1 0C 0C 51 54 FF FB FF FE 
[  323272] XN297 OK addr AA55CCCCCC | payload 01 55 2A 75 00 43 8B C3 
[  323286] ch50 r2 T: 3C 4F 32 A3 AE 4E 59 D1 0C 0C 51 F7 E4 F7 DB EA 
[  323286] XN297 OK addr AA55CCCCCC | payload 01 55 2A 75 00 43 8B C3 
[  323299] ch50 r2 T: 3C 4F 32 A3 AE 4E 59 D1 0C 0C 51 6F E5 FB DF D5 
[  323299] XN297 OK addr AA55CCCCCC | payload 01 55 2A 75 00 43 8B C3 
[  323312] ch50 r2 T: 3C 4F 32 A3 AE 4E 59 D1 0C 0C 51 EB ED EB DA A8 
[  323312] XN297 OK addr AA55CCCCCC | payload 01 55 2A 75 00 43 8B C3 
[  323325] ch50 r2 T: 3C 4F 32 A3 AE 4E 59 D1 0C 0C 51 FA AE BD AB ED 
[  323325] XN297 OK addr AA55CCCCCC | payload 01 55 2A 75 00 43 8B C3 
[  323338] ch50 r2 T: 3C 4F 32 A3 AE 4E 59 D1 0C 0C 51 FF BF 7B D7 BA 
[  323338] XN297 OK addr AA55CCCCCC | payload 01 55 2A 75 00 43 8B C3 
[  323351] ch50 r2 T: 3C 4F 32 A3 AE 4E 59 D1 0C 0C 51 6F BE ED AA 7B 
[  323351] XN297 OK addr AA55CCCCCC | payload 01 55 2A 75 00 43 8B C3 
[  323364] ch50 r2 T: 3C 4F 32 A3 AE 4E 59 D1 0C 0C 51 FF 7E FE BF FE 
[  323364] XN297 OK addr AA55CCCCCC | payload 01 55 2A 75 00 43 8B C3 
[  323378] ch50 r2 T: 3C 4F 32 A3 AE 4E 59 D1 0C 0C 51 55 AA EE 54 50 
[  323378] XN297 OK addr AA55CCCCCC | payload 01 55 2A 75 00 43 8B C3 
[  323391] ch50 r2 T: 3C 4F 32 A3 AE 4E 59 D1 0C 0C 51 DA 55 DD D2 A9 
[  323391] XN297 OK addr AA55CCCCCC | payload 01 55 2A 75 00 43 8B C3 
[  324361] ch50 r2 T: BC 4F 32 A3 AE 4C B9 D3 AF 1D 51 B7 BF E5 FB F6 
[  324361] XN297 OK addr AA55CCCCCC | payload 00 55 2A 75 00 03 8C 83 
[  324374] ch50 r2 T: BC 4F 32 A3 AE 4C B9 D3 AF 1D 51 A9 BE F6 B5 FD 
[  324374] XN297 OK addr AA55CCCCCC | payload 00 55 2A 75 00 03 8C 83 
[  324388] ch50 r2 T: BC 4F 32 A3 AE 4C B9 D3 AF 1D 51 9F FD 5A 7E F7 
[  324388] XN297 OK addr AA55CCCCCC | payload 00 55 2A 75 00 03 8C 83 
[  324401] ch50 r2 T: BC 4F 32 A3 AE 4C B9 D3 AF 1D 51 57 7D F1 FA DA 
[  324401] XN297 OK addr AA55CCCCCC | payload 00 55 2A 75 00 03 8C 83 
[  324414] ch50 r2 T: BC 4F 32 A3 AE 4C B9 D3 AF 1D 51 6A B7 57 EF FB 
[  324414] XN297 OK addr AA55CCCCCC | payload 00 55 2A 75 00 03 8C 83 
[  324427] ch50 r2 T: BC 4F 32 A3 AE 4C B9 D3 AF 1D 51 D7 B7 DD D7 7A 
[  324427] XN297 OK addr AA55CCCCCC | payload 00 55 2A 75 00 03 8C 83 
[  324440] ch50 r2 T: BC 4F 32 A3 AE 4C B9 D3 AF 1D 51 5B FD AF EF FD 
[  324440] XN297 OK addr AA55CCCCCC | payload 00 55 2A 75 00 03 8C 83 
[  324453] ch50 r2 T: BC 4F 32 A3 AE 4C B9 D3 AF 1D 51 B7 CF BF D1 1D 
[  324453] XN297 OK addr AA55CCCCCC | payload 00 55 2A 75 00 03 8C 83 
[  324467] ch50 r2 T: BC 4F 32 A3 AE 4C B9 D3 AF 1D 51 BE AF FF 77 2D 
[  324467] XN297 OK addr AA55CCCCCC | payload 00 55 2A 75 00 03 8C 83 
[  324480] ch50 r2 T: BC 4F 32 A3 AE 4C B9 D3 AF 1D 51 55 F6 5B 76 65 
[  324480] XN297 OK addr AA55CCCCCC | payload 00 55 2A 75 00 03 8C 83 
[  324493] ch50 r2 T: BC 4F 32 A3 AE 4C B9 D3 AF 1D 51 7D DF 6B 50 95 
[  324493] XN297 OK addr AA55CCCCCC | payload 00 55 2A 75 00 03 8C 83 
[  324554] ch50 r2 T: 3C 4F 32 A3 AE 4E 39 B1 6B 80 51 AF 6E AD FF AD 
[  324554] XN297 OK addr AA55CCCCCC | payload 01 55 2A 75 00 43 8D C5 
[  324567] ch50 r2 T: 3C 4F 32 A3 AE 4E 39 B1 6B 80 51 CF FF FE AD D9 
[  324567] XN297 OK addr AA55CCCCCC | payload 01 55 2A 75 00 43 8D C5 
[  324580] ch50 r2 T: 3C 4F 32 A3 AE 4E 39 B1 6B 80 51 D9 D7 FE FB 72 
[  324580] XN297 OK addr AA55CCCCCC | payload 01 55 2A 75 00 43 8D C5 
[  324593] ch50 r2 T: 3C 4F 32 A3 AE 4E 39 B1 6B 80 51 BB EA D7 55 BA 
[  324593] XN297 OK addr AA55CCCCCC | payload 01 55 2A 75 00 43 8D C5 
[  324606] ch50 r2 T: 3C 4F 32 A3 AE 4E 39 B1 6B 80 51 7B FA FA DB 9C 
[  324606] XN297 OK addr AA55CCCCCC | payload 01 55 2A 75 00 43 8D C5 
[  324619] ch50 r2 T: 3C 4F 32 A3 AE 4E 39 B1 6B 80 51 BF FF F7 BF ED 
[  324619] XN297 OK addr AA55CCCCCC | payload 01 55 2A 75 00 43 8D C5 
[  324633] ch50 r2 T: 3C 4F 32 A3 AE 4E 39 B1 6B 80 51 73 5D F5 54 DE 
[  324633] XN297 OK addr AA55CCCCCC | payload 01 55 2A 75 00 43 8D C5 
[  324646] ch50 r2 T: 3C 4F 32 A3 AE 4E 39 B1 6B 80 51 9B FA BD 24 FB 
[  324646] XN297 OK addr AA55CCCCCC | payload 01 55 2A 75 00 43 8D C5 
[  324659] ch50 r2 T: 3C 4F 32 A3 AE 4E 39 B1 6B 80 51 65 5F FD 77 EF 
[  324659] XN297 OK addr AA55CCCCCC | payload 01 55 2A 75 00 43 8D C5 
[  324672] ch50 r2 T: 3C 4F 32 A3 AE 4E 39 B1 6B 80 51 D5 AD FD EB 7B 
[  324672] XN297 OK addr AA55CCCCCC | payload 01 55 2A 75 00 43 8D C5 
[  324685] ch50 r2 T: 3C 4F 32 A3 AE 4E 39 B1 6B 80 51 17 FF BE BB F5 
[  324685] XN297 OK addr AA55CCCCCC | payload 01 55 2A 75 00 43 8D C5 
[  325694] ch50 r2 T: BC 4F 32 A3 AE 4C F9 B3 CE 77 51 FD 7F 3F B5 DF 
[  325694] XN297 OK addr AA55CCCCCC | payload 00 55 2A 75 00 03 8E 85 
[  325707] ch50 r2 T: BC 4F 32 A3 AE 4C F9 B3 CE 77 51 F7 EF BF 5F B7 
[  325707] XN297 OK addr AA55CCCCCC | payload 00 55 2A 75 00 03 8E 85 
[  325720] ch50 r2 T: BC 4F 32 A3 AE 4C F9 B3 CE 77 51 FB 7E AE FE D5 
[  325720] XN297 OK addr AA55CCCCCC | payload 00 55 2A 75 00 03 8E 85 
[  325734] ch50 r2 T: BC 4F 32 A3 AE 4C F9 B3 CE 77 51 AF F5 7F DF 63 
[  325734] XN297 OK addr AA55CCCCCC | payload 00 55 2A 75 00 03 8E 85 
[  325747] ch50 r2 T: BC 4F 32 A3 AE 4C F9 B3 CE 77 51 FE DF BF DB FF 
[  325747] XN297 OK addr AA55CCCCCC | payload 00 55 2A 75 00 03 8E 85 
[  325760] ch50 r2 T: BC 4F 32 A3 AE 4C F9 B3 CE 77 51 FA FB 3F F5 BB 
[  325760] XN297 OK addr AA55CCCCCC | payload 00 55 2A 75 00 03 8E 85 
[  325773] ch50 r2 T: BC 4F 32 A3 AE 4C F9 B3 CE 77 51 EB B9 FB FA FD 
[  325773] XN297 OK addr AA55CCCCCC | payload 00 55 2A 75 00 03 8E 85 
[  325786] ch50 r2 T: BC 4F 32 A3 AE 4C F9 B3 CE 77 51 DF FE BA BF FD 
[  325786] XN297 OK addr AA55CCCCCC | payload 00 55 2A 75 00 03 8E 85 
[  325799] ch50 r2 T: BC 4F 32 A3 AE 4C F9 B3 CE 77 51 7B 7B 6B ED 55 
[  325799] XN297 OK addr AA55CCCCCC | payload 00 55 2A 75 00 03 8E 85 
[  325812] ch50 r2 T: BC 4F 32 A3 AE 4C F9 B3 CE 77 51 FD F5 FB 7D F7 
[  325812] XN297 OK addr AA55CCCCCC | payload 00 55 2A 75 00 03 8E 85 
[  325826] ch50 r2 T: BC 4F 32 A3 AE 4C F9 B3 CE 77 51 77 6F 3E FD 3F 
[  325826] XN297 OK addr AA55CCCCCC | payload 00 55 2A 75 00 03 8E 85 
[  325887] ch50 r2 T: 3C 4F 32 A3 AE 4E 79 F1 2E 88 51 7A D6 5A 8A D2 
[  325887] XN297 OK addr AA55CCCCCC | payload 01 55 2A 75 00 43 8F C7 
[  325900] ch50 r2 T: 3C 4F 32 A3 AE 4E 79 F1 2E 88 51 6D D6 FD FB DD 
[  325900] XN297 OK addr AA55CCCCCC | payload 01 55 2A 75 00 43 8F C7 
[  325913] ch50 r2 T: 3C 4F 32 A3 AE 4E 79 F1 2E 88 51 2B 77 DB 5B F7 
[  325913] XN297 OK addr AA55CCCCCC | payload 01 55 2A 75 00 43 8F C7 
[  325926] ch50 r2 T: 3C 4F 32 A3 AE 4E 79 F1 2E 88 51 4A EA AA CF 5B 
[  325926] XN297 OK addr AA55CCCCCC | payload 01 55 2A 75 00 43 8F C7 
[  325939] ch50 r2 T: 3C 4F 32 A3 AE 4E 79 F1 2E 88 51 DB 6B AF 7B FD 
[  325939] XN297 OK addr AA55CCCCCC | payload 01 55 2A 75 00 43 8F C7 
[  325953] ch50 r2 T: 3C 4F 32 A3 AE 4E 79 F1 2E 88 51 F3 FE FF 6F 7D 
[  325953] XN297 OK addr AA55CCCCCC | payload 01 55 2A 75 00 43 8F C7 
[  325966] ch50 r2 T: 3C 4F 32 A3 AE 4E 79 F1 2E 88 51 BD BA AD 6F EB 
[  325966] XN297 OK addr AA55CCCCCC | payload 01 55 2A 75 00 43 8F C7 
[  325979] ch50 r2 T: 3C 4F 32 A3 AE 4E 79 F1 2E 88 51 DF 75 A6 AB FD 
[  325979] XN297 OK addr AA55CCCCCC | payload 01 55 2A 75 00 43 8F C7 
[  325992] ch50 r2 T: 3C 4F 32 A3 AE 4E 79 F1 2E 88 51 7B BE 9F D3 6F 
[  325992] XN297 OK addr AA55CCCCCC | payload 01 55 2A 75 00 43 8F C7 
[  326005] ch50 r2 T: 3C 4F 32 A3 AE 4E 79 F1 2E 88 51 EF 7A ED FF BE 
[  326005] XN297 OK addr AA55CCCCCC | payload 01 55 2A 75 00 43 8F C7 
[  326018] ch50 r2 T: 3C 4F 32 A3 AE 4E 79 F1 2E 88 51 BF F2 D5 A4 93 
[  326018] XN297 OK addr AA55CCCCCC | payload 01 55 2A 75 00 43 8F C7 
[  327089] ch50 r2 T: BC 4F 32 A3 AE 4C 81 F3 07 43 51 F7 EF 77 F5 EE 
[  327089] XN297 OK addr AA55CCCCCC | payload 00 55 2A 75 00 03 90 87 
[  327102] ch50 r2 T: BC 4F 32 A3 AE 4C 81 F3 07 43 51 EB FF DF B5 6C 
[  327102] XN297 OK addr AA55CCCCCC | payload 00 55 2A 75 00 03 90 87 
[  327115] ch50 r2 T: BC 4F 32 A3 AE 4C 81 F3 07 43 51 AA 9F 7D DF FF 
[  327115] XN297 OK addr AA55CCCCCC | payload 00 55 2A 75 00 03 90 87 
[  327128] ch50 r2 T: BC 4F 32 A3 AE 4C 81 F3 07 43 51 6F 5F FD BA 8A 
[  327128] XN297 OK addr AA55CCCCCC | payload 00 55 2A 75 00 03 90 87 
[  327142] ch50 r2 T: BC 4F 32 A3 AE 4C 81 F3 07 43 51 BF BA BB BB E5 
[  327142] XN297 OK addr AA55CCCCCC | payload 00 55 2A 75 00 03 90 87 
[  327155] ch50 r2 T: BC 4F 32 A3 AE 4C 81 F3 07 43 51 7F 5A F7 BF 7F 
[  327155] XN297 OK addr AA55CCCCCC | payload 00 55 2A 75 00 03 90 87 
[  327168] ch50 r2 T: BC 4F 32 A3 AE 4C 81 F3 07 43 51 7F 7E 5A 55 5C 
[  327168] XN297 OK addr AA55CCCCCC | payload 00 55 2A 75 00 03 90 87 
[  327181] ch50 r2 T: BC 4F 32 A3 AE 4C 81 F3 07 43 51 F6 7D EE BA A8 
[  327181] XN297 OK addr AA55CCCCCC | payload 00 55 2A 75 00 03 90 87 
[  327194] ch50 r2 T: BC 4F 32 A3 AE 4C 81 F3 07 43 51 D7 75 55 7A F2 
[  327194] XN297 OK addr AA55CCCCCC | payload 00 55 2A 75 00 03 90 87 
[  327207] ch50 r2 T: BC 4F 32 A3 AE 4C 81 F3 07 43 51 7F F7 72 CA AF 
[  327207] XN297 OK addr AA55CCCCCC | payload 00 55 2A 75 00 03 90 87 
[  327220] ch50 r2 T: BC 4F 32 A3 AE 4C 81 F3 07 43 51 57 EA D5 6E 7F 
[  327220] XN297 OK addr AA55CCCCCC | payload 00 55 2A 75 00 03 90 87 
[  327282] ch50 r2 T: 3C 4F 32 A3 AE 4E 01 81 D1 EF 51 FD FE DF BF FA 
[  327282] XN297 OK addr AA55CCCCCC | payload 01 55 2A 75 00 43 91 C9 
[  327295] ch50 r2 T: 3C 4F 32 A3 AE 4E 01 81 D1 EF 51 BF F3 FD F4 9D 
[  327295] XN297 OK addr AA55CCCCCC | payload 01 55 2A 75 00 43 91 C9 
[  327308] ch50 r2 T: 3C 4F 32 A3 AE 4E 01 81 D1 EF 51 7E FB DF BF 77 
[  327308] XN297 OK addr AA55CCCCCC | payload 01 55 2A 75 00 43 91 C9 
[  327321] ch50 r2 T: 3C 4F 32 A3 AE 4E 01 81 D1 EF 51 EA FF 77 EF 76 
[  327321] XN297 OK addr AA55CCCCCC | payload 01 55 2A 75 00 43 91 C9 
[  327334] ch50 r2 T: 3C 4F 32 A3 AE 4E 01 81 D1 EF 51 57 D3 55 73 57 
[  327334] XN297 OK addr AA55CCCCCC | payload 01 55 2A 75 00 43 91 C9 
[  327347] ch50 r2 T: 3C 4F 32 A3 AE 4E 01 81 D1 EF 51 D7 11 4D 55 77 
[  327347] XN297 OK addr AA55CCCCCC | payload 01 55 2A 75 00 43 91 C9 
[  327361] ch50 r2 T: 3C 4F 32 A3 AE 4E 01 81 D1 EF 51 B5 7E A5 37 7B 
[  327361] XN297 OK addr AA55CCCCCC | payload 01 55 2A 75 00 43 91 C9 
[  327374] ch50 r2 T: 3C 4F 32 A3 AE 4E 01 81 D1 EF 51 7D DD 3B DE F6 
[  327374] XN297 OK addr AA55CCCCCC | payload 01 55 2A 75 00 43 91 C9 
[  327387] ch50 r2 T: 3C 4F 32 A3 AE 4E 01 81 D1 EF 51 BD 59 B7 4F D5 
[  327387] XN297 OK addr AA55CCCCCC | payload 01 55 2A 75 00 43 91 C9 
[  327400] ch50 r2 T: 3C 4F 32 A3 AE 4E 01 81 D1 EF 51 FA EB 95 5B 75 
[  327400] XN297 OK addr AA55CCCCCC | payload 01 55 2A 75 00 43 91 C9 
[  327413] ch50 r2 T: 3C 4F 32 A3 AE 4E 01 81 D1 EF 51 7F F6 D7 EF AE 
[  327413] XN297 OK addr AA55CCCCCC | payload 01 55 2A 75 00 43 91 C9 
