------------------------------
# R2 ON probe

Команды: b (фон), s (скан с нажатиями), c N (канал), r N (0=1M,1=2M,2=250k),
a N (адрес 0..3), f (фильтр), x (XN297 декод вкл/выкл), t (прицельный режим), p (сниффинг старт/стоп), # метка, ? справка
TX <hex> - передать нажатие (05=ВКЛ 09=ВЫКЛ 10=НОЧНИК 11=ДЕНЬ 07=ТЕМП.ЦИКЛ), CTR <n> - задать счётчик
IP - адрес веб-пульта
REP <n> - кадров в пачке (30), PRESSREP <n> - повторов нажатия (3)
PING - одиночная отправка (чередует ВКЛ/ВЫКЛ), RANGE <сек> - авто-тест дальности (выкл)
AUTO 0/1 - авто-тест передачи на старте (выкл)
Сейчас: канал 50, скорость 2, адрес 0, фильтр вкл, XN297 вкл, прицельный вкл, сниффинг вкл
[   28569] ch50 r2 T: BC 4F DC C3 AE 2C 09 C7 6A 89 51 FD 5B 79 F7 DF 
[   28569] XN297 OK addr AA55CCCCCC | payload 00 55 5D 73 00 05 81 AB 
[   28582] ch50 r2 T: BC 4F DC C3 AE 2C 09 C7 6A 89 51 9F EF D5 B5 77 
[   28582] XN297 OK addr AA55CCCCCC | payload 00 55 5D 73 00 05 81 AB 
[   28595] ch50 r2 T: BC 4F DC C3 AE 2C 09 C7 6A 89 51 F4 FD BD 7F B6 
[   28595] XN297 OK addr AA55CCCCCC | payload 00 55 5D 73 00 05 81 AB 
[   28608] ch50 r2 T: BC 4F DC C3 AE 2C 09 C7 6A 89 51 F7 FF EE F7 7B 
[   28608] XN297 OK addr AA55CCCCCC | payload 00 55 5D 73 00 05 81 AB 
[   28621] ch50 r2 T: BC 4F DC C3 AE 2C 09 C7 6A 89 51 9D A7 BA 8B 35 
[   28621] XN297 OK addr AA55CCCCCC | payload 00 55 5D 73 00 05 81 AB 
[   28634] ch50 r2 T: BC 4F DC C3 AE 2C 09 C7 6A 89 51 7F FF FB EF DF 
[   28634] XN297 OK addr AA55CCCCCC | payload 00 55 5D 73 00 05 81 AB 
[   28648] ch50 r2 T: BC 4F DC C3 AE 2C 09 C7 6A 89 51 66 AF B3 47 55 
[   28648] XN297 OK addr AA55CCCCCC | payload 00 55 5D 73 00 05 81 AB 
[   28661] ch50 r2 T: BC 4F DC C3 AE 2C 09 C7 6A 89 51 F5 D5 6F DB BF 
[   28661] XN297 OK addr AA55CCCCCC | payload 00 55 5D 73 00 05 81 AB 
[   28674] ch50 r2 T: BC 4F DC C3 AE 2C 09 C7 6A 89 51 EF 57 FF F6 EF 
[   28674] XN297 OK addr AA55CCCCCC | payload 00 55 5D 73 00 05 81 AB 
[   28687] ch50 r2 T: BC 4F DC C3 AE 2C 09 C7 6A 89 51 6B BF 7A F7 7B 
[   28687] XN297 OK addr AA55CCCCCC | payload 00 55 5D 73 00 05 81 AB 
[   28700] ch50 r2 T: BC 4F DC C3 AE 2C 09 C7 6A 89 51 6F 55 A1 69 6A 
[   28700] XN297 OK addr AA55CCCCCC | payload 00 55 5D 73 00 05 81 AB 
[   28762] ch50 r2 T: 3C 4F DC C3 AE 2E C9 A5 A3 D8 51 37 AF FD F7 D7 
[   28762] XN297 OK addr AA55CCCCCC | payload 01 55 5D 73 00 45 82 ED 
[   28775] ch50 r2 T: 3C 4F DC C3 AE 2E C9 A5 A3 D8 51 75 DE 75 5B BB 
[   28775] XN297 OK addr AA55CCCCCC | payload 01 55 5D 73 00 45 82 ED 
[   28788] ch50 r2 T: 3C 4F DC C3 AE 2E C9 A5 A3 D8 51 EF 6F 7F FB D3 
[   28788] XN297 OK addr AA55CCCCCC | payload 01 55 5D 73 00 45 82 ED 
[   28801] ch50 r2 T: 3C 4F DC C3 AE 2E C9 A5 A3 D8 51 ED D6 D5 B6 FF 
[   28801] XN297 OK addr AA55CCCCCC | payload 01 55 5D 73 00 45 82 ED 
[   28814] ch50 r2 T: 3C 4F DC C3 AE 2E C9 A5 A3 D8 51 71 BB 7B EA FB 
[   28814] XN297 OK addr AA55CCCCCC | payload 01 55 5D 73 00 45 82 ED 
[   28828] ch50 r2 T: 3C 4F DC C3 AE 2E C9 A5 A3 D8 51 7D F5 DF 2F DD 
[   28828] XN297 OK addr AA55CCCCCC | payload 01 55 5D 73 00 45 82 ED 
[   28841] ch50 r2 T: 3C 4F DC C3 AE 2E C9 A5 A3 D8 51 EE FF 65 F6 BC 
[   28841] XN297 OK addr AA55CCCCCC | payload 01 55 5D 73 00 45 82 ED 
[   28854] ch50 r2 T: 3C 4F DC C3 AE 2E C9 A5 A3 D8 51 FC FD EF 3B EF 
[   28854] XN297 OK addr AA55CCCCCC | payload 01 55 5D 73 00 45 82 ED 
[   28867] ch50 r2 T: 3C 4F DC C3 AE 2E C9 A5 A3 D8 51 B5 69 AE AE E4 
[   28867] XN297 OK addr AA55CCCCCC | payload 01 55 5D 73 00 45 82 ED 
[   28880] ch50 r2 T: 3C 4F DC C3 AE 2E C9 A5 A3 D8 51 FD F7 FE 77 D4 
[   28880] XN297 OK addr AA55CCCCCC | payload 01 55 5D 73 00 45 82 ED 
[   28893] ch50 r2 T: 3C 4F DC C3 AE 2E C9 A5 A3 D8 51 6F 56 AF FE EF 
[   28893] XN297 OK addr AA55CCCCCC | payload 01 55 5D 73 00 45 82 ED 
[   28956] ch50 r2 T: FC 4F DC C3 AE 2E 49 E5 FB D5 51 6C FD DD FF FF 
[   28956] XN297 OK addr AA55CCCCCC | payload 02 55 5D 73 00 45 83 EF 
[   28970] ch50 r2 T: FC 4F DC C3 AE 2E 49 E5 FB D5 51 F4 DF BD F7 FF 
[   28970] XN297 OK addr AA55CCCCCC | payload 02 55 5D 73 00 45 83 EF 
[   28983] ch50 r2 T: FC 4F DC C3 AE 2E 49 E5 FB D5 51 ED DD FD FF A5 
[   28983] XN297 OK addr AA55CCCCCC | payload 02 55 5D 73 00 45 83 EF 
[   28996] ch50 r2 T: FC 4F DC C3 AE 2E 49 E5 FB D5 51 FE 58 AD 0A 28 
[   28996] XN297 OK addr AA55CCCCCC | payload 02 55 5D 73 00 45 83 EF 
[   29009] ch50 r2 T: FC 4F DC C3 AE 2E 49 E5 FB D5 51 FB DF 6E AB 5B 
[   29009] XN297 OK addr AA55CCCCCC | payload 02 55 5D 73 00 45 83 EF 
[   29022] ch50 r2 T: FC 4F DC C3 AE 2E 49 E5 FB D5 51 AE FB 7F EF FB 
[   29022] XN297 OK addr AA55CCCCCC | payload 02 55 5D 73 00 45 83 EF 
[   29035] ch50 r2 T: FC 4F DC C3 AE 2E 49 E5 FB D5 51 EF 5F EB AA FB 
[   29035] XN297 OK addr AA55CCCCCC | payload 02 55 5D 73 00 45 83 EF 
[   29049] ch50 r2 T: FC 4F DC C3 AE 2E 49 E5 FB D5 51 FE BA DF BE FE 
[   29049] XN297 OK addr AA55CCCCCC | payload 02 55 5D 73 00 45 83 EF 
[   29062] ch50 r2 T: FC 4F DC C3 AE 2E 49 E5 FB D5 51 EE B5 67 D3 EC 
[   29062] XN297 OK addr AA55CCCCCC | payload 02 55 5D 73 00 45 83 EF 
[   29075] ch50 r2 T: FC 4F DC C3 AE 2E 49 E5 FB D5 51 77 4D C7 94 AA 
[   29075] XN297 OK addr AA55CCCCCC | payload 02 55 5D 73 00 45 83 EF 
[   29088] ch50 r2 T: FC 4F DC C3 AE 2E 49 E5 FB D5 51 5D FB FF 7F DB 
[   29088] XN297 OK addr AA55CCCCCC | payload 02 55 5D 73 00 45 83 EF 
[   30183] ch50 r2 T: BC 4F DC C3 AE 2C A9 67 C2 1D 51 77 BF 6F BD F7 
[   30183] XN297 OK addr AA55CCCCCC | payload 00 55 5D 73 00 05 84 AE 
[   30196] ch50 r2 T: BC 4F DC C3 AE 2C A9 67 C2 1D 51 7F 35 35 7B DF 
[   30196] XN297 OK addr AA55CCCCCC | payload 00 55 5D 73 00 05 84 AE 
[   30209] ch50 r2 T: BC 4F DC C3 AE 2C A9 67 C2 1D 51 B6 FF BB F4 B7 
[   30209] XN297 OK addr AA55CCCCCC | payload 00 55 5D 73 00 05 84 AE 
[   30223] ch50 r2 T: BC 4F DC C3 AE 2C A9 67 C2 1D 51 5D 61 9A FF 5F 
[   30223] XN297 OK addr AA55CCCCCC | payload 00 55 5D 73 00 05 84 AE 
[   30236] ch50 r2 T: BC 4F DC C3 AE 2C A9 67 C2 1D 51 FF F5 EF DE E6 
[   30236] XN297 OK addr AA55CCCCCC | payload 00 55 5D 73 00 05 84 AE 
[   30249] ch50 r2 T: BC 4F DC C3 AE 2C A9 67 C2 1D 51 EF FF DB 5E EA 
[   30249] XN297 OK addr AA55CCCCCC | payload 00 55 5D 73 00 05 84 AE 
[   30262] ch50 r2 T: BC 4F DC C3 AE 2C A9 67 C2 1D 51 F7 EF 7D AD 6D 
[   30262] XN297 OK addr AA55CCCCCC | payload 00 55 5D 73 00 05 84 AE 
[   30275] ch50 r2 T: BC 4F DC C3 AE 2C A9 67 C2 1D 51 7B B9 5B 5B BF 
[   30275] XN297 OK addr AA55CCCCCC | payload 00 55 5D 73 00 05 84 AE 
[   30288] ch50 r2 T: BC 4F DC C3 AE 2C A9 67 C2 1D 51 6F BD 7A 9A 14 
[   30288] XN297 OK addr AA55CCCCCC | payload 00 55 5D 73 00 05 84 AE 
[   30302] ch50 r2 T: BC 4F DC C3 AE 2C A9 67 C2 1D 51 B9 DF 5E FD 52 
[   30302] XN297 OK addr AA55CCCCCC | payload 00 55 5D 73 00 05 84 AE 
[   30315] ch50 r2 T: BC 4F DC C3 AE 2C A9 67 C2 1D 51 7D E6 5F 6E DE 
[   30315] XN297 OK addr AA55CCCCCC | payload 00 55 5D 73 00 05 84 AE 
[   30377] ch50 r2 T: 3C 4F DC C3 AE 2E 29 1D 95 B9 51 5D BF 79 EE 6D 
[   30377] XN297 OK addr AA55CCCCCC | payload 01 55 5D 73 00 45 85 F0 
[   30390] ch50 r2 T: 3C 4F DC C3 AE 2E 29 1D 95 B9 51 7A EB BB 69 EB 
[   30390] XN297 OK addr AA55CCCCCC | payload 01 55 5D 73 00 45 85 F0 
[   30403] ch50 r2 T: 3C 4F DC C3 AE 2E 29 1D 95 B9 51 EE DD DF 57 DF 
[   30403] XN297 OK addr AA55CCCCCC | payload 01 55 5D 73 00 45 85 F0 
[   30416] ch50 r2 T: 3C 4F DC C3 AE 2E 29 1D 95 B9 51 7F 67 5E DB 5E 
[   30416] XN297 OK addr AA55CCCCCC | payload 01 55 5D 73 00 45 85 F0 
[   30430] ch50 r2 T: 3C 4F DC C3 AE 2E 29 1D 95 B9 51 FE AF 2D B7 57 
[   30430] XN297 OK addr AA55CCCCCC | payload 01 55 5D 73 00 45 85 F0 
[   30443] ch50 r2 T: 3C 4F DC C3 AE 2E 29 1D 95 B9 51 57 EB CE F6 BF 
[   30443] XN297 OK addr AA55CCCCCC | payload 01 55 5D 73 00 45 85 F0 
[   30456] ch50 r2 T: 3C 4F DC C3 AE 2E 29 1D 95 B9 51 7D BF 55 D5 F2 
[   30456] XN297 OK addr AA55CCCCCC | payload 01 55 5D 73 00 45 85 F0 
[   30469] ch50 r2 T: 3C 4F DC C3 AE 2E 29 1D 95 B9 51 37 7B F7 7D EF 
[   30469] XN297 OK addr AA55CCCCCC | payload 01 55 5D 73 00 45 85 F0 
[   30482] ch50 r2 T: 3C 4F DC C3 AE 2E 29 1D 95 B9 51 FF F6 BE D6 FE 
[   30482] XN297 OK addr AA55CCCCCC | payload 01 55 5D 73 00 45 85 F0 
[   30495] ch50 r2 T: 3C 4F DC C3 AE 2E 29 1D 95 B9 51 E9 F2 7F AA A2 
[   30495] XN297 OK addr AA55CCCCCC | payload 01 55 5D 73 00 45 85 F0 
[   30509] ch50 r2 T: 3C 4F DC C3 AE 2E 29 1D 95 B9 51 6E DF CB B7 67 
[   30509] XN297 OK addr AA55CCCCCC | payload 01 55 5D 73 00 45 85 F0 
[   30570] ch50 r2 T: FC 4F DC C3 AE 2E E9 5D C0 78 51 7F F3 6F 71 F7 
[   30570] XN297 OK addr AA55CCCCCC | payload 02 55 5D 73 00 45 86 F2 
[   30584] ch50 r2 T: FC 4F DC C3 AE 2E E9 5D C0 78 51 7E EB FE F7 EF 
[   30584] XN297 OK addr AA55CCCCCC | payload 02 55 5D 73 00 45 86 F2 
[   30597] ch50 r2 T: FC 4F DC C3 AE 2E E9 5D C0 78 51 2F FA AF 6A 9E 
[   30597] XN297 OK addr AA55CCCCCC | payload 02 55 5D 73 00 45 86 F2 
[   30610] ch50 r2 T: FC 4F DC C3 AE 2E E9 5D C0 78 51 6B FD BB 38 D9 
[   30610] XN297 OK addr AA55CCCCCC | payload 02 55 5D 73 00 45 86 F2 
[   30623] ch50 r2 T: FC 4F DC C3 AE 2E E9 5D C0 78 51 EE FD B5 DB BA 
[   30623] XN297 OK addr AA55CCCCCC | payload 02 55 5D 73 00 45 86 F2 
[   30636] ch50 r2 T: FC 4F DC C3 AE 2E E9 5D C0 78 51 FF FE EF 8D 90 
[   30636] XN297 OK addr AA55CCCCCC | payload 02 55 5D 73 00 45 86 F2 
[   30649] ch50 r2 T: FC 4F DC C3 AE 2E E9 5D C0 78 51 ED AA B7 EF F5 
[   30649] XN297 OK addr AA55CCCCCC | payload 02 55 5D 73 00 45 86 F2 
[   30663] ch50 r2 T: FC 4F DC C3 AE 2E E9 5D C0 78 51 0D EF 5F 57 D5 
[   30663] XN297 OK addr AA55CCCCCC | payload 02 55 5D 73 00 45 86 F2 
[   30676] ch50 r2 T: FC 4F DC C3 AE 2E E9 5D C0 78 51 BF A9 4D FF 65 
[   30676] XN297 OK addr AA55CCCCCC | payload 02 55 5D 73 00 45 86 F2 
[   30689] ch50 r2 T: FC 4F DC C3 AE 2E E9 5D C0 78 51 FF FF FD D5 32 
[   30689] XN297 OK addr AA55CCCCCC | payload 02 55 5D 73 00 45 86 F2 
[   30702] ch50 r2 T: FC 4F DC C3 AE 2E E9 5D C0 78 51 5B 5F 76 B3 77 
[   30702] XN297 OK addr AA55CCCCCC | payload 02 55 5D 73 00 45 86 F2 
[   31992] ch50 r2 T: BC 4F DC C3 AE 2C 69 9F BA 5E 51 FF 6E AF DB 76 
[   31992] XN297 OK addr AA55CCCCCC | payload 00 55 5D 73 00 05 87 B1 
[   32005] ch50 r2 T: BC 4F DC C3 AE 2C 69 9F BA 5E 51 EB 6D AA BF 77 
[   32005] XN297 OK addr AA55CCCCCC | payload 00 55 5D 73 00 05 87 B1 
[   32019] ch50 r2 T: BC 4F DC C3 AE 2C 69 9F BA 5E 51 FF 55 F7 DB 6D 
[   32019] XN297 OK addr AA55CCCCCC | payload 00 55 5D 73 00 05 87 B1 
[   32032] ch50 r2 T: BC 4F DC C3 AE 2C 69 9F BA 5E 51 7D 75 FE BB B6 
[   32032] XN297 OK addr AA55CCCCCC | payload 00 55 5D 73 00 05 87 B1 
[   32045] ch50 r2 T: BC 4F DC C3 AE 2C 69 9F BA 5E 51 ED D2 B3 CF BB 
[   32045] XN297 OK addr AA55CCCCCC | payload 00 55 5D 73 00 05 87 B1 
[   32058] ch50 r2 T: BC 4F DC C3 AE 2C 69 9F BA 5E 51 4B 99 6E 1D 7B 
[   32058] XN297 OK addr AA55CCCCCC | payload 00 55 5D 73 00 05 87 B1 
[   32071] ch50 r2 T: BC 4F DC C3 AE 2C 69 9F BA 5E 51 BF FF 5B EF EF 
[   32071] XN297 OK addr AA55CCCCCC | payload 00 55 5D 73 00 05 87 B1 
[   32084] ch50 r2 T: BC 4F DC C3 AE 2C 69 9F BA 5E 51 D5 6B 65 34 A9 
[   32084] XN297 OK addr AA55CCCCCC | payload 00 55 5D 73 00 05 87 B1 
[   32098] ch50 r2 T: BC 4F DC C3 AE 2C 69 9F BA 5E 51 FB DD C2 DF D5 
[   32098] XN297 OK addr AA55CCCCCC | payload 00 55 5D 73 00 05 87 B1 
[   32111] ch50 r2 T: BC 4F DC C3 AE 2C 69 9F BA 5E 51 75 6B 6A 53 D6 
[   32111] XN297 OK addr AA55CCCCCC | payload 00 55 5D 73 00 05 87 B1 
[   32124] ch50 r2 T: BC 4F DC C3 AE 2C 69 9F BA 5E 51 FE F7 CE BB DD 
[   32124] XN297 OK addr AA55CCCCCC | payload 00 55 5D 73 00 05 87 B1 
[   32186] ch50 r2 T: 3C 4F DC C3 AE 2E 99 DD 52 F8 51 FA BF B0 14 4A 
[   32186] XN297 OK addr AA55CCCCCC | payload 01 55 5D 73 00 45 88 F3 
[   32200] ch50 r2 T: 3C 4F DC C3 AE 2E 99 DD 52 F8 51 FF FB 77 5E DE 
[   32200] XN297 OK addr AA55CCCCCC | payload 01 55 5D 73 00 45 88 F3 
[   32213] ch50 r2 T: 3C 4F DC C3 AE 2E 99 DD 52 F8 51 FF DA AF D5 DD 
[   32213] XN297 OK addr AA55CCCCCC | payload 01 55 5D 73 00 45 88 F3 
[   32226] ch50 r2 T: 3C 4F DC C3 AE 2E 99 DD 52 F8 51 67 EA F5 EB DD 
[   32226] XN297 OK addr AA55CCCCCC | payload 01 55 5D 73 00 45 88 F3 
[   32239] ch50 r2 T: 3C 4F DC C3 AE 2E 99 DD 52 F8 51 BE B6 F3 77 57 
[   32239] XN297 OK addr AA55CCCCCC | payload 01 55 5D 73 00 45 88 F3 
[   32252] ch50 r2 T: 3C 4F DC C3 AE 2E 99 DD 52 F8 51 3D D4 95 A9 53 
[   32252] XN297 OK addr AA55CCCCCC | payload 01 55 5D 73 00 45 88 F3 
[   32265] ch50 r2 T: 3C 4F DC C3 AE 2E 99 DD 52 F8 51 3F BF FD 5F 5E 
[   32265] XN297 OK addr AA55CCCCCC | payload 01 55 5D 73 00 45 88 F3 
[   32279] ch50 r2 T: 3C 4F DC C3 AE 2E 99 DD 52 F8 51 7D 7F D5 49 54 
[   32279] XN297 OK addr AA55CCCCCC | payload 01 55 5D 73 00 45 88 F3 
[   32292] ch50 r2 T: 3C 4F DC C3 AE 2E 99 DD 52 F8 51 EB 6A 95 FB FB 
[   32292] XN297 OK addr AA55CCCCCC | payload 01 55 5D 73 00 45 88 F3 
[   32305] ch50 r2 T: 3C 4F DC C3 AE 2E 99 DD 52 F8 51 2F 7A ED 6B 3B 
[   32305] XN297 OK addr AA55CCCCCC | payload 01 55 5D 73 00 45 88 F3 
[   32318] ch50 r2 T: 3C 4F DC C3 AE 2E 99 DD 52 F8 51 FB B6 AB 52 7F 
[   32318] XN297 OK addr AA55CCCCCC | payload 01 55 5D 73 00 45 88 F3 
[   33898] ch50 r2 T: BC 4F DC C3 AE 2C 19 DF FA C3 51 2F 4D F5 FA 5F 
[   33898] XN297 OK addr AA55CCCCCC | payload 00 55 5D 73 00 05 89 B3 
[   33911] ch50 r2 T: BC 4F DC C3 AE 2C 19 DF FA C3 51 DB 7D EF F7 D6 
[   33911] XN297 OK addr AA55CCCCCC | payload 00 55 5D 73 00 05 89 B3 
[   33925] ch50 r2 T: BC 4F DC C3 AE 2C 19 DF FA C3 51 BF AB DC BF 5A 
[   33925] XN297 OK addr AA55CCCCCC | payload 00 55 5D 73 00 05 89 B3 
[   33938] ch50 r2 T: BC 4F DC C3 AE 2C 19 DF FA C3 51 ED F6 7D BD D5 
[   33938] XN297 OK addr AA55CCCCCC | payload 00 55 5D 73 00 05 89 B3 
[   33951] ch50 r2 T: BC 4F DC C3 AE 2C 19 DF FA C3 51 FA FB FD BF 6C 
[   33951] XN297 OK addr AA55CCCCCC | payload 00 55 5D 73 00 05 89 B3 
[   33964] ch50 r2 T: BC 4F DC C3 AE 2C 19 DF FA C3 51 7D B5 B6 BF 6D 
[   33964] XN297 OK addr AA55CCCCCC | payload 00 55 5D 73 00 05 89 B3 
[   33977] ch50 r2 T: BC 4F DC C3 AE 2C 19 DF FA C3 51 5F BF 5B 57 F7 
[   33977] XN297 OK addr AA55CCCCCC | payload 00 55 5D 73 00 05 89 B3 
[   33990] ch50 r2 T: BC 4F DC C3 AE 2C 19 DF FA C3 51 7D AB FA CD 77 
[   33990] XN297 OK addr AA55CCCCCC | payload 00 55 5D 73 00 05 89 B3 
[   34004] ch50 r2 T: BC 4F DC C3 AE 2C 19 DF FA C3 51 AD FF AD 7E BB 
[   34004] XN297 OK addr AA55CCCCCC | payload 00 55 5D 73 00 05 89 B3 
[   34017] ch50 r2 T: BC 4F DC C3 AE 2C 19 DF FA C3 51 AE FE BF DB 5F 
[   34017] XN297 OK addr AA55CCCCCC | payload 00 55 5D 73 00 05 89 B3 
[   34030] ch50 r2 T: BC 4F DC C3 AE 2C 19 DF FA C3 51 FD FF F7 EA 52 
[   34030] XN297 OK addr AA55CCCCCC | payload 00 55 5D 73 00 05 89 B3 
[   34092] ch50 r2 T: 3C 4F DC C3 AE 2E D9 BD 33 92 51 76 F7 78 DE DF 
[   34092] XN297 OK addr AA55CCCCCC | payload 01 55 5D 73 00 45 8A F5 
[   34105] ch50 r2 T: 3C 4F DC C3 AE 2E D9 BD 33 92 51 FD 6E DE DF FE 
[   34105] XN297 OK addr AA55CCCCCC | payload 01 55 5D 73 00 45 8A F5 
[   34118] ch50 r2 T: 3C 4F DC C3 AE 2E D9 BD 33 92 51 FE FD 7F D7 FE 
[   34118] XN297 OK addr AA55CCCCCC | payload 01 55 5D 73 00 45 8A F5 
[   34132] ch50 r2 T: 3C 4F DC C3 AE 2E D9 BD 33 92 51 77 ED 73 AB 7F 
[   34132] XN297 OK addr AA55CCCCCC | payload 01 55 5D 73 00 45 8A F5 
[   34145] ch50 r2 T: 3C 4F DC C3 AE 2E D9 BD 33 92 51 7A DB CE E6 AF 
[   34145] XN297 OK addr AA55CCCCCC | payload 01 55 5D 73 00 45 8A F5 
[   34158] ch50 r2 T: 3C 4F DC C3 AE 2E D9 BD 33 92 51 77 DF DF 65 AA 
[   34158] XN297 OK addr AA55CCCCCC | payload 01 55 5D 73 00 45 8A F5 
[   34171] ch50 r2 T: 3C 4F DC C3 AE 2E D9 BD 33 92 51 F5 9C F5 FE 3E 
[   34171] XN297 OK addr AA55CCCCCC | payload 01 55 5D 73 00 45 8A F5 
[   34184] ch50 r2 T: 3C 4F DC C3 AE 2E D9 BD 33 92 51 5E 57 DD 37 56 
[   34184] XN297 OK addr AA55CCCCCC | payload 01 55 5D 73 00 45 8A F5 
[   34197] ch50 r2 T: 3C 4F DC C3 AE 2E D9 BD 33 92 51 57 FF F2 BB 77 
[   34197] XN297 OK addr AA55CCCCCC | payload 01 55 5D 73 00 45 8A F5 
[   34211] ch50 r2 T: 3C 4F DC C3 AE 2E D9 BD 33 92 51 62 7B 7D 7B AE 
[   34211] XN297 OK addr AA55CCCCCC | payload 01 55 5D 73 00 45 8A F5 
[   34224] ch50 r2 T: 3C 4F DC C3 AE 2E D9 BD 33 92 51 96 D7 AD F6 AA 
[   34224] XN297 OK addr AA55CCCCCC | payload 01 55 5D 73 00 45 8A F5 
[   35716] ch50 r2 T: BC 4F DC C3 AE 2C 59 BF 9B A9 51 D6 77 7E CF F4 
[   35716] XN297 OK addr AA55CCCCCC | payload 00 55 5D 73 00 05 8B B5 
[   35729] ch50 r2 T: BC 4F DC C3 AE 2C 59 BF 9B A9 51 55 5B 6D D6 4D 
[   35729] XN297 OK addr AA55CCCCCC | payload 00 55 5D 73 00 05 8B B5 
[   35743] ch50 r2 T: BC 4F DC C3 AE 2C 59 BF 9B A9 51 FF 56 27 F5 FF 
[   35743] XN297 OK addr AA55CCCCCC | payload 00 55 5D 73 00 05 8B B5 
[   35756] ch50 r2 T: BC 4F DC C3 AE 2C 59 BF 9B A9 51 D7 6F 8E FE B5 
[   35756] XN297 OK addr AA55CCCCCC | payload 00 55 5D 73 00 05 8B B5 
[   35769] ch50 r2 T: BC 4F DC C3 AE 2C 59 BF 9B A9 51 55 DA B7 EE B6 
[   35769] XN297 OK addr AA55CCCCCC | payload 00 55 5D 73 00 05 8B B5 
[   35782] ch50 r2 T: BC 4F DC C3 AE 2C 59 BF 9B A9 51 96 EF B5 9D FF 
[   35782] XN297 OK addr AA55CCCCCC | payload 00 55 5D 73 00 05 8B B5 
[   35795] ch50 r2 T: BC 4F DC C3 AE 2C 59 BF 9B A9 51 5F FF E6 F9 2D 
[   35795] XN297 OK addr AA55CCCCCC | payload 00 55 5D 73 00 05 8B B5 
[   35808] ch50 r2 T: BC 4F DC C3 AE 2C 59 BF 9B A9 51 FF BB EF EB ED 
[   35808] XN297 OK addr AA55CCCCCC | payload 00 55 5D 73 00 05 8B B5 
[   35822] ch50 r2 T: BC 4F DC C3 AE 2C 59 BF 9B A9 51 75 1D 7A ED 7F 
[   35822] XN297 OK addr AA55CCCCCC | payload 00 55 5D 73 00 05 8B B5 
[   35835] ch50 r2 T: BC 4F DC C3 AE 2C 59 BF 9B A9 51 F7 FB B6 6E DE 
[   35835] XN297 OK addr AA55CCCCCC | payload 00 55 5D 73 00 05 8B B5 
[   35848] ch50 r2 T: BC 4F DC C3 AE 2C 59 BF 9B A9 51 DF CB BC BF 6D 
[   35848] XN297 OK addr AA55CCCCCC | payload 00 55 5D 73 00 05 8B B5 
[   35910] ch50 r2 T: 3C 4F DC C3 AE 2E B9 FD 70 7C 51 55 AA AF 7F B7 
[   35910] XN297 OK addr AA55CCCCCC | payload 01 55 5D 73 00 45 8C F7 
[   35923] ch50 r2 T: 3C 4F DC C3 AE 2E B9 FD 70 7C 51 33 5B 71 BE F9 
[   35923] XN297 OK addr AA55CCCCCC | payload 01 55 5D 73 00 45 8C F7 
[   35937] ch50 r2 T: 3C 4F DC C3 AE 2E B9 FD 70 7C 51 FD 9A FA 8C 5D 
[   35937] XN297 OK addr AA55CCCCCC | payload 01 55 5D 73 00 45 8C F7 
[   35950] ch50 r2 T: 3C 4F DC C3 AE 2E B9 FD 70 7C 51 FF AB A9 E2 AD 
[   35950] XN297 OK addr AA55CCCCCC | payload 01 55 5D 73 00 45 8C F7 
[   35963] ch50 r2 T: 3C 4F DC C3 AE 2E B9 FD 70 7C 51 7D B7 ED EF FD 
[   35963] XN297 OK addr AA55CCCCCC | payload 01 55 5D 73 00 45 8C F7 
[   35976] ch50 r2 T: 3C 4F DC C3 AE 2E B9 FD 70 7C 51 F6 F9 FD D5 55 
[   35976] XN297 OK addr AA55CCCCCC | payload 01 55 5D 73 00 45 8C F7 
[   35989] ch50 r2 T: 3C 4F DC C3 AE 2E B9 FD 70 7C 51 6B 6F EB DD F9 
[   35989] XN297 OK addr AA55CCCCCC | payload 01 55 5D 73 00 45 8C F7 
[   36002] ch50 r2 T: 3C 4F DC C3 AE 2E B9 FD 70 7C 51 7F AF FF F7 2F 
[   36002] XN297 OK addr AA55CCCCCC | payload 01 55 5D 73 00 45 8C F7 
[   36016] ch50 r2 T: 3C 4F DC C3 AE 2E B9 FD 70 7C 50 55 6E FD 3B DF 
[   36016] XN297 OK addr AA55CCCCCC | payload 01 55 5D 73 00 45 8C F7 
[   36029] ch50 r2 T: 3C 4F DC C3 AE 2E B9 FD 70 7C 51 BF C5 7F 57 6B 
[   36029] XN297 OK addr AA55CCCCCC | payload 01 55 5D 73 00 45 8C F7 
[   36042] ch50 r2 T: 3C 4F DC C3 AE 2E B9 FD 70 7C 51 AF F5 56 D5 AA 
[   36042] XN297 OK addr AA55CCCCCC | payload 01 55 5D 73 00 45 8C F7 
