ESP-ROM:esp32s3-20210327
Build:Mar 27 2021
rst:0x15 (USB_UART_CHIP_RESET),boot:0x8 (SPI_FAST_FLASH_BOOT)
Saved PC:0x40378a06
SPIWP:0xee
mode:DIO, clock div:1
load:0x3fce2820,len:0x10cc
load:0x403c8700,len:0xc2c
load:0x403cb700,len:0x30c0
entry 0x403c88b8
nRF24 найден.

Команды: b (фон), s (скан с нажатиями), c N (канал), r N (0=1M,1=2M,2=250k),
a N (адрес 0..3), f (фильтр), x (XN297 декод вкл/выкл), t (прицельный режим), p (сниффинг старт/стоп), # метка, ? справка
Сейчас: канал 2, скорость 0, адрес 0, фильтр вкл, XN297 вкл, прицельный выкл, сниффинг выкл

Команды: b (фон), s (скан с нажатиями), c N (канал), r N (0=1M,1=2M,2=250k),
a N (адрес 0..3), f (фильтр), x (XN297 декод вкл/выкл), t (прицельный режим), p (сниффинг старт/стоп), # метка, ? справка
Сейчас: канал 2, скорость 2, адрес 0, фильтр вкл, XN297 вкл, прицельный выкл, сниффинг выкл

Команды: b (фон), s (скан с нажатиями), c N (канал), r N (0=1M,1=2M,2=250k),
a N (адрес 0..3), f (фильтр), x (XN297 декод вкл/выкл), t (прицельный режим), p (сниффинг старт/стоп), # метка, ? справка
Сейчас: канал 2, скорость 2, адрес 0, фильтр вкл, XN297 вкл, прицельный вкл, сниффинг выкл

Команды: b (фон), s (скан с нажатиями), c N (канал), r N (0=1M,1=2M,2=250k),
a N (адрес 0..3), f (фильтр), x (XN297 декод вкл/выкл), t (прицельный режим), p (сниффинг старт/стоп), # метка, ? справка
Сейчас: канал 0, скорость 2, адрес 0, фильтр вкл, XN297 вкл, прицельный вкл, сниффинг выкл
------------------------------
# ON c0

Команды: b (фон), s (скан с нажатиями), c N (канал), r N (0=1M,1=2M,2=250k),
a N (адрес 0..3), f (фильтр), x (XN297 декод вкл/выкл), t (прицельный режим), p (сниффинг старт/стоп), # метка, ? справка
Сейчас: канал 0, скорость 2, адрес 0, фильтр вкл, XN297 вкл, прицельный вкл, сниффинг вкл
[    5094] ch0 r2 T: BC 4F 32 A3 AE 2C 93 99 34 D5 51 FF FF FF FF FF 
[    5107] ch0 r2 T: BC 4F 32 A3 AE 2C 93 99 34 D5 51 FF FD 29 35 29 
[    5121] ch0 r2 T: BC 4F 32 A3 AE 2C 93 99 34 D5 51 FF FF FF FF FF 
[    5134] ch0 r2 T: BC 4F 32 A3 AE 2C 93 99 34 D5 51 FF FF FF FF FF 
[    5147] ch0 r2 T: BC 4F 32 A3 AE 2C 93 99 34 D5 51 FF FF FF FF FF 
[    5173] ch0 r2 T: BC 4F 32 A3 AE 2C 93 99 34 D5 51 FF FF F7 FF FF 
[    5186] ch0 r2 T: BC 4F 32 A3 AE 2C 93 99 34 D5 51 FF FF FF FF FF 
[    5213] ch0 r2 T: BC 4F 32 A3 AE 2C 93 99 34 D5 51 FF FF FF FF FF 
[    5226] ch0 r2 T: BC 4F 32 A3 AE 2C 93 99 34 D5 51 FF FF FF FF FF 
[    5288] ch0 r2 T: 3C 4F 32 A3 AE 2E 13 DA C4 0B 51 FF FF FF FF FF 
[    5314] ch0 r2 T: 3C 4F 32 A3 AE 2E 13 DA C4 0B 51 FF FF FF FF FF 
[    5327] ch0 r2 T: 28 4F 32 A3 AE 2E 13 DA C4 0B 51 FF FF FF FF FF 
[    5353] ch0 r2 T: 3C 4F 32 A3 AA 2E 13 DA C4 0B 51 FF FF FF FF FF 
[    5393] ch0 r2 T: 3C 4D 32 A3 AE 2E 13 DA C4 0B 51 FF FE FF FF FF 
[    5406] ch0 r2 T: 3C 4F 32 A3 AE 2E 13 DA C4 0B 51 FF FF FF FF FF 
[    5419] ch0 r2 T: 3C 4F 32 A3 AE 2E 13 DA C4 0B 51 FF FF FF FF FF 

Команды: b (фон), s (скан с нажатиями), c N (канал), r N (0=1M,1=2M,2=250k),
a N (адрес 0..3), f (фильтр), x (XN297 декод вкл/выкл), t (прицельный режим), p (сниффинг старт/стоп), # метка, ? справка
Сейчас: канал 0, скорость 2, адрес 0, фильтр вкл, XN297 вкл, прицельный вкл, сниффинг выкл

Команды: b (фон), s (скан с нажатиями), c N (канал), r N (0=1M,1=2M,2=250k),
a N (адрес 0..3), f (фильтр), x (XN297 декод вкл/выкл), t (прицельный режим), p (сниффинг старт/стоп), # метка, ? справка
Сейчас: канал 1, скорость 2, адрес 0, фильтр вкл, XN297 вкл, прицельный вкл, сниффинг выкл
------------------------------
# ON c1

Команды: b (фон), s (скан с нажатиями), c N (канал), r N (0=1M,1=2M,2=250k),
a N (адрес 0..3), f (фильтр), x (XN297 декод вкл/выкл), t (прицельный режим), p (сниффинг старт/стоп), # метка, ? справка
Сейчас: канал 1, скорость 2, адрес 0, фильтр вкл, XN297 вкл, прицельный вкл, сниффинг вкл

Команды: b (фон), s (скан с нажатиями), c N (канал), r N (0=1M,1=2M,2=250k),
a N (адрес 0..3), f (фильтр), x (XN297 декод вкл/выкл), t (прицельный режим), p (сниффинг старт/стоп), # метка, ? справка
Сейчас: канал 1, скорость 2, адрес 0, фильтр вкл, XN297 вкл, прицельный вкл, сниффинг выкл

Команды: b (фон), s (скан с нажатиями), c N (канал), r N (0=1M,1=2M,2=250k),
a N (адрес 0..3), f (фильтр), x (XN297 декод вкл/выкл), t (прицельный режим), p (сниффинг старт/стоп), # метка, ? справка
Сейчас: канал 2, скорость 2, адрес 0, фильтр вкл, XN297 вкл, прицельный вкл, сниффинг выкл
------------------------------
# ON c2

Команды: b (фон), s (скан с нажатиями), c N (канал), r N (0=1M,1=2M,2=250k),
a N (адрес 0..3), f (фильтр), x (XN297 декод вкл/выкл), t (прицельный режим), p (сниффинг старт/стоп), # метка, ? справка
Сейчас: канал 2, скорость 2, адрес 0, фильтр вкл, XN297 вкл, прицельный вкл, сниффинг вкл
[    7046] ch2 r2 T: BC 4F 32 A3 AE 2C F3 F9 53 59 51 B5 D2 B5 BD 77 
[    7059] ch2 r2 T: BC 4F 32 A3 AE 2C F3 F9 53 59 50 AA DA D5 2A A9 
[    7072] ch2 r2 T: BC 4F 32 A3 AE 2C F3 F9 53 59 51 AD AD 5D B7 56 
[    7085] ch2 r2 T: BC 4F 32 A3 AE 2C F3 F9 53 59 51 AB AF 57 5A AD 
[    7098] ch2 r2 T: BC 4F 32 A3 AE 2C F3 F9 53 59 51 AD 6F AA D5 24 
[    7112] ch2 r2 T: BC 4F 32 A3 AE 2C F3 F9 53 59 50 AA FA 6A 9A A5 
[    7114] ch2 r2 T: BC 4F 32 A3 AA 2C F3 F9 53 59 51 D7 DB B2 F4 DF 
[    7125] ch2 r2 T: BC 4F 32 A3 AE 2C F3 F9 53 59 50 B5 37 55 96 AA 
[    7138] ch2 r2 T: BC 4F 32 A3 AE 2C F3 F9 53 59 50 DB B5 AA B7 EF 
[    7140] ch2 r2 T: BC 4F 32 A3 AE 2C F3 F9 53 59 51 F7 D7 DF FB B5 
[    7151] ch2 r2 T: BC 4F 32 A3 AE 2C F3 F9 53 59 51 5A DB DA 99 AB 
[    7164] ch2 r2 T: BC 4F 32 A3 AE 2C F3 F9 53 59 51 75 72 AA EB FB 
[    7177] ch2 r2 T: BC 4F 32 A3 AE 2C F3 F9 53 59 50 BD 5B BD B6 D2 
[    7180] ch2 r2 T: BC 4F 32 83 AE 2D F3 FB 53 79 51 9E D5 2F 5B 3E 
[    7239] ch2 r2 T: 3C 4F 22 A3 AE 2E 73 8A 95 D4 50 AA 9B 41 55 5A 
[    7252] ch2 r2 T: 3C 4F 32 A3 AE 2E 73 8A 95 D4 50 AA 95 67 AF FB 
[    7265] ch2 r2 T: 3C 4F 32 A3 AE 2E 73 8A 95 D4 51 4B B6 F5 DB AF 
[    7278] ch2 r2 T: 3C 4F 32 A3 AE 2E 73 8A 95 D4 51 7D AE D5 6D 5F 
[    7291] ch2 r2 T: 3C 4F 32 A3 AE 2E 73 8A 95 D4 51 56 55 74 AA AA 
[    7305] ch2 r2 T: 3C 4F 32 A3 AE 2E 73 8A 95 D4 50 B5 55 5A A5 29 
[    7318] ch2 r2 T: 3C 4F 32 A3 AE 2E 73 8A 95 D4 50 B2 D2 D6 A6 9A 
[    7331] ch2 r2 T: 3C 4F 32 A3 AE 2E 73 8A 95 D4 50 F7 EF AE D7 4E 
[    7344] ch2 r2 T: 3C 4F 32 A3 AE 2E 73 8A 95 D4 50 B9 6B 56 EE DD 
[    7357] ch2 r2 T: 3C 4F 32 A3 AE 2E 73 8A 95 D4 51 6C D5 56 D5 55 
[    7370] ch2 r2 T: 3C 4F 32 A3 AE 2E 73 8A 95 D4 51 5A 75 AA AA B6 

Команды: b (фон), s (скан с нажатиями), c N (канал), r N (0=1M,1=2M,2=250k),
a N (адрес 0..3), f (фильтр), x (XN297 декод вкл/выкл), t (прицельный режим), p (сниффинг старт/стоп), # метка, ? справка
Сейчас: канал 2, скорость 2, адрес 0, фильтр вкл, XN297 вкл, прицельный вкл, сниффинг выкл

Команды: b (фон), s (скан с нажатиями), c N (канал), r N (0=1M,1=2M,2=250k),
a N (адрес 0..3), f (фильтр), x (XN297 декод вкл/выкл), t (прицельный режим), p (сниффинг старт/стоп), # метка, ? справка
Сейчас: канал 3, скорость 2, адрес 0, фильтр вкл, XN297 вкл, прицельный вкл, сниффинг выкл
------------------------------
# ON c3

Команды: b (фон), s (скан с нажатиями), c N (канал), r N (0=1M,1=2M,2=250k),
a N (адрес 0..3), f (фильтр), x (XN297 декод вкл/выкл), t (прицельный режим), p (сниффинг старт/стоп), # метка, ? справка
Сейчас: канал 3, скорость 2, адрес 0, фильтр вкл, XN297 вкл, прицельный вкл, сниффинг вкл

Команды: b (фон), s (скан с нажатиями), c N (канал), r N (0=1M,1=2M,2=250k),
a N (адрес 0..3), f (фильтр), x (XN297 декод вкл/выкл), t (прицельный режим), p (сниффинг старт/стоп), # метка, ? справка
Сейчас: канал 3, скорость 2, адрес 0, фильтр вкл, XN297 вкл, прицельный вкл, сниффинг выкл

Команды: b (фон), s (скан с нажатиями), c N (канал), r N (0=1M,1=2M,2=250k),
a N (адрес 0..3), f (фильтр), x (XN297 декод вкл/выкл), t (прицельный режим), p (сниффинг старт/стоп), # метка, ? справка
Сейчас: канал 4, скорость 2, адрес 0, фильтр вкл, XN297 вкл, прицельный вкл, сниффинг выкл
------------------------------
# ON c4

Команды: b (фон), s (скан с нажатиями), c N (канал), r N (0=1M,1=2M,2=250k),
a N (адрес 0..3), f (фильтр), x (XN297 декод вкл/выкл), t (прицельный режим), p (сниффинг старт/стоп), # метка, ? справка
Сейчас: канал 4, скорость 2, адрес 0, фильтр вкл, XN297 вкл, прицельный вкл, сниффинг вкл

Команды: b (фон), s (скан с нажатиями), c N (канал), r N (0=1M,1=2M,2=250k),
a N (адрес 0..3), f (фильтр), x (XN297 декод вкл/выкл), t (прицельный режим), p (сниффинг старт/стоп), # метка, ? справка
Сейчас: канал 4, скорость 2, адрес 0, фильтр вкл, XN297 вкл, прицельный вкл, сниффинг выкл

Команды: b (фон), s (скан с нажатиями), c N (канал), r N (0=1M,1=2M,2=250k),
a N (адрес 0..3), f (фильтр), x (XN297 декод вкл/выкл), t (прицельный режим), p (сниффинг старт/стоп), # метка, ? справка
Сейчас: канал 5, скорость 2, адрес 0, фильтр вкл, XN297 вкл, прицельный вкл, сниффинг выкл
------------------------------
# ON c5

Команды: b (фон), s (скан с нажатиями), c N (канал), r N (0=1M,1=2M,2=250k),
a N (адрес 0..3), f (фильтр), x (XN297 декод вкл/выкл), t (прицельный режим), p (сниффинг старт/стоп), # метка, ? справка
Сейчас: канал 5, скорость 2, адрес 0, фильтр вкл, XN297 вкл, прицельный вкл, сниффинг вкл
[    9893] ch5 r2 T: 3C 4F 32 A3 AE 2E 6F 96 00 77 51 7D DF FF 6A FF 
[    9906] ch5 r2 T: 3C 4F 32 A3 AE 2E 6F 96 00 77 51 F9 DB BD DE AB 
[    9919] ch5 r2 T: 3C 4F 32 A3 AE 2E 6F 96 00 77 51 F6 BB 54 C3 56 
[    9933] ch5 r2 T: 3C 4F 32 A3 AE 2E 6F 96 00 77 50 FE BF FE AA C7 
[    9946] ch5 r2 T: 3C 4F 32 A3 AE 2E 6F 96 00 77 50 AB DE EF DF FA 
[   10291] ch5 r2 T: BC 4F 32 A3 AE 2C 9F 95 B0 34 50 5F D5 9B F1 5F 
[   10304] ch5 r2 T: BC 4F 32 A3 AE 2C 9F 95 B0 34 50 BF FD 5B CD AB 
[   10318] ch5 r2 T: BC 4F 32 A3 AE 2C 9F 95 B0 34 51 F7 7F F7 FF 7F 
[   10331] ch5 r2 T: BC 4F 32 A3 AE 2C 9F 95 B0 34 51 ED B6 FB 77 7F 
[   10344] ch5 r2 T: BC 4F 32 A3 AE 2C 9F 95 B0 34 51 AB 6D 1D F2 F5 
[   10357] ch5 r2 T: BC 4F 32 A3 AE 2C 9F 95 B0 34 50 DF D1 BF BF 75 
[   10370] ch5 r2 T: BC 4F 32 A3 AE 2C 9F 95 B0 34 50 F6 E9 DA EF F3 
[   10383] ch5 r2 T: BC 4F 32 A3 AE 2C 9F 95 B0 34 50 BA EE 7D 72 EE 
[   10397] ch5 r2 T: BC 4F 32 A3 AE 2C 9F 95 B0 34 50 F7 FD CE F7 F9 
[   10410] ch5 r2 T: BC 4F 32 A3 AE 2C 9F 95 B0 34 51 78 FA ED D6 FF 
[   10423] ch5 r2 T: BC 4F 32 A3 AE 2C 9F 95 B0 34 50 DB F7 BA B6 DF 
[   10484] ch5 r2 T: 3C 4F 32 A3 AE 2E 1F D6 40 EA 50 BB DE ED 5F DD 
[   10498] ch5 r2 T: 3C 4F 32 A3 AE 2E 1F D6 40 EA 51 B5 EF EF FB AA 
[   10511] ch5 r2 T: 3C 4F 32 A3 AE 2E 1F D6 40 EA 50 BF B7 EF 7B B4 
[   10524] ch5 r2 T: 3C 4F 32 A3 AE 2E 1F D6 40 EA 50 F7 77 5D EF D7 
[   10537] ch5 r2 T: 3C 4F 32 A3 AE 2E 1F D6 40 EA 50 2F FB 7F 7E BE 

Команды: b (фон), s (скан с нажатиями), c N (канал), r N (0=1M,1=2M,2=250k),
a N (адрес 0..3), f (фильтр), x (XN297 декод вкл/выкл), t (прицельный режим), p (сниффинг старт/стоп), # метка, ? справка
Сейчас: канал 5, скорость 2, адрес 0, фильтр вкл, XN297 вкл, прицельный вкл, сниффинг выкл

Команды: b (фон), s (скан с нажатиями), c N (канал), r N (0=1M,1=2M,2=250k),
a N (адрес 0..3), f (фильтр), x (XN297 декод вкл/выкл), t (прицельный режим), p (сниффинг старт/стоп), # метка, ? справка
Сейчас: канал 6, скорость 2, адрес 0, фильтр вкл, XN297 вкл, прицельный вкл, сниффинг выкл
------------------------------
# ON c6

Команды: b (фон), s (скан с нажатиями), c N (канал), r N (0=1M,1=2M,2=250k),
a N (адрес 0..3), f (фильтр), x (XN297 декод вкл/выкл), t (прицельный режим), p (сниффинг старт/стоп), # метка, ? справка
Сейчас: канал 6, скорость 2, адрес 0, фильтр вкл, XN297 вкл, прицельный вкл, сниффинг вкл

Команды: b (фон), s (скан с нажатиями), c N (канал), r N (0=1M,1=2M,2=250k),
a N (адрес 0..3), f (фильтр), x (XN297 декод вкл/выкл), t (прицельный режим), p (сниффинг старт/стоп), # метка, ? справка
Сейчас: канал 6, скорость 2, адрес 0, фильтр вкл, XN297 вкл, прицельный вкл, сниффинг выкл

Команды: b (фон), s (скан с нажатиями), c N (канал), r N (0=1M,1=2M,2=250k),
a N (адрес 0..3), f (фильтр), x (XN297 декод вкл/выкл), t (прицельный режим), p (сниффинг старт/стоп), # метка, ? справка
Сейчас: канал 7, скорость 2, адрес 0, фильтр вкл, XN297 вкл, прицельный вкл, сниффинг выкл
------------------------------
# ON c7

Команды: b (фон), s (скан с нажатиями), c N (канал), r N (0=1M,1=2M,2=250k),
a N (адрес 0..3), f (фильтр), x (XN297 декод вкл/выкл), t (прицельный режим), p (сниффинг старт/стоп), # метка, ? справка
Сейчас: канал 7, скорость 2, адрес 0, фильтр вкл, XN297 вкл, прицельный вкл, сниффинг вкл

Команды: b (фон), s (скан с нажатиями), c N (канал), r N (0=1M,1=2M,2=250k),
a N (адрес 0..3), f (фильтр), x (XN297 декод вкл/выкл), t (прицельный режим), p (сниффинг старт/стоп), # метка, ? справка
Сейчас: канал 7, скорость 2, адрес 0, фильтр вкл, XN297 вкл, прицельный вкл, сниффинг выкл

Команды: b (фон), s (скан с нажатиями), c N (канал), r N (0=1M,1=2M,2=250k),
a N (адрес 0..3), f (фильтр), x (XN297 декод вкл/выкл), t (прицельный режим), p (сниффинг старт/стоп), # метка, ? справка
Сейчас: канал 8, скорость 2, адрес 0, фильтр вкл, XN297 вкл, прицельный вкл, сниффинг выкл
------------------------------
# ON c8

Команды: b (фон), s (скан с нажатиями), c N (канал), r N (0=1M,1=2M,2=250k),
a N (адрес 0..3), f (фильтр), x (XN297 декод вкл/выкл), t (прицельный режим), p (сниффинг старт/стоп), # метка, ? справка
Сейчас: канал 8, скорость 2, адрес 0, фильтр вкл, XN297 вкл, прицельный вкл, сниффинг вкл
[   12952] ch8 r2 T: BC 4F 32 A3 AE 2C 87 85 28 DF 50 4A 5A 83 20 20 

Команды: b (фон), s (скан с нажатиями), c N (канал), r N (0=1M,1=2M,2=250k),
a N (адрес 0..3), f (фильтр), x (XN297 декод вкл/выкл), t (прицельный режим), p (сниффинг старт/стоп), # метка, ? справка
Сейчас: канал 8, скорость 2, адрес 0, фильтр вкл, XN297 вкл, прицельный вкл, сниффинг выкл

Команды: b (фон), s (скан с нажатиями), c N (канал), r N (0=1M,1=2M,2=250k),
a N (адрес 0..3), f (фильтр), x (XN297 декод вкл/выкл), t (прицельный режим), p (сниффинг старт/стоп), # метка, ? справка
Сейчас: канал 9, скорость 2, адрес 0, фильтр вкл, XN297 вкл, прицельный вкл, сниффинг выкл
------------------------------
# ON c9

Команды: b (фон), s (скан с нажатиями), c N (канал), r N (0=1M,1=2M,2=250k),
a N (адрес 0..3), f (фильтр), x (XN297 декод вкл/выкл), t (прицельный режим), p (сниффинг старт/стоп), # метка, ? справка
Сейчас: канал 9, скорость 2, адрес 0, фильтр вкл, XN297 вкл, прицельный вкл, сниффинг вкл
[   14274] ch9 r2 T: BC 4F 32 A3 AE 2C A7 A5 0A 5B 51 FF 77 CE D7 6F 

Команды: b (фон), s (скан с нажатиями), c N (канал), r N (0=1M,1=2M,2=250k),
a N (адрес 0..3), f (фильтр), x (XN297 декод вкл/выкл), t (прицельный режим), p (сниффинг старт/стоп), # метка, ? справка
Сейчас: канал 9, скорость 2, адрес 0, фильтр вкл, XN297 вкл, прицельный вкл, сниффинг выкл

Команды: b (фон), s (скан с нажатиями), c N (канал), r N (0=1M,1=2M,2=250k),
a N (адрес 0..3), f (фильтр), x (XN297 декод вкл/выкл), t (прицельный режим), p (сниффинг старт/стоп), # метка, ? справка
Сейчас: канал 10, скорость 2, адрес 0, фильтр вкл, XN297 вкл, прицельный вкл, сниффинг выкл
------------------------------
# ON c10

Команды: b (фон), s (скан с нажатиями), c N (канал), r N (0=1M,1=2M,2=250k),
a N (адрес 0..3), f (фильтр), x (XN297 декод вкл/выкл), t (прицельный режим), p (сниффинг старт/стоп), # метка, ? справка
Сейчас: канал 10, скорость 2, адрес 0, фильтр вкл, XN297 вкл, прицельный вкл, сниффинг вкл

Команды: b (фон), s (скан с нажатиями), c N (канал), r N (0=1M,1=2M,2=250k),
a N (адрес 0..3), f (фильтр), x (XN297 декод вкл/выкл), t (прицельный режим), p (сниффинг старт/стоп), # метка, ? справка
Сейчас: канал 10, скорость 2, адрес 0, фильтр вкл, XN297 вкл, прицельный вкл, сниффинг выкл

Команды: b (фон), s (скан с нажатиями), c N (канал), r N (0=1M,1=2M,2=250k),
a N (адрес 0..3), f (фильтр), x (XN297 декод вкл/выкл), t (прицельный режим), p (сниффинг старт/стоп), # метка, ? справка
Сейчас: канал 11, скорость 2, адрес 0, фильтр вкл, XN297 вкл, прицельный вкл, сниффинг выкл
------------------------------
# ON c11

Команды: b (фон), s (скан с нажатиями), c N (канал), r N (0=1M,1=2M,2=250k),
a N (адрес 0..3), f (фильтр), x (XN297 декод вкл/выкл), t (прицельный режим), p (сниффинг старт/стоп), # метка, ? справка
Сейчас: канал 11, скорость 2, адрес 0, фильтр вкл, XN297 вкл, прицельный вкл, сниффинг вкл

Команды: b (фон), s (скан с нажатиями), c N (канал), r N (0=1M,1=2M,2=250k),
a N (адрес 0..3), f (фильтр), x (XN297 декод вкл/выкл), t (прицельный режим), p (сниффинг старт/стоп), # метка, ? справка
Сейчас: канал 11, скорость 2, адрес 0, фильтр вкл, XN297 вкл, прицельный вкл, сниффинг выкл

Команды: b (фон), s (скан с нажатиями), c N (канал), r N (0=1M,1=2M,2=250k),
a N (адрес 0..3), f (фильтр), x (XN297 декод вкл/выкл), t (прицельный режим), p (сниффинг старт/стоп), # метка, ? справка
Сейчас: канал 12, скорость 2, адрес 0, фильтр вкл, XN297 вкл, прицельный вкл, сниффинг выкл
------------------------------
# ON c12

Команды: b (фон), s (скан с нажатиями), c N (канал), r N (0=1M,1=2M,2=250k),
a N (адрес 0..3), f (фильтр), x (XN297 декод вкл/выкл), t (прицельный режим), p (сниффинг старт/стоп), # метка, ? справка
Сейчас: канал 12, скорость 2, адрес 0, фильтр вкл, XN297 вкл, прицельный вкл, сниффинг вкл

Команды: b (фон), s (скан с нажатиями), c N (канал), r N (0=1M,1=2M,2=250k),
a N (адрес 0..3), f (фильтр), x (XN297 декод вкл/выкл), t (прицельный режим), p (сниффинг старт/стоп), # метка, ? справка
Сейчас: канал 12, скорость 2, адрес 0, фильтр вкл, XN297 вкл, прицельный вкл, сниффинг выкл

Команды: b (фон), s (скан с нажатиями), c N (канал), r N (0=1M,1=2M,2=250k),
a N (адрес 0..3), f (фильтр), x (XN297 декод вкл/выкл), t (прицельный режим), p (сниффинг старт/стоп), # метка, ? справка
Сейчас: канал 13, скорость 2, адрес 0, фильтр вкл, XN297 вкл, прицельный вкл, сниффинг выкл
------------------------------
# ON c13

Команды: b (фон), s (скан с нажатиями), c N (канал), r N (0=1M,1=2M,2=250k),
a N (адрес 0..3), f (фильтр), x (XN297 декод вкл/выкл), t (прицельный режим), p (сниффинг старт/стоп), # метка, ? справка
Сейчас: канал 13, скорость 2, адрес 0, фильтр вкл, XN297 вкл, прицельный вкл, сниффинг вкл

Команды: b (фон), s (скан с нажатиями), c N (канал), r N (0=1M,1=2M,2=250k),
a N (адрес 0..3), f (фильтр), x (XN297 декод вкл/выкл), t (прицельный режим), p (сниффинг старт/стоп), # метка, ? справка
Сейчас: канал 13, скорость 2, адрес 0, фильтр вкл, XN297 вкл, прицельный вкл, сниффинг выкл

Команды: b (фон), s (скан с нажатиями), c N (канал), r N (0=1M,1=2M,2=250k),
a N (адрес 0..3), f (фильтр), x (XN297 декод вкл/выкл), t (прицельный режим), p (сниффинг старт/стоп), # метка, ? справка
Сейчас: канал 14, скорость 2, адрес 0, фильтр вкл, XN297 вкл, прицельный вкл, сниффинг выкл
------------------------------
# ON c14

Команды: b (фон), s (скан с нажатиями), c N (канал), r N (0=1M,1=2M,2=250k),
a N (адрес 0..3), f (фильтр), x (XN297 декод вкл/выкл), t (прицельный режим), p (сниффинг старт/стоп), # метка, ? справка
Сейчас: канал 14, скорость 2, адрес 0, фильтр вкл, XN297 вкл, прицельный вкл, сниффинг вкл

Команды: b (фон), s (скан с нажатиями), c N (канал), r N (0=1M,1=2M,2=250k),
a N (адрес 0..3), f (фильтр), x (XN297 декод вкл/выкл), t (прицельный режим), p (сниффинг старт/стоп), # метка, ? справка
Сейчас: канал 14, скорость 2, адрес 0, фильтр вкл, XN297 вкл, прицельный вкл, сниффинг выкл

Команды: b (фон), s (скан с нажатиями), c N (канал), r N (0=1M,1=2M,2=250k),
a N (адрес 0..3), f (фильтр), x (XN297 декод вкл/выкл), t (прицельный режим), p (сниффинг старт/стоп), # метка, ? справка
Сейчас: канал 15, скорость 2, адрес 0, фильтр вкл, XN297 вкл, прицельный вкл, сниффинг выкл
------------------------------
# ON c15

Команды: b (фон), s (скан с нажатиями), c N (канал), r N (0=1M,1=2M,2=250k),
a N (адрес 0..3), f (фильтр), x (XN297 декод вкл/выкл), t (прицельный режим), p (сниффинг старт/стоп), # метка, ? справка
Сейчас: канал 15, скорость 2, адрес 0, фильтр вкл, XN297 вкл, прицельный вкл, сниффинг вкл

Команды: b (фон), s (скан с нажатиями), c N (канал), r N (0=1M,1=2M,2=250k),
a N (адрес 0..3), f (фильтр), x (XN297 декод вкл/выкл), t (прицельный режим), p (сниффинг старт/стоп), # метка, ? справка
Сейчас: канал 15, скорость 2, адрес 0, фильтр вкл, XN297 вкл, прицельный вкл, сниффинг выкл

Команды: b (фон), s (скан с нажатиями), c N (канал), r N (0=1M,1=2M,2=250k),
a N (адрес 0..3), f (фильтр), x (XN297 декод вкл/выкл), t (прицельный режим), p (сниффинг старт/стоп), # метка, ? справка
Сейчас: канал 16, скорость 2, адрес 0, фильтр вкл, XN297 вкл, прицельный вкл, сниффинг выкл
------------------------------
# ON c16

Команды: b (фон), s (скан с нажатиями), c N (канал), r N (0=1M,1=2M,2=250k),
a N (адрес 0..3), f (фильтр), x (XN297 декод вкл/выкл), t (прицельный режим), p (сниффинг старт/стоп), # метка, ? справка
Сейчас: канал 16, скорость 2, адрес 0, фильтр вкл, XN297 вкл, прицельный вкл, сниффинг вкл

Команды: b (фон), s (скан с нажатиями), c N (канал), r N (0=1M,1=2M,2=250k),
a N (адрес 0..3), f (фильтр), x (XN297 декод вкл/выкл), t (прицельный режим), p (сниффинг старт/стоп), # метка, ? справка
Сейчас: канал 16, скорость 2, адрес 0, фильтр вкл, XN297 вкл, прицельный вкл, сниффинг выкл

Команды: b (фон), s (скан с нажатиями), c N (канал), r N (0=1M,1=2M,2=250k),
a N (адрес 0..3), f (фильтр), x (XN297 декод вкл/выкл), t (прицельный режим), p (сниффинг старт/стоп), # метка, ? справка
Сейчас: канал 17, скорость 2, адрес 0, фильтр вкл, XN297 вкл, прицельный вкл, сниффинг выкл
------------------------------
# ON c17

Команды: b (фон), s (скан с нажатиями), c N (канал), r N (0=1M,1=2M,2=250k),
a N (адрес 0..3), f (фильтр), x (XN297 декод вкл/выкл), t (прицельный режим), p (сниффинг старт/стоп), # метка, ? справка
Сейчас: канал 17, скорость 2, адрес 0, фильтр вкл, XN297 вкл, прицельный вкл, сниффинг вкл

Команды: b (фон), s (скан с нажатиями), c N (канал), r N (0=1M,1=2M,2=250k),
a N (адрес 0..3), f (фильтр), x (XN297 декод вкл/выкл), t (прицельный режим), p (сниффинг старт/стоп), # метка, ? справка
Сейчас: канал 17, скорость 2, адрес 0, фильтр вкл, XN297 вкл, прицельный вкл, сниффинг выкл

Команды: b (фон), s (скан с нажатиями), c N (канал), r N (0=1M,1=2M,2=250k),
a N (адрес 0..3), f (фильтр), x (XN297 декод вкл/выкл), t (прицельный режим), p (сниффинг старт/стоп), # метка, ? справка
Сейчас: канал 18, скорость 2, адрес 0, фильтр вкл, XN297 вкл, прицельный вкл, сниффинг выкл
------------------------------
# ON c18

Команды: b (фон), s (скан с нажатиями), c N (канал), r N (0=1M,1=2M,2=250k),
a N (адрес 0..3), f (фильтр), x (XN297 декод вкл/выкл), t (прицельный режим), p (сниффинг старт/стоп), # метка, ? справка
Сейчас: канал 18, скорость 2, адрес 0, фильтр вкл, XN297 вкл, прицельный вкл, сниффинг вкл
[   22893] ch18 r2 T: BC 4F 32 A3 AE 2C D8 D2 1C 4C 51 4F DD 42 80 05 
[   22906] ch18 r2 T: BC 4F 32 A3 AE 2C D8 D2 1C 4C 51 EF 6E BB EE EF 
[   22919] ch18 r2 T: BC 4F 32 A3 AE 2C D8 D2 1C 4C 51 EB F6 AA 15 4E 
[   22932] ch18 r2 T: BC 4F 32 A3 AE 2C D8 D2 1C 4C 51 EF FD D5 6B 7B 
[   22945] ch18 r2 T: BC 4F 32 A3 AE 2C D8 D2 1C 4C 51 A9 EF D7 ED ED 
[   22958] ch18 r2 T: BC 4F 32 A3 AE 2C D8 D2 1C 4C 51 73 FE 6E AB BF 
[   22972] ch18 r2 T: BC 4F 32 A3 AE 2C D8 D2 1C 4C 51 5A DB FF 9F B6 
[   22985] ch18 r2 T: BC 4F 32 A3 AE 2C D8 D2 1C 4C 51 75 7F F7 EB B9 
[   22998] ch18 r2 T: BC 4F 32 A3 AE 2C D8 D2 1C 4C 51 BF FB DF 6F EF 
[   23011] ch18 r2 T: BC 4F 32 A3 AE 2C D8 D2 1C 4C 51 57 7D 59 FA 5A 

Команды: b (фон), s (скан с нажатиями), c N (канал), r N (0=1M,1=2M,2=250k),
a N (адрес 0..3), f (фильтр), x (XN297 декод вкл/выкл), t (прицельный режим), p (сниффинг старт/стоп), # метка, ? справка
Сейчас: канал 18, скорость 2, адрес 0, фильтр вкл, XN297 вкл, прицельный вкл, сниффинг выкл

Команды: b (фон), s (скан с нажатиями), c N (канал), r N (0=1M,1=2M,2=250k),
a N (адрес 0..3), f (фильтр), x (XN297 декод вкл/выкл), t (прицельный режим), p (сниффинг старт/стоп), # метка, ? справка
Сейчас: канал 19, скорость 2, адрес 0, фильтр вкл, XN297 вкл, прицельный вкл, сниффинг выкл
------------------------------
# ON c19

Команды: b (фон), s (скан с нажатиями), c N (канал), r N (0=1M,1=2M,2=250k),
a N (адрес 0..3), f (фильтр), x (XN297 декод вкл/выкл), t (прицельный режим), p (сниффинг старт/стоп), # метка, ? справка
Сейчас: канал 19, скорость 2, адрес 0, фильтр вкл, XN297 вкл, прицельный вкл, сниффинг вкл

Команды: b (фон), s (скан с нажатиями), c N (канал), r N (0=1M,1=2M,2=250k),
a N (адрес 0..3), f (фильтр), x (XN297 декод вкл/выкл), t (прицельный режим), p (сниффинг старт/стоп), # метка, ? справка
Сейчас: канал 19, скорость 2, адрес 0, фильтр вкл, XN297 вкл, прицельный вкл, сниффинг выкл

Команды: b (фон), s (скан с нажатиями), c N (канал), r N (0=1M,1=2M,2=250k),
a N (адрес 0..3), f (фильтр), x (XN297 декод вкл/выкл), t (прицельный режим), p (сниффинг старт/стоп), # метка, ? справка
Сейчас: канал 20, скорость 2, адрес 0, фильтр вкл, XN297 вкл, прицельный вкл, сниффинг выкл
------------------------------
# ON c20

Команды: b (фон), s (скан с нажатиями), c N (канал), r N (0=1M,1=2M,2=250k),
a N (адрес 0..3), f (фильтр), x (XN297 декод вкл/выкл), t (прицельный режим), p (сниффинг старт/стоп), # метка, ? справка
Сейчас: канал 20, скорость 2, адрес 0, фильтр вкл, XN297 вкл, прицельный вкл, сниффинг вкл

Команды: b (фон), s (скан с нажатиями), c N (канал), r N (0=1M,1=2M,2=250k),
a N (адрес 0..3), f (фильтр), x (XN297 декод вкл/выкл), t (прицельный режим), p (сниффинг старт/стоп), # метка, ? справка
Сейчас: канал 20, скорость 2, адрес 0, фильтр вкл, XN297 вкл, прицельный вкл, сниффинг выкл

Команды: b (фон), s (скан с нажатиями), c N (канал), r N (0=1M,1=2M,2=250k),
a N (адрес 0..3), f (фильтр), x (XN297 декод вкл/выкл), t (прицельный режим), p (сниффинг старт/стоп), # метка, ? справка
Сейчас: канал 21, скорость 2, адрес 0, фильтр вкл, XN297 вкл, прицельный вкл, сниффинг выкл
------------------------------
# ON c21

Команды: b (фон), s (скан с нажатиями), c N (канал), r N (0=1M,1=2M,2=250k),
a N (адрес 0..3), f (фильтр), x (XN297 декод вкл/выкл), t (прицельный режим), p (сниффинг старт/стоп), # метка, ? справка
Сейчас: канал 21, скорость 2, адрес 0, фильтр вкл, XN297 вкл, прицельный вкл, сниффинг вкл
[   25914] ch21 r2 T: BC 4F 32 A3 AE 2C 00 42 03 7B 50 B3 EB 75 B5 EB 
[   25927] ch21 r2 T: BC 4F 32 A3 AE 2C 00 42 03 7B 51 BE EE FE 8F DA 
[   25941] ch21 r2 T: BC 4F 32 A3 AE 2C 00 42 03 7B 51 CD 6A 14 E2 A8 
[   25954] ch21 r2 T: BC 4F 32 A3 AE 2C 00 42 03 7B 51 7F FF BD EF F7 
[   25967] ch21 r2 T: BC 4F 32 A3 AE 2C 00 42 03 7B 50 D5 FD 7B EF D5 
[   25980] ch21 r2 T: BC 4F 32 A3 AE 2C 00 42 03 7B 50 DF BE F7 56 97 
[   26006] ch21 r2 T: BC 4F 32 A3 AE 2C 00 42 03 7B 50 FE EB 75 7F FF 
[   26020] ch21 r2 T: BC 4F 32 A3 AE 2C 00 42 03 7B 50 F5 5C BA CC AE 
[   26033] ch21 r2 T: BC 4F 32 A3 AE 2C 00 42 03 7B 50 DE BA 36 F3 D7 
[   26046] ch21 r2 T: BC 4F 32 A3 AE 2C 00 42 03 7B 50 DD 6B 6D 12 E5 

Команды: b (фон), s (скан с нажатиями), c N (канал), r N (0=1M,1=2M,2=250k),
a N (адрес 0..3), f (фильтр), x (XN297 декод вкл/выкл), t (прицельный режим), p (сниффинг старт/стоп), # метка, ? справка
Сейчас: канал 21, скорость 2, адрес 0, фильтр вкл, XN297 вкл, прицельный вкл, сниффинг выкл

Команды: b (фон), s (скан с нажатиями), c N (канал), r N (0=1M,1=2M,2=250k),
a N (адрес 0..3), f (фильтр), x (XN297 декод вкл/выкл), t (прицельный режим), p (сниффинг старт/стоп), # метка, ? справка
Сейчас: канал 22, скорость 2, адрес 0, фильтр вкл, XN297 вкл, прицельный вкл, сниффинг выкл
------------------------------
# ON c22

Команды: b (фон), s (скан с нажатиями), c N (канал), r N (0=1M,1=2M,2=250k),
a N (адрес 0..3), f (фильтр), x (XN297 декод вкл/выкл), t (прицельный режим), p (сниффинг старт/стоп), # метка, ? справка
Сейчас: канал 22, скорость 2, адрес 0, фильтр вкл, XN297 вкл, прицельный вкл, сниффинг вкл

Команды: b (фон), s (скан с нажатиями), c N (канал), r N (0=1M,1=2M,2=250k),
a N (адрес 0..3), f (фильтр), x (XN297 декод вкл/выкл), t (прицельный режим), p (сниффинг старт/стоп), # метка, ? справка
Сейчас: канал 22, скорость 2, адрес 0, фильтр вкл, XN297 вкл, прицельный вкл, сниффинг выкл

Команды: b (фон), s (скан с нажатиями), c N (канал), r N (0=1M,1=2M,2=250k),
a N (адрес 0..3), f (фильтр), x (XN297 декод вкл/выкл), t (прицельный режим), p (сниффинг старт/стоп), # метка, ? справка
Сейчас: канал 23, скорость 2, адрес 0, фильтр вкл, XN297 вкл, прицельный вкл, сниффинг выкл
------------------------------
# ON c23

Команды: b (фон), s (скан с нажатиями), c N (канал), r N (0=1M,1=2M,2=250k),
a N (адрес 0..3), f (фильтр), x (XN297 декод вкл/выкл), t (прицельный режим), p (сниффинг старт/стоп), # метка, ? справка
Сейчас: канал 23, скорость 2, адрес 0, фильтр вкл, XN297 вкл, прицельный вкл, сниффинг вкл

Команды: b (фон), s (скан с нажатиями), c N (канал), r N (0=1M,1=2M,2=250k),
a N (адрес 0..3), f (фильтр), x (XN297 декод вкл/выкл), t (прицельный режим), p (сниффинг старт/стоп), # метка, ? справка
Сейчас: канал 23, скорость 2, адрес 0, фильтр вкл, XN297 вкл, прицельный вкл, сниффинг выкл

Команды: b (фон), s (скан с нажатиями), c N (канал), r N (0=1M,1=2M,2=250k),
a N (адрес 0..3), f (фильтр), x (XN297 декод вкл/выкл), t (прицельный режим), p (сниффинг старт/стоп), # метка, ? справка
Сейчас: канал 24, скорость 2, адрес 0, фильтр вкл, XN297 вкл, прицельный вкл, сниффинг выкл
------------------------------
# ON c24

Команды: b (фон), s (скан с нажатиями), c N (канал), r N (0=1M,1=2M,2=250k),
a N (адрес 0..3), f (фильтр), x (XN297 декод вкл/выкл), t (прицельный режим), p (сниффинг старт/стоп), # метка, ? справка
Сейчас: канал 24, скорость 2, адрес 0, фильтр вкл, XN297 вкл, прицельный вкл, сниффинг вкл

Команды: b (фон), s (скан с нажатиями), c N (канал), r N (0=1M,1=2M,2=250k),
a N (адрес 0..3), f (фильтр), x (XN297 декод вкл/выкл), t (прицельный режим), p (сниффинг старт/стоп), # метка, ? справка
Сейчас: канал 24, скорость 2, адрес 0, фильтр вкл, XN297 вкл, прицельный вкл, сниффинг выкл

Команды: b (фон), s (скан с нажатиями), c N (канал), r N (0=1M,1=2M,2=250k),
a N (адрес 0..3), f (фильтр), x (XN297 декод вкл/выкл), t (прицельный режим), p (сниффинг старт/стоп), # метка, ? справка
Сейчас: канал 25, скорость 2, адрес 0, фильтр вкл, XN297 вкл, прицельный вкл, сниффинг выкл
------------------------------
# ON c25

Команды: b (фон), s (скан с нажатиями), c N (канал), r N (0=1M,1=2M,2=250k),
a N (адрес 0..3), f (фильтр), x (XN297 декод вкл/выкл), t (прицельный режим), p (сниффинг старт/стоп), # метка, ? справка
Сейчас: канал 25, скорость 2, адрес 0, фильтр вкл, XN297 вкл, прицельный вкл, сниффинг вкл

Команды: b (фон), s (скан с нажатиями), c N (канал), r N (0=1M,1=2M,2=250k),
a N (адрес 0..3), f (фильтр), x (XN297 декод вкл/выкл), t (прицельный режим), p (сниффинг старт/стоп), # метка, ? справка
Сейчас: канал 25, скорость 2, адрес 0, фильтр вкл, XN297 вкл, прицельный вкл, сниффинг выкл

Команды: b (фон), s (скан с нажатиями), c N (канал), r N (0=1M,1=2M,2=250k),
a N (адрес 0..3), f (фильтр), x (XN297 декод вкл/выкл), t (прицельный режим), p (сниффинг старт/стоп), # метка, ? справка
Сейчас: канал 26, скорость 2, адрес 0, фильтр вкл, XN297 вкл, прицельный вкл, сниффинг выкл
------------------------------
# ON c26

Команды: b (фон), s (скан с нажатиями), c N (канал), r N (0=1M,1=2M,2=250k),
a N (адрес 0..3), f (фильтр), x (XN297 декод вкл/выкл), t (прицельный режим), p (сниффинг старт/стоп), # метка, ? справка
Сейчас: канал 26, скорость 2, адрес 0, фильтр вкл, XN297 вкл, прицельный вкл, сниффинг вкл

Команды: b (фон), s (скан с нажатиями), c N (канал), r N (0=1M,1=2M,2=250k),
a N (адрес 0..3), f (фильтр), x (XN297 декод вкл/выкл), t (прицельный режим), p (сниффинг старт/стоп), # метка, ? справка
Сейчас: канал 26, скорость 2, адрес 0, фильтр вкл, XN297 вкл, прицельный вкл, сниффинг выкл

Команды: b (фон), s (скан с нажатиями), c N (канал), r N (0=1M,1=2M,2=250k),
a N (адрес 0..3), f (фильтр), x (XN297 декод вкл/выкл), t (прицельный режим), p (сниффинг старт/стоп), # метка, ? справка
Сейчас: канал 27, скорость 2, адрес 0, фильтр вкл, XN297 вкл, прицельный вкл, сниффинг выкл
------------------------------
# ON c27

Команды: b (фон), s (скан с нажатиями), c N (канал), r N (0=1M,1=2M,2=250k),
a N (адрес 0..3), f (фильтр), x (XN297 декод вкл/выкл), t (прицельный режим), p (сниффинг старт/стоп), # метка, ? справка
Сейчас: канал 27, скорость 2, адрес 0, фильтр вкл, XN297 вкл, прицельный вкл, сниффинг вкл

Команды: b (фон), s (скан с нажатиями), c N (канал), r N (0=1M,1=2M,2=250k),
a N (адрес 0..3), f (фильтр), x (XN297 декод вкл/выкл), t (прицельный режим), p (сниффинг старт/стоп), # метка, ? справка
Сейчас: канал 27, скорость 2, адрес 0, фильтр вкл, XN297 вкл, прицельный вкл, сниффинг выкл

Команды: b (фон), s (скан с нажатиями), c N (канал), r N (0=1M,1=2M,2=250k),
a N (адрес 0..3), f (фильтр), x (XN297 декод вкл/выкл), t (прицельный режим), p (сниффинг старт/стоп), # метка, ? справка
Сейчас: канал 28, скорость 2, адрес 0, фильтр вкл, XN297 вкл, прицельный вкл, сниффинг выкл
------------------------------
# ON c28

Команды: b (фон), s (скан с нажатиями), c N (канал), r N (0=1M,1=2M,2=250k),
a N (адрес 0..3), f (фильтр), x (XN297 декод вкл/выкл), t (прицельный режим), p (сниффинг старт/стоп), # метка, ? справка
Сейчас: канал 28, скорость 2, адрес 0, фильтр вкл, XN297 вкл, прицельный вкл, сниффинг вкл

Команды: b (фон), s (скан с нажатиями), c N (канал), r N (0=1M,1=2M,2=250k),
a N (адрес 0..3), f (фильтр), x (XN297 декод вкл/выкл), t (прицельный режим), p (сниффинг старт/стоп), # метка, ? справка
Сейчас: канал 28, скорость 2, адрес 0, фильтр вкл, XN297 вкл, прицельный вкл, сниффинг выкл

Команды: b (фон), s (скан с нажатиями), c N (канал), r N (0=1M,1=2M,2=250k),
a N (адрес 0..3), f (фильтр), x (XN297 декод вкл/выкл), t (прицельный режим), p (сниффинг старт/стоп), # метка, ? справка
Сейчас: канал 29, скорость 2, адрес 0, фильтр вкл, XN297 вкл, прицельный вкл, сниффинг выкл
------------------------------
# ON c29

Команды: b (фон), s (скан с нажатиями), c N (канал), r N (0=1M,1=2M,2=250k),
a N (адрес 0..3), f (фильтр), x (XN297 декод вкл/выкл), t (прицельный режим), p (сниффинг старт/стоп), # метка, ? справка
Сейчас: канал 29, скорость 2, адрес 0, фильтр вкл, XN297 вкл, прицельный вкл, сниффинг вкл

Команды: b (фон), s (скан с нажатиями), c N (канал), r N (0=1M,1=2M,2=250k),
a N (адрес 0..3), f (фильтр), x (XN297 декод вкл/выкл), t (прицельный режим), p (сниффинг старт/стоп), # метка, ? справка
Сейчас: канал 29, скорость 2, адрес 0, фильтр вкл, XN297 вкл, прицельный вкл, сниффинг выкл

Команды: b (фон), s (скан с нажатиями), c N (канал), r N (0=1M,1=2M,2=250k),
a N (адрес 0..3), f (фильтр), x (XN297 декод вкл/выкл), t (прицельный режим), p (сниффинг старт/стоп), # метка, ? справка
Сейчас: канал 30, скорость 2, адрес 0, фильтр вкл, XN297 вкл, прицельный вкл, сниффинг выкл
------------------------------
# ON c30

Команды: b (фон), s (скан с нажатиями), c N (канал), r N (0=1M,1=2M,2=250k),
a N (адрес 0..3), f (фильтр), x (XN297 декод вкл/выкл), t (прицельный режим), p (сниффинг старт/стоп), # метка, ? справка
Сейчас: канал 30, скорость 2, адрес 0, фильтр вкл, XN297 вкл, прицельный вкл, сниффинг вкл

Команды: b (фон), s (скан с нажатиями), c N (канал), r N (0=1M,1=2M,2=250k),
a N (адрес 0..3), f (фильтр), x (XN297 декод вкл/выкл), t (прицельный режим), p (сниффинг старт/стоп), # метка, ? справка
Сейчас: канал 30, скорость 2, адрес 0, фильтр вкл, XN297 вкл, прицельный вкл, сниффинг выкл

Команды: b (фон), s (скан с нажатиями), c N (канал), r N (0=1M,1=2M,2=250k),
a N (адрес 0..3), f (фильтр), x (XN297 декод вкл/выкл), t (прицельный режим), p (сниффинг старт/стоп), # метка, ? справка
Сейчас: канал 31, скорость 2, адрес 0, фильтр вкл, XN297 вкл, прицельный вкл, сниффинг выкл
------------------------------
# ON c31

Команды: b (фон), s (скан с нажатиями), c N (канал), r N (0=1M,1=2M,2=250k),
a N (адрес 0..3), f (фильтр), x (XN297 декод вкл/выкл), t (прицельный режим), p (сниффинг старт/стоп), # метка, ? справка
Сейчас: канал 31, скорость 2, адрес 0, фильтр вкл, XN297 вкл, прицельный вкл, сниффинг вкл

Команды: b (фон), s (скан с нажатиями), c N (канал), r N (0=1M,1=2M,2=250k),
a N (адрес 0..3), f (фильтр), x (XN297 декод вкл/выкл), t (прицельный режим), p (сниффинг старт/стоп), # метка, ? справка
Сейчас: канал 31, скорость 2, адрес 0, фильтр вкл, XN297 вкл, прицельный вкл, сниффинг выкл

Команды: b (фон), s (скан с нажатиями), c N (канал), r N (0=1M,1=2M,2=250k),
a N (адрес 0..3), f (фильтр), x (XN297 декод вкл/выкл), t (прицельный режим), p (сниффинг старт/стоп), # метка, ? справка
Сейчас: канал 32, скорость 2, адрес 0, фильтр вкл, XN297 вкл, прицельный вкл, сниффинг выкл
------------------------------
# ON c32

Команды: b (фон), s (скан с нажатиями), c N (канал), r N (0=1M,1=2M,2=250k),
a N (адрес 0..3), f (фильтр), x (XN297 декод вкл/выкл), t (прицельный режим), p (сниффинг старт/стоп), # метка, ? справка
Сейчас: канал 32, скорость 2, адрес 0, фильтр вкл, XN297 вкл, прицельный вкл, сниффинг вкл

Команды: b (фон), s (скан с нажатиями), c N (канал), r N (0=1M,1=2M,2=250k),
a N (адрес 0..3), f (фильтр), x (XN297 декод вкл/выкл), t (прицельный режим), p (сниффинг старт/стоп), # метка, ? справка
Сейчас: канал 32, скорость 2, адрес 0, фильтр вкл, XN297 вкл, прицельный вкл, сниффинг выкл

Команды: b (фон), s (скан с нажатиями), c N (канал), r N (0=1M,1=2M,2=250k),
a N (адрес 0..3), f (фильтр), x (XN297 декод вкл/выкл), t (прицельный режим), p (сниффинг старт/стоп), # метка, ? справка
Сейчас: канал 33, скорость 2, адрес 0, фильтр вкл, XN297 вкл, прицельный вкл, сниффинг выкл
------------------------------
# ON c33

Команды: b (фон), s (скан с нажатиями), c N (канал), r N (0=1M,1=2M,2=250k),
a N (адрес 0..3), f (фильтр), x (XN297 декод вкл/выкл), t (прицельный режим), p (сниффинг старт/стоп), # метка, ? справка
Сейчас: канал 33, скорость 2, адрес 0, фильтр вкл, XN297 вкл, прицельный вкл, сниффинг вкл

Команды: b (фон), s (скан с нажатиями), c N (канал), r N (0=1M,1=2M,2=250k),
a N (адрес 0..3), f (фильтр), x (XN297 декод вкл/выкл), t (прицельный режим), p (сниффинг старт/стоп), # метка, ? справка
Сейчас: канал 33, скорость 2, адрес 0, фильтр вкл, XN297 вкл, прицельный вкл, сниффинг выкл

Команды: b (фон), s (скан с нажатиями), c N (канал), r N (0=1M,1=2M,2=250k),
a N (адрес 0..3), f (фильтр), x (XN297 декод вкл/выкл), t (прицельный режим), p (сниффинг старт/стоп), # метка, ? справка
Сейчас: канал 34, скорость 2, адрес 0, фильтр вкл, XN297 вкл, прицельный вкл, сниффинг выкл
------------------------------
# ON c34

Команды: b (фон), s (скан с нажатиями), c N (канал), r N (0=1M,1=2M,2=250k),
a N (адрес 0..3), f (фильтр), x (XN297 декод вкл/выкл), t (прицельный режим), p (сниффинг старт/стоп), # метка, ? справка
Сейчас: канал 34, скорость 2, адрес 0, фильтр вкл, XN297 вкл, прицельный вкл, сниффинг вкл
[   38482] ch34 r2 T: BC 4F 32 A3 AE 2C C4 C6 08 E7 51 E6 9E 77 6E 5D 
[   38494] ch34 r2 T: BC 4F 32 A3 AE 2C C4 C6 08 E7 51 B4 BC 2C BB FE 
[   38507] ch34 r2 T: BC 4F 32 A3 AE 2C C4 C6 08 E7 51 FD 4A 75 AB 1A 
[   38521] ch34 r2 T: BC 4F 32 A3 AE 2C C4 C6 08 E7 51 DB FA EF EB AF 
[   38785] ch34 r2 T: BC 4F 32 A3 AE 2C 44 26 EE 51 51 9E C3 DF 5C 9C 
[   38798] ch34 r2 T: BC 4F 32 A3 AE 2C 44 26 EE 51 51 BF 6D F6 DF ED 
[   38812] ch34 r2 T: BC 4F 32 A3 AE 2C 44 26 EE 51 51 FE FF 5E AA AA 
[   38825] ch34 r2 T: BC 4F 32 A3 AE 2C 44 26 EE 51 51 C7 48 BE EB 90 
[   38838] ch34 r2 T: BC 4F 32 A3 AE 2C 44 26 EE 51 51 7E B7 FB CB AD 
[   38851] ch34 r2 T: BC 4F 32 A3 AE 2C 44 26 EE 51 51 FD FF 54 64 09 
[   38864] ch34 r2 T: BC 4F 32 A3 AE 2C 44 26 EE 51 51 5B BD FA FD 7F 
[   38877] ch34 r2 T: BC 4F 32 A3 AE 2C 44 26 EE 51 51 3F D7 EF 7B F7 
[   38890] ch34 r2 T: BC 4F 32 A3 AE 2C 44 26 EE 51 51 6D 7B 57 5F FE 
[   38904] ch34 r2 T: BC 4F 32 A3 AE 2C 44 26 EE 51 51 6B 7E D7 FF EE 
[   38917] ch34 r2 T: BC 4F 32 A3 AE 2C 44 26 EE 51 51 55 BF 77 53 B7 

Команды: b (фон), s (скан с нажатиями), c N (канал), r N (0=1M,1=2M,2=250k),
a N (адрес 0..3), f (фильтр), x (XN297 декод вкл/выкл), t (прицельный режим), p (сниффинг старт/стоп), # метка, ? справка
Сейчас: канал 34, скорость 2, адрес 0, фильтр вкл, XN297 вкл, прицельный вкл, сниффинг выкл

Команды: b (фон), s (скан с нажатиями), c N (канал), r N (0=1M,1=2M,2=250k),
a N (адрес 0..3), f (фильтр), x (XN297 декод вкл/выкл), t (прицельный режим), p (сниффинг старт/стоп), # метка, ? справка
Сейчас: канал 35, скорость 2, адрес 0, фильтр вкл, XN297 вкл, прицельный вкл, сниффинг выкл
------------------------------
# ON c35

Команды: b (фон), s (скан с нажатиями), c N (канал), r N (0=1M,1=2M,2=250k),
a N (адрес 0..3), f (фильтр), x (XN297 декод вкл/выкл), t (прицельный режим), p (сниффинг старт/стоп), # метка, ? справка
Сейчас: канал 35, скорость 2, адрес 0, фильтр вкл, XN297 вкл, прицельный вкл, сниффинг вкл

Команды: b (фон), s (скан с нажатиями), c N (канал), r N (0=1M,1=2M,2=250k),
a N (адрес 0..3), f (фильтр), x (XN297 декод вкл/выкл), t (прицельный режим), p (сниффинг старт/стоп), # метка, ? справка
Сейчас: канал 35, скорость 2, адрес 0, фильтр вкл, XN297 вкл, прицельный вкл, сниффинг выкл

Команды: b (фон), s (скан с нажатиями), c N (канал), r N (0=1M,1=2M,2=250k),
a N (адрес 0..3), f (фильтр), x (XN297 декод вкл/выкл), t (прицельный режим), p (сниффинг старт/стоп), # метка, ? справка
Сейчас: канал 36, скорость 2, адрес 0, фильтр вкл, XN297 вкл, прицельный вкл, сниффинг выкл
------------------------------
# ON c36

Команды: b (фон), s (скан с нажатиями), c N (канал), r N (0=1M,1=2M,2=250k),
a N (адрес 0..3), f (фильтр), x (XN297 декод вкл/выкл), t (прицельный режим), p (сниффинг старт/стоп), # метка, ? справка
Сейчас: канал 36, скорость 2, адрес 0, фильтр вкл, XN297 вкл, прицельный вкл, сниффинг вкл

Команды: b (фон), s (скан с нажатиями), c N (канал), r N (0=1M,1=2M,2=250k),
a N (адрес 0..3), f (фильтр), x (XN297 декод вкл/выкл), t (прицельный режим), p (сниффинг старт/стоп), # метка, ? справка
Сейчас: канал 36, скорость 2, адрес 0, фильтр вкл, XN297 вкл, прицельный вкл, сниффинг выкл

Команды: b (фон), s (скан с нажатиями), c N (канал), r N (0=1M,1=2M,2=250k),
a N (адрес 0..3), f (фильтр), x (XN297 декод вкл/выкл), t (прицельный режим), p (сниффинг старт/стоп), # метка, ? справка
Сейчас: канал 37, скорость 2, адрес 0, фильтр вкл, XN297 вкл, прицельный вкл, сниффинг выкл
------------------------------
# ON c37

Команды: b (фон), s (скан с нажатиями), c N (канал), r N (0=1M,1=2M,2=250k),
a N (адрес 0..3), f (фильтр), x (XN297 декод вкл/выкл), t (прицельный режим), p (сниффинг старт/стоп), # метка, ? справка
Сейчас: канал 37, скорость 2, адрес 0, фильтр вкл, XN297 вкл, прицельный вкл, сниффинг вкл
[   41699] ch37 r2 T: BC 4F 32 A3 AE 2C D4 DE 98 AD 50 DA D7 DD 4F BD 
[   41712] ch37 r2 T: BC 4F 32 A3 AE 2C D4 DE 98 AD 50 6D DF 5E E5 EB 
[   41739] ch37 r2 T: BC 4F 32 A3 AE 2C D4 DE 98 AD 50 DD FE 7B DE FA 
[   41752] ch37 r2 T: BC 4F 32 A3 AE 2C D4 DE 98 AD 51 FA FF C7 F7 6D 
[   41778] ch37 r2 T: BC 4F 32 A3 AE 2C D4 DE 98 AD 50 F7 B7 DB FA B5 
[   41791] ch37 r2 T: BC 4F 32 A3 AE 2C D4 DE 98 AD 51 F2 AB 7B AD EF 
[   41818] ch37 r2 T: BC 4F 32 A3 AE 2C D4 DE 98 AD 50 EE 4F CB 72 D5 
[   41831] ch37 r2 T: BC 4F 32 A3 AE 2C D4 DE 98 AD 51 3F 57 17 75 DD 

Команды: b (фон), s (скан с нажатиями), c N (канал), r N (0=1M,1=2M,2=250k),
a N (адрес 0..3), f (фильтр), x (XN297 декод вкл/выкл), t (прицельный режим), p (сниффинг старт/стоп), # метка, ? справка
Сейчас: канал 37, скорость 2, адрес 0, фильтр вкл, XN297 вкл, прицельный вкл, сниффинг выкл

Команды: b (фон), s (скан с нажатиями), c N (канал), r N (0=1M,1=2M,2=250k),
a N (адрес 0..3), f (фильтр), x (XN297 декод вкл/выкл), t (прицельный режим), p (сниффинг старт/стоп), # метка, ? справка
Сейчас: канал 38, скорость 2, адрес 0, фильтр вкл, XN297 вкл, прицельный вкл, сниффинг выкл
------------------------------
# ON c38

Команды: b (фон), s (скан с нажатиями), c N (канал), r N (0=1M,1=2M,2=250k),
a N (адрес 0..3), f (фильтр), x (XN297 декод вкл/выкл), t (прицельный режим), p (сниффинг старт/стоп), # метка, ? справка
Сейчас: канал 38, скорость 2, адрес 0, фильтр вкл, XN297 вкл, прицельный вкл, сниффинг вкл
[   42582] ch38 r2 T: BC CF 32 A2 AE 2C B4 BE FF 21 55 00 00 1B 6C 2D 

Команды: b (фон), s (скан с нажатиями), c N (канал), r N (0=1M,1=2M,2=250k),
a N (адрес 0..3), f (фильтр), x (XN297 декод вкл/выкл), t (прицельный режим), p (сниффинг старт/стоп), # метка, ? справка
Сейчас: канал 38, скорость 2, адрес 0, фильтр вкл, XN297 вкл, прицельный вкл, сниффинг выкл

Команды: b (фон), s (скан с нажатиями), c N (канал), r N (0=1M,1=2M,2=250k),
a N (адрес 0..3), f (фильтр), x (XN297 декод вкл/выкл), t (прицельный режим), p (сниффинг старт/стоп), # метка, ? справка
Сейчас: канал 39, скорость 2, адрес 0, фильтр вкл, XN297 вкл, прицельный вкл, сниффинг выкл
------------------------------
# ON c39

Команды: b (фон), s (скан с нажатиями), c N (канал), r N (0=1M,1=2M,2=250k),
a N (адрес 0..3), f (фильтр), x (XN297 декод вкл/выкл), t (прицельный режим), p (сниффинг старт/стоп), # метка, ? справка
Сейчас: канал 39, скорость 2, адрес 0, фильтр вкл, XN297 вкл, прицельный вкл, сниффинг вкл

Команды: b (фон), s (скан с нажатиями), c N (канал), r N (0=1M,1=2M,2=250k),
a N (адрес 0..3), f (фильтр), x (XN297 декод вкл/выкл), t (прицельный режим), p (сниффинг старт/стоп), # метка, ? справка
Сейчас: канал 39, скорость 2, адрес 0, фильтр вкл, XN297 вкл, прицельный вкл, сниффинг выкл

Команды: b (фон), s (скан с нажатиями), c N (канал), r N (0=1M,1=2M,2=250k),
a N (адрес 0..3), f (фильтр), x (XN297 декод вкл/выкл), t (прицельный режим), p (сниффинг старт/стоп), # метка, ? справка
Сейчас: канал 40, скорость 2, адрес 0, фильтр вкл, XN297 вкл, прицельный вкл, сниффинг выкл
------------------------------
# ON c40

Команды: b (фон), s (скан с нажатиями), c N (канал), r N (0=1M,1=2M,2=250k),
a N (адрес 0..3), f (фильтр), x (XN297 декод вкл/выкл), t (прицельный режим), p (сниффинг старт/стоп), # метка, ? справка
Сейчас: канал 40, скорость 2, адрес 0, фильтр вкл, XN297 вкл, прицельный вкл, сниффинг вкл

Команды: b (фон), s (скан с нажатиями), c N (канал), r N (0=1M,1=2M,2=250k),
a N (адрес 0..3), f (фильтр), x (XN297 декод вкл/выкл), t (прицельный режим), p (сниффинг старт/стоп), # метка, ? справка
Сейчас: канал 40, скорость 2, адрес 0, фильтр вкл, XN297 вкл, прицельный вкл, сниффинг выкл

Команды: b (фон), s (скан с нажатиями), c N (канал), r N (0=1M,1=2M,2=250k),
a N (адрес 0..3), f (фильтр), x (XN297 декод вкл/выкл), t (прицельный режим), p (сниффинг старт/стоп), # метка, ? справка
Сейчас: канал 41, скорость 2, адрес 0, фильтр вкл, XN297 вкл, прицельный вкл, сниффинг выкл
------------------------------
# ON c41

Команды: b (фон), s (скан с нажатиями), c N (канал), r N (0=1M,1=2M,2=250k),
a N (адрес 0..3), f (фильтр), x (XN297 декод вкл/выкл), t (прицельный режим), p (сниффинг старт/стоп), # метка, ? справка
Сейчас: канал 41, скорость 2, адрес 0, фильтр вкл, XN297 вкл, прицельный вкл, сниффинг вкл

Команды: b (фон), s (скан с нажатиями), c N (канал), r N (0=1M,1=2M,2=250k),
a N (адрес 0..3), f (фильтр), x (XN297 декод вкл/выкл), t (прицельный режим), p (сниффинг старт/стоп), # метка, ? справка
Сейчас: канал 41, скорость 2, адрес 0, фильтр вкл, XN297 вкл, прицельный вкл, сниффинг выкл

Команды: b (фон), s (скан с нажатиями), c N (канал), r N (0=1M,1=2M,2=250k),
a N (адрес 0..3), f (фильтр), x (XN297 декод вкл/выкл), t (прицельный режим), p (сниффинг старт/стоп), # метка, ? справка
Сейчас: канал 42, скорость 2, адрес 0, фильтр вкл, XN297 вкл, прицельный вкл, сниффинг выкл
------------------------------
# ON c42

Команды: b (фон), s (скан с нажатиями), c N (канал), r N (0=1M,1=2M,2=250k),
a N (адрес 0..3), f (фильтр), x (XN297 декод вкл/выкл), t (прицельный режим), p (сниффинг старт/стоп), # метка, ? справка
Сейчас: канал 42, скорость 2, адрес 0, фильтр вкл, XN297 вкл, прицельный вкл, сниффинг вкл
[   46884] ch42 r2 T: BC 4F 32 A3 AE 2C 6A 10 9D 2D 50 08 54 20 42 15 

Команды: b (фон), s (скан с нажатиями), c N (канал), r N (0=1M,1=2M,2=250k),
a N (адрес 0..3), f (фильтр), x (XN297 декод вкл/выкл), t (прицельный режим), p (сниффинг старт/стоп), # метка, ? справка
Сейчас: канал 42, скорость 2, адрес 0, фильтр вкл, XN297 вкл, прицельный вкл, сниффинг выкл

Команды: b (фон), s (скан с нажатиями), c N (канал), r N (0=1M,1=2M,2=250k),
a N (адрес 0..3), f (фильтр), x (XN297 декод вкл/выкл), t (прицельный режим), p (сниффинг старт/стоп), # метка, ? справка
Сейчас: канал 43, скорость 2, адрес 0, фильтр вкл, XN297 вкл, прицельный вкл, сниффинг выкл
------------------------------
# ON c43

Команды: b (фон), s (скан с нажатиями), c N (канал), r N (0=1M,1=2M,2=250k),
a N (адрес 0..3), f (фильтр), x (XN297 декод вкл/выкл), t (прицельный режим), p (сниффинг старт/стоп), # метка, ? справка
Сейчас: канал 43, скорость 2, адрес 0, фильтр вкл, XN297 вкл, прицельный вкл, сниффинг вкл

Команды: b (фон), s (скан с нажатиями), c N (канал), r N (0=1M,1=2M,2=250k),
a N (адрес 0..3), f (фильтр), x (XN297 декод вкл/выкл), t (прицельный режим), p (сниффинг старт/стоп), # метка, ? справка
Сейчас: канал 43, скорость 2, адрес 0, фильтр вкл, XN297 вкл, прицельный вкл, сниффинг выкл

Команды: b (фон), s (скан с нажатиями), c N (канал), r N (0=1M,1=2M,2=250k),
a N (адрес 0..3), f (фильтр), x (XN297 декод вкл/выкл), t (прицельный режим), p (сниффинг старт/стоп), # метка, ? справка
Сейчас: канал 44, скорость 2, адрес 0, фильтр вкл, XN297 вкл, прицельный вкл, сниффинг выкл
------------------------------
# ON c44

Команды: b (фон), s (скан с нажатиями), c N (канал), r N (0=1M,1=2M,2=250k),
a N (адрес 0..3), f (фильтр), x (XN297 декод вкл/выкл), t (прицельный режим), p (сниффинг старт/стоп), # метка, ? справка
Сейчас: канал 44, скорость 2, адрес 0, фильтр вкл, XN297 вкл, прицельный вкл, сниффинг вкл

Команды: b (фон), s (скан с нажатиями), c N (канал), r N (0=1M,1=2M,2=250k),
a N (адрес 0..3), f (фильтр), x (XN297 декод вкл/выкл), t (прицельный режим), p (сниффинг старт/стоп), # метка, ? справка
Сейчас: канал 44, скорость 2, адрес 0, фильтр вкл, XN297 вкл, прицельный вкл, сниффинг выкл

Команды: b (фон), s (скан с нажатиями), c N (канал), r N (0=1M,1=2M,2=250k),
a N (адрес 0..3), f (фильтр), x (XN297 декод вкл/выкл), t (прицельный режим), p (сниффинг старт/стоп), # метка, ? справка
Сейчас: канал 45, скорость 2, адрес 0, фильтр вкл, XN297 вкл, прицельный вкл, сниффинг выкл
------------------------------
# ON c45

Команды: b (фон), s (скан с нажатиями), c N (канал), r N (0=1M,1=2M,2=250k),
a N (адрес 0..3), f (фильтр), x (XN297 декод вкл/выкл), t (прицельный режим), p (сниффинг старт/стоп), # метка, ? справка
Сейчас: канал 45, скорость 2, адрес 0, фильтр вкл, XN297 вкл, прицельный вкл, сниффинг вкл
[   49389] ch45 r2 T: BC 4F 32 A3 AE 28 FA F0 70 E8 51 FF BF FF FF FF 
[   49402] ch45 r2 T: AC 4F 32 A3 AE 2C FA F0 78 E8 51 FF FF 7F FF FF 
[   49415] ch45 r2 T: BC 4F 32 A3 AE 2C FA F0 78 E8 51 FF FF FF FF FF 
[   49428] ch45 r2 T: BC 4F 32 A3 AE 2C FA F0 78 E8 51 FF FF FF FF FF 
[   49441] ch45 r2 T: BC 4F 32 A3 AE 2C FA F0 78 E8 51 FF FF FF FF FF 
[   49455] ch45 r2 T: BC 4F 32 A3 AE 2C FA F0 78 E8 51 FF FF FF FF FF 
[   49481] ch45 r2 T: BC 4F 32 A3 AE 2C FA F0 78 E8 51 FF FE EF FD 79 
[   49494] ch45 r2 T: BC 4F 32 A3 AE 2C FA F0 78 E8 51 FE FF FF FF FF 
[   49507] ch45 r2 T: BC 4F 32 A3 AE 28 FA F0 78 E8 51 FF FF FE FF FF 
[   49520] ch45 r2 T: BC 4F 32 A3 AE 2C FA F0 78 E8 51 FF 9B AD 25 12 
[   49807] ch45 r2 T: BC 4F 32 A3 AE 2C 7A 00 8C 6F 51 FF FF FF FF FF 
[   49821] ch45 r2 T: BC 4F 32 A3 AE 2C 7A 00 8C 6F 51 FF FF FF BF FF 
[   49847] ch45 r2 T: BC 4F 32 A3 AE 2C 7A 00 8C 6F 51 FF FF FF FF FF 
[   49873] ch45 r2 T: BC 4F 32 A3 AE 2C 7A 00 8C 6F 51 FF FF FF FF FF 
[   49886] ch45 r2 T: BC 4F 32 A3 AE 2C 7A 00 8C 6F 51 FF FF FF FF FF 
[   49913] ch45 r2 T: BC 4F 32 A3 AE 2C 7A 00 8C 6F 51 FF FF FF FF FF 
[   49926] ch45 r2 T: BC 4F 32 A3 AE 2C 7A 00 8C 6B 51 FF FF FF FF FF 

Команды: b (фон), s (скан с нажатиями), c N (канал), r N (0=1M,1=2M,2=250k),
a N (адрес 0..3), f (фильтр), x (XN297 декод вкл/выкл), t (прицельный режим), p (сниффинг старт/стоп), # метка, ? справка
Сейчас: канал 45, скорость 2, адрес 0, фильтр вкл, XN297 вкл, прицельный вкл, сниффинг выкл

Команды: b (фон), s (скан с нажатиями), c N (канал), r N (0=1M,1=2M,2=250k),
a N (адрес 0..3), f (фильтр), x (XN297 декод вкл/выкл), t (прицельный режим), p (сниффинг старт/стоп), # метка, ? справка
Сейчас: канал 46, скорость 2, адрес 0, фильтр вкл, XN297 вкл, прицельный вкл, сниффинг выкл
------------------------------
# ON c46

Команды: b (фон), s (скан с нажатиями), c N (канал), r N (0=1M,1=2M,2=250k),
a N (адрес 0..3), f (фильтр), x (XN297 декод вкл/выкл), t (прицельный режим), p (сниффинг старт/стоп), # метка, ? справка
Сейчас: канал 46, скорость 2, адрес 0, фильтр вкл, XN297 вкл, прицельный вкл, сниффинг вкл

Команды: b (фон), s (скан с нажатиями), c N (канал), r N (0=1M,1=2M,2=250k),
a N (адрес 0..3), f (фильтр), x (XN297 декод вкл/выкл), t (прицельный режим), p (сниффинг старт/стоп), # метка, ? справка
Сейчас: канал 46, скорость 2, адрес 0, фильтр вкл, XN297 вкл, прицельный вкл, сниффинг выкл

Команды: b (фон), s (скан с нажатиями), c N (канал), r N (0=1M,1=2M,2=250k),
a N (адрес 0..3), f (фильтр), x (XN297 декод вкл/выкл), t (прицельный режим), p (сниффинг старт/стоп), # метка, ? справка
Сейчас: канал 47, скорость 2, адрес 0, фильтр вкл, XN297 вкл, прицельный вкл, сниффинг выкл
------------------------------
# ON c47

Команды: b (фон), s (скан с нажатиями), c N (канал), r N (0=1M,1=2M,2=250k),
a N (адрес 0..3), f (фильтр), x (XN297 декод вкл/выкл), t (прицельный режим), p (сниффинг старт/стоп), # метка, ? справка
Сейчас: канал 47, скорость 2, адрес 0, фильтр вкл, XN297 вкл, прицельный вкл, сниффинг вкл
[   51503] ch47 r2 T: BC 4F 32 A3 AE 2C 42 20 24 31 51 7E DF 5D B5 6E 
[   51516] ch47 r2 T: BC 4F 32 A3 AE 2C 42 20 24 31 51 D5 FF FF FD 76 
[   51530] ch47 r2 T: BC 4F 32 A3 AE 2C 42 20 24 31 51 BB DB D5 AF D6 
[   51543] ch47 r2 T: BC 4F 32 A3 AE 2C 42 20 24 31 51 7D AF 5B 5B DE 
[   51556] ch47 r2 T: BC 4F 32 A3 AE 2C 42 20 24 31 51 B7 F6 AD B5 5D 
[   51569] ch47 r2 T: BC 4F 32 A3 AE 2C 42 20 24 31 51 55 55 2F 6D 3D 
[   51582] ch47 r2 T: BC 4F 32 A3 AE 2C 42 20 24 31 51 6B 6D F7 AA EF 
[   51595] ch47 r2 T: BC 4F 32 A3 AE 2C 42 20 24 31 51 DB FE D6 AF 37 
[   51608] ch47 r2 T: BC 4F 32 A3 AE 2C 42 20 24 31 51 55 5B 68 D5 A9 
[   51622] ch47 r2 T: BC 4F 32 A3 AE 2C 42 20 24 31 51 55 6D 59 60 DA 
[   51635] ch47 r2 T: BC 4F 32 A3 AE 2C 42 20 24 31 51 F7 6B DA AA B6 
[   51939] ch47 r2 T: BC 4F 32 A3 AE 2C A2 A0 A5 0B 51 5E CF 6D AF 7E 

Команды: b (фон), s (скан с нажатиями), c N (канал), r N (0=1M,1=2M,2=250k),
a N (адрес 0..3), f (фильтр), x (XN297 декод вкл/выкл), t (прицельный режим), p (сниффинг старт/стоп), # метка, ? справка
Сейчас: канал 47, скорость 2, адрес 0, фильтр вкл, XN297 вкл, прицельный вкл, сниффинг выкл

Команды: b (фон), s (скан с нажатиями), c N (канал), r N (0=1M,1=2M,2=250k),
a N (адрес 0..3), f (фильтр), x (XN297 декод вкл/выкл), t (прицельный режим), p (сниффинг старт/стоп), # метка, ? справка
Сейчас: канал 48, скорость 2, адрес 0, фильтр вкл, XN297 вкл, прицельный вкл, сниффинг выкл
------------------------------
# ON c48

Команды: b (фон), s (скан с нажатиями), c N (канал), r N (0=1M,1=2M,2=250k),
a N (адрес 0..3), f (фильтр), x (XN297 декод вкл/выкл), t (прицельный режим), p (сниффинг старт/стоп), # метка, ? справка
Сейчас: канал 48, скорость 2, адрес 0, фильтр вкл, XN297 вкл, прицельный вкл, сниффинг вкл

Команды: b (фон), s (скан с нажатиями), c N (канал), r N (0=1M,1=2M,2=250k),
a N (адрес 0..3), f (фильтр), x (XN297 декод вкл/выкл), t (прицельный режим), p (сниффинг старт/стоп), # метка, ? справка
Сейчас: канал 48, скорость 2, адрес 0, фильтр вкл, XN297 вкл, прицельный вкл, сниффинг выкл

Команды: b (фон), s (скан с нажатиями), c N (канал), r N (0=1M,1=2M,2=250k),
a N (адрес 0..3), f (фильтр), x (XN297 декод вкл/выкл), t (прицельный режим), p (сниффинг старт/стоп), # метка, ? справка
Сейчас: канал 49, скорость 2, адрес 0, фильтр вкл, XN297 вкл, прицельный вкл, сниффинг выкл
------------------------------
# ON c49

Команды: b (фон), s (скан с нажатиями), c N (канал), r N (0=1M,1=2M,2=250k),
a N (адрес 0..3), f (фильтр), x (XN297 декод вкл/выкл), t (прицельный режим), p (сниффинг старт/стоп), # метка, ? справка
Сейчас: канал 49, скорость 2, адрес 0, фильтр вкл, XN297 вкл, прицельный вкл, сниффинг вкл

Команды: b (фон), s (скан с нажатиями), c N (канал), r N (0=1M,1=2M,2=250k),
a N (адрес 0..3), f (фильтр), x (XN297 декод вкл/выкл), t (прицельный режим), p (сниффинг старт/стоп), # метка, ? справка
Сейчас: канал 49, скорость 2, адрес 0, фильтр вкл, XN297 вкл, прицельный вкл, сниффинг выкл

Команды: b (фон), s (скан с нажатиями), c N (канал), r N (0=1M,1=2M,2=250k),
a N (адрес 0..3), f (фильтр), x (XN297 декод вкл/выкл), t (прицельный режим), p (сниффинг старт/стоп), # метка, ? справка
Сейчас: канал 50, скорость 2, адрес 0, фильтр вкл, XN297 вкл, прицельный вкл, сниффинг выкл
------------------------------
# ON c50

Команды: b (фон), s (скан с нажатиями), c N (канал), r N (0=1M,1=2M,2=250k),
a N (адрес 0..3), f (фильтр), x (XN297 декод вкл/выкл), t (прицельный режим), p (сниффинг старт/стоп), # метка, ? справка
Сейчас: канал 50, скорость 2, адрес 0, фильтр вкл, XN297 вкл, прицельный вкл, сниффинг вкл
[   54510] ch50 r2 T: BC 4F 32 A3 AE 2C D2 D8 52 CD 51 BD ED BF DD ED 
[   54523] ch50 r2 T: BC 4F 32 A3 AE 2C D2 D8 52 CD 51 7D DF D2 E7 6F 
[   54536] ch50 r2 T: BC 4F 32 A3 AE 2C D2 D8 52 CD 51 ED FF ED EE FD 
[   54550] ch50 r2 T: BC 4F 32 A3 AE 2C D2 D8 52 CD 51 7A D5 BD AE DC 
[   54563] ch50 r2 T: BC 4F 32 A3 AE 2C D2 D8 52 CD 51 FF AE DF DF ED 
[   54576] ch50 r2 T: BC 4F 32 A3 AE 2C D2 D8 52 CD 51 6E CE BB DF CE 
[   54589] ch50 r2 T: BC 4F 32 A3 AE 2C D2 D8 52 CD 51 FB DF BE DF 7F 
[   54602] ch50 r2 T: BC 4F 32 A3 AE 2C D2 D8 52 CD 51 ED FF DF E9 DA 
[   54615] ch50 r2 T: BC 4F 32 A3 AE 2C D2 D8 52 CD 51 7E DE F7 1A FB 
[   54628] ch50 r2 T: BC 4F 32 A3 AE 2C D2 D8 52 CD 51 FE DE B3 B5 BA 
[   54642] ch50 r2 T: BC 4F 32 A3 AE 2C D2 D8 52 CD 51 FE 7A AB AD F5 
[   54912] ch50 r2 T: BC 4F 32 A3 AE 2C 52 38 B4 7B 51 5B AB BB AD 56 

Команды: b (фон), s (скан с нажатиями), c N (канал), r N (0=1M,1=2M,2=250k),
a N (адрес 0..3), f (фильтр), x (XN297 декод вкл/выкл), t (прицельный режим), p (сниффинг старт/стоп), # метка, ? справка
Сейчас: канал 50, скорость 2, адрес 0, фильтр вкл, XN297 вкл, прицельный вкл, сниффинг выкл

Команды: b (фон), s (скан с нажатиями), c N (канал), r N (0=1M,1=2M,2=250k),
a N (адрес 0..3), f (фильтр), x (XN297 декод вкл/выкл), t (прицельный режим), p (сниффинг старт/стоп), # метка, ? справка
Сейчас: канал 51, скорость 2, адрес 0, фильтр вкл, XN297 вкл, прицельный вкл, сниффинг выкл
------------------------------
# ON c51

Команды: b (фон), s (скан с нажатиями), c N (канал), r N (0=1M,1=2M,2=250k),
a N (адрес 0..3), f (фильтр), x (XN297 декод вкл/выкл), t (прицельный режим), p (сниффинг старт/стоп), # метка, ? справка
Сейчас: канал 51, скорость 2, адрес 0, фильтр вкл, XN297 вкл, прицельный вкл, сниффинг вкл

Команды: b (фон), s (скан с нажатиями), c N (канал), r N (0=1M,1=2M,2=250k),
a N (адрес 0..3), f (фильтр), x (XN297 декод вкл/выкл), t (прицельный режим), p (сниффинг старт/стоп), # метка, ? справка
Сейчас: канал 51, скорость 2, адрес 0, фильтр вкл, XN297 вкл, прицельный вкл, сниффинг выкл

Команды: b (фон), s (скан с нажатиями), c N (канал), r N (0=1M,1=2M,2=250k),
a N (адрес 0..3), f (фильтр), x (XN297 декод вкл/выкл), t (прицельный режим), p (сниффинг старт/стоп), # метка, ? справка
Сейчас: канал 52, скорость 2, адрес 0, фильтр вкл, XN297 вкл, прицельный вкл, сниффинг выкл
------------------------------
# ON c52

Команды: b (фон), s (скан с нажатиями), c N (канал), r N (0=1M,1=2M,2=250k),
a N (адрес 0..3), f (фильтр), x (XN297 декод вкл/выкл), t (прицельный режим), p (сниффинг старт/стоп), # метка, ? справка
Сейчас: канал 52, скорость 2, адрес 0, фильтр вкл, XN297 вкл, прицельный вкл, сниффинг вкл

Команды: b (фон), s (скан с нажатиями), c N (канал), r N (0=1M,1=2M,2=250k),
a N (адрес 0..3), f (фильтр), x (XN297 декод вкл/выкл), t (прицельный режим), p (сниффинг старт/стоп), # метка, ? справка
Сейчас: канал 52, скорость 2, адрес 0, фильтр вкл, XN297 вкл, прицельный вкл, сниффинг выкл

Команды: b (фон), s (скан с нажатиями), c N (канал), r N (0=1M,1=2M,2=250k),
a N (адрес 0..3), f (фильтр), x (XN297 декод вкл/выкл), t (прицельный режим), p (сниффинг старт/стоп), # метка, ? справка
Сейчас: канал 53, скорость 2, адрес 0, фильтр вкл, XN297 вкл, прицельный вкл, сниффинг выкл
------------------------------
# ON c53

Команды: b (фон), s (скан с нажатиями), c N (канал), r N (0=1M,1=2M,2=250k),
a N (адрес 0..3), f (фильтр), x (XN297 декод вкл/выкл), t (прицельный режим), p (сниффинг старт/стоп), # метка, ? справка
Сейчас: канал 53, скорость 2, адрес 0, фильтр вкл, XN297 вкл, прицельный вкл, сниффинг вкл
[   57236] ch53 r2 T: BC 4F 32 A3 AE 2C 8E 88 43 EA 51 AA F7 BF FF FB 
[   57525] ch53 r2 T: BC 4F 32 A3 AE 2C 0E 48 81 3E 51 F7 EE DE FD AA 
[   57551] ch53 r2 T: BC 4F 32 A3 AE 2C 0E 48 81 3E 51 B7 B5 DD D2 BC 
[   57578] ch53 r2 T: BC 4F 32 A3 AE 2C 0E 48 89 3E 51 7F AD BD ED F7 
[   57591] ch53 r2 T: BC 4F 32 A3 AE 2C 0E 49 81 3E 51 FE FB F7 DD F6 
[   57593] ch53 r2 T: BC 4F 32 A3 AE 2C 0E 48 81 3E 51 41 15 A6 21 01 
[   57604] ch53 r2 T: BC 4F 32 A3 AE 2C 0E 48 81 3E 51 B7 57 57 B5 EF 
[   57617] ch53 r2 T: BC 4F 32 A3 AE 2C 0E 48 81 3E 51 69 F5 F5 BB FB 
[   57630] ch53 r2 T: BC 4F 32 A3 AE 2C 0E 48 81 3E 51 EF EB FF F5 7F 
[   57632] ch53 r2 T: BC 4F 32 A3 AE 2C 0E 48 81 3E 51 A0 56 28 41 40 
[   57643] ch53 r2 T: BC 4F 22 A3 AE 2C 0E 48 81 3E 51 ED BE EA F4 DF 
[   57646] ch53 r2 T: BC 4F 32 A3 AE 2C 0E 48 81 3E 50 96 0A 24 88 92 

Команды: b (фон), s (скан с нажатиями), c N (канал), r N (0=1M,1=2M,2=250k),
a N (адрес 0..3), f (фильтр), x (XN297 декод вкл/выкл), t (прицельный режим), p (сниффинг старт/стоп), # метка, ? справка
Сейчас: канал 53, скорость 2, адрес 0, фильтр вкл, XN297 вкл, прицельный вкл, сниффинг выкл

Команды: b (фон), s (скан с нажатиями), c N (канал), r N (0=1M,1=2M,2=250k),
a N (адрес 0..3), f (фильтр), x (XN297 декод вкл/выкл), t (прицельный режим), p (сниффинг старт/стоп), # метка, ? справка
Сейчас: канал 54, скорость 2, адрес 0, фильтр вкл, XN297 вкл, прицельный вкл, сниффинг выкл
------------------------------
# ON c54

Команды: b (фон), s (скан с нажатиями), c N (канал), r N (0=1M,1=2M,2=250k),
a N (адрес 0..3), f (фильтр), x (XN297 декод вкл/выкл), t (прицельный режим), p (сниффинг старт/стоп), # метка, ? справка
Сейчас: канал 54, скорость 2, адрес 0, фильтр вкл, XN297 вкл, прицельный вкл, сниффинг вкл
[   58608] ch54 r2 T: 3C 4F 32 A3 AE 2E AE 6B 1B A0 51 BF 9F FE BB FE 

Команды: b (фон), s (скан с нажатиями), c N (канал), r N (0=1M,1=2M,2=250k),
a N (адрес 0..3), f (фильтр), x (XN297 декод вкл/выкл), t (прицельный режим), p (сниффинг старт/стоп), # метка, ? справка
Сейчас: канал 54, скорость 2, адрес 0, фильтр вкл, XN297 вкл, прицельный вкл, сниффинг выкл

Команды: b (фон), s (скан с нажатиями), c N (канал), r N (0=1M,1=2M,2=250k),
a N (адрес 0..3), f (фильтр), x (XN297 декод вкл/выкл), t (прицельный режим), p (сниффинг старт/стоп), # метка, ? справка
Сейчас: канал 55, скорость 2, адрес 0, фильтр вкл, XN297 вкл, прицельный вкл, сниффинг выкл
------------------------------
# ON c55

Команды: b (фон), s (скан с нажатиями), c N (канал), r N (0=1M,1=2M,2=250k),
a N (адрес 0..3), f (фильтр), x (XN297 декод вкл/выкл), t (прицельный режим), p (сниффинг старт/стоп), # метка, ? справка
Сейчас: канал 55, скорость 2, адрес 0, фильтр вкл, XN297 вкл, прицельный вкл, сниффинг вкл

Команды: b (фон), s (скан с нажатиями), c N (канал), r N (0=1M,1=2M,2=250k),
a N (адрес 0..3), f (фильтр), x (XN297 декод вкл/выкл), t (прицельный режим), p (сниффинг старт/стоп), # метка, ? справка
Сейчас: канал 55, скорость 2, адрес 0, фильтр вкл, XN297 вкл, прицельный вкл, сниффинг выкл

Команды: b (фон), s (скан с нажатиями), c N (канал), r N (0=1M,1=2M,2=250k),
a N (адрес 0..3), f (фильтр), x (XN297 декод вкл/выкл), t (прицельный режим), p (сниффинг старт/стоп), # метка, ? справка
Сейчас: канал 56, скорость 2, адрес 0, фильтр вкл, XN297 вкл, прицельный вкл, сниффинг выкл
------------------------------
# ON c56

Команды: b (фон), s (скан с нажатиями), c N (канал), r N (0=1M,1=2M,2=250k),
a N (адрес 0..3), f (фильтр), x (XN297 декод вкл/выкл), t (прицельный режим), p (сниффинг старт/стоп), # метка, ? справка
Сейчас: канал 56, скорость 2, адрес 0, фильтр вкл, XN297 вкл, прицельный вкл, сниффинг вкл

Команды: b (фон), s (скан с нажатиями), c N (канал), r N (0=1M,1=2M,2=250k),
a N (адрес 0..3), f (фильтр), x (XN297 декод вкл/выкл), t (прицельный режим), p (сниффинг старт/стоп), # метка, ? справка
Сейчас: канал 56, скорость 2, адрес 0, фильтр вкл, XN297 вкл, прицельный вкл, сниффинг выкл

Команды: b (фон), s (скан с нажатиями), c N (канал), r N (0=1M,1=2M,2=250k),
a N (адрес 0..3), f (фильтр), x (XN297 декод вкл/выкл), t (прицельный режим), p (сниффинг старт/стоп), # метка, ? справка
Сейчас: канал 57, скорость 2, адрес 0, фильтр вкл, XN297 вкл, прицельный вкл, сниффинг выкл
------------------------------
# ON c57

Команды: b (фон), s (скан с нажатиями), c N (канал), r N (0=1M,1=2M,2=250k),
a N (адрес 0..3), f (фильтр), x (XN297 декод вкл/выкл), t (прицельный режим), p (сниффинг старт/стоп), # метка, ? справка
Сейчас: канал 57, скорость 2, адрес 0, фильтр вкл, XN297 вкл, прицельный вкл, сниффинг вкл

Команды: b (фон), s (скан с нажатиями), c N (канал), r N (0=1M,1=2M,2=250k),
a N (адрес 0..3), f (фильтр), x (XN297 декод вкл/выкл), t (прицельный режим), p (сниффинг старт/стоп), # метка, ? справка
Сейчас: канал 57, скорость 2, адрес 0, фильтр вкл, XN297 вкл, прицельный вкл, сниффинг выкл

Команды: b (фон), s (скан с нажатиями), c N (канал), r N (0=1M,1=2M,2=250k),
a N (адрес 0..3), f (фильтр), x (XN297 декод вкл/выкл), t (прицельный режим), p (сниффинг старт/стоп), # метка, ? справка
Сейчас: канал 58, скорость 2, адрес 0, фильтр вкл, XN297 вкл, прицельный вкл, сниффинг выкл
------------------------------
# ON c58

Команды: b (фон), s (скан с нажатиями), c N (канал), r N (0=1M,1=2M,2=250k),
a N (адрес 0..3), f (фильтр), x (XN297 декод вкл/выкл), t (прицельный режим), p (сниффинг старт/стоп), # метка, ? справка
Сейчас: канал 58, скорость 2, адрес 0, фильтр вкл, XN297 вкл, прицельный вкл, сниффинг вкл

Команды: b (фон), s (скан с нажатиями), c N (канал), r N (0=1M,1=2M,2=250k),
a N (адрес 0..3), f (фильтр), x (XN297 декод вкл/выкл), t (прицельный режим), p (сниффинг старт/стоп), # метка, ? справка
Сейчас: канал 58, скорость 2, адрес 0, фильтр вкл, XN297 вкл, прицельный вкл, сниффинг выкл

Команды: b (фон), s (скан с нажатиями), c N (канал), r N (0=1M,1=2M,2=250k),
a N (адрес 0..3), f (фильтр), x (XN297 декод вкл/выкл), t (прицельный режим), p (сниффинг старт/стоп), # метка, ? справка
Сейчас: канал 59, скорость 2, адрес 0, фильтр вкл, XN297 вкл, прицельный вкл, сниффинг выкл
------------------------------
# ON c59

Команды: b (фон), s (скан с нажатиями), c N (канал), r N (0=1M,1=2M,2=250k),
a N (адрес 0..3), f (фильтр), x (XN297 декод вкл/выкл), t (прицельный режим), p (сниффинг старт/стоп), # метка, ? справка
Сейчас: канал 59, скорость 2, адрес 0, фильтр вкл, XN297 вкл, прицельный вкл, сниффинг вкл

Команды: b (фон), s (скан с нажатиями), c N (канал), r N (0=1M,1=2M,2=250k),
a N (адрес 0..3), f (фильтр), x (XN297 декод вкл/выкл), t (прицельный режим), p (сниффинг старт/стоп), # метка, ? справка
Сейчас: канал 59, скорость 2, адрес 0, фильтр вкл, XN297 вкл, прицельный вкл, сниффинг выкл

Команды: b (фон), s (скан с нажатиями), c N (канал), r N (0=1M,1=2M,2=250k),
a N (адрес 0..3), f (фильтр), x (XN297 декод вкл/выкл), t (прицельный режим), p (сниффинг старт/стоп), # метка, ? справка
Сейчас: канал 60, скорость 2, адрес 0, фильтр вкл, XN297 вкл, прицельный вкл, сниффинг выкл
------------------------------
# ON c60

Команды: b (фон), s (скан с нажатиями), c N (канал), r N (0=1M,1=2M,2=250k),
a N (адрес 0..3), f (фильтр), x (XN297 декод вкл/выкл), t (прицельный режим), p (сниффинг старт/стоп), # метка, ? справка
Сейчас: канал 60, скорость 2, адрес 0, фильтр вкл, XN297 вкл, прицельный вкл, сниффинг вкл

Команды: b (фон), s (скан с нажатиями), c N (канал), r N (0=1M,1=2M,2=250k),
a N (адрес 0..3), f (фильтр), x (XN297 декод вкл/выкл), t (прицельный режим), p (сниффинг старт/стоп), # метка, ? справка
Сейчас: канал 60, скорость 2, адрес 0, фильтр вкл, XN297 вкл, прицельный вкл, сниффинг выкл

Команды: b (фон), s (скан с нажатиями), c N (канал), r N (0=1M,1=2M,2=250k),
a N (адрес 0..3), f (фильтр), x (XN297 декод вкл/выкл), t (прицельный режим), p (сниффинг старт/стоп), # метка, ? справка
Сейчас: канал 61, скорость 2, адрес 0, фильтр вкл, XN297 вкл, прицельный вкл, сниффинг выкл
------------------------------
# ON c61

Команды: b (фон), s (скан с нажатиями), c N (канал), r N (0=1M,1=2M,2=250k),
a N (адрес 0..3), f (фильтр), x (XN297 декод вкл/выкл), t (прицельный режим), p (сниффинг старт/стоп), # метка, ? справка
Сейчас: канал 61, скорость 2, адрес 0, фильтр вкл, XN297 вкл, прицельный вкл, сниффинг вкл
[   65728] ch61 r2 T: BC 4F 32 A3 AE 2C A6 A4 29 4B 51 FF DF AF F9 BF 

Команды: b (фон), s (скан с нажатиями), c N (канал), r N (0=1M,1=2M,2=250k),
a N (адрес 0..3), f (фильтр), x (XN297 декод вкл/выкл), t (прицельный режим), p (сниффинг старт/стоп), # метка, ? справка
Сейчас: канал 61, скорость 2, адрес 0, фильтр вкл, XN297 вкл, прицельный вкл, сниффинг выкл

Команды: b (фон), s (скан с нажатиями), c N (канал), r N (0=1M,1=2M,2=250k),
a N (адрес 0..3), f (фильтр), x (XN297 декод вкл/выкл), t (прицельный режим), p (сниффинг старт/стоп), # метка, ? справка
Сейчас: канал 62, скорость 2, адрес 0, фильтр вкл, XN297 вкл, прицельный вкл, сниффинг выкл
------------------------------
# ON c62

Команды: b (фон), s (скан с нажатиями), c N (канал), r N (0=1M,1=2M,2=250k),
a N (адрес 0..3), f (фильтр), x (XN297 декод вкл/выкл), t (прицельный режим), p (сниффинг старт/стоп), # метка, ? справка
Сейчас: канал 62, скорость 2, адрес 0, фильтр вкл, XN297 вкл, прицельный вкл, сниффинг вкл

Команды: b (фон), s (скан с нажатиями), c N (канал), r N (0=1M,1=2M,2=250k),
a N (адрес 0..3), f (фильтр), x (XN297 декод вкл/выкл), t (прицельный режим), p (сниффинг старт/стоп), # метка, ? справка
Сейчас: канал 62, скорость 2, адрес 0, фильтр вкл, XN297 вкл, прицельный вкл, сниффинг выкл

Команды: b (фон), s (скан с нажатиями), c N (канал), r N (0=1M,1=2M,2=250k),
a N (адрес 0..3), f (фильтр), x (XN297 декод вкл/выкл), t (прицельный режим), p (сниффинг старт/стоп), # метка, ? справка
Сейчас: канал 63, скорость 2, адрес 0, фильтр вкл, XN297 вкл, прицельный вкл, сниффинг выкл
------------------------------
# ON c63

Команды: b (фон), s (скан с нажатиями), c N (канал), r N (0=1M,1=2M,2=250k),
a N (адрес 0..3), f (фильтр), x (XN297 декод вкл/выкл), t (прицельный режим), p (сниффинг старт/стоп), # метка, ? справка
Сейчас: канал 63, скорость 2, адрес 0, фильтр вкл, XN297 вкл, прицельный вкл, сниффинг вкл

Команды: b (фон), s (скан с нажатиями), c N (канал), r N (0=1M,1=2M,2=250k),
a N (адрес 0..3), f (фильтр), x (XN297 декод вкл/выкл), t (прицельный режим), p (сниффинг старт/стоп), # метка, ? справка
Сейчас: канал 63, скорость 2, адрес 0, фильтр вкл, XN297 вкл, прицельный вкл, сниффинг выкл

Команды: b (фон), s (скан с нажатиями), c N (канал), r N (0=1M,1=2M,2=250k),
a N (адрес 0..3), f (фильтр), x (XN297 декод вкл/выкл), t (прицельный режим), p (сниффинг старт/стоп), # метка, ? справка
Сейчас: канал 64, скорость 2, адрес 0, фильтр вкл, XN297 вкл, прицельный вкл, сниффинг выкл
------------------------------
# ON c64

Команды: b (фон), s (скан с нажатиями), c N (канал), r N (0=1M,1=2M,2=250k),
a N (адрес 0..3), f (фильтр), x (XN297 декод вкл/выкл), t (прицельный режим), p (сниффинг старт/стоп), # метка, ? справка
Сейчас: канал 64, скорость 2, адрес 0, фильтр вкл, XN297 вкл, прицельный вкл, сниффинг вкл

Команды: b (фон), s (скан с нажатиями), c N (канал), r N (0=1M,1=2M,2=250k),
a N (адрес 0..3), f (фильтр), x (XN297 декод вкл/выкл), t (прицельный режим), p (сниффинг старт/стоп), # метка, ? справка
Сейчас: канал 64, скорость 2, адрес 0, фильтр вкл, XN297 вкл, прицельный вкл, сниффинг выкл

Команды: b (фон), s (скан с нажатиями), c N (канал), r N (0=1M,1=2M,2=250k),
a N (адрес 0..3), f (фильтр), x (XN297 декод вкл/выкл), t (прицельный режим), p (сниффинг старт/стоп), # метка, ? справка
Сейчас: канал 65, скорость 2, адрес 0, фильтр вкл, XN297 вкл, прицельный вкл, сниффинг выкл
------------------------------
# ON c65

Команды: b (фон), s (скан с нажатиями), c N (канал), r N (0=1M,1=2M,2=250k),
a N (адрес 0..3), f (фильтр), x (XN297 декод вкл/выкл), t (прицельный режим), p (сниффинг старт/стоп), # метка, ? справка
Сейчас: канал 65, скорость 2, адрес 0, фильтр вкл, XN297 вкл, прицельный вкл, сниффинг вкл

Команды: b (фон), s (скан с нажатиями), c N (канал), r N (0=1M,1=2M,2=250k),
a N (адрес 0..3), f (фильтр), x (XN297 декод вкл/выкл), t (прицельный режим), p (сниффинг старт/стоп), # метка, ? справка
Сейчас: канал 65, скорость 2, адрес 0, фильтр вкл, XN297 вкл, прицельный вкл, сниффинг выкл

Команды: b (фон), s (скан с нажатиями), c N (канал), r N (0=1M,1=2M,2=250k),
a N (адрес 0..3), f (фильтр), x (XN297 декод вкл/выкл), t (прицельный режим), p (сниффинг старт/стоп), # метка, ? справка
Сейчас: канал 66, скорость 2, адрес 0, фильтр вкл, XN297 вкл, прицельный вкл, сниффинг выкл
------------------------------
# ON c66

Команды: b (фон), s (скан с нажатиями), c N (канал), r N (0=1M,1=2M,2=250k),
a N (адрес 0..3), f (фильтр), x (XN297 декод вкл/выкл), t (прицельный режим), p (сниффинг старт/стоп), # метка, ? справка
Сейчас: канал 66, скорость 2, адрес 0, фильтр вкл, XN297 вкл, прицельный вкл, сниффинг вкл
[   70113] ch66 r2 T: BC 4F 32 A3 AE 2C 76 0C 08 8E 51 DC B7 7E FD FF 
[   70139] ch66 r2 T: BC 4F 32 A3 AE 2C 76 0C 08 8E 51 FB 5F 9E CB F5 
[   70152] ch66 r2 T: BC 4F 32 A3 AE 2C 76 0C 08 8E 51 9E FF DD 5F 5F 
[   70165] ch66 r2 T: BC 4F 32 A3 AE 2C 76 0C 08 8E 51 FF EF 5F B7 EF 
[   70192] ch66 r2 T: BC 4F 32 A3 AE 2C 76 0C 08 8E 51 5E AF BF 5E AA 
[   70205] ch66 r2 T: BC 4F 32 A3 AE 2C 76 0C 08 8E 51 F7 CB 5D DA FF 
[   70218] ch66 r2 T: BC 4F 32 A3 AE 2C 76 0C 08 8E 51 B7 5E 9D F7 F7 
[   70244] ch66 r2 T: BC 4F 32 A3 AE 2C 76 0C 08 8E 51 FD DB EB F7 BF 
[   70593] ch66 r2 T: BC 4F 32 A3 AE 2C 89 8C 9A F9 51 5D AE EB B5 EE 
[   70606] ch66 r2 T: BC 4F 32 A3 AE 2C 89 8C 9A F9 51 6D 12 DD AB 63 
[   70619] ch66 r2 T: BC 4F 32 A3 AE 2C 89 8C 9A F9 51 7F EE D7 B5 75 
[   70633] ch66 r2 T: BC 4F 32 A3 AE 2C 89 8C 9A F9 51 6F FF EB 7B BD 
[   70646] ch66 r2 T: BC 4F 32 A3 AE 2C 89 8C 9A F9 51 77 7F F5 EF FF 

Команды: b (фон), s (скан с нажатиями), c N (канал), r N (0=1M,1=2M,2=250k),
a N (адрес 0..3), f (фильтр), x (XN297 декод вкл/выкл), t (прицельный режим), p (сниффинг старт/стоп), # метка, ? справка
Сейчас: канал 66, скорость 2, адрес 0, фильтр вкл, XN297 вкл, прицельный вкл, сниффинг выкл

Команды: b (фон), s (скан с нажатиями), c N (канал), r N (0=1M,1=2M,2=250k),
a N (адрес 0..3), f (фильтр), x (XN297 декод вкл/выкл), t (прицельный режим), p (сниффинг старт/стоп), # метка, ? справка
Сейчас: канал 67, скорость 2, адрес 0, фильтр вкл, XN297 вкл, прицельный вкл, сниффинг выкл
------------------------------
# ON c67

Команды: b (фон), s (скан с нажатиями), c N (канал), r N (0=1M,1=2M,2=250k),
a N (адрес 0..3), f (фильтр), x (XN297 декод вкл/выкл), t (прицельный режим), p (сниффинг старт/стоп), # метка, ? справка
Сейчас: канал 67, скорость 2, адрес 0, фильтр вкл, XN297 вкл, прицельный вкл, сниффинг вкл

Команды: b (фон), s (скан с нажатиями), c N (канал), r N (0=1M,1=2M,2=250k),
a N (адрес 0..3), f (фильтр), x (XN297 декод вкл/выкл), t (прицельный режим), p (сниффинг старт/стоп), # метка, ? справка
Сейчас: канал 67, скорость 2, адрес 0, фильтр вкл, XN297 вкл, прицельный вкл, сниффинг выкл

Команды: b (фон), s (скан с нажатиями), c N (канал), r N (0=1M,1=2M,2=250k),
a N (адрес 0..3), f (фильтр), x (XN297 декод вкл/выкл), t (прицельный режим), p (сниффинг старт/стоп), # метка, ? справка
Сейчас: канал 68, скорость 2, адрес 0, фильтр вкл, XN297 вкл, прицельный вкл, сниффинг выкл
------------------------------
# ON c68

Команды: b (фон), s (скан с нажатиями), c N (канал), r N (0=1M,1=2M,2=250k),
a N (адрес 0..3), f (фильтр), x (XN297 декод вкл/выкл), t (прицельный режим), p (сниффинг старт/стоп), # метка, ? справка
Сейчас: канал 68, скорость 2, адрес 0, фильтр вкл, XN297 вкл, прицельный вкл, сниффинг вкл

Команды: b (фон), s (скан с нажатиями), c N (канал), r N (0=1M,1=2M,2=250k),
a N (адрес 0..3), f (фильтр), x (XN297 декод вкл/выкл), t (прицельный режим), p (сниффинг старт/стоп), # метка, ? справка
Сейчас: канал 68, скорость 2, адрес 0, фильтр вкл, XN297 вкл, прицельный вкл, сниффинг выкл

Команды: b (фон), s (скан с нажатиями), c N (канал), r N (0=1M,1=2M,2=250k),
a N (адрес 0..3), f (фильтр), x (XN297 декод вкл/выкл), t (прицельный режим), p (сниффинг старт/стоп), # метка, ? справка
Сейчас: канал 69, скорость 2, адрес 0, фильтр вкл, XN297 вкл, прицельный вкл, сниффинг выкл
------------------------------
# ON c69

Команды: b (фон), s (скан с нажатиями), c N (канал), r N (0=1M,1=2M,2=250k),
a N (адрес 0..3), f (фильтр), x (XN297 декод вкл/выкл), t (прицельный режим), p (сниффинг старт/стоп), # метка, ? справка
Сейчас: канал 69, скорость 2, адрес 0, фильтр вкл, XN297 вкл, прицельный вкл, сниффинг вкл
[   73083] ch69 r2 T: B8 4F 32 A3 AE 28 E9 EC FD 75 51 BD 37 CD 4C BA 
[   73096] ch69 r2 T: BC 4F 32 A3 AE 2C E9 EC FD 75 51 EB D6 DD EF BF 
[   73122] ch69 r2 T: BC 4F 32 A3 AE 2C E9 EC FD 75 51 73 7F FD DF AE 
[   73135] ch69 r2 T: BC 4F 32 A3 AE 2C E9 EC FD 75 51 D4 EC D7 6E B7 
[   73162] ch69 r2 T: BC 4F 32 A3 AE 2C E9 EC FD 75 51 FF 5F AB ED AF 
[   73474] ch69 r2 T: BC 4F 32 A3 AE 2C 69 13 F9 1D 51 BF DE BE B6 5E 
[   73500] ch69 r2 T: BC 4F 32 A3 AE 2C 69 13 F8 1D 51 5F DB B7 BA DE 
[   73527] ch69 r2 T: BC 4F 32 A3 AE 2C 69 13 F8 1D 51 59 77 5E B9 52 
[   73540] ch69 r2 T: BC 4F 32 A3 AE 2C 69 13 F8 1D 51 BE 66 AF EF FF 
[   73566] ch69 r2 T: BC 4F 32 A3 AE 2C 69 13 F8 1D 51 BF A8 AA 29 75 
[   73579] ch69 r2 T: BC 4F 32 A3 AF 2C 69 13 F8 1D 51 2B 5E FF ED F7 
[   73605] ch69 r2 T: BC 4F 32 A3 AE 2C 69 13 F8 1D 51 F5 DD 9B 5E F5 

Команды: b (фон), s (скан с нажатиями), c N (канал), r N (0=1M,1=2M,2=250k),
a N (адрес 0..3), f (фильтр), x (XN297 декод вкл/выкл), t (прицельный режим), p (сниффинг старт/стоп), # метка, ? справка
Сейчас: канал 69, скорость 2, адрес 0, фильтр вкл, XN297 вкл, прицельный вкл, сниффинг выкл

Команды: b (фон), s (скан с нажатиями), c N (канал), r N (0=1M,1=2M,2=250k),
a N (адрес 0..3), f (фильтр), x (XN297 декод вкл/выкл), t (прицельный режим), p (сниффинг старт/стоп), # метка, ? справка
Сейчас: канал 70, скорость 2, адрес 0, фильтр вкл, XN297 вкл, прицельный вкл, сниффинг выкл
------------------------------
# ON c70

Команды: b (фон), s (скан с нажатиями), c N (канал), r N (0=1M,1=2M,2=250k),
a N (адрес 0..3), f (фильтр), x (XN297 декод вкл/выкл), t (прицельный режим), p (сниффинг старт/стоп), # метка, ? справка
Сейчас: канал 70, скорость 2, адрес 0, фильтр вкл, XN297 вкл, прицельный вкл, сниффинг вкл

Команды: b (фон), s (скан с нажатиями), c N (канал), r N (0=1M,1=2M,2=250k),
a N (адрес 0..3), f (фильтр), x (XN297 декод вкл/выкл), t (прицельный режим), p (сниффинг старт/стоп), # метка, ? справка
Сейчас: канал 70, скорость 2, адрес 0, фильтр вкл, XN297 вкл, прицельный вкл, сниффинг выкл

Команды: b (фон), s (скан с нажатиями), c N (канал), r N (0=1M,1=2M,2=250k),
a N (адрес 0..3), f (фильтр), x (XN297 декод вкл/выкл), t (прицельный режим), p (сниффинг старт/стоп), # метка, ? справка
Сейчас: канал 71, скорость 2, адрес 0, фильтр вкл, XN297 вкл, прицельный вкл, сниффинг выкл
------------------------------
# ON c71

Команды: b (фон), s (скан с нажатиями), c N (канал), r N (0=1M,1=2M,2=250k),
a N (адрес 0..3), f (фильтр), x (XN297 декод вкл/выкл), t (прицельный режим), p (сниффинг старт/стоп), # метка, ? справка
Сейчас: канал 71, скорость 2, адрес 0, фильтр вкл, XN297 вкл, прицельный вкл, сниффинг вкл

Команды: b (фон), s (скан с нажатиями), c N (канал), r N (0=1M,1=2M,2=250k),
a N (адрес 0..3), f (фильтр), x (XN297 декод вкл/выкл), t (прицельный режим), p (сниффинг старт/стоп), # метка, ? справка
Сейчас: канал 71, скорость 2, адрес 0, фильтр вкл, XN297 вкл, прицельный вкл, сниффинг выкл

Команды: b (фон), s (скан с нажатиями), c N (канал), r N (0=1M,1=2M,2=250k),
a N (адрес 0..3), f (фильтр), x (XN297 декод вкл/выкл), t (прицельный режим), p (сниффинг старт/стоп), # метка, ? справка
Сейчас: канал 72, скорость 2, адрес 0, фильтр вкл, XN297 вкл, прицельный вкл, сниффинг выкл
------------------------------
# ON c72

Команды: b (фон), s (скан с нажатиями), c N (канал), r N (0=1M,1=2M,2=250k),
a N (адрес 0..3), f (фильтр), x (XN297 декод вкл/выкл), t (прицельный режим), p (сниффинг старт/стоп), # метка, ? справка
Сейчас: канал 72, скорость 2, адрес 0, фильтр вкл, XN297 вкл, прицельный вкл, сниффинг вкл

Команды: b (фон), s (скан с нажатиями), c N (канал), r N (0=1M,1=2M,2=250k),
a N (адрес 0..3), f (фильтр), x (XN297 декод вкл/выкл), t (прицельный режим), p (сниффинг старт/стоп), # метка, ? справка
Сейчас: канал 72, скорость 2, адрес 0, фильтр вкл, XN297 вкл, прицельный вкл, сниффинг выкл

Команды: b (фон), s (скан с нажатиями), c N (канал), r N (0=1M,1=2M,2=250k),
a N (адрес 0..3), f (фильтр), x (XN297 декод вкл/выкл), t (прицельный режим), p (сниффинг старт/стоп), # метка, ? справка
Сейчас: канал 73, скорость 2, адрес 0, фильтр вкл, XN297 вкл, прицельный вкл, сниффинг выкл
------------------------------
# ON c73

Команды: b (фон), s (скан с нажатиями), c N (канал), r N (0=1M,1=2M,2=250k),
a N (адрес 0..3), f (фильтр), x (XN297 декод вкл/выкл), t (прицельный режим), p (сниффинг старт/стоп), # метка, ? справка
Сейчас: канал 73, скорость 2, адрес 0, фильтр вкл, XN297 вкл, прицельный вкл, сниффинг вкл

Команды: b (фон), s (скан с нажатиями), c N (канал), r N (0=1M,1=2M,2=250k),
a N (адрес 0..3), f (фильтр), x (XN297 декод вкл/выкл), t (прицельный режим), p (сниффинг старт/стоп), # метка, ? справка
Сейчас: канал 73, скорость 2, адрес 0, фильтр вкл, XN297 вкл, прицельный вкл, сниффинг выкл

Команды: b (фон), s (скан с нажатиями), c N (канал), r N (0=1M,1=2M,2=250k),
a N (адрес 0..3), f (фильтр), x (XN297 декод вкл/выкл), t (прицельный режим), p (сниффинг старт/стоп), # метка, ? справка
Сейчас: канал 74, скорость 2, адрес 0, фильтр вкл, XN297 вкл, прицельный вкл, сниффинг выкл
------------------------------
# ON c74

Команды: b (фон), s (скан с нажатиями), c N (канал), r N (0=1M,1=2M,2=250k),
a N (адрес 0..3), f (фильтр), x (XN297 декод вкл/выкл), t (прицельный режим), p (сниффинг старт/стоп), # метка, ? справка
Сейчас: канал 74, скорость 2, адрес 0, фильтр вкл, XN297 вкл, прицельный вкл, сниффинг вкл

Команды: b (фон), s (скан с нажатиями), c N (канал), r N (0=1M,1=2M,2=250k),
a N (адрес 0..3), f (фильтр), x (XN297 декод вкл/выкл), t (прицельный режим), p (сниффинг старт/стоп), # метка, ? справка
Сейчас: канал 74, скорость 2, адрес 0, фильтр вкл, XN297 вкл, прицельный вкл, сниффинг выкл

Команды: b (фон), s (скан с нажатиями), c N (канал), r N (0=1M,1=2M,2=250k),
a N (адрес 0..3), f (фильтр), x (XN297 декод вкл/выкл), t (прицельный режим), p (сниффинг старт/стоп), # метка, ? справка
Сейчас: канал 75, скорость 2, адрес 0, фильтр вкл, XN297 вкл, прицельный вкл, сниффинг выкл
------------------------------
# ON c75

Команды: b (фон), s (скан с нажатиями), c N (канал), r N (0=1M,1=2M,2=250k),
a N (адрес 0..3), f (фильтр), x (XN297 декод вкл/выкл), t (прицельный режим), p (сниффинг старт/стоп), # метка, ? справка
Сейчас: канал 75, скорость 2, адрес 0, фильтр вкл, XN297 вкл, прицельный вкл, сниффинг вкл

Команды: b (фон), s (скан с нажатиями), c N (канал), r N (0=1M,1=2M,2=250k),
a N (адрес 0..3), f (фильтр), x (XN297 декод вкл/выкл), t (прицельный режим), p (сниффинг старт/стоп), # метка, ? справка
Сейчас: канал 75, скорость 2, адрес 0, фильтр вкл, XN297 вкл, прицельный вкл, сниффинг выкл

Команды: b (фон), s (скан с нажатиями), c N (канал), r N (0=1M,1=2M,2=250k),
a N (адрес 0..3), f (фильтр), x (XN297 декод вкл/выкл), t (прицельный режим), p (сниффинг старт/стоп), # метка, ? справка
Сейчас: канал 76, скорость 2, адрес 0, фильтр вкл, XN297 вкл, прицельный вкл, сниффинг выкл
------------------------------
# ON c76

Команды: b (фон), s (скан с нажатиями), c N (канал), r N (0=1M,1=2M,2=250k),
a N (адрес 0..3), f (фильтр), x (XN297 декод вкл/выкл), t (прицельный режим), p (сниффинг старт/стоп), # метка, ? справка
Сейчас: канал 76, скорость 2, адрес 0, фильтр вкл, XN297 вкл, прицельный вкл, сниффинг вкл

Команды: b (фон), s (скан с нажатиями), c N (канал), r N (0=1M,1=2M,2=250k),
a N (адрес 0..3), f (фильтр), x (XN297 декод вкл/выкл), t (прицельный режим), p (сниффинг старт/стоп), # метка, ? справка
Сейчас: канал 76, скорость 2, адрес 0, фильтр вкл, XN297 вкл, прицельный вкл, сниффинг выкл

Команды: b (фон), s (скан с нажатиями), c N (канал), r N (0=1M,1=2M,2=250k),
a N (адрес 0..3), f (фильтр), x (XN297 декод вкл/выкл), t (прицельный режим), p (сниффинг старт/стоп), # метка, ? справка
Сейчас: канал 77, скорость 2, адрес 0, фильтр вкл, XN297 вкл, прицельный вкл, сниффинг выкл
------------------------------
# ON c77

Команды: b (фон), s (скан с нажатиями), c N (канал), r N (0=1M,1=2M,2=250k),
a N (адрес 0..3), f (фильтр), x (XN297 декод вкл/выкл), t (прицельный режим), p (сниффинг старт/стоп), # метка, ? справка
Сейчас: канал 77, скорость 2, адрес 0, фильтр вкл, XN297 вкл, прицельный вкл, сниффинг вкл

Команды: b (фон), s (скан с нажатиями), c N (канал), r N (0=1M,1=2M,2=250k),
a N (адрес 0..3), f (фильтр), x (XN297 декод вкл/выкл), t (прицельный режим), p (сниффинг старт/стоп), # метка, ? справка
Сейчас: канал 77, скорость 2, адрес 0, фильтр вкл, XN297 вкл, прицельный вкл, сниффинг выкл

Команды: b (фон), s (скан с нажатиями), c N (канал), r N (0=1M,1=2M,2=250k),
a N (адрес 0..3), f (фильтр), x (XN297 декод вкл/выкл), t (прицельный режим), p (сниффинг старт/стоп), # метка, ? справка
Сейчас: канал 78, скорость 2, адрес 0, фильтр вкл, XN297 вкл, прицельный вкл, сниффинг выкл
------------------------------
# ON c78

Команды: b (фон), s (скан с нажатиями), c N (канал), r N (0=1M,1=2M,2=250k),
a N (адрес 0..3), f (фильтр), x (XN297 декод вкл/выкл), t (прицельный режим), p (сниффинг старт/стоп), # метка, ? справка
Сейчас: канал 78, скорость 2, адрес 0, фильтр вкл, XN297 вкл, прицельный вкл, сниффинг вкл

Команды: b (фон), s (скан с нажатиями), c N (канал), r N (0=1M,1=2M,2=250k),
a N (адрес 0..3), f (фильтр), x (XN297 декод вкл/выкл), t (прицельный режим), p (сниффинг старт/стоп), # метка, ? справка
Сейчас: канал 78, скорость 2, адрес 0, фильтр вкл, XN297 вкл, прицельный вкл, сниффинг выкл

Команды: b (фон), s (скан с нажатиями), c N (канал), r N (0=1M,1=2M,2=250k),
a N (адрес 0..3), f (фильтр), x (XN297 декод вкл/выкл), t (прицельный режим), p (сниффинг старт/стоп), # метка, ? справка
Сейчас: канал 79, скорость 2, адрес 0, фильтр вкл, XN297 вкл, прицельный вкл, сниффинг выкл
------------------------------
# ON c79

Команды: b (фон), s (скан с нажатиями), c N (канал), r N (0=1M,1=2M,2=250k),
a N (адрес 0..3), f (фильтр), x (XN297 декод вкл/выкл), t (прицельный режим), p (сниффинг старт/стоп), # метка, ? справка
Сейчас: канал 79, скорость 2, адрес 0, фильтр вкл, XN297 вкл, прицельный вкл, сниффинг вкл

Команды: b (фон), s (скан с нажатиями), c N (канал), r N (0=1M,1=2M,2=250k),
a N (адрес 0..3), f (фильтр), x (XN297 декод вкл/выкл), t (прицельный режим), p (сниффинг старт/стоп), # метка, ? справка
Сейчас: канал 79, скорость 2, адрес 0, фильтр вкл, XN297 вкл, прицельный вкл, сниффинг выкл

Команды: b (фон), s (скан с нажатиями), c N (канал), r N (0=1M,1=2M,2=250k),
a N (адрес 0..3), f (фильтр), x (XN297 декод вкл/выкл), t (прицельный режим), p (сниффинг старт/стоп), # метка, ? справка
Сейчас: канал 80, скорость 2, адрес 0, фильтр вкл, XN297 вкл, прицельный вкл, сниффинг выкл
------------------------------
# ON c80

Команды: b (фон), s (скан с нажатиями), c N (канал), r N (0=1M,1=2M,2=250k),
a N (адрес 0..3), f (фильтр), x (XN297 декод вкл/выкл), t (прицельный режим), p (сниффинг старт/стоп), # метка, ? справка
Сейчас: канал 80, скорость 2, адрес 0, фильтр вкл, XN297 вкл, прицельный вкл, сниффинг вкл

Команды: b (фон), s (скан с нажатиями), c N (канал), r N (0=1M,1=2M,2=250k),
a N (адрес 0..3), f (фильтр), x (XN297 декод вкл/выкл), t (прицельный режим), p (сниффинг старт/стоп), # метка, ? справка
Сейчас: канал 80, скорость 2, адрес 0, фильтр вкл, XN297 вкл, прицельный вкл, сниффинг выкл

Команды: b (фон), s (скан с нажатиями), c N (канал), r N (0=1M,1=2M,2=250k),
a N (адрес 0..3), f (фильтр), x (XN297 декод вкл/выкл), t (прицельный режим), p (сниффинг старт/стоп), # метка, ? справка
Сейчас: канал 81, скорость 2, адрес 0, фильтр вкл, XN297 вкл, прицельный вкл, сниффинг выкл
------------------------------
# ON c81

Команды: b (фон), s (скан с нажатиями), c N (канал), r N (0=1M,1=2M,2=250k),
a N (адрес 0..3), f (фильтр), x (XN297 декод вкл/выкл), t (прицельный режим), p (сниффинг старт/стоп), # метка, ? справка
Сейчас: канал 81, скорость 2, адрес 0, фильтр вкл, XN297 вкл, прицельный вкл, сниффинг вкл

Команды: b (фон), s (скан с нажатиями), c N (канал), r N (0=1M,1=2M,2=250k),
a N (адрес 0..3), f (фильтр), x (XN297 декод вкл/выкл), t (прицельный режим), p (сниффинг старт/стоп), # метка, ? справка
Сейчас: канал 81, скорость 2, адрес 0, фильтр вкл, XN297 вкл, прицельный вкл, сниффинг выкл

Команды: b (фон), s (скан с нажатиями), c N (канал), r N (0=1M,1=2M,2=250k),
a N (адрес 0..3), f (фильтр), x (XN297 декод вкл/выкл), t (прицельный режим), p (сниффинг старт/стоп), # метка, ? справка
Сейчас: канал 82, скорость 2, адрес 0, фильтр вкл, XN297 вкл, прицельный вкл, сниффинг выкл
------------------------------
# ON c82

Команды: b (фон), s (скан с нажатиями), c N (канал), r N (0=1M,1=2M,2=250k),
a N (адрес 0..3), f (фильтр), x (XN297 декод вкл/выкл), t (прицельный режим), p (сниффинг старт/стоп), # метка, ? справка
Сейчас: канал 82, скорость 2, адрес 0, фильтр вкл, XN297 вкл, прицельный вкл, сниффинг вкл
[   85938] ch82 r2 T: BC 4F 32 A3 AE 2C DD D7 B3 1C 50 AD 7F 6D 6F 55 
[   85951] ch82 r2 T: BC 4F 32 A3 AE 2C DD D7 B3 1C 51 3A AB DE FD FE 
[   85964] ch82 r2 T: BC 4F 32 A3 AE 2C DD D7 B3 1C 51 D9 AE 9E B5 3D 
[   85991] ch82 r2 T: BC 4F 32 A3 AE 2C DD D7 B3 1C 51 BE EA F3 EA F3 
[   86030] ch82 r2 T: BC 4F 32 A3 AE 2C DD D7 B3 1C 51 BF AF 95 DF BD 
[   86043] ch82 r2 T: BC 4F 32 A3 AE 2C DD D7 B3 1C 51 FD BD BE DF B7 
[   86070] ch82 r2 T: BC 4F 32 A3 AE 2C DD D7 B3 1C 51 E7 5B F6 DB BF 
[   86329] ch82 r2 T: BC 4F 32 A3 AE 2E DD 37 55 AE 53 F7 DF 77 A7 A6 
[   86342] ch82 r2 T: BC 4F 32 A3 AE 2C 5D 37 55 AA 51 ED DD ED FD 56 
[   86355] ch82 r2 T: BC 4F 32 A3 2E 2C 5D 37 55 AA 51 CD EF BF AD DE 
[   86382] ch82 r2 T: BC 4F 32 A3 AE 2C 5D 37 55 AA 51 9F 5D BB 5D FE 

Команды: b (фон), s (скан с нажатиями), c N (канал), r N (0=1M,1=2M,2=250k),
a N (адрес 0..3), f (фильтр), x (XN297 декод вкл/выкл), t (прицельный режим), p (сниффинг старт/стоп), # метка, ? справка
Сейчас: канал 82, скорость 2, адрес 0, фильтр вкл, XN297 вкл, прицельный вкл, сниффинг выкл

Команды: b (фон), s (скан с нажатиями), c N (канал), r N (0=1M,1=2M,2=250k),
a N (адрес 0..3), f (фильтр), x (XN297 декод вкл/выкл), t (прицельный режим), p (сниффинг старт/стоп), # метка, ? справка
Сейчас: канал 83, скорость 2, адрес 0, фильтр вкл, XN297 вкл, прицельный вкл, сниффинг выкл
------------------------------
# ON c83

Команды: b (фон), s (скан с нажатиями), c N (канал), r N (0=1M,1=2M,2=250k),
a N (адрес 0..3), f (фильтр), x (XN297 декод вкл/выкл), t (прицельный режим), p (сниффинг старт/стоп), # метка, ? справка
Сейчас: канал 83, скорость 2, адрес 0, фильтр вкл, XN297 вкл, прицельный вкл, сниффинг вкл

Команды: b (фон), s (скан с нажатиями), c N (канал), r N (0=1M,1=2M,2=250k),
a N (адрес 0..3), f (фильтр), x (XN297 декод вкл/выкл), t (прицельный режим), p (сниффинг старт/стоп), # метка, ? справка
Сейчас: канал 83, скорость 2, адрес 0, фильтр вкл, XN297 вкл, прицельный вкл, сниффинг выкл
