------------------------------
# TEMP

Команды: b (фон), s (скан с нажатиями), c N (канал), r N (0=1M,1=2M,2=250k),
a N (адрес 0..3), f (фильтр), x (XN297 декод вкл/выкл), t (прицельный режим), p (сниффинг старт/стоп), # метка, ? справка
TX <hex> - передать нажатие (05=ВКЛ 09=ВЫКЛ 10=НОЧНИК 11=ДЕНЬ), CTR <n> - задать счётчик
REP <n> - кадров в пачке (30), PRESSREP <n> - повторов нажатия (3)
PING - одиночная отправка (чередует ВКЛ/ВЫКЛ), RANGE <сек> - авто-тест дальности (выкл)
AUTO 0/1 - авто-тест передачи на старте (вкл)
Сейчас: канал 50, скорость 2, адрес 0, фильтр вкл, XN297 вкл, прицельный вкл, сниффинг вкл
[   87900] ch50 r2 T: BC 4F 32 A3 AE 6C DC B6 E1 07 51 7D DD FE AE ED 
[   87901] XN297 OK addr AA55CCCCCC | payload 00 55 2A 75 00 07 2A 25 
[   87913] ch50 r2 T: BC 4F 32 A3 AE 6C DC B6 E1 07 51 F9 46 A1 FF FF 
[   87914] XN297 OK addr AA55CCCCCC | payload 00 55 2A 75 00 07 2A 25 
[   87927] ch50 r2 T: BC 4F 32 A3 AE 6C DC B6 E1 07 51 4D 56 48 BE FF 
[   87927] XN297 OK addr AA55CCCCCC | payload 00 55 2A 75 00 07 2A 25 
[   87940] ch50 r2 T: BC 4F 32 A3 AE 6C DC B6 E1 07 51 AF 56 25 74 F7 
[   87940] XN297 OK addr AA55CCCCCC | payload 00 55 2A 75 00 07 2A 25 
[   87953] ch50 r2 T: BC 4F 32 A3 AE 6C DC B6 E1 07 51 FE EE DF FE 5D 
[   87953] XN297 OK addr AA55CCCCCC | payload 00 55 2A 75 00 07 2A 25 
[   87966] ch50 r2 T: BC 4F 32 A3 AE 6C DC B6 E1 07 51 BD BA 29 B5 AF 
[   87966] XN297 OK addr AA55CCCCCC | payload 00 55 2A 75 00 07 2A 25 
[   87979] ch50 r2 T: BC 4F 32 A3 AE 6C DC B6 E1 07 51 FF 6D 5E FB FA 
[   87980] XN297 OK addr AA55CCCCCC | payload 00 55 2A 75 00 07 2A 25 
[   87992] ch50 r2 T: BC 4F 32 A3 AE 6C DC B6 E1 07 51 76 D6 D9 6D ED 
[   87993] XN297 OK addr AA55CCCCCC | payload 00 55 2A 75 00 07 2A 25 
[   88006] ch50 r2 T: BC 4F 32 A3 AE 6C DC B6 E1 07 51 BD EF D3 DF AD 
[   88006] XN297 OK addr AA55CCCCCC | payload 00 55 2A 75 00 07 2A 25 
[   88019] ch50 r2 T: BC 4F 32 A3 AE 6C DC B6 E1 07 51 BF D5 A5 DE FF 
[   88019] XN297 OK addr AA55CCCCCC | payload 00 55 2A 75 00 07 2A 25 
[   88032] ch50 r2 T: BC 4F 32 A3 AE 6C DC B6 E1 07 51 55 76 AA FD BF 
[   88032] XN297 OK addr AA55CCCCCC | payload 00 55 2A 75 00 07 2A 25 
[   88094] ch50 r2 T: 3C 4F 32 A3 AE 6E 5C F4 01 F8 51 4F FF F6 BE F5 
[   88094] XN297 OK addr AA55CCCCCC | payload 01 55 2A 75 00 47 2B 67 
[   88107] ch50 r2 T: 3C 4F 32 A3 AE 6E 5C F4 01 F8 51 F7 FF FE FA 9F 
[   88107] XN297 OK addr AA55CCCCCC | payload 01 55 2A 75 00 47 2B 67 
[   88120] ch50 r2 T: 3C 4F 32 A3 AE 6E 5C F4 01 F8 51 E7 BE FD 6A DA 
[   88120] XN297 OK addr AA55CCCCCC | payload 01 55 2A 75 00 47 2B 67 
[   88133] ch50 r2 T: 3C 4F 32 A3 AE 6E 5C F4 01 F8 51 AE DD FC 97 A3 
[   88133] XN297 OK addr AA55CCCCCC | payload 01 55 2A 75 00 47 2B 67 
[   88146] ch50 r2 T: 3C 4F 32 A3 AE 6E 5C F4 01 F8 51 FE BB FA EF BF 
[   88146] XN297 OK addr AA55CCCCCC | payload 01 55 2A 75 00 47 2B 67 
[   88159] ch50 r2 T: 3C 4F 32 A3 AE 6E 5C F4 01 F8 51 7A A9 AE DF BD 
[   88160] XN297 OK addr AA55CCCCCC | payload 01 55 2A 75 00 47 2B 67 
[   88173] ch50 r2 T: 3C 4F 32 A3 AE 6E 5C F4 01 F8 51 ED EA AA D3 AB 
[   88173] XN297 OK addr AA55CCCCCC | payload 01 55 2A 75 00 47 2B 67 
[   88186] ch50 r2 T: 3C 4F 32 A3 AE 6E 5C F4 01 F8 51 9F 9F DD 7A EF 
[   88186] XN297 OK addr AA55CCCCCC | payload 01 55 2A 75 00 47 2B 67 
[   88199] ch50 r2 T: 3C 4F 32 A3 AE 6E 5C F4 01 F8 51 EF A9 57 7F F7 
[   88199] XN297 OK addr AA55CCCCCC | payload 01 55 2A 75 00 47 2B 67 
[   88212] ch50 r2 T: 3C 4F 32 A3 AE 6E 5C F4 01 F8 51 DF DB 6D DE 73 
[   88212] XN297 OK addr AA55CCCCCC | payload 01 55 2A 75 00 47 2B 67 
[   88225] ch50 r2 T: 3C 4F 32 A3 AE 6E 5C F4 01 F8 51 FB A9 0A 92 45 
[   88225] XN297 OK addr AA55CCCCCC | payload 01 55 2A 75 00 47 2B 67 
[   88288] ch50 r2 T: FC 4F 32 A3 AE 6E BC 84 64 8C 51 FE A7 F7 B6 55 
[   88288] XN297 OK addr AA55CCCCCC | payload 02 55 2A 75 00 47 2C 69 
[   88301] ch50 r2 T: FC 4F 32 A3 AE 6E BC 84 64 8C 51 7E ED DF F6 FB 
[   88301] XN297 OK addr AA55CCCCCC | payload 02 55 2A 75 00 47 2C 69 
[   88314] ch50 r2 T: FC 4F 32 A3 AE 6E BC 84 64 8C 51 BE DA AB DD DF 
[   88314] XN297 OK addr AA55CCCCCC | payload 02 55 2A 75 00 47 2C 69 
[   88327] ch50 r2 T: FC 4F 32 A3 AE 6E BC 84 64 8C 51 FF DE B9 8E DF 
[   88327] XN297 OK addr AA55CCCCCC | payload 02 55 2A 75 00 47 2C 69 
[   88340] ch50 r2 T: FC 4F 32 A3 AE 6E BC 84 64 8C 51 FF BF F7 EF FF 
[   88341] XN297 OK addr AA55CCCCCC | payload 02 55 2A 75 00 47 2C 69 
[   88353] ch50 r2 T: FC 4F 32 A3 AE 6E BC 84 64 8C 5F 6D FB BC FC B6 
[   88354] XN297 OK addr AA55CCCCCC | payload 02 55 2A 75 00 47 2C 69 
[   88367] ch50 r2 T: FC 4F 32 A3 AE 6E BC 84 64 8C 51 DA BD 55 97 BF 
[   88367] XN297 OK addr AA55CCCCCC | payload 02 55 2A 75 00 47 2C 69 
[   88380] ch50 r2 T: FC 4F 32 A3 AE 6E BC 84 64 8C 51 5B FF FF FF FF 
[   88380] XN297 OK addr AA55CCCCCC | payload 02 55 2A 75 00 47 2C 69 
[   88393] ch50 r2 T: FC 4F 32 A3 AE 6E BC 84 64 8C 51 75 75 45 AF BD 
[   88393] XN297 OK addr AA55CCCCCC | payload 02 55 2A 75 00 47 2C 69 
[   88406] ch50 r2 T: FC 4F 32 A3 AE 6E BC 84 64 8C 51 DF EB 75 B9 D7 
[   88406] XN297 OK addr AA55CCCCCC | payload 02 55 2A 75 00 47 2C 69 
[   88419] ch50 r2 T: FC 4F 32 A3 AE 6E BC 84 64 8C 51 97 EE 37 7E CD 
[   88420] XN297 OK addr AA55CCCCCC | payload 02 55 2A 75 00 47 2C 69 
[   90225] ch50 r2 T: BC 4F 32 A3 AE 6C 3C 06 56 6E 51 EE D6 7D EF 76 
[   90225] XN297 OK addr AA55CCCCCC | payload 00 55 2A 75 00 07 2D 28 
[   90238] ch50 r2 T: BC 4F 32 A3 AE 6C 3C 06 56 6E 51 F5 BD 72 BB AC 
[   90239] XN297 OK addr AA55CCCCCC | payload 00 55 2A 75 00 07 2D 28 
[   90252] ch50 r2 T: BC 4F 32 A3 AE 6C 3C 06 56 6E 51 6D BD FE DE FF 
[   90252] XN297 OK addr AA55CCCCCC | payload 00 55 2A 75 00 07 2D 28 
[   90265] ch50 r2 T: BC 4F 32 A3 AE 6C 3C 06 56 6E 51 FE 5E E3 FD 6B 
[   90265] XN297 OK addr AA55CCCCCC | payload 00 55 2A 75 00 07 2D 28 
[   90278] ch50 r2 T: BC 4F 32 A3 AE 6C 3C 06 56 6E 51 7E 5A 08 6B FD 
[   90278] XN297 OK addr AA55CCCCCC | payload 00 55 2A 75 00 07 2D 28 
[   90291] ch50 r2 T: BC 4F 32 A3 AE 6C 3C 06 56 6E 51 FF F5 AF DB B7 
[   90291] XN297 OK addr AA55CCCCCC | payload 00 55 2A 75 00 07 2D 28 
[   90304] ch50 r2 T: BC 4F 32 A3 AE 6C 3C 06 56 6E 51 5E 7F FD BF EE 
[   90304] XN297 OK addr AA55CCCCCC | payload 00 55 2A 75 00 07 2D 28 
[   90317] ch50 r2 T: BC 4F 32 A3 AE 6C 3C 06 56 6E 51 7D 6B EF DB F7 
[   90318] XN297 OK addr AA55CCCCCC | payload 00 55 2A 75 00 07 2D 28 
[   90331] ch50 r2 T: BC 4F 32 A3 AE 6C 3C 06 56 6E 51 57 FB DA 7E B1 
[   90331] XN297 OK addr AA55CCCCCC | payload 00 55 2A 75 00 07 2D 28 
[   90344] ch50 r2 T: BC 4F 32 A3 AE 6C 3C 06 56 6E 51 F6 EA 7F B4 DB 
[   90344] XN297 OK addr AA55CCCCCC | payload 00 55 2A 75 00 07 2D 28 
[   90357] ch50 r2 T: BC 4F 32 A3 AE 6C 3C 06 56 6E 51 B4 AD AE BA FF 
[   90357] XN297 OK addr AA55CCCCCC | payload 00 55 2A 75 00 07 2D 28 
[   90419] ch50 r2 T: 3C 4F 32 A3 AE 6E FC 44 BB 5D 51 D8 A2 99 7F F7 
[   90419] XN297 OK addr AA55CCCCCC | payload 01 55 2A 75 00 47 2E 6A 
[   90432] ch50 r2 T: 3C 4F 32 A3 AE 6E FC 44 BB 5D 51 E6 EB FC FD 5A 
[   90432] XN297 OK addr AA55CCCCCC | payload 01 55 2A 75 00 47 2E 6A 
[   90445] ch50 r2 T: 3C 4F 32 A3 AE 6E FC 44 BB 5D 51 FD B6 96 F9 5A 
[   90445] XN297 OK addr AA55CCCCCC | payload 01 55 2A 75 00 47 2E 6A 
[   90458] ch50 r2 T: 3C 4F 32 A3 AE 6E FC 44 BB 5D 51 FE F5 EA BD BF 
[   90458] XN297 OK addr AA55CCCCCC | payload 01 55 2A 75 00 47 2E 6A 
[   90471] ch50 r2 T: 3C 4F 32 A3 AE 6E FC 44 BB 5D 51 2D F7 D7 4D 53 
[   90471] XN297 OK addr AA55CCCCCC | payload 01 55 2A 75 00 47 2E 6A 
[   90484] ch50 r2 T: 3C 4F 32 A3 AE 6E FC 44 BB 5D 51 7F DF 7E E2 AE 
[   90485] XN297 OK addr AA55CCCCCC | payload 01 55 2A 75 00 47 2E 6A 
[   90498] ch50 r2 T: 3C 4F 32 A3 AE 6E FC 44 BB 5D 51 F7 BB FB EA FF 
[   90498] XN297 OK addr AA55CCCCCC | payload 01 55 2A 75 00 47 2E 6A 
[   90511] ch50 r2 T: 3C 4F 32 A3 AE 6E FC 44 BB 5D 51 F6 D7 F7 EF BF 
[   90511] XN297 OK addr AA55CCCCCC | payload 01 55 2A 75 00 47 2E 6A 
[   90524] ch50 r2 T: 3C 4F 32 A3 AE 6E FC 44 BB 5D 51 EF 6B EB DB F7 
[   90524] XN297 OK addr AA55CCCCCC | payload 01 55 2A 75 00 47 2E 6A 
[   90537] ch50 r2 T: 3C 4F 32 A3 AE 6E FC 44 BB 5D 51 FE F6 AB DF 4B 
[   90537] XN297 OK addr AA55CCCCCC | payload 01 55 2A 75 00 47 2E 6A 
[   90550] ch50 r2 T: 3C 4F 32 A3 AE 6E FC 44 BB 5D 51 F5 FF EB A7 6D 
[   90550] XN297 OK addr AA55CCCCCC | payload 01 55 2A 75 00 47 2E 6A 
[   90612] ch50 r2 T: FC 4F 32 A3 AE 6E 7C 24 C7 32 51 76 BF FB ED FD 
[   90612] XN297 OK addr AA55CCCCCC | payload 02 55 2A 75 00 47 2F 6C 
[   90625] ch50 r2 T: FC 4F 32 A3 AE 6E 7C 24 C7 32 51 EA BB 7B EF 77 
[   90625] XN297 OK addr AA55CCCCCC | payload 02 55 2A 75 00 47 2F 6C 
[   90638] ch50 r2 T: FC 4F 32 A3 AE 6E 7C 24 C7 32 51 EE 6F FB 7F B5 
[   90638] XN297 OK addr AA55CCCCCC | payload 02 55 2A 75 00 47 2F 6C 
[   90651] ch50 r2 T: FC 4F 32 A3 AE 6E 7C 24 C7 32 51 DB BB EE FF EB 
[   90651] XN297 OK addr AA55CCCCCC | payload 02 55 2A 75 00 47 2F 6C 
[   90664] ch50 r2 T: FC 4F 32 A3 AE 6E 7C 24 C7 32 51 7E 09 91 EF FB 
[   90665] XN297 OK addr AA55CCCCCC | payload 02 55 2A 75 00 47 2F 6C 
[   90677] ch50 r2 T: FC 4F 32 A3 AE 6E 7C 24 C7 32 51 56 FE BB FF F5 
[   90678] XN297 OK addr AA55CCCCCC | payload 02 55 2A 75 00 47 2F 6C 
[   90691] ch50 r2 T: FC 4F 32 A3 AE 6E 7C 24 C7 32 51 DA DB F5 9D FD 
[   90691] XN297 OK addr AA55CCCCCC | payload 02 55 2A 75 00 47 2F 6C 
[   90704] ch50 r2 T: FC 4F 32 A3 AE 6E 7C 24 C7 32 51 F3 76 BF BF B9 
[   90704] XN297 OK addr AA55CCCCCC | payload 02 55 2A 75 00 47 2F 6C 
[   90717] ch50 r2 T: FC 4F 32 A3 AE 6E 7C 24 C7 32 51 BE 5F FB DB 6D 
[   90717] XN297 OK addr AA55CCCCCC | payload 02 55 2A 75 00 47 2F 6C 
[   90730] ch50 r2 T: FC 4F 32 A3 AE 6E 7C 24 C7 32 51 EF 6B DF BF DF 
[   90730] XN297 OK addr AA55CCCCCC | payload 02 55 2A 75 00 47 2F 6C 
[   90743] ch50 r2 T: FC 4F 32 A3 AE 6E 7C 24 C7 32 51 7D 88 7B EE D6 
[   90744] XN297 OK addr AA55CCCCCC | payload 02 55 2A 75 00 47 2F 6C 
[   92589] ch50 r2 T: BC 4F 32 A3 AE 6C 84 C6 18 86 51 7B F6 7F 4D 35 
[   92589] XN297 OK addr AA55CCCCCC | payload 00 55 2A 75 00 07 30 2B 
[   92602] ch50 r2 T: BC 4F 32 A3 AE 6C 84 C6 18 86 51 F8 EF 6F EB E9 
[   92603] XN297 OK addr AA55CCCCCC | payload 00 55 2A 75 00 07 30 2B 
[   92616] ch50 r2 T: BC 4F 32 A3 AE 6C 84 C6 18 86 51 D1 7D F5 B7 EA 
[   92616] XN297 OK addr AA55CCCCCC | payload 00 55 2A 75 00 07 30 2B 
[   92629] ch50 r2 T: BC 4F 32 A3 AE 6C 84 C6 18 86 51 DB FE EF 2C A7 
[   92629] XN297 OK addr AA55CCCCCC | payload 00 55 2A 75 00 07 30 2B 
[   92642] ch50 r2 T: BC 4F 32 A3 AE 6C 84 C6 18 86 51 57 6F 7B BE DB 
[   92642] XN297 OK addr AA55CCCCCC | payload 00 55 2A 75 00 07 30 2B 
[   92655] ch50 r2 T: BC 4F 32 A3 AE 6C 84 C6 18 86 51 7E 92 84 12 9C 
[   92655] XN297 OK addr AA55CCCCCC | payload 00 55 2A 75 00 07 30 2B 
[   92668] ch50 r2 T: BC 4F 32 A3 AE 6C 84 C6 18 86 51 FF F7 FD 5B 7F 
[   92668] XN297 OK addr AA55CCCCCC | payload 00 55 2A 75 00 07 30 2B 
[   92681] ch50 r2 T: BC 4F 32 A3 AE 6C 84 C6 18 86 51 6B B7 35 7B F6 
[   92682] XN297 OK addr AA55CCCCCC | payload 00 55 2A 75 00 07 30 2B 
[   92695] ch50 r2 T: BC 4F 32 A3 AE 6C 84 C6 18 86 51 BB 6A CD EE F6 
[   92695] XN297 OK addr AA55CCCCCC | payload 00 55 2A 75 00 07 30 2B 
[   92708] ch50 r2 T: BC 4F 32 A3 AE 6C 84 C6 18 86 51 DF BE DD FF FF 
[   92708] XN297 OK addr AA55CCCCCC | payload 00 55 2A 75 00 07 30 2B 
[   92721] ch50 r2 T: BC 4F 32 A3 AE 6C 84 C6 18 86 51 5D AF 9D DA 75 
[   92721] XN297 OK addr AA55CCCCCC | payload 00 55 2A 75 00 07 30 2B 
[   92782] ch50 r2 T: 3C 4F 32 A3 AE 6E 04 A4 DC 1B 51 D0 B5 CB A8 52 
[   92782] XN297 OK addr AA55CCCCCC | payload 01 55 2A 75 00 47 31 6D 
[   92795] ch50 r2 T: 3C 4F 32 A3 AE 6E 04 A4 DC 1B 51 FB EA AD 75 57 
[   92796] XN297 OK addr AA55CCCCCC | payload 01 55 2A 75 00 47 31 6D 
[   92808] ch50 r2 T: 3C 4F 32 A3 AE 6E 04 A4 DC 1B 51 3D F7 7F 7A E9 
[   92809] XN297 OK addr AA55CCCCCC | payload 01 55 2A 75 00 47 31 6D 
[   92822] ch50 r2 T: 3C 4F 32 A3 AE 6E 04 A4 DC 1B 51 BA 5E F6 D7 AA 
[   92822] XN297 OK addr AA55CCCCCC | payload 01 55 2A 75 00 47 31 6D 
[   92835] ch50 r2 T: 3C 4F 32 A3 AE 6E 04 A4 DC 1B 51 AE FC A4 15 50 
[   92835] XN297 OK addr AA55CCCCCC | payload 01 55 2A 75 00 47 31 6D 
[   92848] ch50 r2 T: 3C 4F 32 A3 AE 6E 04 A4 DC 1B 51 56 FF 7A DF FE 
[   92848] XN297 OK addr AA55CCCCCC | payload 01 55 2A 75 00 47 31 6D 
[   92861] ch50 r2 T: 3C 4F 32 A3 AE 6E 04 A4 DC 1B 51 7D CF EA F7 1B 
[   92861] XN297 OK addr AA55CCCCCC | payload 01 55 2A 75 00 47 31 6D 
[   92874] ch50 r2 T: 3C 4F 32 A3 AE 6E 04 A4 DC 1B 51 7F B5 23 55 49 
[   92875] XN297 OK addr AA55CCCCCC | payload 01 55 2A 75 00 47 31 6D 
[   92887] ch50 r2 T: 3C 4F 32 A3 AE 6E 04 A4 DC 1B 51 EE A9 35 55 66 
[   92888] XN297 OK addr AA55CCCCCC | payload 01 55 2A 75 00 47 31 6D 
[   92901] ch50 r2 T: 3C 4F 32 A3 AE 6E 04 A4 DC 1B 51 DD 7A F5 FF 95 
[   92901] XN297 OK addr AA55CCCCCC | payload 01 55 2A 75 00 47 31 6D 
[   92914] ch50 r2 T: 3C 4F 32 A3 AE 6E 04 A4 DC 1B 51 59 4A 8A FB FF 
[   92914] XN297 OK addr AA55CCCCCC | payload 01 55 2A 75 00 47 31 6D 
[   92975] ch50 r2 T: FC 4F 32 A3 AE 6E C4 E4 89 DA 51 2B DD FB FD EF 
[   92975] XN297 OK addr AA55CCCCCC | payload 02 55 2A 75 00 47 32 6F 
[   92988] ch50 r2 T: FC 4F 32 A3 AE 6E C4 E4 89 DA 51 B7 F7 BD 7F FD 
[   92988] XN297 OK addr AA55CCCCCC | payload 02 55 2A 75 00 47 32 6F 
[   93001] ch50 r2 T: FC 4F 32 A3 AE 6E C4 E4 89 DA 51 B7 4A DD 7B CB 
[   93002] XN297 OK addr AA55CCCCCC | payload 02 55 2A 75 00 47 32 6F 
[   93014] ch50 r2 T: FC 4F 32 A3 AE 6E C4 E4 89 DA 51 7E DE D7 FB 3F 
[   93015] XN297 OK addr AA55CCCCCC | payload 02 55 2A 75 00 47 32 6F 
[   93028] ch50 r2 T: FC 4F 32 A3 AE 6E C4 E4 89 DA 51 D5 DB BF 7D BE 
[   93028] XN297 OK addr AA55CCCCCC | payload 02 55 2A 75 00 47 32 6F 
[   93041] ch50 r2 T: FC 4F 32 A3 AE 6E C4 E4 89 DA 51 FF FA AE A1 62 
[   93041] XN297 OK addr AA55CCCCCC | payload 02 55 2A 75 00 47 32 6F 
[   93054] ch50 r2 T: FC 4F 32 A3 AE 6E C4 E4 89 DA 51 FD 5E FF 7B BE 
[   93054] XN297 OK addr AA55CCCCCC | payload 02 55 2A 75 00 47 32 6F 
[   93067] ch50 r2 T: FC 4F 32 A3 AE 6E C4 E4 89 DA 51 EF F6 6F 5F B4 
[   93067] XN297 OK addr AA55CCCCCC | payload 02 55 2A 75 00 47 32 6F 
[   93080] ch50 r2 T: FC 4F 32 A3 AE 6E C4 E4 89 DA 51 76 ED 65 B2 A6 
[   93081] XN297 OK addr AA55CCCCCC | payload 02 55 2A 75 00 47 32 6F 
[   93093] ch50 r2 T: FC 4F 32 A3 AE 6E C4 E4 89 DA 51 7D 57 DF 5E 6A 
[   93094] XN297 OK addr AA55CCCCCC | payload 02 55 2A 75 00 47 32 6F 
[   93107] ch50 r2 T: FC 4F 32 A3 AE 6E C4 E4 89 DA 51 FF BE BD 52 AE 
[   93107] XN297 OK addr AA55CCCCCC | payload 02 55 2A 75 00 47 32 6F 
[   94877] ch50 r2 T: BC 4F 32 A3 AE 6C 44 66 BB 38 51 5F F7 F9 FA FD 
[   94877] XN297 OK addr AA55CCCCCC | payload 00 55 2A 75 00 07 33 2E 
[   94890] ch50 r2 T: BC 4F 32 A3 AE 6C 44 66 BB 38 51 DD F7 7F ED F7 
[   94891] XN297 OK addr AA55CCCCCC | payload 00 55 2A 75 00 07 33 2E 
[   94904] ch50 r2 T: BC 4F 32 A3 AE 6C 44 66 BB 38 51 F5 DF AB F5 3D 
[   94904] XN297 OK addr AA55CCCCCC | payload 00 55 2A 75 00 07 33 2E 
[   94917] ch50 r2 T: BC 4F 32 A3 AE 6C 44 66 BB 38 51 E7 BF FE FF 75 
[   94917] XN297 OK addr AA55CCCCCC | payload 00 55 2A 75 00 07 33 2E 
[   94930] ch50 r2 T: BC 4F 32 A3 AE 6C 44 66 BB 38 51 5D FF 6F FD 29 
[   94930] XN297 OK addr AA55CCCCCC | payload 00 55 2A 75 00 07 33 2E 
[   94943] ch50 r2 T: BC 4F 32 A3 AE 6C 44 66 BB 38 51 5B 8F FD 7D 75 
[   94943] XN297 OK addr AA55CCCCCC | payload 00 55 2A 75 00 07 33 2E 
[   94956] ch50 r2 T: BC 4F 32 A3 AE 6C 44 66 BB 38 51 FD 57 EF 7F 56 
[   94956] XN297 OK addr AA55CCCCCC | payload 00 55 2A 75 00 07 33 2E 
[   94969] ch50 r2 T: BC 4F 32 A3 AE 6C 44 66 BB 38 51 AE 52 DF D5 57 
[   94970] XN297 OK addr AA55CCCCCC | payload 00 55 2A 75 00 07 33 2E 
[   94983] ch50 r2 T: BC 4F 32 A3 AE 6C 44 66 BB 38 51 EE DF 7D DD FF 
[   94983] XN297 OK addr AA55CCCCCC | payload 00 55 2A 75 00 07 33 2E 
[   94996] ch50 r2 T: BC 4F 32 A3 AE 6C 44 66 BB 38 51 FF FD FD AD 7E 
[   94996] XN297 OK addr AA55CCCCCC | payload 00 55 2A 75 00 07 33 2E 
[   95009] ch50 r2 T: BC 4F 32 A3 AE 6C 44 66 BB 38 51 F7 BE 7D BF B3 
[   95009] XN297 OK addr AA55CCCCCC | payload 00 55 2A 75 00 07 33 2E 
[   95070] ch50 r2 T: 3C 4F 32 A3 AE 6E A4 1C E7 B6 51 FE EF 77 BB DB 
[   95070] XN297 OK addr AA55CCCCCC | payload 01 55 2A 75 00 47 34 70 
[   95083] ch50 r2 T: 3C 4F 32 A3 AE 6E A4 1C E7 B6 51 D5 7F BF EF EF 
[   95084] XN297 OK addr AA55CCCCCC | payload 01 55 2A 75 00 47 34 70 
[   95097] ch50 r2 T: 3C 4F 32 A3 AE 6E A4 1C E7 B6 51 5D DB ED F7 FF 
[   95097] XN297 OK addr AA55CCCCCC | payload 01 55 2A 75 00 47 34 70 
[   95110] ch50 r2 T: 3C 4F 32 A3 AE 6E A4 1C E7 B6 51 D6 FD 95 7F FD 
[   95110] XN297 OK addr AA55CCCCCC | payload 01 55 2A 75 00 47 34 70 
[   95123] ch50 r2 T: 3C 4F 32 A3 AE 6E A4 1C E7 B6 51 FC D5 B5 39 D1 
[   95123] XN297 OK addr AA55CCCCCC | payload 01 55 2A 75 00 47 34 70 
[   95136] ch50 r2 T: 3C 4F 32 A3 AE 6E A4 1C E7 B6 51 AA A2 A6 A9 18 
[   95136] XN297 OK addr AA55CCCCCC | payload 01 55 2A 75 00 47 34 70 
[   95149] ch50 r2 T: 3C 4F 32 A3 AE 6E A4 1C E7 B6 51 7F 5D 5D DF 56 
[   95149] XN297 OK addr AA55CCCCCC | payload 01 55 2A 75 00 47 34 70 
[   95162] ch50 r2 T: 3C 4F 32 A3 AE 6E A4 1C E7 B6 51 ED A9 AF BF DD 
[   95163] XN297 OK addr AA55CCCCCC | payload 01 55 2A 75 00 47 34 70 
[   95176] ch50 r2 T: 3C 4F 32 A3 AE 6E A4 1C E7 B6 51 69 6D FF 5D DF 
[   95176] XN297 OK addr AA55CCCCCC | payload 01 55 2A 75 00 47 34 70 
[   95189] ch50 r2 T: 3C 4F 32 A3 AE 6E A4 1C E7 B6 51 7D BF EE DD 6E 
[   95189] XN297 OK addr AA55CCCCCC | payload 01 55 2A 75 00 47 34 70 
[   95202] ch50 r2 T: 3C 4F 32 A3 AE 6E A4 1C E7 B6 51 EE FA B7 B2 82 
[   95202] XN297 OK addr AA55CCCCCC | payload 01 55 2A 75 00 47 34 70 
[   95263] ch50 r2 T: FC 4F 32 A3 AE 6E 24 5C BF BB 51 8F FA B7 DA DF 
[   95263] XN297 OK addr AA55CCCCCC | payload 02 55 2A 75 00 47 35 72 
[   95276] ch50 r2 T: FC 4F 32 A3 AE 6E 24 5C BF BB 51 FC B7 F6 BF AF 
[   95276] XN297 OK addr AA55CCCCCC | payload 02 55 2A 75 00 47 35 72 
[   95289] ch50 r2 T: FC 4F 32 A3 AE 6E 24 5C BF BB 51 7D EB 6F FB EF 
[   95290] XN297 OK addr AA55CCCCCC | payload 02 55 2A 75 00 47 35 72 
[   95303] ch50 r2 T: FC 4F 32 A3 AE 6E 24 5C BF BB 51 9E B8 D5 5A AA 
[   95303] XN297 OK addr AA55CCCCCC | payload 02 55 2A 75 00 47 35 72 
[   95316] ch50 r2 T: FC 4F 32 A3 AE 6E 24 5C BF BB 51 CF 76 9F 6B 39 
[   95316] XN297 OK addr AA55CCCCCC | payload 02 55 2A 75 00 47 35 72 
[   95329] ch50 r2 T: FC 4F 32 A3 AE 6E 24 5C BF BB 51 77 AF 5F B2 ED 
[   95329] XN297 OK addr AA55CCCCCC | payload 02 55 2A 75 00 47 35 72 
[   95342] ch50 r2 T: FC 4F 32 A3 AE 6E 24 5C BF BB 51 DF B7 56 FF FF 
[   95342] XN297 OK addr AA55CCCCCC | payload 02 55 2A 75 00 47 35 72 
[   95355] ch50 r2 T: FC 4F 32 A3 AE 6E 24 5C BF BB 51 57 AA BE 7B FF 
[   95355] XN297 OK addr AA55CCCCCC | payload 02 55 2A 75 00 47 35 72 
[   95368] ch50 r2 T: FC 4F 32 A3 AE 6E 24 5C BF BB 51 FF FB AF D6 55 
[   95369] XN297 OK addr AA55CCCCCC | payload 02 55 2A 75 00 47 35 72 
[   95382] ch50 r2 T: FC 4F 32 A3 AE 6E 24 5C BF BB 51 65 7B 57 6E AD 
[   95382] XN297 OK addr AA55CCCCCC | payload 02 55 2A 75 00 47 35 72 
[   95395] ch50 r2 T: FC 4F 32 A3 AE 6E 24 5C BF BB 51 99 FB DF D4 7F 
[   95395] XN297 OK addr AA55CCCCCC | payload 02 55 2A 75 00 47 35 72 
[   97351] ch50 r2 T: BC 4F 32 A3 AE 6C E4 9E C8 51 51 F7 FE FF EA FA 
[   97351] XN297 OK addr AA55CCCCCC | payload 00 55 2A 75 00 07 36 31 
[   97364] ch50 r2 T: BC 4F 32 A3 AE 6C E4 9E C8 51 51 FF FF EB 5B 5E 
[   97365] XN297 OK addr AA55CCCCCC | payload 00 55 2A 75 00 07 36 31 
[   97378] ch50 r2 T: BC 4F 32 A3 AE 6C E4 9E C8 51 51 B7 7B 69 6C 9A 
[   97378] XN297 OK addr AA55CCCCCC | payload 00 55 2A 75 00 07 36 31 
[   97391] ch50 r2 T: BC 4F 32 A3 AE 6C E4 9E C8 51 51 BB FF F7 A4 FC 
[   97391] XN297 OK addr AA55CCCCCC | payload 00 55 2A 75 00 07 36 31 
[   97404] ch50 r2 T: BC 4F 32 A3 AE 6C E4 9E C8 51 51 5F FA EF 7B 71 
[   97404] XN297 OK addr AA55CCCCCC | payload 00 55 2A 75 00 07 36 31 
[   97417] ch50 r2 T: BC 4F 32 A3 AE 6C E4 9E C8 51 51 FF FE FF 59 7B 
[   97417] XN297 OK addr AA55CCCCCC | payload 00 55 2A 75 00 07 36 31 
[   97430] ch50 r2 T: BC 4F 32 A3 AE 6C E4 9E C8 51 51 7B 6C 96 DF 66 
[   97430] XN297 OK addr AA55CCCCCC | payload 00 55 2A 75 00 07 36 31 
[   97443] ch50 r2 T: BC 4F 32 A3 AE 6C E4 9E C8 51 51 7A FD 5F DF DF 
[   97444] XN297 OK addr AA55CCCCCC | payload 00 55 2A 75 00 07 36 31 
[   97457] ch50 r2 T: BC 4F 32 A3 AE 6C E4 9E C8 51 51 EE EF F6 F7 EB 
[   97457] XN297 OK addr AA55CCCCCC | payload 00 55 2A 75 00 07 36 31 
[   97470] ch50 r2 T: BC 4F 32 A3 AE 6C E4 9E C8 51 51 FE 76 BF 3B 35 
[   97470] XN297 OK addr AA55CCCCCC | payload 00 55 2A 75 00 07 36 31 
[   97483] ch50 r2 T: BC 4F 32 A3 AE 6C E4 9E C8 51 51 FA FA F7 CF ED 
[   97483] XN297 OK addr AA55CCCCCC | payload 00 55 2A 75 00 07 36 31 
[   97545] ch50 r2 T: 3C 4F 32 A3 AE 6E 64 DC 28 AE 51 3F 59 BC ED 5B 
[   97545] XN297 OK addr AA55CCCCCC | payload 01 55 2A 75 00 47 37 73 
[   97558] ch50 r2 T: 3C 4F 32 A3 AE 6E 64 DC 28 AE 51 FE F5 6F FD 34 
[   97558] XN297 OK addr AA55CCCCCC | payload 01 55 2A 75 00 47 37 73 
[   97571] ch50 r2 T: 3C 4F 32 A3 AE 6E 64 DC 28 AE 51 EF 3F 6F FB EB 
[   97571] XN297 OK addr AA55CCCCCC | payload 01 55 2A 75 00 47 37 73 
[   97584] ch50 r2 T: 3C 4F 32 A3 AE 6E 64 DC 28 AE 51 EF FF DF 55 0A 
[   97585] XN297 OK addr AA55CCCCCC | payload 01 55 2A 75 00 47 37 73 
[   97597] ch50 r2 T: 3C 4F 32 A3 AE 6E 64 DC 28 AE 51 F7 D7 F7 6F FE 
[   97598] XN297 OK addr AA55CCCCCC | payload 01 55 2A 75 00 47 37 73 
[   97611] ch50 r2 T: 3C 4F 32 A3 AE 6E 64 DC 28 AE 51 57 F3 7E FF B7 
[   97611] XN297 OK addr AA55CCCCCC | payload 01 55 2A 75 00 47 37 73 
[   97624] ch50 r2 T: 3C 4F 32 A3 AE 6E 64 DC 28 AE 51 6F 5D DB DF BF 
[   97624] XN297 OK addr AA55CCCCCC | payload 01 55 2A 75 00 47 37 73 
[   97637] ch50 r2 T: 3C 4F 32 A3 AE 6E 64 DC 28 AE 51 EF DE BD EB ED 
[   97637] XN297 OK addr AA55CCCCCC | payload 01 55 2A 75 00 47 37 73 
[   97650] ch50 r2 T: 3C 4F 32 A3 AE 6E 64 DC 28 AE 51 DE 1A 77 75 A6 
[   97650] XN297 OK addr AA55CCCCCC | payload 01 55 2A 75 00 47 37 73 
[   97663] ch50 r2 T: 3C 4F 32 A3 AE 6E 64 DC 28 AE 51 B6 B6 7A AF B5 
[   97664] XN297 OK addr AA55CCCCCC | payload 01 55 2A 75 00 47 37 73 
[   97676] ch50 r2 T: 3C 4F 32 A3 AE 6E 64 DC 28 AE 51 7D BF AD 7D 72 
[   97677] XN297 OK addr AA55CCCCCC | payload 01 55 2A 75 00 47 37 73 
[   97739] ch50 r2 T: FC 4F 32 A3 AE 6E 94 BC 5C 98 51 DD 7D FD F7 A6 
[   97739] XN297 OK addr AA55CCCCCC | payload 02 55 2A 75 00 47 38 75 
[   97752] ch50 r2 T: FC 4F 32 A3 AE 6E 94 BC 5C 98 51 4F DD BA EF 5F 
[   97752] XN297 OK addr AA55CCCCCC | payload 02 55 2A 75 00 47 38 75 
[   97765] ch50 r2 T: FC 4F 32 A3 AE 6E 94 BC 5C 98 51 7D AE EF CD 57 
[   97765] XN297 OK addr AA55CCCCCC | payload 02 55 2A 75 00 47 38 75 
[   97778] ch50 r2 T: FC 4F 32 A3 AE 6E 94 BC 5C 98 51 FF DF FF A6 D3 
[   97779] XN297 OK addr AA55CCCCCC | payload 02 55 2A 75 00 47 38 75 
[   97792] ch50 r2 T: FC 4F 32 A3 AE 6E 94 BC 5C 98 51 7F 5F 7A FD DD 
[   97792] XN297 OK addr AA55CCCCCC | payload 02 55 2A 75 00 47 38 75 
[   97805] ch50 r2 T: FC 4F 32 A3 AE 6E 94 BC 5C 98 51 DD 59 4E AB 4C 
[   97805] XN297 OK addr AA55CCCCCC | payload 02 55 2A 75 00 47 38 75 
[   97818] ch50 r2 T: FC 4F 32 A3 AE 6E 94 BC 5C 98 51 DB B7 7F 7F 77 
[   97818] XN297 OK addr AA55CCCCCC | payload 02 55 2A 75 00 47 38 75 
[   97831] ch50 r2 T: FC 4F 32 A3 AE 6E 94 BC 5C 98 51 5F 49 EB FF 7F 
[   97831] XN297 OK addr AA55CCCCCC | payload 02 55 2A 75 00 47 38 75 
[   97844] ch50 r2 T: FC 4F 32 A3 AE 6E 94 BC 5C 98 51 F7 F7 FD 6E D6 
[   97845] XN297 OK addr AA55CCCCCC | payload 02 55 2A 75 00 47 38 75 
[   97857] ch50 r2 T: FC 4F 32 A3 AE 6E 94 BC 5C 98 51 CB AE F3 3E BA 
[   97858] XN297 OK addr AA55CCCCCC | payload 02 55 2A 75 00 47 38 75 
[   97871] ch50 r2 T: FC 4F 32 A3 AE 6E 94 BC 5C 98 51 7F F7 FB 69 5B 
[   97871] XN297 OK addr AA55CCCCCC | payload 02 55 2A 75 00 47 38 75 
[   99973] ch50 r2 T: BC 4F 32 A3 AE 6C 14 3E 6E 7A 51 FE FA BD ED 7B 
[   99973] XN297 OK addr AA55CCCCCC | payload 00 55 2A 75 00 07 39 34 
[   99986] ch50 r2 T: BC 4F 32 A3 AE 6C 14 3E 6E 7A 51 F2 DF 37 FE FF 
[   99986] XN297 OK addr AA55CCCCCC | payload 00 55 2A 75 00 07 39 34 
[   99999] ch50 r2 T: BC 4F 32 A3 AE 6C 14 3E 6E 7A 51 FF BF FF 7F 5F 
[  100000] XN297 OK addr AA55CCCCCC | payload 00 55 2A 75 00 07 39 34 
[  100013] ch50 r2 T: BC 4F 32 A3 AE 6C 14 3E 6E 7A 51 DA FF EF 75 B5 
[  100013] XN297 OK addr AA55CCCCCC | payload 00 55 2A 75 00 07 39 34 
[  100026] ch50 r2 T: BC 4F 32 A3 AE 6C 14 3E 6E 7A 51 F7 FA 97 4F 46 
[  100026] XN297 OK addr AA55CCCCCC | payload 00 55 2A 75 00 07 39 34 
[  100039] ch50 r2 T: BC 4F 32 A3 AE 6C 14 3E 6E 7A 51 77 FF DF 54 69 
[  100039] XN297 OK addr AA55CCCCCC | payload 00 55 2A 75 00 07 39 34 
[  100052] ch50 r2 T: BC 4F 32 A3 AE 6C 14 3E 6E 7A 51 7E EF FB F5 FE 
[  100052] XN297 OK addr AA55CCCCCC | payload 00 55 2A 75 00 07 39 34 
[  100065] ch50 r2 T: BC 4F 32 A3 AE 6C 14 3E 6E 7A 51 EB 7E AE F7 7F 
[  100065] XN297 OK addr AA55CCCCCC | payload 00 55 2A 75 00 07 39 34 
[  100078] ch50 r2 T: BC 4F 32 A3 AE 6C 14 3E 6E 7A 51 FF BF BB B3 DF 
[  100079] XN297 OK addr AA55CCCCCC | payload 00 55 2A 75 00 07 39 34 
[  100092] ch50 r2 T: BC 4F 32 A3 AE 6C 14 3E 6E 7A 51 76 EF 2B CB 7D 
[  100092] XN297 OK addr AA55CCCCCC | payload 00 55 2A 75 00 07 39 34 
[  100105] ch50 r2 T: BC 4F 32 A3 AE 6C 14 3E 6E 7A 51 5F 5E FF 4F D7 
[  100105] XN297 OK addr AA55CCCCCC | payload 00 55 2A 75 00 07 39 34 
[  100166] ch50 r2 T: 3C 4F 32 A3 AE 6E D4 7C 83 49 51 BD FE EF AF D7 
[  100166] XN297 OK addr AA55CCCCCC | payload 01 55 2A 75 00 47 3A 76 
[  100179] ch50 r2 T: 3C 4F 32 A3 AE 6E D4 7C 83 49 51 EB 57 BD F6 D7 
[  100179] XN297 OK addr AA55CCCCCC | payload 01 55 2A 75 00 47 3A 76 
[  100192] ch50 r2 T: 3C 4F 32 A3 AE 6E D4 7C 83 49 51 FF A4 F2 94 41 
[  100193] XN297 OK addr AA55CCCCCC | payload 01 55 2A 75 00 47 3A 76 
[  100206] ch50 r2 T: 3C 4F 32 A3 AE 6E D4 7C 83 49 51 6C ED DF DE F4 
[  100206] XN297 OK addr AA55CCCCCC | payload 01 55 2A 75 00 47 3A 76 
[  100219] ch50 r2 T: 3C 4F 32 A3 AE 6E D4 7C 83 49 51 B6 55 35 FC FF 
[  100219] XN297 OK addr AA55CCCCCC | payload 01 55 2A 75 00 47 3A 76 
[  100232] ch50 r2 T: 3C 4F 32 A3 AE 6E D4 7C 83 49 51 CF F5 DD 5F EB 
[  100232] XN297 OK addr AA55CCCCCC | payload 01 55 2A 75 00 47 3A 76 
[  100245] ch50 r2 T: 3C 4F 32 A3 AE 6E D4 7C 83 49 51 DB DB 56 DB AA 
[  100245] XN297 OK addr AA55CCCCCC | payload 01 55 2A 75 00 47 3A 76 
[  100258] ch50 r2 T: 3C 4F 32 A3 AE 6E D4 7C 83 49 51 BD EB 6B BF EE 
[  100258] XN297 OK addr AA55CCCCCC | payload 01 55 2A 75 00 47 3A 76 
[  100271] ch50 r2 T: 3C 4F 32 A3 AE 6E D4 7C 83 49 51 7F 5D AA C8 55 
[  100272] XN297 OK addr AA55CCCCCC | payload 01 55 2A 75 00 47 3A 76 
[  100285] ch50 r2 T: 3C 4F 32 A3 AE 6E D4 7C 83 49 51 F1 ED FF DE EF 
[  100285] XN297 OK addr AA55CCCCCC | payload 01 55 2A 75 00 47 3A 76 
[  100298] ch50 r2 T: 3C 4F 32 A3 AE 6E D4 7C 83 49 51 77 67 EE BF 75 
[  100298] XN297 OK addr AA55CCCCCC | payload 01 55 2A 75 00 47 3A 76 
[  100359] ch50 r2 T: FC 4F 32 A3 AE 6E 54 0C ED 17 51 D5 A1 68 5A 55 
[  100359] XN297 OK addr AA55CCCCCC | payload 02 55 2A 75 00 47 3B 78 
[  100372] ch50 r2 T: FC 4F 32 A3 AE 6E 54 0C ED 17 51 FF 5F 5F DB 6F 
[  100372] XN297 OK addr AA55CCCCCC | payload 02 55 2A 75 00 47 3B 78 
[  100385] ch50 r2 T: FC 4F 32 A3 AE 6E 54 0C ED 17 51 FB 9F CC BA A6 
[  100386] XN297 OK addr AA55CCCCCC | payload 02 55 2A 75 00 47 3B 78 
[  100399] ch50 r2 T: FC 4F 32 A3 AE 6E 54 0C ED 17 51 36 6B FF 75 48 
[  100399] XN297 OK addr AA55CCCCCC | payload 02 55 2A 75 00 47 3B 78 
[  100412] ch50 r2 T: FC 4F 32 A3 AE 6E 54 0C ED 17 51 B7 75 56 D2 EF 
[  100412] XN297 OK addr AA55CCCCCC | payload 02 55 2A 75 00 47 3B 78 
[  100425] ch50 r2 T: FC 4F 32 A3 AE 6E 54 0C ED 17 51 73 9E FF 9E DF 
[  100425] XN297 OK addr AA55CCCCCC | payload 02 55 2A 75 00 47 3B 78 
[  100438] ch50 r2 T: FC 4F 32 A3 AE 6E 54 0C ED 17 51 FE A7 AA DE AA 
[  100438] XN297 OK addr AA55CCCCCC | payload 02 55 2A 75 00 47 3B 78 
[  100451] ch50 r2 T: FC 4F 32 A3 AE 6E 54 0C ED 17 51 D6 AF 77 5F ED 
[  100451] XN297 OK addr AA55CCCCCC | payload 02 55 2A 75 00 47 3B 78 
[  100464] ch50 r2 T: FC 4F 32 A3 AE 6E 54 0C ED 17 51 FB FF FA AD E9 
[  100465] XN297 OK addr AA55CCCCCC | payload 02 55 2A 75 00 47 3B 78 
[  100478] ch50 r2 T: FC 4F 32 A3 AE 6E 54 0C ED 17 51 F7 9B 7F 9D EF 
[  100478] XN297 OK addr AA55CCCCCC | payload 02 55 2A 75 00 47 3B 78 
[  100491] ch50 r2 T: FC 4F 32 A3 AE 6E 54 0C ED 17 51 77 AD 59 7F EF 
[  100491] XN297 OK addr AA55CCCCCC | payload 02 55 2A 75 00 47 3B 78 
